Build started 10/11/2025 10:13:55 PM.
     1>Project "/home/adam/Dev/omega-spiral/chapter-zero/OmegaSpiral.csproj" on node 1 (Restore target(s)).
     1>_GetAllRestoreProjectPathItems:
         Determining projects to restore...
     1>Project "/home/adam/Dev/omega-spiral/chapter-zero/OmegaSpiral.csproj" (1) is building "/home/adam/Dev/omega-spiral/chapter-zero/OmegaSpiral.csproj" (1:6) on node 1 (_GenerateProjectRestoreGraph target(s)).
     1>AddPrunePackageReferences:
         Loading prune package data from PrunePackageData folder
         Failed to load prune package data from PrunePackageData folder, loading from targeting packs instead
         Looking for targeting packs in /home/adam/.dotnet/packs/Microsoft.NETCore.App.Ref
         Pack directories found: /home/adam/.dotnet/packs/Microsoft.NETCore.App.Ref/10.0.0-rc.1.25451.107
         Found package overrides file /home/adam/.dotnet/packs/Microsoft.NETCore.App.Ref/10.0.0-rc.1.25451.107/data/PackageOverrides.txt
     1>Done Building Project "/home/adam/Dev/omega-spiral/chapter-zero/OmegaSpiral.csproj" (_GenerateProjectRestoreGraph target(s)).
     1>Restore:
         X.509 certificate chain validation will use the fallback certificate bundle at '/home/adam/.dotnet/sdk/10.0.100-rc.1.25451.107/trustedroots/codesignctl.pem'.
         X.509 certificate chain validation will use the fallback certificate bundle at '/home/adam/.dotnet/sdk/10.0.100-rc.1.25451.107/trustedroots/timestampctl.pem'.
         Assets file has not changed. Skipping assets file writing. Path: /home/adam/Dev/omega-spiral/chapter-zero/.godot/mono/temp/obj/project.assets.json
         Restored /home/adam/Dev/omega-spiral/chapter-zero/OmegaSpiral.csproj (in 61 ms).

         NuGet Config files used:
             /home/adam/.nuget/NuGet/NuGet.Config

         Feeds used:
             https://api.nuget.org/v3/index.json
         All projects are up-to-date for restore.
     1>Done Building Project "/home/adam/Dev/omega-spiral/chapter-zero/OmegaSpiral.csproj" (Restore target(s)).
   1:7>Project "/home/adam/Dev/omega-spiral/chapter-zero/OmegaSpiral.csproj" on node 1 (default targets).
     1>_CheckForNETCoreSdkIsPreview:
       /home/adam/.dotnet/sdk/10.0.100-rc.1.25451.107/Sdks/Microsoft.NET.Sdk/targets/Microsoft.NET.RuntimeIdentifierInference.targets(345,5): message NETSDK1057: You are using a preview version of .NET. See: https://aka.ms/dotnet-support-policy [/home/adam/Dev/omega-spiral/chapter-zero/OmegaSpiral.csproj]
       GenerateTargetFrameworkMonikerAttribute:
       Skipping target "GenerateTargetFrameworkMonikerAttribute" because all output files are up-to-date with respect to the input files.
       SonarQubeImportBeforeInfo:
         Sonar: (OmegaSpiral) SonarQube.Integration.ImportBefore.targets was loaded
         Sonar: (OmegaSpiral.csproj) The analysis targets file not found: /home/adam/Dev/omega-spiral/chapter-zero/.sonarqube/bin/targets/SonarQube.Integration.targets
       _GenerateSourceLinkFile:
         Source Link file '/home/adam/Dev/omega-spiral/chapter-zero/.godot/mono/temp/obj/Debug/OmegaSpiral.sourcelink.json' is up-to-date.
       CoreCompile:
         /home/adam/.dotnet/dotnet exec "/home/adam/.dotnet/sdk/10.0.100-rc.1.25451.107/Roslyn/bincore/csc.dll" /noconfig /unsafe- /checked- /nowarn:1701,1702,1701,1702 /fullpaths /nostdlib+ /errorreport:prompt /warn:10 /doc:/home/adam/Dev/omega-spiral/chapter-zero/.godot/mono/temp/obj/Debug/OmegaSpiral.xml /define:GODOT;GODOT_LINUXBSD;GODOT_PC;GODOT4;GODOT4_5;GODOT4_5_0;GODOT4_OR_GREATER;GODOT4_0_OR_GREATER;GODOT4_1_OR_GREATER;GODOT4_2_OR_GREATER;GODOT4_3_OR_GREATER;GODOT4_4_OR_GREATER;GODOT4_5_OR_GREATER;GODOT4_5_0_OR_GREATER;TRACE;DEBUG;NET;NET10_0;NETCOREAPP;TOOLS;NET5_0_OR_GREATER;NET6_0_OR_GREATER;NET7_0_OR_GREATER;NET8_0_OR_GREATER;NET9_0_OR_GREATER;NET10_0_OR_GREATER;NETCOREAPP1_0_OR_GREATER;NETCOREAPP1_1_OR_GREATER;NETCOREAPP2_0_OR_GREATER;NETCOREAPP2_1_OR_GREATER;NETCOREAPP2_2_OR_GREATER;NETCOREAPP3_0_OR_GREATER;NETCOREAPP3_1_OR_GREATER /highentropyva+ /nullable:enable /reference:/home/adam/.nuget/packages/godotsharp/4.5.0/lib/net8.0/GodotSharp.dll /reference:/home/adam/.nuget/packages/godotsharpeditor/4.5.0/lib/net8.0/GodotSharpEditor.dll /reference:/home/adam/.nuget/packages/microsoft.applicationinsights/2.23.0/lib/netstandard2.0/Microsoft.ApplicationInsights.dll /reference:/home/adam/.dotnet/packs/Microsoft.NETCore.App.Ref/10.0.0-rc.1.25451.107/ref/net10.0/Microsoft.CSharp.dll /reference:/home/adam/.nuget/packages/microsoft.testing.platform.msbuild/1.9.0/lib/net9.0/Microsoft.Testing.Extensions.MSBuild.dll /reference:/home/adam/.nuget/packages/microsoft.testing.extensions.telemetry/1.9.0/lib/net9.0/Microsoft.Testing.Extensions.Telemetry.dll /reference:/home/adam/.nuget/packages/microsoft.testing.extensions.trxreport.abstractions/1.9.0/lib/net9.0/Microsoft.Testing.Extensions.TrxReport.Abstractions.dll /reference:/home/adam/.nuget/packages/microsoft.testing.extensions.vstestbridge/1.9.0/lib/net9.0/Microsoft.Testing.Extensions.VSTestBridge.dll /reference:/home/adam/.nuget/packages/microsoft.testing.platform/1.9.0/lib/net9.0/Microsoft.Testing.Platform.dll /reference:/home/adam/.nuget/packages/microsoft.testplatform.adapterutilities/17.13.0/lib/net9.0/Microsoft.TestPlatform.AdapterUtilities.dll /reference:/home/adam/.nuget/packages/microsoft.testplatform.objectmodel/17.13.0/lib/netcoreapp3.1/Microsoft.TestPlatform.CoreUtilities.dll /reference:/home/adam/.nuget/packages/microsoft.testplatform.objectmodel/17.13.0/lib/netcoreapp3.1/Microsoft.TestPlatform.PlatformAbstractions.dll /reference:/home/adam/.dotnet/packs/Microsoft.NETCore.App.Ref/10.0.0-rc.1.25451.107/ref/net10.0/Microsoft.VisualBasic.Core.dll /reference:/home/adam/.dotnet/packs/Microsoft.NETCore.App.Ref/10.0.0-rc.1.25451.107/ref/net10.0/Microsoft.VisualBasic.dll /reference:/home/adam/.nuget/packages/microsoft.testplatform.objectmodel/17.13.0/lib/netcoreapp3.1/Microsoft.VisualStudio.TestPlatform.ObjectModel.dll /reference:/home/adam/.dotnet/packs/Microsoft.NETCore.App.Ref/10.0.0-rc.1.25451.107/ref/net10.0/Microsoft.Win32.Primitives.dll /reference:/home/adam/.dotnet/packs/Microsoft.NETCore.App.Ref/10.0.0-rc.1.25451.107/ref/net10.0/Microsoft.Win32.Registry.dll /reference:/home/adam/.dotnet/packs/Microsoft.NETCore.App.Ref/10.0.0-rc.1.25451.107/ref/net10.0/mscorlib.dll /reference:/home/adam/.dotnet/packs/Microsoft.NETCore.App.Ref/10.0.0-rc.1.25451.107/ref/net10.0/netstandard.dll /reference:/home/adam/.nuget/packages/newtonsoft.json/13.0.4/lib/net6.0/Newtonsoft.Json.dll /reference:/home/adam/.nuget/packages/nunit/4.4.0/lib/net8.0/nunit.framework.dll /reference:/home/adam/.nuget/packages/nunit/4.4.0/lib/net8.0/nunit.framework.legacy.dll /reference:/home/adam/.dotnet/packs/Microsoft.NETCore.App.Ref/10.0.0-rc.1.25451.107/ref/net10.0/System.AppContext.dll /reference:/home/adam/.dotnet/packs/Microsoft.NETCore.App.Ref/10.0.0-rc.1.25451.107/ref/net10.0/System.Buffers.dll /reference:/home/adam/.dotnet/packs/Microsoft.NETCore.App.Ref/10.0.0-rc.1.25451.107/ref/net10.0/System.Collections.Concurrent.dll /reference:/home/adam/.dotnet/packs/Microsoft.NETCore.App.Ref/10.0.0-rc.1.25451.107/ref/net10.0/System.Collections.dll /reference:/home/adam/.dotnet/packs/Microsoft.NETCore.App.Ref/10.0.0-rc.1.25451.107/ref/net10.0/System.Collections.Immutable.dll /reference:/home/adam/.dotnet/packs/Microsoft.NETCore.App.Ref/10.0.0-rc.1.25451.107/ref/net10.0/System.Collections.NonGeneric.dll /reference:/home/adam/.dotnet/packs/Microsoft.NETCore.App.Ref/10.0.0-rc.1.25451.107/ref/net10.0/System.Collections.Specialized.dll /reference:/home/adam/.dotnet/packs/Microsoft.NETCore.App.Ref/10.0.0-rc.1.25451.107/ref/net10.0/System.ComponentModel.Annotations.dll /reference:/home/adam/.dotnet/packs/Microsoft.NETCore.App.Ref/10.0.0-rc.1.25451.107/ref/net10.0/System.ComponentModel.DataAnnotations.dll /reference:/home/adam/.dotnet/packs/Microsoft.NETCore.App.Ref/10.0.0-rc.1.25451.107/ref/net10.0/System.ComponentModel.dll /reference:/home/adam/.dotnet/packs/Microsoft.NETCore.App.Ref/10.0.0-rc.1.25451.107/ref/net10.0/System.ComponentModel.EventBasedAsync.dll /reference:/home/adam/.dotnet/packs/Microsoft.NETCore.App.Ref/10.0.0-rc.1.25451.107/ref/net10.0/System.ComponentModel.Primitives.dll /reference:/home/adam/.dotnet/packs/Microsoft.NETCore.App.Ref/10.0.0-rc.1.25451.107/ref/net10.0/System.ComponentModel.TypeConverter.dll /reference:/home/adam/.dotnet/packs/Microsoft.NETCore.App.Ref/10.0.0-rc.1.25451.107/ref/net10.0/System.Configuration.dll /reference:/home/adam/.dotnet/packs/Microsoft.NETCore.App.Ref/10.0.0-rc.1.25451.107/ref/net10.0/System.Console.dll /reference:/home/adam/.dotnet/packs/Microsoft.NETCore.App.Ref/10.0.0-rc.1.25451.107/ref/net10.0/System.Core.dll /reference:/home/adam/.dotnet/packs/Microsoft.NETCore.App.Ref/10.0.0-rc.1.25451.107/ref/net10.0/System.Data.Common.dll /reference:/home/adam/.dotnet/packs/Microsoft.NETCore.App.Ref/10.0.0-rc.1.25451.107/ref/net10.0/System.Data.DataSetExtensions.dll /reference:/home/adam/.dotnet/packs/Microsoft.NETCore.App.Ref/10.0.0-rc.1.25451.107/ref/net10.0/System.Data.dll /reference:/home/adam/.dotnet/packs/Microsoft.NETCore.App.Ref/10.0.0-rc.1.25451.107/ref/net10.0/System.Diagnostics.Contracts.dll /reference:/home/adam/.dotnet/packs/Microsoft.NETCore.App.Ref/10.0.0-rc.1.25451.107/ref/net10.0/System.Diagnostics.Debug.dll /reference:/home/adam/.dotnet/packs/Microsoft.NETCore.App.Ref/10.0.0-rc.1.25451.107/ref/net10.0/System.Diagnostics.DiagnosticSource.dll /reference:/home/adam/.dotnet/packs/Microsoft.NETCore.App.Ref/10.0.0-rc.1.25451.107/ref/net10.0/System.Diagnostics.FileVersionInfo.dll /reference:/home/adam/.dotnet/packs/Microsoft.NETCore.App.Ref/10.0.0-rc.1.25451.107/ref/net10.0/System.Diagnostics.Process.dll /reference:/home/adam/.dotnet/packs/Microsoft.NETCore.App.Ref/10.0.0-rc.1.25451.107/ref/net10.0/System.Diagnostics.StackTrace.dll /reference:/home/adam/.dotnet/packs/Microsoft.NETCore.App.Ref/10.0.0-rc.1.25451.107/ref/net10.0/System.Diagnostics.TextWriterTraceListener.dll /reference:/home/adam/.dotnet/packs/Microsoft.NETCore.App.Ref/10.0.0-rc.1.25451.107/ref/net10.0/System.Diagnostics.Tools.dll /reference:/home/adam/.dotnet/packs/Microsoft.NETCore.App.Ref/10.0.0-rc.1.25451.107/ref/net10.0/System.Diagnostics.TraceSource.dll /reference:/home/adam/.dotnet/packs/Microsoft.NETCore.App.Ref/10.0.0-rc.1.25451.107/ref/net10.0/System.Diagnostics.Tracing.dll /reference:/home/adam/.dotnet/packs/Microsoft.NETCore.App.Ref/10.0.0-rc.1.25451.107/ref/net10.0/System.dll /reference:/home/adam/.dotnet/packs/Microsoft.NETCore.App.Ref/10.0.0-rc.1.25451.107/ref/net10.0/System.Drawing.dll /reference:/home/adam/.dotnet/packs/Microsoft.NETCore.App.Ref/10.0.0-rc.1.25451.107/ref/net10.0/System.Drawing.Primitives.dll /reference:/home/adam/.dotnet/packs/Microsoft.NETCore.App.Ref/10.0.0-rc.1.25451.107/ref/net10.0/System.Dynamic.Runtime.dll /reference:/home/adam/.dotnet/packs/Microsoft.NETCore.App.Ref/10.0.0-rc.1.25451.107/ref/net10.0/System.Formats.Asn1.dll /reference:/home/adam/.dotnet/packs/Microsoft.NETCore.App.Ref/10.0.0-rc.1.25451.107/ref/net10.0/System.Formats.Tar.dll /reference:/home/adam/.dotnet/packs/Microsoft.NETCore.App.Ref/10.0.0-rc.1.25451.107/ref/net10.0/System.Globalization.Calendars.dll /reference:/home/adam/.dotnet/packs/Microsoft.NETCore.App.Ref/10.0.0-rc.1.25451.107/ref/net10.0/System.Globalization.dll /reference:/home/adam/.dotnet/packs/Microsoft.NETCore.App.Ref/10.0.0-rc.1.25451.107/ref/net10.0/System.Globalization.Extensions.dll /reference:/home/adam/.dotnet/packs/Microsoft.NETCore.App.Ref/10.0.0-rc.1.25451.107/ref/net10.0/System.IO.Compression.Brotli.dll /reference:/home/adam/.dotnet/packs/Microsoft.NETCore.App.Ref/10.0.0-rc.1.25451.107/ref/net10.0/System.IO.Compression.dll /reference:/home/adam/.dotnet/packs/Microsoft.NETCore.App.Ref/10.0.0-rc.1.25451.107/ref/net10.0/System.IO.Compression.FileSystem.dll /reference:/home/adam/.dotnet/packs/Microsoft.NETCore.App.Ref/10.0.0-rc.1.25451.107/ref/net10.0/System.IO.Compression.ZipFile.dll /reference:/home/adam/.dotnet/packs/Microsoft.NETCore.App.Ref/10.0.0-rc.1.25451.107/ref/net10.0/System.IO.dll /reference:/home/adam/.dotnet/packs/Microsoft.NETCore.App.Ref/10.0.0-rc.1.25451.107/ref/net10.0/System.IO.FileSystem.AccessControl.dll /reference:/home/adam/.dotnet/packs/Microsoft.NETCore.App.Ref/10.0.0-rc.1.25451.107/ref/net10.0/System.IO.FileSystem.dll /reference:/home/adam/.dotnet/packs/Microsoft.NETCore.App.Ref/10.0.0-rc.1.25451.107/ref/net10.0/System.IO.FileSystem.DriveInfo.dll /reference:/home/adam/.dotnet/packs/Microsoft.NETCore.App.Ref/10.0.0-rc.1.25451.107/ref/net10.0/System.IO.FileSystem.Primitives.dll /reference:/home/adam/.dotnet/packs/Microsoft.NETCore.App.Ref/10.0.0-rc.1.25451.107/ref/net10.0/System.IO.FileSystem.Watcher.dll /reference:/home/adam/.dotnet/packs/Microsoft.NETCore.App.Ref/10.0.0-rc.1.25451.107/ref/net10.0/System.IO.IsolatedStorage.dll /reference:/home/adam/.dotnet/packs/Microsoft.NETCore.App.Ref/10.0.0-rc.1.25451.107/ref/net10.0/System.IO.MemoryMappedFiles.dll /reference:/home/adam/.dotnet/packs/Microsoft.NETCore.App.Ref/10.0.0-rc.1.25451.107/ref/net10.0/System.IO.Pipelines.dll /reference:/home/adam/.dotnet/packs/Microsoft.NETCore.App.Ref/10.0.0-rc.1.25451.107/ref/net10.0/System.IO.Pipes.AccessControl.dll /reference:/home/adam/.dotnet/packs/Microsoft.NETCore.App.Ref/10.0.0-rc.1.25451.107/ref/net10.0/System.IO.Pipes.dll /reference:/home/adam/.dotnet/packs/Microsoft.NETCore.App.Ref/10.0.0-rc.1.25451.107/ref/net10.0/System.IO.UnmanagedMemoryStream.dll /reference:/home/adam/.dotnet/packs/Microsoft.NETCore.App.Ref/10.0.0-rc.1.25451.107/ref/net10.0/System.Linq.AsyncEnumerable.dll /reference:/home/adam/.dotnet/packs/Microsoft.NETCore.App.Ref/10.0.0-rc.1.25451.107/ref/net10.0/System.Linq.dll /reference:/home/adam/.dotnet/packs/Microsoft.NETCore.App.Ref/10.0.0-rc.1.25451.107/ref/net10.0/System.Linq.Expressions.dll /reference:/home/adam/.dotnet/packs/Microsoft.NETCore.App.Ref/10.0.0-rc.1.25451.107/ref/net10.0/System.Linq.Parallel.dll /reference:/home/adam/.dotnet/packs/Microsoft.NETCore.App.Ref/10.0.0-rc.1.25451.107/ref/net10.0/System.Linq.Queryable.dll /reference:/home/adam/.dotnet/packs/Microsoft.NETCore.App.Ref/10.0.0-rc.1.25451.107/ref/net10.0/System.Memory.dll /reference:/home/adam/.dotnet/packs/Microsoft.NETCore.App.Ref/10.0.0-rc.1.25451.107/ref/net10.0/System.Net.dll /reference:/home/adam/.dotnet/packs/Microsoft.NETCore.App.Ref/10.0.0-rc.1.25451.107/ref/net10.0/System.Net.Http.dll /reference:/home/adam/.dotnet/packs/Microsoft.NETCore.App.Ref/10.0.0-rc.1.25451.107/ref/net10.0/System.Net.Http.Json.dll /reference:/home/adam/.dotnet/packs/Microsoft.NETCore.App.Ref/10.0.0-rc.1.25451.107/ref/net10.0/System.Net.HttpListener.dll /reference:/home/adam/.dotnet/packs/Microsoft.NETCore.App.Ref/10.0.0-rc.1.25451.107/ref/net10.0/System.Net.Mail.dll /reference:/home/adam/.dotnet/packs/Microsoft.NETCore.App.Ref/10.0.0-rc.1.25451.107/ref/net10.0/System.Net.NameResolution.dll /reference:/home/adam/.dotnet/packs/Microsoft.NETCore.App.Ref/10.0.0-rc.1.25451.107/ref/net10.0/System.Net.NetworkInformation.dll /reference:/home/adam/.dotnet/packs/Microsoft.NETCore.App.Ref/10.0.0-rc.1.25451.107/ref/net10.0/System.Net.Ping.dll /reference:/home/adam/.dotnet/packs/Microsoft.NETCore.App.Ref/10.0.0-rc.1.25451.107/ref/net10.0/System.Net.Primitives.dll /reference:/home/adam/.dotnet/packs/Microsoft.NETCore.App.Ref/10.0.0-rc.1.25451.107/ref/net10.0/System.Net.Quic.dll /reference:/home/adam/.dotnet/packs/Microsoft.NETCore.App.Ref/10.0.0-rc.1.25451.107/ref/net10.0/System.Net.Requests.dll /reference:/home/adam/.dotnet/packs/Microsoft.NETCore.App.Ref/10.0.0-rc.1.25451.107/ref/net10.0/System.Net.Security.dll /reference:/home/adam/.dotnet/packs/Microsoft.NETCore.App.Ref/10.0.0-rc.1.25451.107/ref/net10.0/System.Net.ServerSentEvents.dll /reference:/home/adam/.dotnet/packs/Microsoft.NETCore.App.Ref/10.0.0-rc.1.25451.107/ref/net10.0/System.Net.ServicePoint.dll /reference:/home/adam/.dotnet/packs/Microsoft.NETCore.App.Ref/10.0.0-rc.1.25451.107/ref/net10.0/System.Net.Sockets.dll /reference:/home/adam/.dotnet/packs/Microsoft.NETCore.App.Ref/10.0.0-rc.1.25451.107/ref/net10.0/System.Net.WebClient.dll /reference:/home/adam/.dotnet/packs/Microsoft.NETCore.App.Ref/10.0.0-rc.1.25451.107/ref/net10.0/System.Net.WebHeaderCollection.dll /reference:/home/adam/.dotnet/packs/Microsoft.NETCore.App.Ref/10.0.0-rc.1.25451.107/ref/net10.0/System.Net.WebProxy.dll /reference:/home/adam/.dotnet/packs/Microsoft.NETCore.App.Ref/10.0.0-rc.1.25451.107/ref/net10.0/System.Net.WebSockets.Client.dll /reference:/home/adam/.dotnet/packs/Microsoft.NETCore.App.Ref/10.0.0-rc.1.25451.107/ref/net10.0/System.Net.WebSockets.dll /reference:/home/adam/.dotnet/packs/Microsoft.NETCore.App.Ref/10.0.0-rc.1.25451.107/ref/net10.0/System.Numerics.dll /reference:/home/adam/.dotnet/packs/Microsoft.NETCore.App.Ref/10.0.0-rc.1.25451.107/ref/net10.0/System.Numerics.Vectors.dll /reference:/home/adam/.dotnet/packs/Microsoft.NETCore.App.Ref/10.0.0-rc.1.25451.107/ref/net10.0/System.ObjectModel.dll /reference:/home/adam/.dotnet/packs/Microsoft.NETCore.App.Ref/10.0.0-rc.1.25451.107/ref/net10.0/System.Reflection.DispatchProxy.dll /reference:/home/adam/.dotnet/packs/Microsoft.NETCore.App.Ref/10.0.0-rc.1.25451.107/ref/net10.0/System.Reflection.dll /reference:/home/adam/.dotnet/packs/Microsoft.NETCore.App.Ref/10.0.0-rc.1.25451.107/ref/net10.0/System.Reflection.Emit.dll /reference:/home/adam/.dotnet/packs/Microsoft.NETCore.App.Ref/10.0.0-rc.1.25451.107/ref/net10.0/System.Reflection.Emit.ILGeneration.dll /reference:/home/adam/.dotnet/packs/Microsoft.NETCore.App.Ref/10.0.0-rc.1.25451.107/ref/net10.0/System.Reflection.Emit.Lightweight.dll /reference:/home/adam/.dotnet/packs/Microsoft.NETCore.App.Ref/10.0.0-rc.1.25451.107/ref/net10.0/System.Reflection.Extensions.dll /reference:/home/adam/.dotnet/packs/Microsoft.NETCore.App.Ref/10.0.0-rc.1.25451.107/ref/net10.0/System.Reflection.Metadata.dll /reference:/home/adam/.dotnet/packs/Microsoft.NETCore.App.Ref/10.0.0-rc.1.25451.107/ref/net10.0/System.Reflection.Primitives.dll /reference:/home/adam/.dotnet/packs/Microsoft.NETCore.App.Ref/10.0.0-rc.1.25451.107/ref/net10.0/System.Reflection.TypeExtensions.dll /reference:/home/adam/.dotnet/packs/Microsoft.NETCore.App.Ref/10.0.0-rc.1.25451.107/ref/net10.0/System.Resources.Reader.dll /reference:/home/adam/.dotnet/packs/Microsoft.NETCore.App.Ref/10.0.0-rc.1.25451.107/ref/net10.0/System.Resources.ResourceManager.dll /reference:/home/adam/.dotnet/packs/Microsoft.NETCore.App.Ref/10.0.0-rc.1.25451.107/ref/net10.0/System.Resources.Writer.dll /reference:/home/adam/.dotnet/packs/Microsoft.NETCore.App.Ref/10.0.0-rc.1.25451.107/ref/net10.0/System.Runtime.CompilerServices.Unsafe.dll /reference:/home/adam/.dotnet/packs/Microsoft.NETCore.App.Ref/10.0.0-rc.1.25451.107/ref/net10.0/System.Runtime.CompilerServices.VisualC.dll /reference:/home/adam/.dotnet/packs/Microsoft.NETCore.App.Ref/10.0.0-rc.1.25451.107/ref/net10.0/System.Runtime.dll /reference:/home/adam/.dotnet/packs/Microsoft.NETCore.App.Ref/10.0.0-rc.1.25451.107/ref/net10.0/System.Runtime.Extensions.dll /reference:/home/adam/.dotnet/packs/Microsoft.NETCore.App.Ref/10.0.0-rc.1.25451.107/ref/net10.0/System.Runtime.Handles.dll /reference:/home/adam/.dotnet/packs/Microsoft.NETCore.App.Ref/10.0.0-rc.1.25451.107/ref/net10.0/System.Runtime.InteropServices.dll /reference:/home/adam/.dotnet/packs/Microsoft.NETCore.App.Ref/10.0.0-rc.1.25451.107/ref/net10.0/System.Runtime.InteropServices.JavaScript.dll /reference:/home/adam/.dotnet/packs/Microsoft.NETCore.App.Ref/10.0.0-rc.1.25451.107/ref/net10.0/System.Runtime.InteropServices.RuntimeInformation.dll /reference:/home/adam/.dotnet/packs/Microsoft.NETCore.App.Ref/10.0.0-rc.1.25451.107/ref/net10.0/System.Runtime.Intrinsics.dll /reference:/home/adam/.dotnet/packs/Microsoft.NETCore.App.Ref/10.0.0-rc.1.25451.107/ref/net10.0/System.Runtime.Loader.dll /reference:/home/adam/.dotnet/packs/Microsoft.NETCore.App.Ref/10.0.0-rc.1.25451.107/ref/net10.0/System.Runtime.Numerics.dll /reference:/home/adam/.dotnet/packs/Microsoft.NETCore.App.Ref/10.0.0-rc.1.25451.107/ref/net10.0/System.Runtime.Serialization.dll /reference:/home/adam/.dotnet/packs/Microsoft.NETCore.App.Ref/10.0.0-rc.1.25451.107/ref/net10.0/System.Runtime.Serialization.Formatters.dll /reference:/home/adam/.dotnet/packs/Microsoft.NETCore.App.Ref/10.0.0-rc.1.25451.107/ref/net10.0/System.Runtime.Serialization.Json.dll /reference:/home/adam/.dotnet/packs/Microsoft.NETCore.App.Ref/10.0.0-rc.1.25451.107/ref/net10.0/System.Runtime.Serialization.Primitives.dll /reference:/home/adam/.dotnet/packs/Microsoft.NETCore.App.Ref/10.0.0-rc.1.25451.107/ref/net10.0/System.Runtime.Serialization.Xml.dll /reference:/home/adam/.dotnet/packs/Microsoft.NETCore.App.Ref/10.0.0-rc.1.25451.107/ref/net10.0/System.Security.AccessControl.dll /reference:/home/adam/.dotnet/packs/Microsoft.NETCore.App.Ref/10.0.0-rc.1.25451.107/ref/net10.0/System.Security.Claims.dll /reference:/home/adam/.dotnet/packs/Microsoft.NETCore.App.Ref/10.0.0-rc.1.25451.107/ref/net10.0/System.Security.Cryptography.Algorithms.dll /reference:/home/adam/.dotnet/packs/Microsoft.NETCore.App.Ref/10.0.0-rc.1.25451.107/ref/net10.0/System.Security.Cryptography.Cng.dll /reference:/home/adam/.dotnet/packs/Microsoft.NETCore.App.Ref/10.0.0-rc.1.25451.107/ref/net10.0/System.Security.Cryptography.Csp.dll /reference:/home/adam/.dotnet/packs/Microsoft.NETCore.App.Ref/10.0.0-rc.1.25451.107/ref/net10.0/System.Security.Cryptography.dll /reference:/home/adam/.dotnet/packs/Microsoft.NETCore.App.Ref/10.0.0-rc.1.25451.107/ref/net10.0/System.Security.Cryptography.Encoding.dll /reference:/home/adam/.dotnet/packs/Microsoft.NETCore.App.Ref/10.0.0-rc.1.25451.107/ref/net10.0/System.Security.Cryptography.OpenSsl.dll /reference:/home/adam/.dotnet/packs/Microsoft.NETCore.App.Ref/10.0.0-rc.1.25451.107/ref/net10.0/System.Security.Cryptography.Primitives.dll /reference:/home/adam/.dotnet/packs/Microsoft.NETCore.App.Ref/10.0.0-rc.1.25451.107/ref/net10.0/System.Security.Cryptography.X509Certificates.dll /reference:/home/adam/.dotnet/packs/Microsoft.NETCore.App.Ref/10.0.0-rc.1.25451.107/ref/net10.0/System.Security.dll /reference:/home/adam/.dotnet/packs/Microsoft.NETCore.App.Ref/10.0.0-rc.1.25451.107/ref/net10.0/System.Security.Principal.dll /reference:/home/adam/.dotnet/packs/Microsoft.NETCore.App.Ref/10.0.0-rc.1.25451.107/ref/net10.0/System.Security.Principal.Windows.dll /reference:/home/adam/.dotnet/packs/Microsoft.NETCore.App.Ref/10.0.0-rc.1.25451.107/ref/net10.0/System.Security.SecureString.dll /reference:/home/adam/.dotnet/packs/Microsoft.NETCore.App.Ref/10.0.0-rc.1.25451.107/ref/net10.0/System.ServiceModel.Web.dll /reference:/home/adam/.dotnet/packs/Microsoft.NETCore.App.Ref/10.0.0-rc.1.25451.107/ref/net10.0/System.ServiceProcess.dll /reference:/home/adam/.dotnet/packs/Microsoft.NETCore.App.Ref/10.0.0-rc.1.25451.107/ref/net10.0/System.Text.Encoding.CodePages.dll /reference:/home/adam/.dotnet/packs/Microsoft.NETCore.App.Ref/10.0.0-rc.1.25451.107/ref/net10.0/System.Text.Encoding.dll /reference:/home/adam/.dotnet/packs/Microsoft.NETCore.App.Ref/10.0.0-rc.1.25451.107/ref/net10.0/System.Text.Encoding.Extensions.dll /reference:/home/adam/.dotnet/packs/Microsoft.NETCore.App.Ref/10.0.0-rc.1.25451.107/ref/net10.0/System.Text.Encodings.Web.dll /reference:/home/adam/.dotnet/packs/Microsoft.NETCore.App.Ref/10.0.0-rc.1.25451.107/ref/net10.0/System.Text.Json.dll /reference:/home/adam/.dotnet/packs/Microsoft.NETCore.App.Ref/10.0.0-rc.1.25451.107/ref/net10.0/System.Text.RegularExpressions.dll /reference:/home/adam/.dotnet/packs/Microsoft.NETCore.App.Ref/10.0.0-rc.1.25451.107/ref/net10.0/System.Threading.AccessControl.dll /reference:/home/adam/.dotnet/packs/Microsoft.NETCore.App.Ref/10.0.0-rc.1.25451.107/ref/net10.0/System.Threading.Channels.dll /reference:/home/adam/.dotnet/packs/Microsoft.NETCore.App.Ref/10.0.0-rc.1.25451.107/ref/net10.0/System.Threading.dll /reference:/home/adam/.dotnet/packs/Microsoft.NETCore.App.Ref/10.0.0-rc.1.25451.107/ref/net10.0/System.Threading.Overlapped.dll /reference:/home/adam/.dotnet/packs/Microsoft.NETCore.App.Ref/10.0.0-rc.1.25451.107/ref/net10.0/System.Threading.Tasks.Dataflow.dll /reference:/home/adam/.dotnet/packs/Microsoft.NETCore.App.Ref/10.0.0-rc.1.25451.107/ref/net10.0/System.Threading.Tasks.dll /reference:/home/adam/.dotnet/packs/Microsoft.NETCore.App.Ref/10.0.0-rc.1.25451.107/ref/net10.0/System.Threading.Tasks.Extensions.dll /reference:/home/adam/.dotnet/packs/Microsoft.NETCore.App.Ref/10.0.0-rc.1.25451.107/ref/net10.0/System.Threading.Tasks.Parallel.dll /reference:/home/adam/.dotnet/packs/Microsoft.NETCore.App.Ref/10.0.0-rc.1.25451.107/ref/net10.0/System.Threading.Thread.dll /reference:/home/adam/.dotnet/packs/Microsoft.NETCore.App.Ref/10.0.0-rc.1.25451.107/ref/net10.0/System.Threading.ThreadPool.dll /reference:/home/adam/.dotnet/packs/Microsoft.NETCore.App.Ref/10.0.0-rc.1.25451.107/ref/net10.0/System.Threading.Timer.dll /reference:/home/adam/.dotnet/packs/Microsoft.NETCore.App.Ref/10.0.0-rc.1.25451.107/ref/net10.0/System.Transactions.dll /reference:/home/adam/.dotnet/packs/Microsoft.NETCore.App.Ref/10.0.0-rc.1.25451.107/ref/net10.0/System.Transactions.Local.dll /reference:/home/adam/.dotnet/packs/Microsoft.NETCore.App.Ref/10.0.0-rc.1.25451.107/ref/net10.0/System.ValueTuple.dll /reference:/home/adam/.dotnet/packs/Microsoft.NETCore.App.Ref/10.0.0-rc.1.25451.107/ref/net10.0/System.Web.dll /reference:/home/adam/.dotnet/packs/Microsoft.NETCore.App.Ref/10.0.0-rc.1.25451.107/ref/net10.0/System.Web.HttpUtility.dll /reference:/home/adam/.dotnet/packs/Microsoft.NETCore.App.Ref/10.0.0-rc.1.25451.107/ref/net10.0/System.Windows.dll /reference:/home/adam/.dotnet/packs/Microsoft.NETCore.App.Ref/10.0.0-rc.1.25451.107/ref/net10.0/System.Xml.dll /reference:/home/adam/.dotnet/packs/Microsoft.NETCore.App.Ref/10.0.0-rc.1.25451.107/ref/net10.0/System.Xml.Linq.dll /reference:/home/adam/.dotnet/packs/Microsoft.NETCore.App.Ref/10.0.0-rc.1.25451.107/ref/net10.0/System.Xml.ReaderWriter.dll /reference:/home/adam/.dotnet/packs/Microsoft.NETCore.App.Ref/10.0.0-rc.1.25451.107/ref/net10.0/System.Xml.Serialization.dll /reference:/home/adam/.dotnet/packs/Microsoft.NETCore.App.Ref/10.0.0-rc.1.25451.107/ref/net10.0/System.Xml.XDocument.dll /reference:/home/adam/.dotnet/packs/Microsoft.NETCore.App.Ref/10.0.0-rc.1.25451.107/ref/net10.0/System.Xml.XmlDocument.dll /reference:/home/adam/.dotnet/packs/Microsoft.NETCore.App.Ref/10.0.0-rc.1.25451.107/ref/net10.0/System.Xml.XmlSerializer.dll /reference:/home/adam/.dotnet/packs/Microsoft.NETCore.App.Ref/10.0.0-rc.1.25451.107/ref/net10.0/System.Xml.XPath.dll /reference:/home/adam/.dotnet/packs/Microsoft.NETCore.App.Ref/10.0.0-rc.1.25451.107/ref/net10.0/System.Xml.XPath.XDocument.dll /reference:/home/adam/.dotnet/packs/Microsoft.NETCore.App.Ref/10.0.0-rc.1.25451.107/ref/net10.0/WindowsBase.dll /reference:/home/adam/.nuget/packages/yamldotnet/16.3.0/lib/net8.0/YamlDotNet.dll /debug+ /debug:portable /filealign:512 /optimize- /out:/home/adam/Dev/omega-spiral/chapter-zero/.godot/mono/temp/obj/Debug/OmegaSpiral.dll /refout:/home/adam/Dev/omega-spiral/chapter-zero/.godot/mono/temp/obj/Debug/refint/OmegaSpiral.dll /target:library /warnaserror+ /utf8output /deterministic+ /sourcelink:/home/adam/Dev/omega-spiral/chapter-zero/.godot/mono/temp/obj/Debug/OmegaSpiral.sourcelink.json /langversion:preview /embed:/home/adam/Dev/omega-spiral/chapter-zero/.godot/mono/temp/obj/Debug/OmegaSpiral.GlobalUsings.g.cs /embed:"/home/adam/Dev/omega-spiral/chapter-zero/.godot/mono/temp/obj/Debug/.NETCoreApp,Version=v10.0.AssemblyAttributes.cs" /analyzerconfig:/home/adam/Dev/omega-spiral/chapter-zero/.editorconfig /analyzerconfig:/home/adam/.dotnet/sdk/10.0.100-rc.1.25451.107/Sdks/Microsoft.NET.Sdk/codestyle/cs/build/config/analysislevelstyle_default.globalconfig /analyzerconfig:/home/adam/Dev/omega-spiral/chapter-zero/.godot/mono/temp/obj/Debug/OmegaSpiral.GeneratedMSBuildEditorConfig.editorconfig /analyzer:/home/adam/.nuget/packages/godot.sourcegenerators/4.5.0/analyzers/dotnet/cs/Godot.SourceGenerators.dll /analyzer:/home/adam/.nuget/packages/microsoft.codeanalysis.versioncheckanalyzer/3.3.2/analyzers/dotnet/Microsoft.CodeAnalysis.VersionCheckAnalyzer.dll /analyzer:/home/adam/.nuget/packages/microsoft.codequality.analyzers/3.3.2/analyzers/dotnet/cs/Humanizer.dll /analyzer:/home/adam/.nuget/packages/microsoft.codequality.analyzers/3.3.2/analyzers/dotnet/cs/Microsoft.CodeQuality.Analyzers.dll /analyzer:/home/adam/.nuget/packages/microsoft.codequality.analyzers/3.3.2/analyzers/dotnet/cs/Microsoft.CodeQuality.CSharp.Analyzers.dll /analyzer:/home/adam/.nuget/packages/microsoft.netcore.analyzers/3.3.2/analyzers/dotnet/cs/Microsoft.NetCore.Analyzers.dll /analyzer:/home/adam/.nuget/packages/microsoft.netcore.analyzers/3.3.2/analyzers/dotnet/cs/Microsoft.NetCore.CSharp.Analyzers.dll /analyzer:/home/adam/.nuget/packages/microsoft.netframework.analyzers/3.3.2/analyzers/dotnet/cs/Microsoft.NetFramework.Analyzers.dll /analyzer:/home/adam/.nuget/packages/microsoft.netframework.analyzers/3.3.2/analyzers/dotnet/cs/Microsoft.NetFramework.CSharp.Analyzers.dll /analyzer:/home/adam/.nuget/packages/stylecop.analyzers/1.1.118/analyzers/dotnet/cs/StyleCop.Analyzers.CodeFixes.dll /analyzer:/home/adam/.nuget/packages/stylecop.analyzers/1.1.118/analyzers/dotnet/cs/StyleCop.Analyzers.dll /analyzer:/home/adam/.dotnet/packs/Microsoft.NETCore.App.Ref/10.0.0-rc.1.25451.107/analyzers/dotnet/cs/Microsoft.Interop.ComInterfaceGenerator.dll /analyzer:/home/adam/.dotnet/packs/Microsoft.NETCore.App.Ref/10.0.0-rc.1.25451.107/analyzers/dotnet/cs/Microsoft.Interop.JavaScript.JSImportGenerator.dll /analyzer:/home/adam/.dotnet/packs/Microsoft.NETCore.App.Ref/10.0.0-rc.1.25451.107/analyzers/dotnet/cs/Microsoft.Interop.LibraryImportGenerator.dll /analyzer:/home/adam/.dotnet/packs/Microsoft.NETCore.App.Ref/10.0.0-rc.1.25451.107/analyzers/dotnet/cs/Microsoft.Interop.SourceGeneration.dll /analyzer:/home/adam/.dotnet/packs/Microsoft.NETCore.App.Ref/10.0.0-rc.1.25451.107/analyzers/dotnet/cs/System.Text.Json.SourceGeneration.dll /analyzer:/home/adam/.dotnet/packs/Microsoft.NETCore.App.Ref/10.0.0-rc.1.25451.107/analyzers/dotnet/cs/System.Text.RegularExpressions.Generator.dll Source/overworld/maps/forest/GameEndTrigger.cs Source/overworld/maps/house/WandPedestalInteraction.cs Source/overworld/maps/OpeningCutscene.cs Source/overworld/maps/town/ConversationEncounter.cs Source/overworld/maps/town/DoorUnlockInteraction.cs Source/overworld/maps/town/FanInteraction.cs Source/overworld/maps/town/GangOfFourConversation.cs Source/overworld/maps/town/StrangeTreeInteraction.cs Source/Scripts/combat/actions/BattlerAction.cs Source/Scripts/combat/actions/BattlerActionAttack.cs Source/Scripts/combat/actions/BattlerActionHeal.cs Source/Scripts/combat/actions/BattlerActionModifyStats.cs Source/Scripts/combat/actions/BattlerActionProjectile.cs Source/Scripts/combat/actions/BattlerHit.cs Source/Scripts/combat/actors/ActiveTurnQueue.cs Source/Scripts/combat/actors/CombatActor.cs Source/Scripts/combat/actors/CombatAI.cs Source/Scripts/combat/actors/CombatRandomAI.cs Source/Scripts/combat/actors/CombatTurnQueue.cs Source/Scripts/combat/battlers/Battler.cs Source/Scripts/combat/battlers/BattlerAnim.cs Source/Scripts/combat/battlers/BattlerList.cs Source/Scripts/combat/battlers/BattlerRoster.cs Source/Scripts/combat/battlers/BattlerStats.cs Source/Scripts/combat/Combat.cs Source/Scripts/combat/CombatArena.cs Source/Scripts/combat/CombatEvents.cs Source/Scripts/combat/CombatSceneData.cs Source/Scripts/combat/Elements.cs Source/Scripts/combat/ui/action_menu/UIActionButton.cs Source/Scripts/combat/ui/action_menu/UIActionDescription.cs Source/Scripts/combat/ui/action_menu/UIActionMenu.cs Source/Scripts/combat/ui/battler_entry/UIBattlerEntry.cs Source/Scripts/combat/ui/battler_entry/UIBattlerLifeBar.cs Source/Scripts/combat/ui/battler_entry/UIEnergyBar.cs Source/Scripts/combat/ui/battler_entry/UIEnergyPoint.cs Source/Scripts/combat/ui/battler_entry/UIPlayerBattlerList.cs Source/Scripts/combat/ui/cursors/UIBattlerTargetCursor.cs Source/Scripts/combat/ui/cursors/UIMenuCursor.cs Source/Scripts/combat/ui/effect_labels/UIDamageLabel.cs Source/Scripts/combat/ui/effect_labels/UIEffectLabelBuilder.cs Source/Scripts/combat/ui/list_menu/UIListMenu.cs Source/Scripts/combat/ui/turn_bar/UIBattlerIcon.cs Source/Scripts/combat/ui/turn_bar/UITurnBar.cs Source/Scripts/combat/ui/UICombatHud.cs Source/Scripts/combat/ui/UICombatLog.cs Source/Scripts/combat/ui/UICombatMenus.cs Source/Scripts/common/Character.cs Source/Scripts/common/CharacterStats.cs Source/Scripts/common/CollisionFinder.cs Source/Scripts/common/DialogicIntegration.cs Source/Scripts/common/Directions.cs Source/Scripts/common/Enums.cs Source/Scripts/common/GameState.cs Source/Scripts/common/Inventory.cs Source/Scripts/common/JsonSchemaValidator.cs Source/Scripts/common/LogEntryType.cs Source/Scripts/common/Music.cs Source/Scripts/common/music/MusicPlayer.cs Source/Scripts/common/PartyCreator.cs Source/Scripts/common/PartyData.cs Source/Scripts/common/Player.cs Source/Scripts/common/screen_transitions/ScreenTransition.cs Source/Scripts/field/AsciiRoomRenderer.cs Source/Scripts/field/cutscenes/Cutscene.cs Source/Scripts/field/cutscenes/popups/InteractionPopup.cs Source/Scripts/field/cutscenes/popups/MovingInteractionPopup.cs Source/Scripts/field/cutscenes/templates/area_transitions/AreaTransition.cs Source/Scripts/field/cutscenes/templates/combat/CombatTrigger.cs Source/Scripts/field/cutscenes/templates/combat/RoamingCombatTrigger.cs Source/Scripts/field/cutscenes/templates/conversations/ConversationTemplate.cs Source/Scripts/field/cutscenes/templates/doors/Door.cs Source/Scripts/field/cutscenes/templates/doors/DoorTrigger.cs Source/Scripts/field/cutscenes/templates/pickups/Pickup.cs Source/Scripts/field/cutscenes/templates/treasure_chests/TreasureChest.cs Source/Scripts/field/cutscenes/templates/treasure_chests/TreasureChestInteraction.cs Source/Scripts/field/cutscenes/Trigger.cs Source/Scripts/field/DungeonSequenceData.cs Source/Scripts/field/Field.cs Source/Scripts/field/FieldCamera.cs Source/Scripts/field/FieldEvents.cs Source/Scripts/field/gameboard/Gameboard.cs Source/Scripts/field/gameboard/GameboardLayer.cs Source/Scripts/field/gameboard/GameboardProperties.cs Source/Scripts/field/gameboard/Pathfinder.cs Source/Scripts/field/gamepieces/animation/GamepieceAnimation.cs Source/Scripts/field/gamepieces/controllers/cursor/FieldCursor.cs Source/Scripts/field/gamepieces/controllers/cursor/PlayerPathDestinationMarker.cs Source/Scripts/field/gamepieces/controllers/GamepieceController.cs Source/Scripts/field/gamepieces/controllers/PathLoopAIController.cs Source/Scripts/field/gamepieces/controllers/PlayerController.cs Source/Scripts/field/gamepieces/Gamepiece.cs Source/Scripts/field/gamepieces/GamepieceRegistry.cs Source/Scripts/field/Interaction.cs Source/Scripts/field/Map.cs Source/Scripts/field/narrative/DialogueChoice.cs Source/Scripts/field/narrative/DreamweaverChoice.cs Source/Scripts/field/narrative/DreamweaverPersona.cs Source/Scripts/field/narrative/DreamweaverSystem.cs Source/Scripts/field/narrative/NarrativeSceneData.cs Source/Scripts/field/narrative/NarrativeTerminal.cs Source/Scripts/field/narrative/NarratorEngine.cs Source/Scripts/field/narrative/PersonaConfig.cs Source/Scripts/field/narrative/Scene1Narrative.cs Source/Scripts/field/PixelCombatController.cs Source/Scripts/field/TileDungeonController.cs Source/Scripts/field/TileDungeonData.cs Source/Scripts/field/ui/DialogueWindow.cs Source/Scripts/field/ui/inventory/UIInventory.cs Source/Scripts/field/ui/inventory/UIInventoryItem.cs Source/Scripts/field/ui/popups/UIPopup.cs Source/Scripts/field/ui/UIDialogue.cs Source/Scripts/SceneManager.cs Tests/NarrativeTerminalIntegrationTests.cs Tests/NarrativeTerminalSchemaTests.cs Tests/SaveLoadTests.cs Tests/Scene1LoadTests.cs Tests/StatePersistenceTests.cs /home/adam/Dev/omega-spiral/chapter-zero/.godot/mono/temp/obj/Debug/OmegaSpiral.GlobalUsings.g.cs "/home/adam/Dev/omega-spiral/chapter-zero/.godot/mono/temp/obj/Debug/.NETCoreApp,Version=v10.0.AssemblyAttributes.cs" /warnaserror+:NU1605,SYSLIB0011
         Compilation request OmegaSpiral (net10.0), PathToTool=/home/adam/.dotnet/dotnet
         CommandLine = ' exec "/home/adam/.dotnet/sdk/10.0.100-rc.1.25451.107/Roslyn/bincore/csc.dll" /noconfig'
         BuildResponseFile = '/unsafe- /checked- /nowarn:1701,1702,1701,1702 /fullpaths /nostdlib+ /errorreport:prompt /warn:10 /doc:/home/adam/Dev/omega-spiral/chapter-zero/.godot/mono/temp/obj/Debug/OmegaSpiral.xml /define:GODOT;GODOT_LINUXBSD;GODOT_PC;GODOT4;GODOT4_5;GODOT4_5_0;GODOT4_OR_GREATER;GODOT4_0_OR_GREATER;GODOT4_1_OR_GREATER;GODOT4_2_OR_GREATER;GODOT4_3_OR_GREATER;GODOT4_4_OR_GREATER;GODOT4_5_OR_GREATER;GODOT4_5_0_OR_GREATER;TRACE;DEBUG;NET;NET10_0;NETCOREAPP;TOOLS;NET5_0_OR_GREATER;NET6_0_OR_GREATER;NET7_0_OR_GREATER;NET8_0_OR_GREATER;NET9_0_OR_GREATER;NET10_0_OR_GREATER;NETCOREAPP1_0_OR_GREATER;NETCOREAPP1_1_OR_GREATER;NETCOREAPP2_0_OR_GREATER;NETCOREAPP2_1_OR_GREATER;NETCOREAPP2_2_OR_GREATER;NETCOREAPP3_0_OR_GREATER;NETCOREAPP3_1_OR_GREATER /highentropyva+ /nullable:enable /reference:/home/adam/.nuget/packages/godotsharp/4.5.0/lib/net8.0/GodotSharp.dll /reference:/home/adam/.nuget/packages/godotsharpeditor/4.5.0/lib/net8.0/GodotSharpEditor.dll /reference:/home/adam/.nuget/packages/microsoft.applicationinsights/2.23.0/lib/netstandard2.0/Microsoft.ApplicationInsights.dll /reference:/home/adam/.dotnet/packs/Microsoft.NETCore.App.Ref/10.0.0-rc.1.25451.107/ref/net10.0/Microsoft.CSharp.dll /reference:/home/adam/.nuget/packages/microsoft.testing.platform.msbuild/1.9.0/lib/net9.0/Microsoft.Testing.Extensions.MSBuild.dll /reference:/home/adam/.nuget/packages/microsoft.testing.extensions.telemetry/1.9.0/lib/net9.0/Microsoft.Testing.Extensions.Telemetry.dll /reference:/home/adam/.nuget/packages/microsoft.testing.extensions.trxreport.abstractions/1.9.0/lib/net9.0/Microsoft.Testing.Extensions.TrxReport.Abstractions.dll /reference:/home/adam/.nuget/packages/microsoft.testing.extensions.vstestbridge/1.9.0/lib/net9.0/Microsoft.Testing.Extensions.VSTestBridge.dll /reference:/home/adam/.nuget/packages/microsoft.testing.platform/1.9.0/lib/net9.0/Microsoft.Testing.Platform.dll /reference:/home/adam/.nuget/packages/microsoft.testplatform.adapterutilities/17.13.0/lib/net9.0/Microsoft.TestPlatform.AdapterUtilities.dll /reference:/home/adam/.nuget/packages/microsoft.testplatform.objectmodel/17.13.0/lib/netcoreapp3.1/Microsoft.TestPlatform.CoreUtilities.dll /reference:/home/adam/.nuget/packages/microsoft.testplatform.objectmodel/17.13.0/lib/netcoreapp3.1/Microsoft.TestPlatform.PlatformAbstractions.dll /reference:/home/adam/.dotnet/packs/Microsoft.NETCore.App.Ref/10.0.0-rc.1.25451.107/ref/net10.0/Microsoft.VisualBasic.Core.dll /reference:/home/adam/.dotnet/packs/Microsoft.NETCore.App.Ref/10.0.0-rc.1.25451.107/ref/net10.0/Microsoft.VisualBasic.dll /reference:/home/adam/.nuget/packages/microsoft.testplatform.objectmodel/17.13.0/lib/netcoreapp3.1/Microsoft.VisualStudio.TestPlatform.ObjectModel.dll /reference:/home/adam/.dotnet/packs/Microsoft.NETCore.App.Ref/10.0.0-rc.1.25451.107/ref/net10.0/Microsoft.Win32.Primitives.dll /reference:/home/adam/.dotnet/packs/Microsoft.NETCore.App.Ref/10.0.0-rc.1.25451.107/ref/net10.0/Microsoft.Win32.Registry.dll /reference:/home/adam/.dotnet/packs/Microsoft.NETCore.App.Ref/10.0.0-rc.1.25451.107/ref/net10.0/mscorlib.dll /reference:/home/adam/.dotnet/packs/Microsoft.NETCore.App.Ref/10.0.0-rc.1.25451.107/ref/net10.0/netstandard.dll /reference:/home/adam/.nuget/packages/newtonsoft.json/13.0.4/lib/net6.0/Newtonsoft.Json.dll /reference:/home/adam/.nuget/packages/nunit/4.4.0/lib/net8.0/nunit.framework.dll /reference:/home/adam/.nuget/packages/nunit/4.4.0/lib/net8.0/nunit.framework.legacy.dll /reference:/home/adam/.dotnet/packs/Microsoft.NETCore.App.Ref/10.0.0-rc.1.25451.107/ref/net10.0/System.AppContext.dll /reference:/home/adam/.dotnet/packs/Microsoft.NETCore.App.Ref/10.0.0-rc.1.25451.107/ref/net10.0/System.Buffers.dll /reference:/home/adam/.dotnet/packs/Microsoft.NETCore.App.Ref/10.0.0-rc.1.25451.107/ref/net10.0/System.Collections.Concurrent.dll /reference:/home/adam/.dotnet/packs/Microsoft.NETCore.App.Ref/10.0.0-rc.1.25451.107/ref/net10.0/System.Collections.dll /reference:/home/adam/.dotnet/packs/Microsoft.NETCore.App.Ref/10.0.0-rc.1.25451.107/ref/net10.0/System.Collections.Immutable.dll /reference:/home/adam/.dotnet/packs/Microsoft.NETCore.App.Ref/10.0.0-rc.1.25451.107/ref/net10.0/System.Collections.NonGeneric.dll /reference:/home/adam/.dotnet/packs/Microsoft.NETCore.App.Ref/10.0.0-rc.1.25451.107/ref/net10.0/System.Collections.Specialized.dll /reference:/home/adam/.dotnet/packs/Microsoft.NETCore.App.Ref/10.0.0-rc.1.25451.107/ref/net10.0/System.ComponentModel.Annotations.dll /reference:/home/adam/.dotnet/packs/Microsoft.NETCore.App.Ref/10.0.0-rc.1.25451.107/ref/net10.0/System.ComponentModel.DataAnnotations.dll /reference:/home/adam/.dotnet/packs/Microsoft.NETCore.App.Ref/10.0.0-rc.1.25451.107/ref/net10.0/System.ComponentModel.dll /reference:/home/adam/.dotnet/packs/Microsoft.NETCore.App.Ref/10.0.0-rc.1.25451.107/ref/net10.0/System.ComponentModel.EventBasedAsync.dll /reference:/home/adam/.dotnet/packs/Microsoft.NETCore.App.Ref/10.0.0-rc.1.25451.107/ref/net10.0/System.ComponentModel.Primitives.dll /reference:/home/adam/.dotnet/packs/Microsoft.NETCore.App.Ref/10.0.0-rc.1.25451.107/ref/net10.0/System.ComponentModel.TypeConverter.dll /reference:/home/adam/.dotnet/packs/Microsoft.NETCore.App.Ref/10.0.0-rc.1.25451.107/ref/net10.0/System.Configuration.dll /reference:/home/adam/.dotnet/packs/Microsoft.NETCore.App.Ref/10.0.0-rc.1.25451.107/ref/net10.0/System.Console.dll /reference:/home/adam/.dotnet/packs/Microsoft.NETCore.App.Ref/10.0.0-rc.1.25451.107/ref/net10.0/System.Core.dll /reference:/home/adam/.dotnet/packs/Microsoft.NETCore.App.Ref/10.0.0-rc.1.25451.107/ref/net10.0/System.Data.Common.dll /reference:/home/adam/.dotnet/packs/Microsoft.NETCore.App.Ref/10.0.0-rc.1.25451.107/ref/net10.0/System.Data.DataSetExtensions.dll /reference:/home/adam/.dotnet/packs/Microsoft.NETCore.App.Ref/10.0.0-rc.1.25451.107/ref/net10.0/System.Data.dll /reference:/home/adam/.dotnet/packs/Microsoft.NETCore.App.Ref/10.0.0-rc.1.25451.107/ref/net10.0/System.Diagnostics.Contracts.dll /reference:/home/adam/.dotnet/packs/Microsoft.NETCore.App.Ref/10.0.0-rc.1.25451.107/ref/net10.0/System.Diagnostics.Debug.dll /reference:/home/adam/.dotnet/packs/Microsoft.NETCore.App.Ref/10.0.0-rc.1.25451.107/ref/net10.0/System.Diagnostics.DiagnosticSource.dll /reference:/home/adam/.dotnet/packs/Microsoft.NETCore.App.Ref/10.0.0-rc.1.25451.107/ref/net10.0/System.Diagnostics.FileVersionInfo.dll /reference:/home/adam/.dotnet/packs/Microsoft.NETCore.App.Ref/10.0.0-rc.1.25451.107/ref/net10.0/System.Diagnostics.Process.dll /reference:/home/adam/.dotnet/packs/Microsoft.NETCore.App.Ref/10.0.0-rc.1.25451.107/ref/net10.0/System.Diagnostics.StackTrace.dll /reference:/home/adam/.dotnet/packs/Microsoft.NETCore.App.Ref/10.0.0-rc.1.25451.107/ref/net10.0/System.Diagnostics.TextWriterTraceListener.dll /reference:/home/adam/.dotnet/packs/Microsoft.NETCore.App.Ref/10.0.0-rc.1.25451.107/ref/net10.0/System.Diagnostics.Tools.dll /reference:/home/adam/.dotnet/packs/Microsoft.NETCore.App.Ref/10.0.0-rc.1.25451.107/ref/net10.0/System.Diagnostics.TraceSource.dll /reference:/home/adam/.dotnet/packs/Microsoft.NETCore.App.Ref/10.0.0-rc.1.25451.107/ref/net10.0/System.Diagnostics.Tracing.dll /reference:/home/adam/.dotnet/packs/Microsoft.NETCore.App.Ref/10.0.0-rc.1.25451.107/ref/net10.0/System.dll /reference:/home/adam/.dotnet/packs/Microsoft.NETCore.App.Ref/10.0.0-rc.1.25451.107/ref/net10.0/System.Drawing.dll /reference:/home/adam/.dotnet/packs/Microsoft.NETCore.App.Ref/10.0.0-rc.1.25451.107/ref/net10.0/System.Drawing.Primitives.dll /reference:/home/adam/.dotnet/packs/Microsoft.NETCore.App.Ref/10.0.0-rc.1.25451.107/ref/net10.0/System.Dynamic.Runtime.dll /reference:/home/adam/.dotnet/packs/Microsoft.NETCore.App.Ref/10.0.0-rc.1.25451.107/ref/net10.0/System.Formats.Asn1.dll /reference:/home/adam/.dotnet/packs/Microsoft.NETCore.App.Ref/10.0.0-rc.1.25451.107/ref/net10.0/System.Formats.Tar.dll /reference:/home/adam/.dotnet/packs/Microsoft.NETCore.App.Ref/10.0.0-rc.1.25451.107/ref/net10.0/System.Globalization.Calendars.dll /reference:/home/adam/.dotnet/packs/Microsoft.NETCore.App.Ref/10.0.0-rc.1.25451.107/ref/net10.0/System.Globalization.dll /reference:/home/adam/.dotnet/packs/Microsoft.NETCore.App.Ref/10.0.0-rc.1.25451.107/ref/net10.0/System.Globalization.Extensions.dll /reference:/home/adam/.dotnet/packs/Microsoft.NETCore.App.Ref/10.0.0-rc.1.25451.107/ref/net10.0/System.IO.Compression.Brotli.dll /reference:/home/adam/.dotnet/packs/Microsoft.NETCore.App.Ref/10.0.0-rc.1.25451.107/ref/net10.0/System.IO.Compression.dll /reference:/home/adam/.dotnet/packs/Microsoft.NETCore.App.Ref/10.0.0-rc.1.25451.107/ref/net10.0/System.IO.Compression.FileSystem.dll /reference:/home/adam/.dotnet/packs/Microsoft.NETCore.App.Ref/10.0.0-rc.1.25451.107/ref/net10.0/System.IO.Compression.ZipFile.dll /reference:/home/adam/.dotnet/packs/Microsoft.NETCore.App.Ref/10.0.0-rc.1.25451.107/ref/net10.0/System.IO.dll /reference:/home/adam/.dotnet/packs/Microsoft.NETCore.App.Ref/10.0.0-rc.1.25451.107/ref/net10.0/System.IO.FileSystem.AccessControl.dll /reference:/home/adam/.dotnet/packs/Microsoft.NETCore.App.Ref/10.0.0-rc.1.25451.107/ref/net10.0/System.IO.FileSystem.dll /reference:/home/adam/.dotnet/packs/Microsoft.NETCore.App.Ref/10.0.0-rc.1.25451.107/ref/net10.0/System.IO.FileSystem.DriveInfo.dll /reference:/home/adam/.dotnet/packs/Microsoft.NETCore.App.Ref/10.0.0-rc.1.25451.107/ref/net10.0/System.IO.FileSystem.Primitives.dll /reference:/home/adam/.dotnet/packs/Microsoft.NETCore.App.Ref/10.0.0-rc.1.25451.107/ref/net10.0/System.IO.FileSystem.Watcher.dll /reference:/home/adam/.dotnet/packs/Microsoft.NETCore.App.Ref/10.0.0-rc.1.25451.107/ref/net10.0/System.IO.IsolatedStorage.dll /reference:/home/adam/.dotnet/packs/Microsoft.NETCore.App.Ref/10.0.0-rc.1.25451.107/ref/net10.0/System.IO.MemoryMappedFiles.dll /reference:/home/adam/.dotnet/packs/Microsoft.NETCore.App.Ref/10.0.0-rc.1.25451.107/ref/net10.0/System.IO.Pipelines.dll /reference:/home/adam/.dotnet/packs/Microsoft.NETCore.App.Ref/10.0.0-rc.1.25451.107/ref/net10.0/System.IO.Pipes.AccessControl.dll /reference:/home/adam/.dotnet/packs/Microsoft.NETCore.App.Ref/10.0.0-rc.1.25451.107/ref/net10.0/System.IO.Pipes.dll /reference:/home/adam/.dotnet/packs/Microsoft.NETCore.App.Ref/10.0.0-rc.1.25451.107/ref/net10.0/System.IO.UnmanagedMemoryStream.dll /reference:/home/adam/.dotnet/packs/Microsoft.NETCore.App.Ref/10.0.0-rc.1.25451.107/ref/net10.0/System.Linq.AsyncEnumerable.dll /reference:/home/adam/.dotnet/packs/Microsoft.NETCore.App.Ref/10.0.0-rc.1.25451.107/ref/net10.0/System.Linq.dll /reference:/home/adam/.dotnet/packs/Microsoft.NETCore.App.Ref/10.0.0-rc.1.25451.107/ref/net10.0/System.Linq.Expressions.dll /reference:/home/adam/.dotnet/packs/Microsoft.NETCore.App.Ref/10.0.0-rc.1.25451.107/ref/net10.0/System.Linq.Parallel.dll /reference:/home/adam/.dotnet/packs/Microsoft.NETCore.App.Ref/10.0.0-rc.1.25451.107/ref/net10.0/System.Linq.Queryable.dll /reference:/home/adam/.dotnet/packs/Microsoft.NETCore.App.Ref/10.0.0-rc.1.25451.107/ref/net10.0/System.Memory.dll /reference:/home/adam/.dotnet/packs/Microsoft.NETCore.App.Ref/10.0.0-rc.1.25451.107/ref/net10.0/System.Net.dll /reference:/home/adam/.dotnet/packs/Microsoft.NETCore.App.Ref/10.0.0-rc.1.25451.107/ref/net10.0/System.Net.Http.dll /reference:/home/adam/.dotnet/packs/Microsoft.NETCore.App.Ref/10.0.0-rc.1.25451.107/ref/net10.0/System.Net.Http.Json.dll /reference:/home/adam/.dotnet/packs/Microsoft.NETCore.App.Ref/10.0.0-rc.1.25451.107/ref/net10.0/System.Net.HttpListener.dll /reference:/home/adam/.dotnet/packs/Microsoft.NETCore.App.Ref/10.0.0-rc.1.25451.107/ref/net10.0/System.Net.Mail.dll /reference:/home/adam/.dotnet/packs/Microsoft.NETCore.App.Ref/10.0.0-rc.1.25451.107/ref/net10.0/System.Net.NameResolution.dll /reference:/home/adam/.dotnet/packs/Microsoft.NETCore.App.Ref/10.0.0-rc.1.25451.107/ref/net10.0/System.Net.NetworkInformation.dll /reference:/home/adam/.dotnet/packs/Microsoft.NETCore.App.Ref/10.0.0-rc.1.25451.107/ref/net10.0/System.Net.Ping.dll /reference:/home/adam/.dotnet/packs/Microsoft.NETCore.App.Ref/10.0.0-rc.1.25451.107/ref/net10.0/System.Net.Primitives.dll /reference:/home/adam/.dotnet/packs/Microsoft.NETCore.App.Ref/10.0.0-rc.1.25451.107/ref/net10.0/System.Net.Quic.dll /reference:/home/adam/.dotnet/packs/Microsoft.NETCore.App.Ref/10.0.0-rc.1.25451.107/ref/net10.0/System.Net.Requests.dll /reference:/home/adam/.dotnet/packs/Microsoft.NETCore.App.Ref/10.0.0-rc.1.25451.107/ref/net10.0/System.Net.Security.dll /reference:/home/adam/.dotnet/packs/Microsoft.NETCore.App.Ref/10.0.0-rc.1.25451.107/ref/net10.0/System.Net.ServerSentEvents.dll /reference:/home/adam/.dotnet/packs/Microsoft.NETCore.App.Ref/10.0.0-rc.1.25451.107/ref/net10.0/System.Net.ServicePoint.dll /reference:/home/adam/.dotnet/packs/Microsoft.NETCore.App.Ref/10.0.0-rc.1.25451.107/ref/net10.0/System.Net.Sockets.dll /reference:/home/adam/.dotnet/packs/Microsoft.NETCore.App.Ref/10.0.0-rc.1.25451.107/ref/net10.0/System.Net.WebClient.dll /reference:/home/adam/.dotnet/packs/Microsoft.NETCore.App.Ref/10.0.0-rc.1.25451.107/ref/net10.0/System.Net.WebHeaderCollection.dll /reference:/home/adam/.dotnet/packs/Microsoft.NETCore.App.Ref/10.0.0-rc.1.25451.107/ref/net10.0/System.Net.WebProxy.dll /reference:/home/adam/.dotnet/packs/Microsoft.NETCore.App.Ref/10.0.0-rc.1.25451.107/ref/net10.0/System.Net.WebSockets.Client.dll /reference:/home/adam/.dotnet/packs/Microsoft.NETCore.App.Ref/10.0.0-rc.1.25451.107/ref/net10.0/System.Net.WebSockets.dll /reference:/home/adam/.dotnet/packs/Microsoft.NETCore.App.Ref/10.0.0-rc.1.25451.107/ref/net10.0/System.Numerics.dll /reference:/home/adam/.dotnet/packs/Microsoft.NETCore.App.Ref/10.0.0-rc.1.25451.107/ref/net10.0/System.Numerics.Vectors.dll /reference:/home/adam/.dotnet/packs/Microsoft.NETCore.App.Ref/10.0.0-rc.1.25451.107/ref/net10.0/System.ObjectModel.dll /reference:/home/adam/.dotnet/packs/Microsoft.NETCore.App.Ref/10.0.0-rc.1.25451.107/ref/net10.0/System.Reflection.DispatchProxy.dll /reference:/home/adam/.dotnet/packs/Microsoft.NETCore.App.Ref/10.0.0-rc.1.25451.107/ref/net10.0/System.Reflection.dll /reference:/home/adam/.dotnet/packs/Microsoft.NETCore.App.Ref/10.0.0-rc.1.25451.107/ref/net10.0/System.Reflection.Emit.dll /reference:/home/adam/.dotnet/packs/Microsoft.NETCore.App.Ref/10.0.0-rc.1.25451.107/ref/net10.0/System.Reflection.Emit.ILGeneration.dll /reference:/home/adam/.dotnet/packs/Microsoft.NETCore.App.Ref/10.0.0-rc.1.25451.107/ref/net10.0/System.Reflection.Emit.Lightweight.dll /reference:/home/adam/.dotnet/packs/Microsoft.NETCore.App.Ref/10.0.0-rc.1.25451.107/ref/net10.0/System.Reflection.Extensions.dll /reference:/home/adam/.dotnet/packs/Microsoft.NETCore.App.Ref/10.0.0-rc.1.25451.107/ref/net10.0/System.Reflection.Metadata.dll /reference:/home/adam/.dotnet/packs/Microsoft.NETCore.App.Ref/10.0.0-rc.1.25451.107/ref/net10.0/System.Reflection.Primitives.dll /reference:/home/adam/.dotnet/packs/Microsoft.NETCore.App.Ref/10.0.0-rc.1.25451.107/ref/net10.0/System.Reflection.TypeExtensions.dll /reference:/home/adam/.dotnet/packs/Microsoft.NETCore.App.Ref/10.0.0-rc.1.25451.107/ref/net10.0/System.Resources.Reader.dll /reference:/home/adam/.dotnet/packs/Microsoft.NETCore.App.Ref/10.0.0-rc.1.25451.107/ref/net10.0/System.Resources.ResourceManager.dll /reference:/home/adam/.dotnet/packs/Microsoft.NETCore.App.Ref/10.0.0-rc.1.25451.107/ref/net10.0/System.Resources.Writer.dll /reference:/home/adam/.dotnet/packs/Microsoft.NETCore.App.Ref/10.0.0-rc.1.25451.107/ref/net10.0/System.Runtime.CompilerServices.Unsafe.dll /reference:/home/adam/.dotnet/packs/Microsoft.NETCore.App.Ref/10.0.0-rc.1.25451.107/ref/net10.0/System.Runtime.CompilerServices.VisualC.dll /reference:/home/adam/.dotnet/packs/Microsoft.NETCore.App.Ref/10.0.0-rc.1.25451.107/ref/net10.0/System.Runtime.dll /reference:/home/adam/.dotnet/packs/Microsoft.NETCore.App.Ref/10.0.0-rc.1.25451.107/ref/net10.0/System.Runtime.Extensions.dll /reference:/home/adam/.dotnet/packs/Microsoft.NETCore.App.Ref/10.0.0-rc.1.25451.107/ref/net10.0/System.Runtime.Handles.dll /reference:/home/adam/.dotnet/packs/Microsoft.NETCore.App.Ref/10.0.0-rc.1.25451.107/ref/net10.0/System.Runtime.InteropServices.dll /reference:/home/adam/.dotnet/packs/Microsoft.NETCore.App.Ref/10.0.0-rc.1.25451.107/ref/net10.0/System.Runtime.InteropServices.JavaScript.dll /reference:/home/adam/.dotnet/packs/Microsoft.NETCore.App.Ref/10.0.0-rc.1.25451.107/ref/net10.0/System.Runtime.InteropServices.RuntimeInformation.dll /reference:/home/adam/.dotnet/packs/Microsoft.NETCore.App.Ref/10.0.0-rc.1.25451.107/ref/net10.0/System.Runtime.Intrinsics.dll /reference:/home/adam/.dotnet/packs/Microsoft.NETCore.App.Ref/10.0.0-rc.1.25451.107/ref/net10.0/System.Runtime.Loader.dll /reference:/home/adam/.dotnet/packs/Microsoft.NETCore.App.Ref/10.0.0-rc.1.25451.107/ref/net10.0/System.Runtime.Numerics.dll /reference:/home/adam/.dotnet/packs/Microsoft.NETCore.App.Ref/10.0.0-rc.1.25451.107/ref/net10.0/System.Runtime.Serialization.dll /reference:/home/adam/.dotnet/packs/Microsoft.NETCore.App.Ref/10.0.0-rc.1.25451.107/ref/net10.0/System.Runtime.Serialization.Formatters.dll /reference:/home/adam/.dotnet/packs/Microsoft.NETCore.App.Ref/10.0.0-rc.1.25451.107/ref/net10.0/System.Runtime.Serialization.Json.dll /reference:/home/adam/.dotnet/packs/Microsoft.NETCore.App.Ref/10.0.0-rc.1.25451.107/ref/net10.0/System.Runtime.Serialization.Primitives.dll /reference:/home/adam/.dotnet/packs/Microsoft.NETCore.App.Ref/10.0.0-rc.1.25451.107/ref/net10.0/System.Runtime.Serialization.Xml.dll /reference:/home/adam/.dotnet/packs/Microsoft.NETCore.App.Ref/10.0.0-rc.1.25451.107/ref/net10.0/System.Security.AccessControl.dll /reference:/home/adam/.dotnet/packs/Microsoft.NETCore.App.Ref/10.0.0-rc.1.25451.107/ref/net10.0/System.Security.Claims.dll /reference:/home/adam/.dotnet/packs/Microsoft.NETCore.App.Ref/10.0.0-rc.1.25451.107/ref/net10.0/System.Security.Cryptography.Algorithms.dll /reference:/home/adam/.dotnet/packs/Microsoft.NETCore.App.Ref/10.0.0-rc.1.25451.107/ref/net10.0/System.Security.Cryptography.Cng.dll /reference:/home/adam/.dotnet/packs/Microsoft.NETCore.App.Ref/10.0.0-rc.1.25451.107/ref/net10.0/System.Security.Cryptography.Csp.dll /reference:/home/adam/.dotnet/packs/Microsoft.NETCore.App.Ref/10.0.0-rc.1.25451.107/ref/net10.0/System.Security.Cryptography.dll /reference:/home/adam/.dotnet/packs/Microsoft.NETCore.App.Ref/10.0.0-rc.1.25451.107/ref/net10.0/System.Security.Cryptography.Encoding.dll /reference:/home/adam/.dotnet/packs/Microsoft.NETCore.App.Ref/10.0.0-rc.1.25451.107/ref/net10.0/System.Security.Cryptography.OpenSsl.dll /reference:/home/adam/.dotnet/packs/Microsoft.NETCore.App.Ref/10.0.0-rc.1.25451.107/ref/net10.0/System.Security.Cryptography.Primitives.dll /reference:/home/adam/.dotnet/packs/Microsoft.NETCore.App.Ref/10.0.0-rc.1.25451.107/ref/net10.0/System.Security.Cryptography.X509Certificates.dll /reference:/home/adam/.dotnet/packs/Microsoft.NETCore.App.Ref/10.0.0-rc.1.25451.107/ref/net10.0/System.Security.dll /reference:/home/adam/.dotnet/packs/Microsoft.NETCore.App.Ref/10.0.0-rc.1.25451.107/ref/net10.0/System.Security.Principal.dll /reference:/home/adam/.dotnet/packs/Microsoft.NETCore.App.Ref/10.0.0-rc.1.25451.107/ref/net10.0/System.Security.Principal.Windows.dll /reference:/home/adam/.dotnet/packs/Microsoft.NETCore.App.Ref/10.0.0-rc.1.25451.107/ref/net10.0/System.Security.SecureString.dll /reference:/home/adam/.dotnet/packs/Microsoft.NETCore.App.Ref/10.0.0-rc.1.25451.107/ref/net10.0/System.ServiceModel.Web.dll /reference:/home/adam/.dotnet/packs/Microsoft.NETCore.App.Ref/10.0.0-rc.1.25451.107/ref/net10.0/System.ServiceProcess.dll /reference:/home/adam/.dotnet/packs/Microsoft.NETCore.App.Ref/10.0.0-rc.1.25451.107/ref/net10.0/System.Text.Encoding.CodePages.dll /reference:/home/adam/.dotnet/packs/Microsoft.NETCore.App.Ref/10.0.0-rc.1.25451.107/ref/net10.0/System.Text.Encoding.dll /reference:/home/adam/.dotnet/packs/Microsoft.NETCore.App.Ref/10.0.0-rc.1.25451.107/ref/net10.0/System.Text.Encoding.Extensions.dll /reference:/home/adam/.dotnet/packs/Microsoft.NETCore.App.Ref/10.0.0-rc.1.25451.107/ref/net10.0/System.Text.Encodings.Web.dll /reference:/home/adam/.dotnet/packs/Microsoft.NETCore.App.Ref/10.0.0-rc.1.25451.107/ref/net10.0/System.Text.Json.dll /reference:/home/adam/.dotnet/packs/Microsoft.NETCore.App.Ref/10.0.0-rc.1.25451.107/ref/net10.0/System.Text.RegularExpressions.dll /reference:/home/adam/.dotnet/packs/Microsoft.NETCore.App.Ref/10.0.0-rc.1.25451.107/ref/net10.0/System.Threading.AccessControl.dll /reference:/home/adam/.dotnet/packs/Microsoft.NETCore.App.Ref/10.0.0-rc.1.25451.107/ref/net10.0/System.Threading.Channels.dll /reference:/home/adam/.dotnet/packs/Microsoft.NETCore.App.Ref/10.0.0-rc.1.25451.107/ref/net10.0/System.Threading.dll /reference:/home/adam/.dotnet/packs/Microsoft.NETCore.App.Ref/10.0.0-rc.1.25451.107/ref/net10.0/System.Threading.Overlapped.dll /reference:/home/adam/.dotnet/packs/Microsoft.NETCore.App.Ref/10.0.0-rc.1.25451.107/ref/net10.0/System.Threading.Tasks.Dataflow.dll /reference:/home/adam/.dotnet/packs/Microsoft.NETCore.App.Ref/10.0.0-rc.1.25451.107/ref/net10.0/System.Threading.Tasks.dll /reference:/home/adam/.dotnet/packs/Microsoft.NETCore.App.Ref/10.0.0-rc.1.25451.107/ref/net10.0/System.Threading.Tasks.Extensions.dll /reference:/home/adam/.dotnet/packs/Microsoft.NETCore.App.Ref/10.0.0-rc.1.25451.107/ref/net10.0/System.Threading.Tasks.Parallel.dll /reference:/home/adam/.dotnet/packs/Microsoft.NETCore.App.Ref/10.0.0-rc.1.25451.107/ref/net10.0/System.Threading.Thread.dll /reference:/home/adam/.dotnet/packs/Microsoft.NETCore.App.Ref/10.0.0-rc.1.25451.107/ref/net10.0/System.Threading.ThreadPool.dll /reference:/home/adam/.dotnet/packs/Microsoft.NETCore.App.Ref/10.0.0-rc.1.25451.107/ref/net10.0/System.Threading.Timer.dll /reference:/home/adam/.dotnet/packs/Microsoft.NETCore.App.Ref/10.0.0-rc.1.25451.107/ref/net10.0/System.Transactions.dll /reference:/home/adam/.dotnet/packs/Microsoft.NETCore.App.Ref/10.0.0-rc.1.25451.107/ref/net10.0/System.Transactions.Local.dll /reference:/home/adam/.dotnet/packs/Microsoft.NETCore.App.Ref/10.0.0-rc.1.25451.107/ref/net10.0/System.ValueTuple.dll /reference:/home/adam/.dotnet/packs/Microsoft.NETCore.App.Ref/10.0.0-rc.1.25451.107/ref/net10.0/System.Web.dll /reference:/home/adam/.dotnet/packs/Microsoft.NETCore.App.Ref/10.0.0-rc.1.25451.107/ref/net10.0/System.Web.HttpUtility.dll /reference:/home/adam/.dotnet/packs/Microsoft.NETCore.App.Ref/10.0.0-rc.1.25451.107/ref/net10.0/System.Windows.dll /reference:/home/adam/.dotnet/packs/Microsoft.NETCore.App.Ref/10.0.0-rc.1.25451.107/ref/net10.0/System.Xml.dll /reference:/home/adam/.dotnet/packs/Microsoft.NETCore.App.Ref/10.0.0-rc.1.25451.107/ref/net10.0/System.Xml.Linq.dll /reference:/home/adam/.dotnet/packs/Microsoft.NETCore.App.Ref/10.0.0-rc.1.25451.107/ref/net10.0/System.Xml.ReaderWriter.dll /reference:/home/adam/.dotnet/packs/Microsoft.NETCore.App.Ref/10.0.0-rc.1.25451.107/ref/net10.0/System.Xml.Serialization.dll /reference:/home/adam/.dotnet/packs/Microsoft.NETCore.App.Ref/10.0.0-rc.1.25451.107/ref/net10.0/System.Xml.XDocument.dll /reference:/home/adam/.dotnet/packs/Microsoft.NETCore.App.Ref/10.0.0-rc.1.25451.107/ref/net10.0/System.Xml.XmlDocument.dll /reference:/home/adam/.dotnet/packs/Microsoft.NETCore.App.Ref/10.0.0-rc.1.25451.107/ref/net10.0/System.Xml.XmlSerializer.dll /reference:/home/adam/.dotnet/packs/Microsoft.NETCore.App.Ref/10.0.0-rc.1.25451.107/ref/net10.0/System.Xml.XPath.dll /reference:/home/adam/.dotnet/packs/Microsoft.NETCore.App.Ref/10.0.0-rc.1.25451.107/ref/net10.0/System.Xml.XPath.XDocument.dll /reference:/home/adam/.dotnet/packs/Microsoft.NETCore.App.Ref/10.0.0-rc.1.25451.107/ref/net10.0/WindowsBase.dll /reference:/home/adam/.nuget/packages/yamldotnet/16.3.0/lib/net8.0/YamlDotNet.dll /debug+ /debug:portable /filealign:512 /optimize- /out:/home/adam/Dev/omega-spiral/chapter-zero/.godot/mono/temp/obj/Debug/OmegaSpiral.dll /refout:/home/adam/Dev/omega-spiral/chapter-zero/.godot/mono/temp/obj/Debug/refint/OmegaSpiral.dll /target:library /warnaserror+ /utf8output /deterministic+ /sourcelink:/home/adam/Dev/omega-spiral/chapter-zero/.godot/mono/temp/obj/Debug/OmegaSpiral.sourcelink.json /langversion:preview /embed:/home/adam/Dev/omega-spiral/chapter-zero/.godot/mono/temp/obj/Debug/OmegaSpiral.GlobalUsings.g.cs /embed:"/home/adam/Dev/omega-spiral/chapter-zero/.godot/mono/temp/obj/Debug/.NETCoreApp,Version=v10.0.AssemblyAttributes.cs" /analyzerconfig:/home/adam/Dev/omega-spiral/chapter-zero/.editorconfig /analyzerconfig:/home/adam/.dotnet/sdk/10.0.100-rc.1.25451.107/Sdks/Microsoft.NET.Sdk/codestyle/cs/build/config/analysislevelstyle_default.globalconfig /analyzerconfig:/home/adam/Dev/omega-spiral/chapter-zero/.godot/mono/temp/obj/Debug/OmegaSpiral.GeneratedMSBuildEditorConfig.editorconfig /analyzer:/home/adam/.nuget/packages/godot.sourcegenerators/4.5.0/analyzers/dotnet/cs/Godot.SourceGenerators.dll /analyzer:/home/adam/.nuget/packages/microsoft.codeanalysis.versioncheckanalyzer/3.3.2/analyzers/dotnet/Microsoft.CodeAnalysis.VersionCheckAnalyzer.dll /analyzer:/home/adam/.nuget/packages/microsoft.codequality.analyzers/3.3.2/analyzers/dotnet/cs/Humanizer.dll /analyzer:/home/adam/.nuget/packages/microsoft.codequality.analyzers/3.3.2/analyzers/dotnet/cs/Microsoft.CodeQuality.Analyzers.dll /analyzer:/home/adam/.nuget/packages/microsoft.codequality.analyzers/3.3.2/analyzers/dotnet/cs/Microsoft.CodeQuality.CSharp.Analyzers.dll /analyzer:/home/adam/.nuget/packages/microsoft.netcore.analyzers/3.3.2/analyzers/dotnet/cs/Microsoft.NetCore.Analyzers.dll /analyzer:/home/adam/.nuget/packages/microsoft.netcore.analyzers/3.3.2/analyzers/dotnet/cs/Microsoft.NetCore.CSharp.Analyzers.dll /analyzer:/home/adam/.nuget/packages/microsoft.netframework.analyzers/3.3.2/analyzers/dotnet/cs/Microsoft.NetFramework.Analyzers.dll /analyzer:/home/adam/.nuget/packages/microsoft.netframework.analyzers/3.3.2/analyzers/dotnet/cs/Microsoft.NetFramework.CSharp.Analyzers.dll /analyzer:/home/adam/.nuget/packages/stylecop.analyzers/1.1.118/analyzers/dotnet/cs/StyleCop.Analyzers.CodeFixes.dll /analyzer:/home/adam/.nuget/packages/stylecop.analyzers/1.1.118/analyzers/dotnet/cs/StyleCop.Analyzers.dll /analyzer:/home/adam/.dotnet/packs/Microsoft.NETCore.App.Ref/10.0.0-rc.1.25451.107/analyzers/dotnet/cs/Microsoft.Interop.ComInterfaceGenerator.dll /analyzer:/home/adam/.dotnet/packs/Microsoft.NETCore.App.Ref/10.0.0-rc.1.25451.107/analyzers/dotnet/cs/Microsoft.Interop.JavaScript.JSImportGenerator.dll /analyzer:/home/adam/.dotnet/packs/Microsoft.NETCore.App.Ref/10.0.0-rc.1.25451.107/analyzers/dotnet/cs/Microsoft.Interop.LibraryImportGenerator.dll /analyzer:/home/adam/.dotnet/packs/Microsoft.NETCore.App.Ref/10.0.0-rc.1.25451.107/analyzers/dotnet/cs/Microsoft.Interop.SourceGeneration.dll /analyzer:/home/adam/.dotnet/packs/Microsoft.NETCore.App.Ref/10.0.0-rc.1.25451.107/analyzers/dotnet/cs/System.Text.Json.SourceGeneration.dll /analyzer:/home/adam/.dotnet/packs/Microsoft.NETCore.App.Ref/10.0.0-rc.1.25451.107/analyzers/dotnet/cs/System.Text.RegularExpressions.Generator.dll Source/overworld/maps/forest/GameEndTrigger.cs Source/overworld/maps/house/WandPedestalInteraction.cs Source/overworld/maps/OpeningCutscene.cs Source/overworld/maps/town/ConversationEncounter.cs Source/overworld/maps/town/DoorUnlockInteraction.cs Source/overworld/maps/town/FanInteraction.cs Source/overworld/maps/town/GangOfFourConversation.cs Source/overworld/maps/town/StrangeTreeInteraction.cs Source/Scripts/combat/actions/BattlerAction.cs Source/Scripts/combat/actions/BattlerActionAttack.cs Source/Scripts/combat/actions/BattlerActionHeal.cs Source/Scripts/combat/actions/BattlerActionModifyStats.cs Source/Scripts/combat/actions/BattlerActionProjectile.cs Source/Scripts/combat/actions/BattlerHit.cs Source/Scripts/combat/actors/ActiveTurnQueue.cs Source/Scripts/combat/actors/CombatActor.cs Source/Scripts/combat/actors/CombatAI.cs Source/Scripts/combat/actors/CombatRandomAI.cs Source/Scripts/combat/actors/CombatTurnQueue.cs Source/Scripts/combat/battlers/Battler.cs Source/Scripts/combat/battlers/BattlerAnim.cs Source/Scripts/combat/battlers/BattlerList.cs Source/Scripts/combat/battlers/BattlerRoster.cs Source/Scripts/combat/battlers/BattlerStats.cs Source/Scripts/combat/Combat.cs Source/Scripts/combat/CombatArena.cs Source/Scripts/combat/CombatEvents.cs Source/Scripts/combat/CombatSceneData.cs Source/Scripts/combat/Elements.cs Source/Scripts/combat/ui/action_menu/UIActionButton.cs Source/Scripts/combat/ui/action_menu/UIActionDescription.cs Source/Scripts/combat/ui/action_menu/UIActionMenu.cs Source/Scripts/combat/ui/battler_entry/UIBattlerEntry.cs Source/Scripts/combat/ui/battler_entry/UIBattlerLifeBar.cs Source/Scripts/combat/ui/battler_entry/UIEnergyBar.cs Source/Scripts/combat/ui/battler_entry/UIEnergyPoint.cs Source/Scripts/combat/ui/battler_entry/UIPlayerBattlerList.cs Source/Scripts/combat/ui/cursors/UIBattlerTargetCursor.cs Source/Scripts/combat/ui/cursors/UIMenuCursor.cs Source/Scripts/combat/ui/effect_labels/UIDamageLabel.cs Source/Scripts/combat/ui/effect_labels/UIEffectLabelBuilder.cs Source/Scripts/combat/ui/list_menu/UIListMenu.cs Source/Scripts/combat/ui/turn_bar/UIBattlerIcon.cs Source/Scripts/combat/ui/turn_bar/UITurnBar.cs Source/Scripts/combat/ui/UICombatHud.cs Source/Scripts/combat/ui/UICombatLog.cs Source/Scripts/combat/ui/UICombatMenus.cs Source/Scripts/common/Character.cs Source/Scripts/common/CharacterStats.cs Source/Scripts/common/CollisionFinder.cs Source/Scripts/common/DialogicIntegration.cs Source/Scripts/common/Directions.cs Source/Scripts/common/Enums.cs Source/Scripts/common/GameState.cs Source/Scripts/common/Inventory.cs Source/Scripts/common/JsonSchemaValidator.cs Source/Scripts/common/LogEntryType.cs Source/Scripts/common/Music.cs Source/Scripts/common/music/MusicPlayer.cs Source/Scripts/common/PartyCreator.cs Source/Scripts/common/PartyData.cs Source/Scripts/common/Player.cs Source/Scripts/common/screen_transitions/ScreenTransition.cs Source/Scripts/field/AsciiRoomRenderer.cs Source/Scripts/field/cutscenes/Cutscene.cs Source/Scripts/field/cutscenes/popups/InteractionPopup.cs Source/Scripts/field/cutscenes/popups/MovingInteractionPopup.cs Source/Scripts/field/cutscenes/templates/area_transitions/AreaTransition.cs Source/Scripts/field/cutscenes/templates/combat/CombatTrigger.cs Source/Scripts/field/cutscenes/templates/combat/RoamingCombatTrigger.cs Source/Scripts/field/cutscenes/templates/conversations/ConversationTemplate.cs Source/Scripts/field/cutscenes/templates/doors/Door.cs Source/Scripts/field/cutscenes/templates/doors/DoorTrigger.cs Source/Scripts/field/cutscenes/templates/pickups/Pickup.cs Source/Scripts/field/cutscenes/templates/treasure_chests/TreasureChest.cs Source/Scripts/field/cutscenes/templates/treasure_chests/TreasureChestInteraction.cs Source/Scripts/field/cutscenes/Trigger.cs Source/Scripts/field/DungeonSequenceData.cs Source/Scripts/field/Field.cs Source/Scripts/field/FieldCamera.cs Source/Scripts/field/FieldEvents.cs Source/Scripts/field/gameboard/Gameboard.cs Source/Scripts/field/gameboard/GameboardLayer.cs Source/Scripts/field/gameboard/GameboardProperties.cs Source/Scripts/field/gameboard/Pathfinder.cs Source/Scripts/field/gamepieces/animation/GamepieceAnimation.cs Source/Scripts/field/gamepieces/controllers/cursor/FieldCursor.cs Source/Scripts/field/gamepieces/controllers/cursor/PlayerPathDestinationMarker.cs Source/Scripts/field/gamepieces/controllers/GamepieceController.cs Source/Scripts/field/gamepieces/controllers/PathLoopAIController.cs Source/Scripts/field/gamepieces/controllers/PlayerController.cs Source/Scripts/field/gamepieces/Gamepiece.cs Source/Scripts/field/gamepieces/GamepieceRegistry.cs Source/Scripts/field/Interaction.cs Source/Scripts/field/Map.cs Source/Scripts/field/narrative/DialogueChoice.cs Source/Scripts/field/narrative/DreamweaverChoice.cs Source/Scripts/field/narrative/DreamweaverPersona.cs Source/Scripts/field/narrative/DreamweaverSystem.cs Source/Scripts/field/narrative/NarrativeSceneData.cs Source/Scripts/field/narrative/NarrativeTerminal.cs Source/Scripts/field/narrative/NarratorEngine.cs Source/Scripts/field/narrative/PersonaConfig.cs Source/Scripts/field/narrative/Scene1Narrative.cs Source/Scripts/field/PixelCombatController.cs Source/Scripts/field/TileDungeonController.cs Source/Scripts/field/TileDungeonData.cs Source/Scripts/field/ui/DialogueWindow.cs Source/Scripts/field/ui/inventory/UIInventory.cs Source/Scripts/field/ui/inventory/UIInventoryItem.cs Source/Scripts/field/ui/popups/UIPopup.cs Source/Scripts/field/ui/UIDialogue.cs Source/Scripts/SceneManager.cs Tests/NarrativeTerminalIntegrationTests.cs Tests/NarrativeTerminalSchemaTests.cs Tests/SaveLoadTests.cs Tests/Scene1LoadTests.cs Tests/StatePersistenceTests.cs /home/adam/Dev/omega-spiral/chapter-zero/.godot/mono/temp/obj/Debug/OmegaSpiral.GlobalUsings.g.cs "/home/adam/Dev/omega-spiral/chapter-zero/.godot/mono/temp/obj/Debug/.NETCoreApp,Version=v10.0.AssemblyAttributes.cs" /warnaserror+:NU1605,SYSLIB0011'
         Attempt to open named pipe 'EQX18qC4hYbuhU2rS8bxPjscWpcNKrkeA9GYHzTgPXA'
         Attempt to connect named pipe 'EQX18qC4hYbuhU2rS8bxPjscWpcNKrkeA9GYHzTgPXA'
         Named pipe 'EQX18qC4hYbuhU2rS8bxPjscWpcNKrkeA9GYHzTgPXA' connected
         Begin writing request for OmegaSpiral (net10.0)
         End writing request for OmegaSpiral (net10.0)
         Begin reading response for OmegaSpiral (net10.0)
         End reading response for OmegaSpiral (net10.0)
     1>/home/adam/Dev/omega-spiral/chapter-zero/Source/overworld/maps/town/FanInteraction.cs(59,62): error CS1061: 'Variant?' does not contain a definition for 'AsInt32' and no accessible extension method 'AsInt32' accepting a first argument of type 'Variant?' could be found (are you missing a using directive or an assembly reference?) [/home/adam/Dev/omega-spiral/chapter-zero/OmegaSpiral.csproj]
     1>/home/adam/Dev/omega-spiral/chapter-zero/Source/Scripts/combat/battlers/Battler.cs(132,41): error CS8625: Cannot convert null literal to non-nullable reference type. [/home/adam/Dev/omega-spiral/chapter-zero/OmegaSpiral.csproj]
     1>/home/adam/Dev/omega-spiral/chapter-zero/Source/Scripts/combat/actors/ActiveTurnQueue.cs(175,40): error CS1503: Argument 2: cannot convert from 'System.Collections.Generic.List<Battler>' to 'Battler[]' [/home/adam/Dev/omega-spiral/chapter-zero/OmegaSpiral.csproj]
     1>/home/adam/Dev/omega-spiral/chapter-zero/Source/Scripts/combat/battlers/Battler.cs(168,40): error CS8625: Cannot convert null literal to non-nullable reference type. [/home/adam/Dev/omega-spiral/chapter-zero/OmegaSpiral.csproj]
     1>/home/adam/Dev/omega-spiral/chapter-zero/Source/Scripts/combat/battlers/BattlerAnim.cs(124,13): error CS8602: Dereference of a possibly null reference. [/home/adam/Dev/omega-spiral/chapter-zero/OmegaSpiral.csproj]
     1>/home/adam/Dev/omega-spiral/chapter-zero/Source/Scripts/combat/battlers/BattlerAnim.cs(131,17): error CS8602: Dereference of a possibly null reference. [/home/adam/Dev/omega-spiral/chapter-zero/OmegaSpiral.csproj]
     1>/home/adam/Dev/omega-spiral/chapter-zero/Source/Scripts/combat/battlers/BattlerStats.cs(334,26): error CS0173: Type of conditional expression cannot be determined because there is no implicit conversion between 'System.Collections.Generic.Dictionary<string, System.Collections.Generic.Dictionary<int, int>>' and 'System.Collections.Generic.Dictionary<string, System.Collections.Generic.Dictionary<int, float>>' [/home/adam/Dev/omega-spiral/chapter-zero/OmegaSpiral.csproj]
     1>/home/adam/Dev/omega-spiral/chapter-zero/Source/Scripts/combat/Combat.cs(63,26): error CS1061: 'CombatArena' does not contain a definition for 'TurnQueue' and no accessible extension method 'TurnQueue' accepting a first argument of type 'CombatArena' could be found (are you missing a using directive or an assembly reference?) [/home/adam/Dev/omega-spiral/chapter-zero/OmegaSpiral.csproj]
     1>/home/adam/Dev/omega-spiral/chapter-zero/Source/Scripts/combat/Combat.cs(75,32): error CS8625: Cannot convert null literal to non-nullable reference type. [/home/adam/Dev/omega-spiral/chapter-zero/OmegaSpiral.csproj]
     1>/home/adam/Dev/omega-spiral/chapter-zero/Source/Scripts/combat/Combat.cs(79,39): error CS8625: Cannot convert null literal to non-nullable reference type. [/home/adam/Dev/omega-spiral/chapter-zero/OmegaSpiral.csproj]
     1>/home/adam/Dev/omega-spiral/chapter-zero/Tests/Scene1LoadTests.cs(29,20): error CS0117: 'Assert' does not contain a definition for 'IsTrue' [/home/adam/Dev/omega-spiral/chapter-zero/OmegaSpiral.csproj]
     1>/home/adam/Dev/omega-spiral/chapter-zero/Tests/Scene1LoadTests.cs(42,20): error CS0117: 'Assert' does not contain a definition for 'IsTrue' [/home/adam/Dev/omega-spiral/chapter-zero/OmegaSpiral.csproj]
     1>/home/adam/Dev/omega-spiral/chapter-zero/Tests/Scene1LoadTests.cs(55,20): error CS0117: 'Assert' does not contain a definition for 'IsTrue' [/home/adam/Dev/omega-spiral/chapter-zero/OmegaSpiral.csproj]
     1>/home/adam/Dev/omega-spiral/chapter-zero/Tests/Scene1LoadTests.cs(68,20): error CS0117: 'Assert' does not contain a definition for 'IsTrue' [/home/adam/Dev/omega-spiral/chapter-zero/OmegaSpiral.csproj]
     1>/home/adam/Dev/omega-spiral/chapter-zero/Source/Scripts/combat/Combat.cs(123,57): error CS1061: 'CombatArena' does not contain a definition for 'TurnQueue' and no accessible extension method 'TurnQueue' accepting a first argument of type 'CombatArena' could be found (are you missing a using directive or an assembly reference?) [/home/adam/Dev/omega-spiral/chapter-zero/OmegaSpiral.csproj]
     1>/home/adam/Dev/omega-spiral/chapter-zero/Source/Scripts/combat/Combat.cs(135,41): error CS0246: The type or namespace name 'DialogicTimeline' could not be found (are you missing a using directive or an assembly reference?) [/home/adam/Dev/omega-spiral/chapter-zero/OmegaSpiral.csproj]
     1>/home/adam/Dev/omega-spiral/chapter-zero/Tests/Scene1LoadTests.cs(92,20): error CS0117: 'Assert' does not contain a definition for 'IsNull' [/home/adam/Dev/omega-spiral/chapter-zero/OmegaSpiral.csproj]
     1>/home/adam/Dev/omega-spiral/chapter-zero/Tests/Scene1LoadTests.cs(93,20): error CS0117: 'Assert' does not contain a definition for 'IsNotNull' [/home/adam/Dev/omega-spiral/chapter-zero/OmegaSpiral.csproj]
     1>/home/adam/Dev/omega-spiral/chapter-zero/Tests/Scene1LoadTests.cs(98,24): error CS0117: 'Assert' does not contain a definition for 'IsTrue' [/home/adam/Dev/omega-spiral/chapter-zero/OmegaSpiral.csproj]
     1>/home/adam/Dev/omega-spiral/chapter-zero/Tests/Scene1LoadTests.cs(99,24): error CS0117: 'Assert' does not contain a definition for 'AreEqual' [/home/adam/Dev/omega-spiral/chapter-zero/OmegaSpiral.csproj]
     1>/home/adam/Dev/omega-spiral/chapter-zero/Tests/Scene1LoadTests.cs(101,24): error CS0117: 'Assert' does not contain a definition for 'IsTrue' [/home/adam/Dev/omega-spiral/chapter-zero/OmegaSpiral.csproj]
     1>/home/adam/Dev/omega-spiral/chapter-zero/Tests/Scene1LoadTests.cs(102,24): error CS0117: 'Assert' does not contain a definition for 'IsTrue' [/home/adam/Dev/omega-spiral/chapter-zero/OmegaSpiral.csproj]
     1>/home/adam/Dev/omega-spiral/chapter-zero/Tests/Scene1LoadTests.cs(119,20): error CS0117: 'Assert' does not contain a definition for 'IsNotNull' [/home/adam/Dev/omega-spiral/chapter-zero/OmegaSpiral.csproj]
     1>/home/adam/Dev/omega-spiral/chapter-zero/Tests/Scene1LoadTests.cs(120,20): error CS0117: 'Assert' does not contain a definition for 'IsNotNull' [/home/adam/Dev/omega-spiral/chapter-zero/OmegaSpiral.csproj]
     1>/home/adam/Dev/omega-spiral/chapter-zero/Tests/Scene1LoadTests.cs(129,20): error CS0117: 'Assert' does not contain a definition for 'IsNotNull' [/home/adam/Dev/omega-spiral/chapter-zero/OmegaSpiral.csproj]
     1>/home/adam/Dev/omega-spiral/chapter-zero/Tests/Scene1LoadTests.cs(148,20): error CS0117: 'Assert' does not contain a definition for 'IsNull' [/home/adam/Dev/omega-spiral/chapter-zero/OmegaSpiral.csproj]
     1>/home/adam/Dev/omega-spiral/chapter-zero/Tests/Scene1LoadTests.cs(149,20): error CS0117: 'Assert' does not contain a definition for 'IsNotNull' [/home/adam/Dev/omega-spiral/chapter-zero/OmegaSpiral.csproj]
     1>/home/adam/Dev/omega-spiral/chapter-zero/Tests/Scene1LoadTests.cs(153,24): error CS0117: 'Assert' does not contain a definition for 'AreEqual' [/home/adam/Dev/omega-spiral/chapter-zero/OmegaSpiral.csproj]
     1>/home/adam/Dev/omega-spiral/chapter-zero/Tests/Scene1LoadTests.cs(170,20): error CS0117: 'Assert' does not contain a definition for 'IsTrue' [/home/adam/Dev/omega-spiral/chapter-zero/OmegaSpiral.csproj]
     1>/home/adam/Dev/omega-spiral/chapter-zero/Source/Scripts/combat/ui/action_menu/UIActionButton.cs(40,38): error CS0019: Operator '<' cannot be applied to operands of type 'method group' and 'string' [/home/adam/Dev/omega-spiral/chapter-zero/OmegaSpiral.csproj]
     1>/home/adam/Dev/omega-spiral/chapter-zero/Source/Scripts/combat/ui/action_menu/UIActionButton.cs(40,86): error CS1061: 'string' does not contain a definition for 'Size' and no accessible extension method 'Size' accepting a first argument of type 'string' could be found (are you missing a using directive or an assembly reference?) [/home/adam/Dev/omega-spiral/chapter-zero/OmegaSpiral.csproj]
     1>/home/adam/Dev/omega-spiral/chapter-zero/Source/Scripts/combat/ui/action_menu/UIActionButton.cs(55,38): error CS0019: Operator '<' cannot be applied to operands of type 'method group' and 'string' [/home/adam/Dev/omega-spiral/chapter-zero/OmegaSpiral.csproj]
     1>/home/adam/Dev/omega-spiral/chapter-zero/Source/Scripts/combat/ui/action_menu/UIActionButton.cs(55,86): error CS1061: 'string' does not contain a definition for 'Size' and no accessible extension method 'Size' accepting a first argument of type 'string' could be found (are you missing a using directive or an assembly reference?) [/home/adam/Dev/omega-spiral/chapter-zero/OmegaSpiral.csproj]
     1>/home/adam/Dev/omega-spiral/chapter-zero/Tests/Scene1LoadTests.cs(193,32): error CS0117: 'Assert' does not contain a definition for 'IsTrue' [/home/adam/Dev/omega-spiral/chapter-zero/OmegaSpiral.csproj]
     1>/home/adam/Dev/omega-spiral/chapter-zero/Tests/Scene1LoadTests.cs(194,32): error CS0117: 'Assert' does not contain a definition for 'AreEqual' [/home/adam/Dev/omega-spiral/chapter-zero/OmegaSpiral.csproj]
     1>/home/adam/Dev/omega-spiral/chapter-zero/Tests/Scene1LoadTests.cs(196,32): error CS0117: 'Assert' does not contain a definition for 'IsTrue' [/home/adam/Dev/omega-spiral/chapter-zero/OmegaSpiral.csproj]
     1>/home/adam/Dev/omega-spiral/chapter-zero/Tests/Scene1LoadTests.cs(197,32): error CS0117: 'Assert' does not contain a definition for 'AreEqual' [/home/adam/Dev/omega-spiral/chapter-zero/OmegaSpiral.csproj]
     1>/home/adam/Dev/omega-spiral/chapter-zero/Tests/Scene1LoadTests.cs(205,20): error CS0117: 'Assert' does not contain a definition for 'IsTrue' [/home/adam/Dev/omega-spiral/chapter-zero/OmegaSpiral.csproj]
     1>/home/adam/Dev/omega-spiral/chapter-zero/Tests/Scene1LoadTests.cs(224,24): error CS0117: 'Assert' does not contain a definition for 'IsTrue' [/home/adam/Dev/omega-spiral/chapter-zero/OmegaSpiral.csproj]
     1>/home/adam/Dev/omega-spiral/chapter-zero/Tests/Scene1LoadTests.cs(227,24): error CS0117: 'Assert' does not contain a definition for 'AreEqual' [/home/adam/Dev/omega-spiral/chapter-zero/OmegaSpiral.csproj]
     1>/home/adam/Dev/omega-spiral/chapter-zero/Tests/Scene1LoadTests.cs(230,24): error CS0117: 'Assert' does not contain a definition for 'IsTrue' [/home/adam/Dev/omega-spiral/chapter-zero/OmegaSpiral.csproj]
     1>/home/adam/Dev/omega-spiral/chapter-zero/Tests/Scene1LoadTests.cs(233,24): error CS0117: 'Assert' does not contain a definition for 'IsTrue' [/home/adam/Dev/omega-spiral/chapter-zero/OmegaSpiral.csproj]
     1>/home/adam/Dev/omega-spiral/chapter-zero/Tests/Scene1LoadTests.cs(237,24): error CS0117: 'Assert' does not contain a definition for 'IsTrue' [/home/adam/Dev/omega-spiral/chapter-zero/OmegaSpiral.csproj]
     1>/home/adam/Dev/omega-spiral/chapter-zero/Tests/Scene1LoadTests.cs(240,24): error CS0117: 'Assert' does not contain a definition for 'IsTrue' [/home/adam/Dev/omega-spiral/chapter-zero/OmegaSpiral.csproj]
     1>/home/adam/Dev/omega-spiral/chapter-zero/Tests/Scene1LoadTests.cs(243,24): error CS0117: 'Assert' does not contain a definition for 'IsTrue' [/home/adam/Dev/omega-spiral/chapter-zero/OmegaSpiral.csproj]
     1>/home/adam/Dev/omega-spiral/chapter-zero/Tests/Scene1LoadTests.cs(246,24): error CS0117: 'Assert' does not contain a definition for 'IsTrue' [/home/adam/Dev/omega-spiral/chapter-zero/OmegaSpiral.csproj]
     1>/home/adam/Dev/omega-spiral/chapter-zero/Source/Scripts/combat/CombatArena.cs(18,24): error CS8618: Non-nullable property 'Music' must contain a non-null value when exiting constructor. Consider adding the 'required' modifier or declaring the property as nullable. [/home/adam/Dev/omega-spiral/chapter-zero/OmegaSpiral.csproj]
     1>/home/adam/Dev/omega-spiral/chapter-zero/Source/Scripts/combat/CombatArena.cs(21,29): error CS8618: Non-nullable field 'turnQueue' must contain a non-null value when exiting constructor. Consider adding the 'required' modifier or declaring the field as nullable. [/home/adam/Dev/omega-spiral/chapter-zero/OmegaSpiral.csproj]
     1>/home/adam/Dev/omega-spiral/chapter-zero/Source/Scripts/combat/CombatArena.cs(24,29): error CS8618: Non-nullable field 'uiAnimation' must contain a non-null value when exiting constructor. Consider adding the 'required' modifier or declaring the field as nullable. [/home/adam/Dev/omega-spiral/chapter-zero/OmegaSpiral.csproj]
     1>/home/adam/Dev/omega-spiral/chapter-zero/Source/Scripts/combat/CombatArena.cs(25,23): error CS8618: Non-nullable field 'uiTurnBar' must contain a non-null value when exiting constructor. Consider adding the 'required' modifier or declaring the field as nullable. [/home/adam/Dev/omega-spiral/chapter-zero/OmegaSpiral.csproj]
     1>/home/adam/Dev/omega-spiral/chapter-zero/Source/Scripts/combat/CombatArena.cs(26,34): error CS8618: Non-nullable field 'uiEffectLabelBuilder' must contain a non-null value when exiting constructor. Consider adding the 'required' modifier or declaring the field as nullable. [/home/adam/Dev/omega-spiral/chapter-zero/OmegaSpiral.csproj]
     1>/home/adam/Dev/omega-spiral/chapter-zero/Source/Scripts/combat/CombatArena.cs(27,27): error CS8618: Non-nullable field 'uiPlayerMenus' must contain a non-null value when exiting constructor. Consider adding the 'required' modifier or declaring the field as nullable. [/home/adam/Dev/omega-spiral/chapter-zero/OmegaSpiral.csproj]
     1>/home/adam/Dev/omega-spiral/chapter-zero/Source/Scripts/combat/ui/battler_entry/UIBattlerEntry.cs(50,45): error CS8625: Cannot convert null literal to non-nullable reference type. [/home/adam/Dev/omega-spiral/chapter-zero/OmegaSpiral.csproj]
     1>/home/adam/Dev/omega-spiral/chapter-zero/Source/Scripts/combat/ui/battler_entry/UIBattlerEntry.cs(58,41): error CS8625: Cannot convert null literal to non-nullable reference type. [/home/adam/Dev/omega-spiral/chapter-zero/OmegaSpiral.csproj]
     1>/home/adam/Dev/omega-spiral/chapter-zero/Source/Scripts/combat/ui/battler_entry/UIBattlerEntry.cs(99,9): error CS0120: An object reference is required for the non-static field, method, or property 'CombatEvents.ActionSelected' [/home/adam/Dev/omega-spiral/chapter-zero/OmegaSpiral.csproj]
     1>/home/adam/Dev/omega-spiral/chapter-zero/Source/Scripts/combat/ui/battler_entry/UIBattlerEntry.cs(85,45): error CS8625: Cannot convert null literal to non-nullable reference type. [/home/adam/Dev/omega-spiral/chapter-zero/OmegaSpiral.csproj]
     1>/home/adam/Dev/omega-spiral/chapter-zero/Source/Scripts/combat/ui/battler_entry/UIBattlerEntry.cs(93,41): error CS8625: Cannot convert null literal to non-nullable reference type. [/home/adam/Dev/omega-spiral/chapter-zero/OmegaSpiral.csproj]
     1>/home/adam/Dev/omega-spiral/chapter-zero/Source/Scripts/combat/ui/battler_entry/UIBattlerEntry.cs(105,45): error CS8604: Possible null reference argument for parameter 'texture' in 'void UIBattlerLifeBar.SetActionIcon(Texture2D texture)'. [/home/adam/Dev/omega-spiral/chapter-zero/OmegaSpiral.csproj]
     1>/home/adam/Dev/omega-spiral/chapter-zero/Source/Scripts/combat/ui/battler_entry/UIBattlerEntry.cs(109,45): error CS8625: Cannot convert null literal to non-nullable reference type. [/home/adam/Dev/omega-spiral/chapter-zero/OmegaSpiral.csproj]
     1>/home/adam/Dev/omega-spiral/chapter-zero/Source/Scripts/combat/ui/action_menu/UIActionMenu.cs(50,17): error CS4008: Cannot await 'void' [/home/adam/Dev/omega-spiral/chapter-zero/OmegaSpiral.csproj]
     1>/home/adam/Dev/omega-spiral/chapter-zero/Source/Scripts/combat/ui/action_menu/UIActionMenu.cs(51,17): error CS0120: An object reference is required for the non-static field, method, or property 'CombatEvents.PlayerBattlerSelected' [/home/adam/Dev/omega-spiral/chapter-zero/OmegaSpiral.csproj]
     1>/home/adam/Dev/omega-spiral/chapter-zero/Source/Scripts/combat/ui/action_menu/UIActionMenu.cs(97,9): error CS4008: Cannot await 'void' [/home/adam/Dev/omega-spiral/chapter-zero/OmegaSpiral.csproj]
     1>/home/adam/Dev/omega-spiral/chapter-zero/Source/Scripts/combat/ui/action_menu/UIActionMenu.cs(98,9): error CS0120: An object reference is required for the non-static field, method, or property 'CombatEvents.PlayerBattlerSelected' [/home/adam/Dev/omega-spiral/chapter-zero/OmegaSpiral.csproj]
     1>/home/adam/Dev/omega-spiral/chapter-zero/Source/Scripts/combat/ui/action_menu/UIActionMenu.cs(120,9): error CS4008: Cannot await 'void' [/home/adam/Dev/omega-spiral/chapter-zero/OmegaSpiral.csproj]
     1>/home/adam/Dev/omega-spiral/chapter-zero/Source/Scripts/combat/ui/action_menu/UIActionMenu.cs(127,9): error CS4008: Cannot await 'void' [/home/adam/Dev/omega-spiral/chapter-zero/OmegaSpiral.csproj]
     1>/home/adam/Dev/omega-spiral/chapter-zero/Source/Scripts/combat/ui/action_menu/UIActionMenu.cs(139,13): error CS8602: Dereference of a possibly null reference. [/home/adam/Dev/omega-spiral/chapter-zero/OmegaSpiral.csproj]
     1>/home/adam/Dev/omega-spiral/chapter-zero/Source/Scripts/combat/ui/action_menu/UIActionDescription.cs(16,19): error CS8618: Non-nullable field 'descriptionLabel' must contain a non-null value when exiting constructor. Consider adding the 'required' modifier or declaring the field as nullable. [/home/adam/Dev/omega-spiral/chapter-zero/OmegaSpiral.csproj]
     1>/home/adam/Dev/omega-spiral/chapter-zero/Source/Scripts/combat/ui/battler_entry/UIPlayerBattlerList.cs(54,28): error CS0103: The name '_CreateEntry' does not exist in the current context [/home/adam/Dev/omega-spiral/chapter-zero/OmegaSpiral.csproj]
     1>/home/adam/Dev/omega-spiral/chapter-zero/Source/Scripts/combat/ui/battler_entry/UIPlayerBattlerList.cs(58,9): error CS0103: The name '_LoopFirstAndLastEntries' does not exist in the current context [/home/adam/Dev/omega-spiral/chapter-zero/OmegaSpiral.csproj]
     1>/home/adam/Dev/omega-spiral/chapter-zero/Source/Scripts/combat/ui/action_menu/UIActionMenu.cs(163,13): error CS0019: Operator '==' cannot be applied to operands of type 'method group' and 'int' [/home/adam/Dev/omega-spiral/chapter-zero/OmegaSpiral.csproj]
     1>/home/adam/Dev/omega-spiral/chapter-zero/Source/Scripts/combat/ui/action_menu/UIActionMenu.cs(159,22): error CS8602: Dereference of a possibly null reference. [/home/adam/Dev/omega-spiral/chapter-zero/OmegaSpiral.csproj]
     1>/home/adam/Dev/omega-spiral/chapter-zero/Source/Scripts/combat/ui/action_menu/UIActionMenu.cs(179,9): error CS4008: Cannot await 'void' [/home/adam/Dev/omega-spiral/chapter-zero/OmegaSpiral.csproj]
     1>/home/adam/Dev/omega-spiral/chapter-zero/Source/Scripts/combat/ui/action_menu/UIActionButton.cs(13,25): error CS8618: Non-nullable field 'icon' must contain a non-null value when exiting constructor. Consider adding the 'required' modifier or declaring the field as nullable. [/home/adam/Dev/omega-spiral/chapter-zero/OmegaSpiral.csproj]
     1>/home/adam/Dev/omega-spiral/chapter-zero/Source/Scripts/combat/ui/action_menu/UIActionButton.cs(14,19): error CS8618: Non-nullable field 'nameLabel' must contain a non-null value when exiting constructor. Consider adding the 'required' modifier or declaring the field as nullable. [/home/adam/Dev/omega-spiral/chapter-zero/OmegaSpiral.csproj]
     1>/home/adam/Dev/omega-spiral/chapter-zero/Source/Scripts/combat/ui/action_menu/UIActionButton.cs(16,27): error CS8618: Non-nullable field 'action' must contain a non-null value when exiting constructor. Consider adding the 'required' modifier or declaring the field as nullable. [/home/adam/Dev/omega-spiral/chapter-zero/OmegaSpiral.csproj]
     1>/home/adam/Dev/omega-spiral/chapter-zero/Source/Scripts/combat/ui/battler_entry/UIPlayerBattlerList.cs(71,9): error CS0120: An object reference is required for the non-static field, method, or property 'CombatEvents.PlayerBattlerSelected' [/home/adam/Dev/omega-spiral/chapter-zero/OmegaSpiral.csproj]
     1>/home/adam/Dev/omega-spiral/chapter-zero/Source/Scripts/combat/Combat.cs(22,25): error CS8618: Non-nullable field 'activeArena' must contain a non-null value when exiting constructor. Consider adding the 'required' modifier or declaring the field as nullable. [/home/adam/Dev/omega-spiral/chapter-zero/OmegaSpiral.csproj]
     1>/home/adam/Dev/omega-spiral/chapter-zero/Source/Scripts/combat/Combat.cs(25,25): error CS8618: Non-nullable field 'previousMusicTrack' must contain a non-null value when exiting constructor. Consider adding the 'required' modifier or declaring the field as nullable. [/home/adam/Dev/omega-spiral/chapter-zero/OmegaSpiral.csproj]
     1>/home/adam/Dev/omega-spiral/chapter-zero/Source/Scripts/combat/Combat.cs(27,29): error CS8618: Non-nullable field 'combatContainer' must contain a non-null value when exiting constructor. Consider adding the 'required' modifier or declaring the field as nullable. [/home/adam/Dev/omega-spiral/chapter-zero/OmegaSpiral.csproj]
     1>/home/adam/Dev/omega-spiral/chapter-zero/Source/Scripts/combat/Combat.cs(28,25): error CS8618: Non-nullable field 'transitionDelayTimer' must contain a non-null value when exiting constructor. Consider adding the 'required' modifier or declaring the field as nullable. [/home/adam/Dev/omega-spiral/chapter-zero/OmegaSpiral.csproj]
     1>/home/adam/Dev/omega-spiral/chapter-zero/Tests/NarrativeTerminalSchemaTests.cs(29,20): error CS0117: 'Assert' does not contain a definition for 'IsNotNull' [/home/adam/Dev/omega-spiral/chapter-zero/OmegaSpiral.csproj]
     1>/home/adam/Dev/omega-spiral/chapter-zero/Tests/NarrativeTerminalSchemaTests.cs(69,20): error CS0117: 'Assert' does not contain a definition for 'IsTrue' [/home/adam/Dev/omega-spiral/chapter-zero/OmegaSpiral.csproj]
     1>/home/adam/Dev/omega-spiral/chapter-zero/Source/Scripts/combat/ui/cursors/UIMenuCursor.cs(63,16): error CS0266: Cannot implicitly convert type 'double' to 'float'. An explicit conversion exists (are you missing a cast?) [/home/adam/Dev/omega-spiral/chapter-zero/OmegaSpiral.csproj]
     1>/home/adam/Dev/omega-spiral/chapter-zero/Source/Scripts/combat/ui/battler_entry/UIBattlerEntry.cs(14,32): error CS8618: Non-nullable field 'energy' must contain a non-null value when exiting constructor. Consider adding the 'required' modifier or declaring the field as nullable. [/home/adam/Dev/omega-spiral/chapter-zero/OmegaSpiral.csproj]
     1>/home/adam/Dev/omega-spiral/chapter-zero/Source/Scripts/combat/ui/battler_entry/UIBattlerEntry.cs(15,30): error CS8618: Non-nullable field 'life' must contain a non-null value when exiting constructor. Consider adding the 'required' modifier or declaring the field as nullable. [/home/adam/Dev/omega-spiral/chapter-zero/OmegaSpiral.csproj]
     1>/home/adam/Dev/omega-spiral/chapter-zero/Source/Scripts/combat/ui/battler_entry/UIBattlerEntry.cs(17,21): error CS8618: Non-nullable field 'battler' must contain a non-null value when exiting constructor. Consider adding the 'required' modifier or declaring the field as nullable. [/home/adam/Dev/omega-spiral/chapter-zero/OmegaSpiral.csproj]
     1>/home/adam/Dev/omega-spiral/chapter-zero/Source/Scripts/combat/ui/battler_entry/UIPlayerBattlerList.cs(108,17): error CS0120: An object reference is required for the non-static field, method, or property 'CombatEvents.PlayerBattlerSelected' [/home/adam/Dev/omega-spiral/chapter-zero/OmegaSpiral.csproj]
     1>/home/adam/Dev/omega-spiral/chapter-zero/Source/Scripts/combat/ui/battler_entry/UIPlayerBattlerList.cs(106,17): error CS8602: Dereference of a possibly null reference. [/home/adam/Dev/omega-spiral/chapter-zero/OmegaSpiral.csproj]
     1>/home/adam/Dev/omega-spiral/chapter-zero/Tests/NarrativeTerminalSchemaTests.cs(75,20): error CS0117: 'Assert' does not contain a definition for 'IsNotNull' [/home/adam/Dev/omega-spiral/chapter-zero/OmegaSpiral.csproj]
     1>/home/adam/Dev/omega-spiral/chapter-zero/Tests/NarrativeTerminalSchemaTests.cs(89,20): error CS0117: 'Assert' does not contain a definition for 'IsFalse' [/home/adam/Dev/omega-spiral/chapter-zero/OmegaSpiral.csproj]
     1>/home/adam/Dev/omega-spiral/chapter-zero/Source/Scripts/combat/ui/battler_entry/UIBattlerLifeBar.cs(62,19): error CS8618: Non-nullable field 'tween' must contain a non-null value when exiting constructor. Consider adding the 'required' modifier or declaring the field as nullable. [/home/adam/Dev/omega-spiral/chapter-zero/OmegaSpiral.csproj]
     1>/home/adam/Dev/omega-spiral/chapter-zero/Source/Scripts/combat/ui/battler_entry/UIBattlerLifeBar.cs(63,29): error CS8618: Non-nullable field 'anim' must contain a non-null value when exiting constructor. Consider adding the 'required' modifier or declaring the field as nullable. [/home/adam/Dev/omega-spiral/chapter-zero/OmegaSpiral.csproj]
     1>/home/adam/Dev/omega-spiral/chapter-zero/Source/Scripts/combat/ui/battler_entry/UIBattlerLifeBar.cs(64,19): error CS8618: Non-nullable field 'nameLabel' must contain a non-null value when exiting constructor. Consider adding the 'required' modifier or declaring the field as nullable. [/home/adam/Dev/omega-spiral/chapter-zero/OmegaSpiral.csproj]
     1>/home/adam/Dev/omega-spiral/chapter-zero/Source/Scripts/combat/ui/battler_entry/UIBattlerLifeBar.cs(65,25): error CS8618: Non-nullable field 'queuedActionIcon' must contain a non-null value when exiting constructor. Consider adding the 'required' modifier or declaring the field as nullable. [/home/adam/Dev/omega-spiral/chapter-zero/OmegaSpiral.csproj]
     1>/home/adam/Dev/omega-spiral/chapter-zero/Source/Scripts/combat/ui/battler_entry/UIBattlerLifeBar.cs(66,19): error CS8618: Non-nullable field 'valueLabel' must contain a non-null value when exiting constructor. Consider adding the 'required' modifier or declaring the field as nullable. [/home/adam/Dev/omega-spiral/chapter-zero/OmegaSpiral.csproj]
     1>/home/adam/Dev/omega-spiral/chapter-zero/Tests/NarrativeTerminalSchemaTests.cs(95,20): error CS0117: 'Assert' does not contain a definition for 'IsNotNull' [/home/adam/Dev/omega-spiral/chapter-zero/OmegaSpiral.csproj]
     1>/home/adam/Dev/omega-spiral/chapter-zero/Tests/NarrativeTerminalSchemaTests.cs(113,20): error CS0117: 'Assert' does not contain a definition for 'IsFalse' [/home/adam/Dev/omega-spiral/chapter-zero/OmegaSpiral.csproj]
     1>/home/adam/Dev/omega-spiral/chapter-zero/Tests/NarrativeTerminalSchemaTests.cs(119,20): error CS0117: 'Assert' does not contain a definition for 'IsNotNull' [/home/adam/Dev/omega-spiral/chapter-zero/OmegaSpiral.csproj]
     1>/home/adam/Dev/omega-spiral/chapter-zero/Tests/NarrativeTerminalSchemaTests.cs(128,20): error CS0117: 'Assert' does not contain a definition for 'IsFalse' [/home/adam/Dev/omega-spiral/chapter-zero/OmegaSpiral.csproj]
     1>/home/adam/Dev/omega-spiral/chapter-zero/Source/Scripts/combat/ui/effect_labels/UIEffectLabelBuilder.cs(34,23): error CS1061: 'Node' does not contain a definition for 'GlobalPosition' and no accessible extension method 'GlobalPosition' accepting a first argument of type 'Node' could be found (are you missing a using directive or an assembly reference?) [/home/adam/Dev/omega-spiral/chapter-zero/OmegaSpiral.csproj]
     1>/home/adam/Dev/omega-spiral/chapter-zero/Source/Scripts/combat/ui/effect_labels/UIEffectLabelBuilder.cs(34,53): error CS1061: 'BattlerAnim' does not contain a definition for 'Top' and no accessible extension method 'Top' accepting a first argument of type 'BattlerAnim' could be found (are you missing a using directive or an assembly reference?) [/home/adam/Dev/omega-spiral/chapter-zero/OmegaSpiral.csproj]
     1>/home/adam/Dev/omega-spiral/chapter-zero/Source/Scripts/combat/ui/effect_labels/UIEffectLabelBuilder.cs(43,46): error CS1061: 'BattlerAnim' does not contain a definition for 'Top' and no accessible extension method 'Top' accepting a first argument of type 'BattlerAnim' could be found (are you missing a using directive or an assembly reference?) [/home/adam/Dev/omega-spiral/chapter-zero/OmegaSpiral.csproj]
     1>/home/adam/Dev/omega-spiral/chapter-zero/Source/Scripts/combat/ui/battler_entry/UIEnergyPoint.cs(28,19): error CS8618: Non-nullable field 'colorTween' must contain a non-null value when exiting constructor. Consider adding the 'required' modifier or declaring the field as nullable. [/home/adam/Dev/omega-spiral/chapter-zero/OmegaSpiral.csproj]
     1>/home/adam/Dev/omega-spiral/chapter-zero/Source/Scripts/combat/ui/battler_entry/UIEnergyPoint.cs(29,19): error CS8618: Non-nullable field 'offsetTween' must contain a non-null value when exiting constructor. Consider adding the 'required' modifier or declaring the field as nullable. [/home/adam/Dev/omega-spiral/chapter-zero/OmegaSpiral.csproj]
     1>/home/adam/Dev/omega-spiral/chapter-zero/Source/Scripts/combat/ui/battler_entry/UIEnergyPoint.cs(31,25): error CS8618: Non-nullable field 'fill' must contain a non-null value when exiting constructor. Consider adding the 'required' modifier or declaring the field as nullable. [/home/adam/Dev/omega-spiral/chapter-zero/OmegaSpiral.csproj]
     1>/home/adam/Dev/omega-spiral/chapter-zero/Tests/NarrativeTerminalIntegrationTests.cs(36,26): error CS0103: The name 'DreamweaverThread' does not exist in the current context [/home/adam/Dev/omega-spiral/chapter-zero/OmegaSpiral.csproj]
     1>/home/adam/Dev/omega-spiral/chapter-zero/Tests/NarrativeTerminalIntegrationTests.cs(37,49): error CS0246: The type or namespace name 'DreamweaverType' could not be found (are you missing a using directive or an assembly reference?) [/home/adam/Dev/omega-spiral/chapter-zero/OmegaSpiral.csproj]
     1>/home/adam/Dev/omega-spiral/chapter-zero/Tests/NarrativeTerminalIntegrationTests.cs(39,22): error CS0103: The name 'DreamweaverType' does not exist in the current context [/home/adam/Dev/omega-spiral/chapter-zero/OmegaSpiral.csproj]
     1>/home/adam/Dev/omega-spiral/chapter-zero/Tests/NarrativeTerminalIntegrationTests.cs(40,22): error CS0103: The name 'DreamweaverType' does not exist in the current context [/home/adam/Dev/omega-spiral/chapter-zero/OmegaSpiral.csproj]
     1>/home/adam/Dev/omega-spiral/chapter-zero/Tests/NarrativeTerminalIntegrationTests.cs(41,22): error CS0103: The name 'DreamweaverType' does not exist in the current context [/home/adam/Dev/omega-spiral/chapter-zero/OmegaSpiral.csproj]
     1>/home/adam/Dev/omega-spiral/chapter-zero/Tests/NarrativeTerminalIntegrationTests.cs(53,29): error CS0103: The name 'DreamweaverThread' does not exist in the current context [/home/adam/Dev/omega-spiral/chapter-zero/OmegaSpiral.csproj]
     1>/home/adam/Dev/omega-spiral/chapter-zero/Tests/NarrativeTerminalIntegrationTests.cs(53,20): error CS0117: 'Assert' does not contain a definition for 'AreEqual' [/home/adam/Dev/omega-spiral/chapter-zero/OmegaSpiral.csproj]
     1>/home/adam/Dev/omega-spiral/chapter-zero/Tests/NarrativeTerminalIntegrationTests.cs(54,65): error CS0103: The name 'DreamweaverType' does not exist in the current context [/home/adam/Dev/omega-spiral/chapter-zero/OmegaSpiral.csproj]
     1>/home/adam/Dev/omega-spiral/chapter-zero/Tests/NarrativeTerminalIntegrationTests.cs(54,20): error CS0117: 'Assert' does not contain a definition for 'AreEqual' [/home/adam/Dev/omega-spiral/chapter-zero/OmegaSpiral.csproj]
     1>/home/adam/Dev/omega-spiral/chapter-zero/Tests/NarrativeTerminalIntegrationTests.cs(55,65): error CS0103: The name 'DreamweaverType' does not exist in the current context [/home/adam/Dev/omega-spiral/chapter-zero/OmegaSpiral.csproj]
     1>/home/adam/Dev/omega-spiral/chapter-zero/Tests/NarrativeTerminalIntegrationTests.cs(55,20): error CS0117: 'Assert' does not contain a definition for 'AreEqual' [/home/adam/Dev/omega-spiral/chapter-zero/OmegaSpiral.csproj]
     1>/home/adam/Dev/omega-spiral/chapter-zero/Tests/NarrativeTerminalIntegrationTests.cs(56,65): error CS0103: The name 'DreamweaverType' does not exist in the current context [/home/adam/Dev/omega-spiral/chapter-zero/OmegaSpiral.csproj]
     1>/home/adam/Dev/omega-spiral/chapter-zero/Tests/NarrativeTerminalIntegrationTests.cs(56,20): error CS0117: 'Assert' does not contain a definition for 'AreEqual' [/home/adam/Dev/omega-spiral/chapter-zero/OmegaSpiral.csproj]
     1>/home/adam/Dev/omega-spiral/chapter-zero/Source/Scripts/combat/ui/cursors/UIBattlerTargetCursor.cs(106,38): error CS8625: Cannot convert null literal to non-nullable reference type. [/home/adam/Dev/omega-spiral/chapter-zero/OmegaSpiral.csproj]
     1>/home/adam/Dev/omega-spiral/chapter-zero/Source/Scripts/combat/ui/cursors/UIBattlerTargetCursor.cs(127,60): error CS1061: 'BattlerAnim' does not contain a definition for 'Top' and no accessible extension method 'Top' accepting a first argument of type 'BattlerAnim' could be found (are you missing a using directive or an assembly reference?) [/home/adam/Dev/omega-spiral/chapter-zero/OmegaSpiral.csproj]
     1>/home/adam/Dev/omega-spiral/chapter-zero/Source/Scripts/combat/ui/effect_labels/UIDamageLabel.cs(133,24): error CS0117: 'GD' does not contain a definition for 'RandfRange' [/home/adam/Dev/omega-spiral/chapter-zero/OmegaSpiral.csproj]
     1>/home/adam/Dev/omega-spiral/chapter-zero/Source/Scripts/combat/ui/effect_labels/UIDamageLabel.cs(151,34): error CS1503: Argument 1: cannot convert from 'method group' to 'Godot.Callable' [/home/adam/Dev/omega-spiral/chapter-zero/OmegaSpiral.csproj]
     1>/home/adam/Dev/omega-spiral/chapter-zero/Source/Scripts/combat/ui/cursors/UIBattlerTargetCursor.cs(156,9): error CS0120: An object reference is required for the non-static field, method, or property 'CombatEvents.PlayerBattlerSelected' [/home/adam/Dev/omega-spiral/chapter-zero/OmegaSpiral.csproj]
     1>/home/adam/Dev/omega-spiral/chapter-zero/Tests/NarrativeTerminalIntegrationTests.cs(67,26): error CS0103: The name 'DreamweaverThread' does not exist in the current context [/home/adam/Dev/omega-spiral/chapter-zero/OmegaSpiral.csproj]
     1>/home/adam/Dev/omega-spiral/chapter-zero/Tests/NarrativeTerminalIntegrationTests.cs(68,49): error CS0246: The type or namespace name 'DreamweaverType' could not be found (are you missing a using directive or an assembly reference?) [/home/adam/Dev/omega-spiral/chapter-zero/OmegaSpiral.csproj]
     1>/home/adam/Dev/omega-spiral/chapter-zero/Tests/NarrativeTerminalIntegrationTests.cs(70,22): error CS0103: The name 'DreamweaverType' does not exist in the current context [/home/adam/Dev/omega-spiral/chapter-zero/OmegaSpiral.csproj]
     1>/home/adam/Dev/omega-spiral/chapter-zero/Tests/NarrativeTerminalIntegrationTests.cs(71,22): error CS0103: The name 'DreamweaverType' does not exist in the current context [/home/adam/Dev/omega-spiral/chapter-zero/OmegaSpiral.csproj]
     1>/home/adam/Dev/omega-spiral/chapter-zero/Tests/NarrativeTerminalIntegrationTests.cs(72,22): error CS0103: The name 'DreamweaverType' does not exist in the current context [/home/adam/Dev/omega-spiral/chapter-zero/OmegaSpiral.csproj]
     1>/home/adam/Dev/omega-spiral/chapter-zero/Tests/NarrativeTerminalIntegrationTests.cs(84,29): error CS0103: The name 'DreamweaverThread' does not exist in the current context [/home/adam/Dev/omega-spiral/chapter-zero/OmegaSpiral.csproj]
     1>/home/adam/Dev/omega-spiral/chapter-zero/Tests/NarrativeTerminalIntegrationTests.cs(84,20): error CS0117: 'Assert' does not contain a definition for 'AreEqual' [/home/adam/Dev/omega-spiral/chapter-zero/OmegaSpiral.csproj]
     1>/home/adam/Dev/omega-spiral/chapter-zero/Tests/NarrativeTerminalIntegrationTests.cs(85,65): error CS0103: The name 'DreamweaverType' does not exist in the current context [/home/adam/Dev/omega-spiral/chapter-zero/OmegaSpiral.csproj]
     1>/home/adam/Dev/omega-spiral/chapter-zero/Tests/NarrativeTerminalIntegrationTests.cs(85,20): error CS0117: 'Assert' does not contain a definition for 'AreEqual' [/home/adam/Dev/omega-spiral/chapter-zero/OmegaSpiral.csproj]
     1>/home/adam/Dev/omega-spiral/chapter-zero/Tests/NarrativeTerminalIntegrationTests.cs(86,65): error CS0103: The name 'DreamweaverType' does not exist in the current context [/home/adam/Dev/omega-spiral/chapter-zero/OmegaSpiral.csproj]
     1>/home/adam/Dev/omega-spiral/chapter-zero/Tests/NarrativeTerminalIntegrationTests.cs(86,20): error CS0117: 'Assert' does not contain a definition for 'AreEqual' [/home/adam/Dev/omega-spiral/chapter-zero/OmegaSpiral.csproj]
     1>/home/adam/Dev/omega-spiral/chapter-zero/Tests/NarrativeTerminalIntegrationTests.cs(87,65): error CS0103: The name 'DreamweaverType' does not exist in the current context [/home/adam/Dev/omega-spiral/chapter-zero/OmegaSpiral.csproj]
     1>/home/adam/Dev/omega-spiral/chapter-zero/Tests/NarrativeTerminalIntegrationTests.cs(87,20): error CS0117: 'Assert' does not contain a definition for 'AreEqual' [/home/adam/Dev/omega-spiral/chapter-zero/OmegaSpiral.csproj]
     1>/home/adam/Dev/omega-spiral/chapter-zero/Source/Scripts/combat/ui/list_menu/UIListMenu.cs(115,9): error CS8602: Dereference of a possibly null reference. [/home/adam/Dev/omega-spiral/chapter-zero/OmegaSpiral.csproj]
     1>/home/adam/Dev/omega-spiral/chapter-zero/Tests/NarrativeTerminalIntegrationTests.cs(98,26): error CS0103: The name 'DreamweaverThread' does not exist in the current context [/home/adam/Dev/omega-spiral/chapter-zero/OmegaSpiral.csproj]
     1>/home/adam/Dev/omega-spiral/chapter-zero/Tests/NarrativeTerminalIntegrationTests.cs(99,49): error CS0246: The type or namespace name 'DreamweaverType' could not be found (are you missing a using directive or an assembly reference?) [/home/adam/Dev/omega-spiral/chapter-zero/OmegaSpiral.csproj]
     1>/home/adam/Dev/omega-spiral/chapter-zero/Tests/NarrativeTerminalIntegrationTests.cs(101,22): error CS0103: The name 'DreamweaverType' does not exist in the current context [/home/adam/Dev/omega-spiral/chapter-zero/OmegaSpiral.csproj]
     1>/home/adam/Dev/omega-spiral/chapter-zero/Tests/NarrativeTerminalIntegrationTests.cs(102,22): error CS0103: The name 'DreamweaverType' does not exist in the current context [/home/adam/Dev/omega-spiral/chapter-zero/OmegaSpiral.csproj]
     1>/home/adam/Dev/omega-spiral/chapter-zero/Tests/NarrativeTerminalIntegrationTests.cs(103,22): error CS0103: The name 'DreamweaverType' does not exist in the current context [/home/adam/Dev/omega-spiral/chapter-zero/OmegaSpiral.csproj]
     1>/home/adam/Dev/omega-spiral/chapter-zero/Tests/NarrativeTerminalIntegrationTests.cs(115,29): error CS0103: The name 'DreamweaverThread' does not exist in the current context [/home/adam/Dev/omega-spiral/chapter-zero/OmegaSpiral.csproj]
     1>/home/adam/Dev/omega-spiral/chapter-zero/Tests/NarrativeTerminalIntegrationTests.cs(115,20): error CS0117: 'Assert' does not contain a definition for 'AreEqual' [/home/adam/Dev/omega-spiral/chapter-zero/OmegaSpiral.csproj]
     1>/home/adam/Dev/omega-spiral/chapter-zero/Tests/NarrativeTerminalIntegrationTests.cs(116,65): error CS0103: The name 'DreamweaverType' does not exist in the current context [/home/adam/Dev/omega-spiral/chapter-zero/OmegaSpiral.csproj]
     1>/home/adam/Dev/omega-spiral/chapter-zero/Tests/NarrativeTerminalIntegrationTests.cs(116,20): error CS0117: 'Assert' does not contain a definition for 'AreEqual' [/home/adam/Dev/omega-spiral/chapter-zero/OmegaSpiral.csproj]
     1>/home/adam/Dev/omega-spiral/chapter-zero/Tests/NarrativeTerminalIntegrationTests.cs(117,65): error CS0103: The name 'DreamweaverType' does not exist in the current context [/home/adam/Dev/omega-spiral/chapter-zero/OmegaSpiral.csproj]
     1>/home/adam/Dev/omega-spiral/chapter-zero/Tests/NarrativeTerminalIntegrationTests.cs(117,20): error CS0117: 'Assert' does not contain a definition for 'AreEqual' [/home/adam/Dev/omega-spiral/chapter-zero/OmegaSpiral.csproj]
     1>/home/adam/Dev/omega-spiral/chapter-zero/Tests/NarrativeTerminalIntegrationTests.cs(118,65): error CS0103: The name 'DreamweaverType' does not exist in the current context [/home/adam/Dev/omega-spiral/chapter-zero/OmegaSpiral.csproj]
     1>/home/adam/Dev/omega-spiral/chapter-zero/Tests/NarrativeTerminalIntegrationTests.cs(118,20): error CS0117: 'Assert' does not contain a definition for 'AreEqual' [/home/adam/Dev/omega-spiral/chapter-zero/OmegaSpiral.csproj]
     1>/home/adam/Dev/omega-spiral/chapter-zero/Source/Scripts/combat/ui/cursors/UIMenuCursor.cs(19,19): error CS8618: Non-nullable field 'slideTween' must contain a non-null value when exiting constructor. Consider adding the 'required' modifier or declaring the field as nullable. [/home/adam/Dev/omega-spiral/chapter-zero/OmegaSpiral.csproj]
     1>/home/adam/Dev/omega-spiral/chapter-zero/Source/Scripts/combat/ui/cursors/UIMenuCursor.cs(21,29): error CS8618: Non-nullable field 'anim' must contain a non-null value when exiting constructor. Consider adding the 'required' modifier or declaring the field as nullable. [/home/adam/Dev/omega-spiral/chapter-zero/OmegaSpiral.csproj]
     1>/home/adam/Dev/omega-spiral/chapter-zero/Source/Scripts/combat/ui/UICombatMenus.cs(58,39): error CS8625: Cannot convert null literal to non-nullable reference type. [/home/adam/Dev/omega-spiral/chapter-zero/OmegaSpiral.csproj]
     1>/home/adam/Dev/omega-spiral/chapter-zero/Source/Scripts/combat/ui/turn_bar/UITurnBar.cs(55,13): error CS8602: Dereference of a possibly null reference. [/home/adam/Dev/omega-spiral/chapter-zero/OmegaSpiral.csproj]
     1>/home/adam/Dev/omega-spiral/chapter-zero/Source/Scripts/combat/ui/turn_bar/UITurnBar.cs(55,32): error CS8602: Dereference of a possibly null reference. [/home/adam/Dev/omega-spiral/chapter-zero/OmegaSpiral.csproj]
     1>/home/adam/Dev/omega-spiral/chapter-zero/Source/Scripts/combat/ui/cursors/UIBattlerTargetCursor.cs(240,48): error CS1061: 'BattlerAnim' does not contain a definition for 'Top' and no accessible extension method 'Top' accepting a first argument of type 'BattlerAnim' could be found (are you missing a using directive or an assembly reference?) [/home/adam/Dev/omega-spiral/chapter-zero/OmegaSpiral.csproj]
     1>/home/adam/Dev/omega-spiral/chapter-zero/Source/Scripts/combat/ui/cursors/UIBattlerTargetCursor.cs(239,9): error CS8602: Dereference of a possibly null reference. [/home/adam/Dev/omega-spiral/chapter-zero/OmegaSpiral.csproj]
     1>/home/adam/Dev/omega-spiral/chapter-zero/Tests/NarrativeTerminalIntegrationTests.cs(131,20): error CS0117: 'Assert' does not contain a definition for 'AreEqual' [/home/adam/Dev/omega-spiral/chapter-zero/OmegaSpiral.csproj]
     1>/home/adam/Dev/omega-spiral/chapter-zero/Tests/NarrativeTerminalIntegrationTests.cs(144,20): error CS0117: 'Assert' does not contain a definition for 'AreEqual' [/home/adam/Dev/omega-spiral/chapter-zero/OmegaSpiral.csproj]
     1>/home/adam/Dev/omega-spiral/chapter-zero/Source/Scripts/combat/ui/cursors/UIBattlerTargetCursor.cs(256,20): error CS8603: Possible null reference return. [/home/adam/Dev/omega-spiral/chapter-zero/OmegaSpiral.csproj]
     1>/home/adam/Dev/omega-spiral/chapter-zero/Source/Scripts/combat/ui/cursors/UIBattlerTargetCursor.cs(259,29): error CS8600: Converting null literal or possible null value to non-nullable type. [/home/adam/Dev/omega-spiral/chapter-zero/OmegaSpiral.csproj]
     1>/home/adam/Dev/omega-spiral/chapter-zero/Source/Scripts/combat/ui/cursors/UIBattlerTargetCursor.cs(294,16): error CS8603: Possible null reference return. [/home/adam/Dev/omega-spiral/chapter-zero/OmegaSpiral.csproj]
     1>/home/adam/Dev/omega-spiral/chapter-zero/Source/Scripts/common/CollisionFinder.cs(40,46): error CS0266: Cannot implicitly convert type 'int' to 'uint'. An explicit conversion exists (are you missing a cast?) [/home/adam/Dev/omega-spiral/chapter-zero/OmegaSpiral.csproj]
     1>/home/adam/Dev/omega-spiral/chapter-zero/Source/Scripts/common/CollisionFinder.cs(58,61): error CS1503: Argument 2: cannot convert from 'int' to 'Godot.Vector2' [/home/adam/Dev/omega-spiral/chapter-zero/OmegaSpiral.csproj]
     1>/home/adam/Dev/omega-spiral/chapter-zero/Source/Scripts/common/CollisionFinder.cs(58,76): error CS1503: Argument 4: cannot convert from 'float' to 'Godot.Vector2' [/home/adam/Dev/omega-spiral/chapter-zero/OmegaSpiral.csproj]
     1>/home/adam/Dev/omega-spiral/chapter-zero/Source/Scripts/combat/battlers/BattlerAnim.cs(51,22): error CS8618: Non-nullable property 'BattlerIcon' must contain a non-null value when exiting constructor. Consider adding the 'required' modifier or declaring the property as nullable. [/home/adam/Dev/omega-spiral/chapter-zero/OmegaSpiral.csproj]
     1>/home/adam/Dev/omega-spiral/chapter-zero/Tests/NarrativeTerminalIntegrationTests.cs(153,49): error CS0246: The type or namespace name 'DreamweaverType' could not be found (are you missing a using directive or an assembly reference?) [/home/adam/Dev/omega-spiral/chapter-zero/OmegaSpiral.csproj]
     1>/home/adam/Dev/omega-spiral/chapter-zero/Tests/NarrativeTerminalIntegrationTests.cs(155,22): error CS0103: The name 'DreamweaverType' does not exist in the current context [/home/adam/Dev/omega-spiral/chapter-zero/OmegaSpiral.csproj]
     1>/home/adam/Dev/omega-spiral/chapter-zero/Tests/NarrativeTerminalIntegrationTests.cs(156,22): error CS0103: The name 'DreamweaverType' does not exist in the current context [/home/adam/Dev/omega-spiral/chapter-zero/OmegaSpiral.csproj]
     1>/home/adam/Dev/omega-spiral/chapter-zero/Tests/NarrativeTerminalIntegrationTests.cs(157,22): error CS0103: The name 'DreamweaverType' does not exist in the current context [/home/adam/Dev/omega-spiral/chapter-zero/OmegaSpiral.csproj]
     1>/home/adam/Dev/omega-spiral/chapter-zero/Tests/NarrativeTerminalIntegrationTests.cs(163,49): error CS0246: The type or namespace name 'DreamweaverType' could not be found (are you missing a using directive or an assembly reference?) [/home/adam/Dev/omega-spiral/chapter-zero/OmegaSpiral.csproj]
     1>/home/adam/Dev/omega-spiral/chapter-zero/Tests/NarrativeTerminalIntegrationTests.cs(165,22): error CS0103: The name 'DreamweaverType' does not exist in the current context [/home/adam/Dev/omega-spiral/chapter-zero/OmegaSpiral.csproj]
     1>/home/adam/Dev/omega-spiral/chapter-zero/Tests/NarrativeTerminalIntegrationTests.cs(166,22): error CS0103: The name 'DreamweaverType' does not exist in the current context [/home/adam/Dev/omega-spiral/chapter-zero/OmegaSpiral.csproj]
     1>/home/adam/Dev/omega-spiral/chapter-zero/Tests/NarrativeTerminalIntegrationTests.cs(167,22): error CS0103: The name 'DreamweaverType' does not exist in the current context [/home/adam/Dev/omega-spiral/chapter-zero/OmegaSpiral.csproj]
     1>/home/adam/Dev/omega-spiral/chapter-zero/Tests/NarrativeTerminalIntegrationTests.cs(183,65): error CS0103: The name 'DreamweaverType' does not exist in the current context [/home/adam/Dev/omega-spiral/chapter-zero/OmegaSpiral.csproj]
     1>/home/adam/Dev/omega-spiral/chapter-zero/Tests/NarrativeTerminalIntegrationTests.cs(183,20): error CS0117: 'Assert' does not contain a definition for 'AreEqual' [/home/adam/Dev/omega-spiral/chapter-zero/OmegaSpiral.csproj]
     1>/home/adam/Dev/omega-spiral/chapter-zero/Tests/NarrativeTerminalIntegrationTests.cs(184,65): error CS0103: The name 'DreamweaverType' does not exist in the current context [/home/adam/Dev/omega-spiral/chapter-zero/OmegaSpiral.csproj]
     1>/home/adam/Dev/omega-spiral/chapter-zero/Tests/NarrativeTerminalIntegrationTests.cs(184,20): error CS0117: 'Assert' does not contain a definition for 'AreEqual' [/home/adam/Dev/omega-spiral/chapter-zero/OmegaSpiral.csproj]
     1>/home/adam/Dev/omega-spiral/chapter-zero/Tests/NarrativeTerminalIntegrationTests.cs(185,65): error CS0103: The name 'DreamweaverType' does not exist in the current context [/home/adam/Dev/omega-spiral/chapter-zero/OmegaSpiral.csproj]
     1>/home/adam/Dev/omega-spiral/chapter-zero/Tests/NarrativeTerminalIntegrationTests.cs(185,20): error CS0117: 'Assert' does not contain a definition for 'AreEqual' [/home/adam/Dev/omega-spiral/chapter-zero/OmegaSpiral.csproj]
     1>/home/adam/Dev/omega-spiral/chapter-zero/Source/Scripts/combat/ui/UICombatHud.cs(389,20): error CS8603: Possible null reference return. [/home/adam/Dev/omega-spiral/chapter-zero/OmegaSpiral.csproj]
     1>/home/adam/Dev/omega-spiral/chapter-zero/Source/Scripts/combat/ui/UICombatHud.cs(392,16): error CS8620: Argument of type 'Dictionary<Battler, Control>' cannot be used for parameter 'dictionary' of type 'IReadOnlyDictionary<Battler, Control?>' in 'Control? CollectionExtensions.GetValueOrDefault<Battler, Control?>(IReadOnlyDictionary<Battler, Control?> dictionary, Battler key, Control? defaultValue)' due to differences in the nullability of reference types. [/home/adam/Dev/omega-spiral/chapter-zero/OmegaSpiral.csproj]
     1>/home/adam/Dev/omega-spiral/chapter-zero/Source/Scripts/combat/ui/UICombatHud.cs(392,16): error CS8603: Possible null reference return. [/home/adam/Dev/omega-spiral/chapter-zero/OmegaSpiral.csproj]
     1>/home/adam/Dev/omega-spiral/chapter-zero/Source/Scripts/combat/ui/UICombatHud.cs(442,62): error CS0104: 'Timer' is an ambiguous reference between 'Godot.Timer' and 'System.Threading.Timer' [/home/adam/Dev/omega-spiral/chapter-zero/OmegaSpiral.csproj]
     1>/home/adam/Dev/omega-spiral/chapter-zero/Source/Scripts/combat/ui/UICombatMenus.cs(98,9): error CS0120: An object reference is required for the non-static field, method, or property 'CombatEvents.PlayerBattlerSelected' [/home/adam/Dev/omega-spiral/chapter-zero/OmegaSpiral.csproj]
     1>/home/adam/Dev/omega-spiral/chapter-zero/Source/Scripts/combat/ui/UICombatMenus.cs(113,17): error CS0120: An object reference is required for the non-static field, method, or property 'CombatEvents.ActionSelected' [/home/adam/Dev/omega-spiral/chapter-zero/OmegaSpiral.csproj]
     1>/home/adam/Dev/omega-spiral/chapter-zero/Source/Scripts/combat/ui/UICombatMenus.cs(113,81): error CS1503: Argument 3: cannot convert from 'System.Collections.Generic.List<Battler>' to 'Battler[]' [/home/adam/Dev/omega-spiral/chapter-zero/OmegaSpiral.csproj]
     1>/home/adam/Dev/omega-spiral/chapter-zero/Source/Scripts/combat/ui/UICombatMenus.cs(128,13): error CS1593: Delegate 'Battler.HealthDepletedEventHandler' does not take 1 arguments [/home/adam/Dev/omega-spiral/chapter-zero/OmegaSpiral.csproj]
     1>/home/adam/Dev/omega-spiral/chapter-zero/Source/Scripts/combat/ui/UICombatMenus.cs(148,9): error CS8602: Dereference of a possibly null reference. [/home/adam/Dev/omega-spiral/chapter-zero/OmegaSpiral.csproj]
     1>/home/adam/Dev/omega-spiral/chapter-zero/Source/Scripts/combat/ui/turn_bar/UIBattlerIcon.cs(51,23): error CS8618: Non-nullable field 'iconTexture' must contain a non-null value when exiting constructor. Consider adding the 'required' modifier or declaring the field as nullable. [/home/adam/Dev/omega-spiral/chapter-zero/OmegaSpiral.csproj]
     1>/home/adam/Dev/omega-spiral/chapter-zero/Source/Scripts/combat/ui/turn_bar/UIBattlerIcon.cs(100,29): error CS8618: Non-nullable field 'anim' must contain a non-null value when exiting constructor. Consider adding the 'required' modifier or declaring the field as nullable. [/home/adam/Dev/omega-spiral/chapter-zero/OmegaSpiral.csproj]
     1>/home/adam/Dev/omega-spiral/chapter-zero/Source/Scripts/combat/ui/turn_bar/UIBattlerIcon.cs(101,25): error CS8618: Non-nullable field 'icon' must contain a non-null value when exiting constructor. Consider adding the 'required' modifier or declaring the field as nullable. [/home/adam/Dev/omega-spiral/chapter-zero/OmegaSpiral.csproj]
     1>/home/adam/Dev/omega-spiral/chapter-zero/Source/Scripts/combat/ui/turn_bar/UITurnBar.cs(16,29): error CS8618: Non-nullable field 'anim' must contain a non-null value when exiting constructor. Consider adding the 'required' modifier or declaring the field as nullable. [/home/adam/Dev/omega-spiral/chapter-zero/OmegaSpiral.csproj]
     1>/home/adam/Dev/omega-spiral/chapter-zero/Source/Scripts/combat/ui/turn_bar/UITurnBar.cs(17,25): error CS8618: Non-nullable field 'background' must contain a non-null value when exiting constructor. Consider adding the 'required' modifier or declaring the field as nullable. [/home/adam/Dev/omega-spiral/chapter-zero/OmegaSpiral.csproj]
     1>/home/adam/Dev/omega-spiral/chapter-zero/Source/Scripts/combat/ui/turn_bar/UITurnBar.cs(18,21): error CS8618: Non-nullable field 'icons' must contain a non-null value when exiting constructor. Consider adding the 'required' modifier or declaring the field as nullable. [/home/adam/Dev/omega-spiral/chapter-zero/OmegaSpiral.csproj]
     1>/home/adam/Dev/omega-spiral/chapter-zero/Source/Scripts/combat/ui/action_menu/UIActionMenu.cs(31,21): error CS8618: Non-nullable field 'battler' must contain a non-null value when exiting constructor. Consider adding the 'required' modifier or declaring the field as nullable. [/home/adam/Dev/omega-spiral/chapter-zero/OmegaSpiral.csproj]
     1>/home/adam/Dev/omega-spiral/chapter-zero/Source/Scripts/combat/ui/action_menu/UIActionMenu.cs(68,25): error CS8618: Non-nullable field 'battlerList' must contain a non-null value when exiting constructor. Consider adding the 'required' modifier or declaring the field as nullable. [/home/adam/Dev/omega-spiral/chapter-zero/OmegaSpiral.csproj]
     1>/home/adam/Dev/omega-spiral/chapter-zero/Source/Scripts/common/Inventory.cs(77,13): error CS0104: 'FileAccess' is an ambiguous reference between 'Godot.FileAccess' and 'System.IO.FileAccess' [/home/adam/Dev/omega-spiral/chapter-zero/OmegaSpiral.csproj]
     1>/home/adam/Dev/omega-spiral/chapter-zero/Source/Scripts/common/Inventory.cs(74,20): error CS8603: Possible null reference return. [/home/adam/Dev/omega-spiral/chapter-zero/OmegaSpiral.csproj]
     1>/home/adam/Dev/omega-spiral/chapter-zero/Source/Scripts/combat/ui/UICombatMenus.cs(180,31): error CS0029: Cannot implicitly convert type 'Battler[]' to 'System.Collections.Generic.List<Battler>' [/home/adam/Dev/omega-spiral/chapter-zero/OmegaSpiral.csproj]
     1>/home/adam/Dev/omega-spiral/chapter-zero/Source/Scripts/combat/ui/UICombatMenus.cs(196,17): error CS0120: An object reference is required for the non-static field, method, or property 'CombatEvents.ActionSelected' [/home/adam/Dev/omega-spiral/chapter-zero/OmegaSpiral.csproj]
     1>/home/adam/Dev/omega-spiral/chapter-zero/Source/Scripts/combat/ui/UICombatMenus.cs(200,17): error CS0120: An object reference is required for the non-static field, method, or property 'CombatEvents.PlayerBattlerSelected' [/home/adam/Dev/omega-spiral/chapter-zero/OmegaSpiral.csproj]
     1>/home/adam/Dev/omega-spiral/chapter-zero/Source/Scripts/combat/ui/UICombatMenus.cs(178,23): error CS8601: Possible null reference assignment. [/home/adam/Dev/omega-spiral/chapter-zero/OmegaSpiral.csproj]
     1>/home/adam/Dev/omega-spiral/chapter-zero/Source/Scripts/combat/ui/UICombatMenus.cs(179,9): error CS8602: Dereference of a possibly null reference. [/home/adam/Dev/omega-spiral/chapter-zero/OmegaSpiral.csproj]
     1>/home/adam/Dev/omega-spiral/chapter-zero/Source/Scripts/combat/ui/UICombatMenus.cs(190,27): error CS8625: Cannot convert null literal to non-nullable reference type. [/home/adam/Dev/omega-spiral/chapter-zero/OmegaSpiral.csproj]
     1>/home/adam/Dev/omega-spiral/chapter-zero/Source/Scripts/combat/ui/UICombatMenus.cs(204,39): error CS8625: Cannot convert null literal to non-nullable reference type. [/home/adam/Dev/omega-spiral/chapter-zero/OmegaSpiral.csproj]
     1>/home/adam/Dev/omega-spiral/chapter-zero/Source/Scripts/common/Inventory.cs(103,44): error CS1503: Argument 2: cannot convert from 'Inventory.ItemTypes' to 'Godot.Variant' [/home/adam/Dev/omega-spiral/chapter-zero/OmegaSpiral.csproj]
     1>/home/adam/Dev/omega-spiral/chapter-zero/Source/Scripts/combat/ui/UICombatMenus.cs(214,35): error CS0029: Cannot implicitly convert type 'Battler[]' to 'System.Collections.Generic.List<Battler>' [/home/adam/Dev/omega-spiral/chapter-zero/OmegaSpiral.csproj]
     1>/home/adam/Dev/omega-spiral/chapter-zero/Source/Scripts/common/Inventory.cs(131,16): error CS8620: Argument of type 'Dictionary<Inventory.ItemTypes, AtlasTexture>' cannot be used for parameter 'dictionary' of type 'IReadOnlyDictionary<Inventory.ItemTypes, AtlasTexture?>' in 'AtlasTexture? CollectionExtensions.GetValueOrDefault<ItemTypes, AtlasTexture?>(IReadOnlyDictionary<ItemTypes, AtlasTexture?> dictionary, ItemTypes key, AtlasTexture? defaultValue)' due to differences in the nullability of reference types. [/home/adam/Dev/omega-spiral/chapter-zero/OmegaSpiral.csproj]
     1>/home/adam/Dev/omega-spiral/chapter-zero/Source/Scripts/common/Inventory.cs(131,16): error CS8603: Possible null reference return. [/home/adam/Dev/omega-spiral/chapter-zero/OmegaSpiral.csproj]
     1>/home/adam/Dev/omega-spiral/chapter-zero/Source/Scripts/combat/ui/list_menu/UIListMenu.cs(24,24): error CS8618: Non-nullable property 'EntryScene' must contain a non-null value when exiting constructor. Consider adding the 'required' modifier or declaring the property as nullable. [/home/adam/Dev/omega-spiral/chapter-zero/OmegaSpiral.csproj]
     1>/home/adam/Dev/omega-spiral/chapter-zero/Source/Scripts/combat/ui/list_menu/UIListMenu.cs(51,29): error CS8618: Non-nullable field 'anim' must contain a non-null value when exiting constructor. Consider adding the 'required' modifier or declaring the field as nullable. [/home/adam/Dev/omega-spiral/chapter-zero/OmegaSpiral.csproj]
     1>/home/adam/Dev/omega-spiral/chapter-zero/Source/Scripts/combat/ui/list_menu/UIListMenu.cs(52,26): error CS8618: Non-nullable field 'menuCursor' must contain a non-null value when exiting constructor. Consider adding the 'required' modifier or declaring the field as nullable. [/home/adam/Dev/omega-spiral/chapter-zero/OmegaSpiral.csproj]
     1>/home/adam/Dev/omega-spiral/chapter-zero/Source/Scripts/common/PartyCreator.cs(82,72): error CS0246: The type or namespace name 'CharacterClass' could not be found (are you missing a using directive or an assembly reference?) [/home/adam/Dev/omega-spiral/chapter-zero/OmegaSpiral.csproj]
     1>/home/adam/Dev/omega-spiral/chapter-zero/Source/Scripts/common/PartyCreator.cs(82,18): error CS0246: The type or namespace name 'CharacterClass' could not be found (are you missing a using directive or an assembly reference?) [/home/adam/Dev/omega-spiral/chapter-zero/OmegaSpiral.csproj]
     1>/home/adam/Dev/omega-spiral/chapter-zero/Source/Scripts/common/PartyCreator.cs(100,69): error CS0246: The type or namespace name 'CharacterRace' could not be found (are you missing a using directive or an assembly reference?) [/home/adam/Dev/omega-spiral/chapter-zero/OmegaSpiral.csproj]
     1>/home/adam/Dev/omega-spiral/chapter-zero/Source/Scripts/common/PartyCreator.cs(100,18): error CS0246: The type or namespace name 'CharacterRace' could not be found (are you missing a using directive or an assembly reference?) [/home/adam/Dev/omega-spiral/chapter-zero/OmegaSpiral.csproj]
     1>/home/adam/Dev/omega-spiral/chapter-zero/Source/Scripts/common/screen_transitions/ScreenTransition.cs(61,9): error CS4014: Because this call is not awaited, execution of the current method continues before the call is completed. Consider applying the 'await' operator to the result of the call. [/home/adam/Dev/omega-spiral/chapter-zero/OmegaSpiral.csproj]
     1>/home/adam/Dev/omega-spiral/chapter-zero/Source/Scripts/combat/ui/cursors/UIBattlerTargetCursor.cs(112,21): error CS8618: Non-nullable field 'currentTarget' must contain a non-null value when exiting constructor. Consider adding the 'required' modifier or declaring the field as nullable. [/home/adam/Dev/omega-spiral/chapter-zero/OmegaSpiral.csproj]
     1>/home/adam/Dev/omega-spiral/chapter-zero/Source/Scripts/combat/ui/cursors/UIBattlerTargetCursor.cs(133,26): error CS8618: Non-nullable field 'cursor' must contain a non-null value when exiting constructor. Consider adding the 'required' modifier or declaring the field as nullable. [/home/adam/Dev/omega-spiral/chapter-zero/OmegaSpiral.csproj]
     1>/home/adam/Dev/omega-spiral/chapter-zero/Source/Scripts/common/screen_transitions/ScreenTransition.cs(74,26): error CS8625: Cannot convert null literal to non-nullable reference type. [/home/adam/Dev/omega-spiral/chapter-zero/OmegaSpiral.csproj]
     1>/home/adam/Dev/omega-spiral/chapter-zero/Source/Scripts/common/PartyCreator.cs(123,30): error CS0246: The type or namespace name 'CharacterClass' could not be found (are you missing a using directive or an assembly reference?) [/home/adam/Dev/omega-spiral/chapter-zero/OmegaSpiral.csproj]
     1>/home/adam/Dev/omega-spiral/chapter-zero/Source/Scripts/common/PartyCreator.cs(124,29): error CS0246: The type or namespace name 'CharacterRace' could not be found (are you missing a using directive or an assembly reference?) [/home/adam/Dev/omega-spiral/chapter-zero/OmegaSpiral.csproj]
     1>/home/adam/Dev/omega-spiral/chapter-zero/Source/Scripts/common/PartyCreator.cs(153,30): error CS0246: The type or namespace name 'CharacterClass' could not be found (are you missing a using directive or an assembly reference?) [/home/adam/Dev/omega-spiral/chapter-zero/OmegaSpiral.csproj]
     1>/home/adam/Dev/omega-spiral/chapter-zero/Source/Scripts/common/PartyCreator.cs(154,29): error CS0246: The type or namespace name 'CharacterRace' could not be found (are you missing a using directive or an assembly reference?) [/home/adam/Dev/omega-spiral/chapter-zero/OmegaSpiral.csproj]
     1>/home/adam/Dev/omega-spiral/chapter-zero/Source/Scripts/combat/battlers/Battler.cs(84,25): error CS8618: Non-nullable field 'battlerAnimScene' must contain a non-null value when exiting constructor. Consider adding the 'required' modifier or declaring the field as nullable. [/home/adam/Dev/omega-spiral/chapter-zero/OmegaSpiral.csproj]
     1>/home/adam/Dev/omega-spiral/chapter-zero/Source/Scripts/combat/battlers/Battler.cs(142,25): error CS8618: Non-nullable field 'aiScene' must contain a non-null value when exiting constructor. Consider adding the 'required' modifier or declaring the field as nullable. [/home/adam/Dev/omega-spiral/chapter-zero/OmegaSpiral.csproj]
     1>/home/adam/Dev/omega-spiral/chapter-zero/Source/Scripts/combat/battlers/Battler.cs(189,25): error CS8618: Non-nullable field 'actorScene' must contain a non-null value when exiting constructor. Consider adding the 'required' modifier or declaring the field as nullable. [/home/adam/Dev/omega-spiral/chapter-zero/OmegaSpiral.csproj]
     1>/home/adam/Dev/omega-spiral/chapter-zero/Source/Scripts/combat/ui/effect_labels/UIDamageLabel.cs(92,19): error CS8618: Non-nullable field 'tween' must contain a non-null value when exiting constructor. Consider adding the 'required' modifier or declaring the field as nullable. [/home/adam/Dev/omega-spiral/chapter-zero/OmegaSpiral.csproj]
     1>/home/adam/Dev/omega-spiral/chapter-zero/Source/Scripts/combat/ui/effect_labels/UIDamageLabel.cs(94,19): error CS8618: Non-nullable field 'label' must contain a non-null value when exiting constructor. Consider adding the 'required' modifier or declaring the field as nullable. [/home/adam/Dev/omega-spiral/chapter-zero/OmegaSpiral.csproj]
     1>/home/adam/Dev/omega-spiral/chapter-zero/Source/Scripts/field/ui/UIDialogue.cs(169,35): error CS8601: Possible null reference assignment. [/home/adam/Dev/omega-spiral/chapter-zero/OmegaSpiral.csproj]
     1>/home/adam/Dev/omega-spiral/chapter-zero/Source/Scripts/field/ui/UIDialogue.cs(177,39): error CS8604: Possible null reference argument for parameter 'speaker' in 'void UIDialogue.UpdateSpeakerDisplay(Character speaker)'. [/home/adam/Dev/omega-spiral/chapter-zero/OmegaSpiral.csproj]
     1>/home/adam/Dev/omega-spiral/chapter-zero/Source/Scripts/field/cutscenes/Cutscene.cs(70,9): error CS4008: Cannot await 'void' [/home/adam/Dev/omega-spiral/chapter-zero/OmegaSpiral.csproj]
     1>/home/adam/Dev/omega-spiral/chapter-zero/Source/Scripts/field/ui/UIDialogue.cs(245,35): error CS8625: Cannot convert null literal to non-nullable reference type. [/home/adam/Dev/omega-spiral/chapter-zero/OmegaSpiral.csproj]
     1>/home/adam/Dev/omega-spiral/chapter-zero/Source/Scripts/common/screen_transitions/ScreenTransition.cs(106,26): error CS8625: Cannot convert null literal to non-nullable reference type. [/home/adam/Dev/omega-spiral/chapter-zero/OmegaSpiral.csproj]
     1>/home/adam/Dev/omega-spiral/chapter-zero/Source/Scripts/common/music/MusicPlayer.cs(11,29): error CS8618: Non-nullable field 'anim' must contain a non-null value when exiting constructor. Consider adding the 'required' modifier or declaring the field as nullable. [/home/adam/Dev/omega-spiral/chapter-zero/OmegaSpiral.csproj]
     1>/home/adam/Dev/omega-spiral/chapter-zero/Source/Scripts/common/music/MusicPlayer.cs(12,31): error CS8618: Non-nullable field 'track' must contain a non-null value when exiting constructor. Consider adding the 'required' modifier or declaring the field as nullable. [/home/adam/Dev/omega-spiral/chapter-zero/OmegaSpiral.csproj]
     1>/home/adam/Dev/omega-spiral/chapter-zero/Source/Scripts/field/cutscenes/popups/InteractionPopup.cs(84,14): error CS8602: Dereference of a possibly null reference. [/home/adam/Dev/omega-spiral/chapter-zero/OmegaSpiral.csproj]
     1>/home/adam/Dev/omega-spiral/chapter-zero/Source/Scripts/field/ui/UIDialogue.cs(363,63): error CS1061: 'Character' does not contain a definition for 'Portrait' and no accessible extension method 'Portrait' accepting a first argument of type 'Character' could be found (are you missing a using directive or an assembly reference?) [/home/adam/Dev/omega-spiral/chapter-zero/OmegaSpiral.csproj]
     1>/home/adam/Dev/omega-spiral/chapter-zero/Source/Scripts/field/ui/UIDialogue.cs(365,62): error CS1061: 'Character' does not contain a definition for 'Portrait' and no accessible extension method 'Portrait' accepting a first argument of type 'Character' could be found (are you missing a using directive or an assembly reference?) [/home/adam/Dev/omega-spiral/chapter-zero/OmegaSpiral.csproj]
     1>/home/adam/Dev/omega-spiral/chapter-zero/Source/Scripts/field/cutscenes/popups/MovingInteractionPopup.cs(50,23): error CS8601: Possible null reference assignment. [/home/adam/Dev/omega-spiral/chapter-zero/OmegaSpiral.csproj]
     1>/home/adam/Dev/omega-spiral/chapter-zero/Source/Scripts/field/cutscenes/popups/MovingInteractionPopup.cs(64,37): error CS1061: 'Gamepiece' does not contain a definition for 'Follower' and no accessible extension method 'Follower' accepting a first argument of type 'Gamepiece' could be found (are you missing a using directive or an assembly reference?) [/home/adam/Dev/omega-spiral/chapter-zero/OmegaSpiral.csproj]
     1>/home/adam/Dev/omega-spiral/chapter-zero/Source/Scripts/field/cutscenes/templates/combat/CombatTrigger.cs(28,25): error CS0104: 'Timer' is an ambiguous reference between 'Godot.Timer' and 'System.Threading.Timer' [/home/adam/Dev/omega-spiral/chapter-zero/OmegaSpiral.csproj]
     1>/home/adam/Dev/omega-spiral/chapter-zero/Source/Scripts/field/cutscenes/templates/combat/CombatTrigger.cs(46,13): error CS4008: Cannot await 'void' [/home/adam/Dev/omega-spiral/chapter-zero/OmegaSpiral.csproj]
     1>/home/adam/Dev/omega-spiral/chapter-zero/Source/Scripts/field/cutscenes/templates/combat/CombatTrigger.cs(50,13): error CS4008: Cannot await 'void' [/home/adam/Dev/omega-spiral/chapter-zero/OmegaSpiral.csproj]
     1>/home/adam/Dev/omega-spiral/chapter-zero/Source/Scripts/field/cutscenes/popups/MovingInteractionPopup.cs(72,19): error CS8601: Possible null reference assignment. [/home/adam/Dev/omega-spiral/chapter-zero/OmegaSpiral.csproj]
     1>/home/adam/Dev/omega-spiral/chapter-zero/Source/Scripts/field/ui/UIDialogue.cs(413,21): error CS0123: No overload for 'OnChoiceButtonPressed' matches delegate 'Action' [/home/adam/Dev/omega-spiral/chapter-zero/OmegaSpiral.csproj]
     1>/home/adam/Dev/omega-spiral/chapter-zero/Source/Scripts/field/cutscenes/templates/area_transitions/AreaTransition.cs(112,15): error CS0103: The name 'Transition' does not exist in the current context [/home/adam/Dev/omega-spiral/chapter-zero/OmegaSpiral.csproj]
     1>/home/adam/Dev/omega-spiral/chapter-zero/Source/Scripts/field/cutscenes/templates/area_transitions/AreaTransition.cs(122,27): error CS0120: An object reference is required for the non-static field, method, or property 'Gameboard.PixelToCell(Vector2)' [/home/adam/Dev/omega-spiral/chapter-zero/OmegaSpiral.csproj]
     1>/home/adam/Dev/omega-spiral/chapter-zero/Source/Scripts/field/cutscenes/templates/area_transitions/AreaTransition.cs(126,13): error CS0103: The name 'Camera' does not exist in the current context [/home/adam/Dev/omega-spiral/chapter-zero/OmegaSpiral.csproj]
     1>/home/adam/Dev/omega-spiral/chapter-zero/Source/Scripts/field/cutscenes/templates/area_transitions/AreaTransition.cs(139,15): error CS0103: The name 'Transition' does not exist in the current context [/home/adam/Dev/omega-spiral/chapter-zero/OmegaSpiral.csproj]
     1>/home/adam/Dev/omega-spiral/chapter-zero/Source/Scripts/field/cutscenes/templates/area_transitions/AreaTransition.cs(152,13): error CS0103: The name 'Music' does not exist in the current context [/home/adam/Dev/omega-spiral/chapter-zero/OmegaSpiral.csproj]
     1>/home/adam/Dev/omega-spiral/chapter-zero/Source/Scripts/field/cutscenes/templates/area_transitions/AreaTransition.cs(147,34): error CS1998: This async method lacks 'await' operators and will run synchronously. Consider using the 'await' operator to await non-blocking API calls, or 'await Task.Run(...)' to do CPU-bound work on a background thread. [/home/adam/Dev/omega-spiral/chapter-zero/OmegaSpiral.csproj]
     1>/home/adam/Dev/omega-spiral/chapter-zero/Source/Scripts/common/Player.cs(29,23): error CS8618: Non-nullable field 'gamepiece' must contain a non-null value when exiting constructor. Consider adding the 'required' modifier or declaring the field as nullable. [/home/adam/Dev/omega-spiral/chapter-zero/OmegaSpiral.csproj]
     1>/home/adam/Dev/omega-spiral/chapter-zero/Source/Scripts/field/cutscenes/templates/combat/RoamingCombatTrigger.cs(14,35): error CS1998: This async method lacks 'await' operators and will run synchronously. Consider using the 'await' operator to await non-blocking API calls, or 'await Task.Run(...)' to do CPU-bound work on a background thread. [/home/adam/Dev/omega-spiral/chapter-zero/OmegaSpiral.csproj]
     1>/home/adam/Dev/omega-spiral/chapter-zero/Source/Scripts/combat/ui/UICombatMenus.cs(31,24): error CS8618: Non-nullable property 'ActionMenuScene' must contain a non-null value when exiting constructor. Consider adding the 'required' modifier or declaring the property as nullable. [/home/adam/Dev/omega-spiral/chapter-zero/OmegaSpiral.csproj]
     1>/home/adam/Dev/omega-spiral/chapter-zero/Source/Scripts/combat/ui/UICombatMenus.cs(37,24): error CS8618: Non-nullable property 'TargetCursorScene' must contain a non-null value when exiting constructor. Consider adding the 'required' modifier or declaring the property as nullable. [/home/adam/Dev/omega-spiral/chapter-zero/OmegaSpiral.csproj]
     1>/home/adam/Dev/omega-spiral/chapter-zero/Source/Scripts/combat/ui/UICombatMenus.cs(41,25): error CS8618: Non-nullable field 'battlers' must contain a non-null value when exiting constructor. Consider adding the 'required' modifier or declaring the field as nullable. [/home/adam/Dev/omega-spiral/chapter-zero/OmegaSpiral.csproj]
     1>/home/adam/Dev/omega-spiral/chapter-zero/Source/Scripts/combat/ui/UICombatMenus.cs(48,21): error CS8618: Non-nullable field 'selectedBattler' must contain a non-null value when exiting constructor. Consider adding the 'required' modifier or declaring the field as nullable. [/home/adam/Dev/omega-spiral/chapter-zero/OmegaSpiral.csproj]
     1>/home/adam/Dev/omega-spiral/chapter-zero/Source/Scripts/combat/ui/UICombatMenus.cs(65,27): error CS8618: Non-nullable field 'selectedAction' must contain a non-null value when exiting constructor. Consider adding the 'required' modifier or declaring the field as nullable. [/home/adam/Dev/omega-spiral/chapter-zero/OmegaSpiral.csproj]
     1>/home/adam/Dev/omega-spiral/chapter-zero/Source/Scripts/combat/ui/UICombatMenus.cs(69,38): error CS8618: Non-nullable field 'cursor' must contain a non-null value when exiting constructor. Consider adding the 'required' modifier or declaring the field as nullable. [/home/adam/Dev/omega-spiral/chapter-zero/OmegaSpiral.csproj]
     1>/home/adam/Dev/omega-spiral/chapter-zero/Source/Scripts/combat/ui/UICombatMenus.cs(71,33): error CS8618: Non-nullable field 'actionDescription' must contain a non-null value when exiting constructor. Consider adding the 'required' modifier or declaring the field as nullable. [/home/adam/Dev/omega-spiral/chapter-zero/OmegaSpiral.csproj]
     1>/home/adam/Dev/omega-spiral/chapter-zero/Source/Scripts/combat/ui/UICombatMenus.cs(72,21): error CS8618: Non-nullable field 'actionMenuAnchor' must contain a non-null value when exiting constructor. Consider adding the 'required' modifier or declaring the field as nullable. [/home/adam/Dev/omega-spiral/chapter-zero/OmegaSpiral.csproj]
     1>/home/adam/Dev/omega-spiral/chapter-zero/Source/Scripts/combat/ui/UICombatMenus.cs(73,33): error CS8618: Non-nullable field 'battlerList' must contain a non-null value when exiting constructor. Consider adding the 'required' modifier or declaring the field as nullable. [/home/adam/Dev/omega-spiral/chapter-zero/OmegaSpiral.csproj]
     1>/home/adam/Dev/omega-spiral/chapter-zero/Source/Scripts/field/cutscenes/popups/MovingInteractionPopup.cs(19,23): error CS8618: Non-nullable field 'gp' must contain a non-null value when exiting constructor. Consider adding the 'required' modifier or declaring the field as nullable. [/home/adam/Dev/omega-spiral/chapter-zero/OmegaSpiral.csproj]
     1>/home/adam/Dev/omega-spiral/chapter-zero/Source/Scripts/field/cutscenes/templates/doors/Door.cs(104,32): error CS8625: Cannot convert null literal to non-nullable reference type. [/home/adam/Dev/omega-spiral/chapter-zero/OmegaSpiral.csproj]
     1>/home/adam/Dev/omega-spiral/chapter-zero/Source/Scripts/field/cutscenes/templates/conversations/ConversationTemplate.cs(75,9): error CS4008: Cannot await 'void' [/home/adam/Dev/omega-spiral/chapter-zero/OmegaSpiral.csproj]
     1>/home/adam/Dev/omega-spiral/chapter-zero/Source/Scripts/common/screen_transitions/ScreenTransition.cs(41,19): error CS8618: Non-nullable field 'tween' must contain a non-null value when exiting constructor. Consider adding the 'required' modifier or declaring the field as nullable. [/home/adam/Dev/omega-spiral/chapter-zero/OmegaSpiral.csproj]
     1>/home/adam/Dev/omega-spiral/chapter-zero/Source/Scripts/common/screen_transitions/ScreenTransition.cs(42,23): error CS8618: Non-nullable field 'colorRect' must contain a non-null value when exiting constructor. Consider adding the 'required' modifier or declaring the field as nullable. [/home/adam/Dev/omega-spiral/chapter-zero/OmegaSpiral.csproj]
     1>/home/adam/Dev/omega-spiral/chapter-zero/Source/Scripts/field/cutscenes/templates/combat/CombatTrigger.cs(13,24): error CS8618: Non-nullable property 'CombatArena' must contain a non-null value when exiting constructor. Consider adding the 'required' modifier or declaring the property as nullable. [/home/adam/Dev/omega-spiral/chapter-zero/OmegaSpiral.csproj]
     1>/home/adam/Dev/omega-spiral/chapter-zero/Source/Scripts/field/cutscenes/templates/doors/Door.cs(165,13): error CS0103: The name 'Music' does not exist in the current context [/home/adam/Dev/omega-spiral/chapter-zero/OmegaSpiral.csproj]
     1>/home/adam/Dev/omega-spiral/chapter-zero/Source/Scripts/field/ui/UIDialogue.cs(645,25): error CS0123: No overload for 'OnChoiceButtonPressed' matches delegate 'Action' [/home/adam/Dev/omega-spiral/chapter-zero/OmegaSpiral.csproj]
     1>/home/adam/Dev/omega-spiral/chapter-zero/Source/Scripts/combat/ui/UICombatHud.cs(28,24): error CS8618: Non-nullable property 'Battlers' must contain a non-null value when exiting constructor. Consider adding the 'required' modifier or declaring the property as nullable. [/home/adam/Dev/omega-spiral/chapter-zero/OmegaSpiral.csproj]
     1>/home/adam/Dev/omega-spiral/chapter-zero/Source/Scripts/combat/ui/UICombatHud.cs(58,21): error CS8618: Non-nullable field 'playerBattlersContainer' must contain a non-null value when exiting constructor. Consider adding the 'required' modifier or declaring the field as nullable. [/home/adam/Dev/omega-spiral/chapter-zero/OmegaSpiral.csproj]
     1>/home/adam/Dev/omega-spiral/chapter-zero/Source/Scripts/combat/ui/UICombatHud.cs(63,21): error CS8618: Non-nullable field 'enemyBattlersContainer' must contain a non-null value when exiting constructor. Consider adding the 'required' modifier or declaring the field as nullable. [/home/adam/Dev/omega-spiral/chapter-zero/OmegaSpiral.csproj]
     1>/home/adam/Dev/omega-spiral/chapter-zero/Source/Scripts/combat/ui/UICombatHud.cs(68,21): error CS8618: Non-nullable field 'battlerInfoPanel' must contain a non-null value when exiting constructor. Consider adding the 'required' modifier or declaring the field as nullable. [/home/adam/Dev/omega-spiral/chapter-zero/OmegaSpiral.csproj]
     1>/home/adam/Dev/omega-spiral/chapter-zero/Source/Scripts/combat/ui/UICombatHud.cs(78,21): error CS8618: Non-nullable field 'selectedBattler' must contain a non-null value when exiting constructor. Consider adding the 'required' modifier or declaring the field as nullable. [/home/adam/Dev/omega-spiral/chapter-zero/OmegaSpiral.csproj]
     1>/home/adam/Dev/omega-spiral/chapter-zero/Source/Scripts/field/ui/UIDialogue.cs(764,35): error CS8625: Cannot convert null literal to non-nullable reference type. [/home/adam/Dev/omega-spiral/chapter-zero/OmegaSpiral.csproj]
     1>/home/adam/Dev/omega-spiral/chapter-zero/Source/Scripts/field/cutscenes/templates/pickups/Pickup.cs(47,29): error CS8618: Non-nullable field 'anim' must contain a non-null value when exiting constructor. Consider adding the 'required' modifier or declaring the field as nullable. [/home/adam/Dev/omega-spiral/chapter-zero/OmegaSpiral.csproj]
     1>/home/adam/Dev/omega-spiral/chapter-zero/Source/Scripts/field/cutscenes/templates/pickups/Pickup.cs(48,22): error CS8618: Non-nullable field 'sprite' must contain a non-null value when exiting constructor. Consider adding the 'required' modifier or declaring the field as nullable. [/home/adam/Dev/omega-spiral/chapter-zero/OmegaSpiral.csproj]
     1>/home/adam/Dev/omega-spiral/chapter-zero/Source/Scripts/field/cutscenes/popups/InteractionPopup.cs(117,20): error CS8618: Non-nullable field 'area' must contain a non-null value when exiting constructor. Consider adding the 'required' modifier or declaring the field as nullable. [/home/adam/Dev/omega-spiral/chapter-zero/OmegaSpiral.csproj]
     1>/home/adam/Dev/omega-spiral/chapter-zero/Source/Scripts/field/cutscenes/popups/InteractionPopup.cs(118,30): error CS8618: Non-nullable field 'collisionShape' must contain a non-null value when exiting constructor. Consider adding the 'required' modifier or declaring the field as nullable. [/home/adam/Dev/omega-spiral/chapter-zero/OmegaSpiral.csproj]
     1>/home/adam/Dev/omega-spiral/chapter-zero/Source/Scripts/field/cutscenes/templates/doors/DoorTrigger.cs(38,23): error CS1998: This async method lacks 'await' operators and will run synchronously. Consider using the 'await' operator to await non-blocking API calls, or 'await Task.Run(...)' to do CPU-bound work on a background thread. [/home/adam/Dev/omega-spiral/chapter-zero/OmegaSpiral.csproj]
     1>/home/adam/Dev/omega-spiral/chapter-zero/Source/Scripts/field/FieldCamera.cs(47,32): error CS1061: 'Gamepiece' does not contain a definition for 'AnimationTransform' and no accessible extension method 'AnimationTransform' accepting a first argument of type 'Gamepiece' could be found (are you missing a using directive or an assembly reference?) [/home/adam/Dev/omega-spiral/chapter-zero/OmegaSpiral.csproj]
     1>/home/adam/Dev/omega-spiral/chapter-zero/Source/Scripts/field/FieldCamera.cs(53,32): error CS1061: 'Gamepiece' does not contain a definition for 'AnimationTransform' and no accessible extension method 'AnimationTransform' accepting a first argument of type 'Gamepiece' could be found (are you missing a using directive or an assembly reference?) [/home/adam/Dev/omega-spiral/chapter-zero/OmegaSpiral.csproj]
     1>/home/adam/Dev/omega-spiral/chapter-zero/Source/Scripts/field/FieldCamera.cs(54,36): error CS1061: 'Gamepiece' does not contain a definition for 'AnimationTransform' and no accessible extension method 'AnimationTransform' accepting a first argument of type 'Gamepiece' could be found (are you missing a using directive or an assembly reference?) [/home/adam/Dev/omega-spiral/chapter-zero/OmegaSpiral.csproj]
     1>/home/adam/Dev/omega-spiral/chapter-zero/Source/Scripts/field/cutscenes/templates/area_transitions/AreaTransition.cs(48,24): error CS8618: Non-nullable property 'NewMusic' must contain a non-null value when exiting constructor. Consider adding the 'required' modifier or declaring the property as nullable. [/home/adam/Dev/omega-spiral/chapter-zero/OmegaSpiral.csproj]
     1>/home/adam/Dev/omega-spiral/chapter-zero/Source/Scripts/field/cutscenes/templates/area_transitions/AreaTransition.cs(54,19): error CS8618: Non-nullable field 'blackoutTimer' must contain a non-null value when exiting constructor. Consider adding the 'required' modifier or declaring the field as nullable. [/home/adam/Dev/omega-spiral/chapter-zero/OmegaSpiral.csproj]
     1>/home/adam/Dev/omega-spiral/chapter-zero/Source/Scripts/field/cutscenes/templates/treasure_chests/TreasureChest.cs(26,25): error CS8618: Non-nullable field 'interaction' must contain a non-null value when exiting constructor. Consider adding the 'required' modifier or declaring the field as nullable. [/home/adam/Dev/omega-spiral/chapter-zero/OmegaSpiral.csproj]
     1>/home/adam/Dev/omega-spiral/chapter-zero/Source/Scripts/field/gameboard/Gameboard.cs(146,52): error CS0411: The type arguments for method 'CollectionExtensions.GetValueOrDefault<TKey, TValue>(IReadOnlyDictionary<TKey, TValue>, TKey, TValue)' cannot be inferred from the usage. Try specifying the type arguments explicitly. [/home/adam/Dev/omega-spiral/chapter-zero/OmegaSpiral.csproj]
     1>/home/adam/Dev/omega-spiral/chapter-zero/Source/Scripts/field/gameboard/Gameboard.cs(162,53): error CS0117: 'Directions.Points' does not contain a definition for 'Values' [/home/adam/Dev/omega-spiral/chapter-zero/OmegaSpiral.csproj]
     1>/home/adam/Dev/omega-spiral/chapter-zero/Source/Scripts/field/gameboard/Gameboard.cs(185,9): error CS0123: No overload for 'OnGameboardLayerCellsChanged' matches delegate 'GameboardLayer.CellsChangedEventHandler' [/home/adam/Dev/omega-spiral/chapter-zero/OmegaSpiral.csproj]
     1>/home/adam/Dev/omega-spiral/chapter-zero/Source/Scripts/field/gameboard/Gameboard.cs(200,34): error CS0308: The non-generic type 'Array' cannot be used with type arguments [/home/adam/Dev/omega-spiral/chapter-zero/OmegaSpiral.csproj]
     1>/home/adam/Dev/omega-spiral/chapter-zero/Source/Scripts/field/gameboard/Gameboard.cs(201,36): error CS0308: The non-generic type 'Array' cannot be used with type arguments [/home/adam/Dev/omega-spiral/chapter-zero/OmegaSpiral.csproj]
     1>/home/adam/Dev/omega-spiral/chapter-zero/Source/Scripts/field/gameboard/Gameboard.cs(229,21): error CS0120: An object reference is required for the non-static field, method, or property 'GamepieceRegistry.GetGamepiece(Vector2I)' [/home/adam/Dev/omega-spiral/chapter-zero/OmegaSpiral.csproj]
     1>/home/adam/Dev/omega-spiral/chapter-zero/Source/Scripts/field/gameboard/GameboardLayer.cs(149,49): error CS1503: Argument 2: cannot convert from 'System.Collections.Generic.List<Godot.Vector2I>' to 'Godot.Variant' [/home/adam/Dev/omega-spiral/chapter-zero/OmegaSpiral.csproj]
     1>/home/adam/Dev/omega-spiral/chapter-zero/Source/Scripts/field/gameboard/GameboardLayer.cs(149,61): error CS1503: Argument 3: cannot convert from 'System.Collections.Generic.List<Godot.Vector2I>' to 'Godot.Variant' [/home/adam/Dev/omega-spiral/chapter-zero/OmegaSpiral.csproj]
     1>/home/adam/Dev/omega-spiral/chapter-zero/Source/Scripts/field/cutscenes/Trigger.cs(72,76): error CS1061: 'Signal' does not contain a definition for 'GetOwner' and no accessible extension method 'GetOwner' accepting a first argument of type 'Signal' could be found (are you missing a using directive or an assembly reference?) [/home/adam/Dev/omega-spiral/chapter-zero/OmegaSpiral.csproj]
     1>/home/adam/Dev/omega-spiral/chapter-zero/Source/Scripts/field/cutscenes/Trigger.cs(77,34): error CS8602: Dereference of a possibly null reference. [/home/adam/Dev/omega-spiral/chapter-zero/OmegaSpiral.csproj]
     1>/home/adam/Dev/omega-spiral/chapter-zero/Source/Scripts/field/cutscenes/Trigger.cs(82,34): error CS8602: Dereference of a possibly null reference. [/home/adam/Dev/omega-spiral/chapter-zero/OmegaSpiral.csproj]
     1>/home/adam/Dev/omega-spiral/chapter-zero/Source/Scripts/field/gameboard/GameboardLayer.cs(173,45): error CS1503: Argument 2: cannot convert from 'System.Collections.Generic.List<Godot.Vector2I>' to 'Godot.Variant' [/home/adam/Dev/omega-spiral/chapter-zero/OmegaSpiral.csproj]
     1>/home/adam/Dev/omega-spiral/chapter-zero/Source/Scripts/field/gameboard/GameboardLayer.cs(173,59): error CS1503: Argument 3: cannot convert from 'System.Collections.Generic.List<Godot.Vector2I>' to 'Godot.Variant' [/home/adam/Dev/omega-spiral/chapter-zero/OmegaSpiral.csproj]
     1>/home/adam/Dev/omega-spiral/chapter-zero/Source/Scripts/field/gameboard/GameboardLayer.cs(185,45): error CS1503: Argument 2: cannot convert from 'System.Collections.Generic.List<Godot.Vector2I>' to 'Godot.Variant' [/home/adam/Dev/omega-spiral/chapter-zero/OmegaSpiral.csproj]
     1>/home/adam/Dev/omega-spiral/chapter-zero/Source/Scripts/field/gameboard/GameboardLayer.cs(185,59): error CS1503: Argument 3: cannot convert from 'System.Collections.Generic.List<Godot.Vector2I>' to 'Godot.Variant' [/home/adam/Dev/omega-spiral/chapter-zero/OmegaSpiral.csproj]
     1>/home/adam/Dev/omega-spiral/chapter-zero/Source/Scripts/field/cutscenes/Trigger.cs(138,68): error CS1061: 'Signal' does not contain a definition for 'GetOwner' and no accessible extension method 'GetOwner' accepting a first argument of type 'Signal' could be found (are you missing a using directive or an assembly reference?) [/home/adam/Dev/omega-spiral/chapter-zero/OmegaSpiral.csproj]
     1>/home/adam/Dev/omega-spiral/chapter-zero/Source/Scripts/field/cutscenes/templates/treasure_chests/TreasureChestInteraction.cs(19,28): error CS8618: Non-nullable property 'Anim' must contain a non-null value when exiting constructor. Consider adding the 'required' modifier or declaring the property as nullable. [/home/adam/Dev/omega-spiral/chapter-zero/OmegaSpiral.csproj]
     1>/home/adam/Dev/omega-spiral/chapter-zero/Source/Scripts/field/cutscenes/templates/treasure_chests/TreasureChestInteraction.cs(25,17): error CS8618: Non-nullable property 'Popup' must contain a non-null value when exiting constructor. Consider adding the 'required' modifier or declaring the property as nullable. [/home/adam/Dev/omega-spiral/chapter-zero/OmegaSpiral.csproj]
     1>/home/adam/Dev/omega-spiral/chapter-zero/Source/Scripts/field/Field.cs(39,9): error CS0120: An object reference is required for the non-static field, method, or property 'Player.GamepieceChanged' [/home/adam/Dev/omega-spiral/chapter-zero/OmegaSpiral.csproj]
     1>/home/adam/Dev/omega-spiral/chapter-zero/Source/Scripts/field/Field.cs(41,31): error CS0120: An object reference is required for the non-static field, method, or property 'Player.Gamepiece' [/home/adam/Dev/omega-spiral/chapter-zero/OmegaSpiral.csproj]
     1>/home/adam/Dev/omega-spiral/chapter-zero/Source/Scripts/field/Field.cs(42,13): error CS0103: The name 'Camera' does not exist in the current context [/home/adam/Dev/omega-spiral/chapter-zero/OmegaSpiral.csproj]
     1>/home/adam/Dev/omega-spiral/chapter-zero/Source/Scripts/field/Field.cs(45,94): error CS1061: 'PackedScene' does not contain a definition for 'Group' and no accessible extension method 'Group' accepting a first argument of type 'PackedScene' could be found (are you missing a using directive or an assembly reference?) [/home/adam/Dev/omega-spiral/chapter-zero/OmegaSpiral.csproj]
     1>/home/adam/Dev/omega-spiral/chapter-zero/Source/Scripts/field/Field.cs(53,20): error CS0117: 'GD' does not contain a definition for 'Assert' [/home/adam/Dev/omega-spiral/chapter-zero/OmegaSpiral.csproj]
     1>/home/adam/Dev/omega-spiral/chapter-zero/Source/Scripts/field/Field.cs(61,9): error CS0120: An object reference is required for the non-static field, method, or property 'Player.Gamepiece' [/home/adam/Dev/omega-spiral/chapter-zero/OmegaSpiral.csproj]
     1>/home/adam/Dev/omega-spiral/chapter-zero/Source/Scripts/field/Field.cs(66,9): error CS0120: An object reference is required for the non-static field, method, or property 'CombatEvents.CombatInitiated' [/home/adam/Dev/omega-spiral/chapter-zero/OmegaSpiral.csproj]
     1>/home/adam/Dev/omega-spiral/chapter-zero/Source/Scripts/field/Field.cs(66,9): error CS1593: Delegate 'CombatEvents.CombatInitiatedEventHandler' does not take 0 arguments [/home/adam/Dev/omega-spiral/chapter-zero/OmegaSpiral.csproj]
     1>/home/adam/Dev/omega-spiral/chapter-zero/Source/Scripts/field/Field.cs(67,9): error CS0120: An object reference is required for the non-static field, method, or property 'CombatEvents.CombatFinished' [/home/adam/Dev/omega-spiral/chapter-zero/OmegaSpiral.csproj]
     1>/home/adam/Dev/omega-spiral/chapter-zero/Source/Scripts/field/Field.cs(69,9): error CS0103: The name 'Camera' does not exist in the current context [/home/adam/Dev/omega-spiral/chapter-zero/OmegaSpiral.csproj]
     1>/home/adam/Dev/omega-spiral/chapter-zero/Source/Scripts/field/Field.cs(70,9): error CS0103: The name 'Camera' does not exist in the current context [/home/adam/Dev/omega-spiral/chapter-zero/OmegaSpiral.csproj]
     1>/home/adam/Dev/omega-spiral/chapter-zero/Source/Scripts/field/Field.cs(71,9): error CS0103: The name 'Camera' does not exist in the current context [/home/adam/Dev/omega-spiral/chapter-zero/OmegaSpiral.csproj]
     1>/home/adam/Dev/omega-spiral/chapter-zero/Source/Scripts/field/Field.cs(75,34): error CS0119: 'Cutscene.Run()' is a method, which is not valid in the given context [/home/adam/Dev/omega-spiral/chapter-zero/OmegaSpiral.csproj]
     1>/home/adam/Dev/omega-spiral/chapter-zero/Source/Scripts/field/cutscenes/Trigger.cs(157,44): error CS1955: Non-invocable member 'Gamepiece.IsMoving' cannot be used like a method. [/home/adam/Dev/omega-spiral/chapter-zero/OmegaSpiral.csproj]
     1>/home/adam/Dev/omega-spiral/chapter-zero/Source/Scripts/field/cutscenes/Trigger.cs(160,23): error CS1061: 'Gamepiece' does not contain a definition for 'Arrived' and no accessible extension method 'Arrived' accepting a first argument of type 'Gamepiece' could be found (are you missing a using directive or an assembly reference?) [/home/adam/Dev/omega-spiral/chapter-zero/OmegaSpiral.csproj]
     1>/home/adam/Dev/omega-spiral/chapter-zero/Source/Scripts/field/cutscenes/Trigger.cs(159,58): error CS8604: Possible null reference argument for parameter 'from' in 'Variant.implicit operator Variant(GodotObject from)'. [/home/adam/Dev/omega-spiral/chapter-zero/OmegaSpiral.csproj]
     1>/home/adam/Dev/omega-spiral/chapter-zero/Source/Scripts/field/gamepieces/animation/GamepieceAnimation.cs(170,40): error CS0266: Cannot implicitly convert type 'double' to 'float'. An explicit conversion exists (are you missing a cast?) [/home/adam/Dev/omega-spiral/chapter-zero/OmegaSpiral.csproj]
     1>/home/adam/Dev/omega-spiral/chapter-zero/Source/Scripts/field/cutscenes/templates/doors/Door.cs(51,23): error CS8618: Non-nullable field 'dummyGp' must contain a non-null value when exiting constructor. Consider adding the 'required' modifier or declaring the field as nullable. [/home/adam/Dev/omega-spiral/chapter-zero/OmegaSpiral.csproj]
     1>/home/adam/Dev/omega-spiral/chapter-zero/Source/Scripts/field/cutscenes/templates/doors/Door.cs(56,29): error CS8618: Non-nullable field 'anim' must contain a non-null value when exiting constructor. Consider adding the 'required' modifier or declaring the field as nullable. [/home/adam/Dev/omega-spiral/chapter-zero/OmegaSpiral.csproj]
     1>/home/adam/Dev/omega-spiral/chapter-zero/Source/Scripts/field/cutscenes/templates/doors/Door.cs(61,22): error CS8618: Non-nullable field 'closedDoor' must contain a non-null value when exiting constructor. Consider adding the 'required' modifier or declaring the field as nullable. [/home/adam/Dev/omega-spiral/chapter-zero/OmegaSpiral.csproj]
     1>/home/adam/Dev/omega-spiral/chapter-zero/Source/Scripts/field/cutscenes/templates/doors/DoorTrigger.cs(19,28): error CS8618: Non-nullable property 'Anim' must contain a non-null value when exiting constructor. Consider adding the 'required' modifier or declaring the property as nullable. [/home/adam/Dev/omega-spiral/chapter-zero/OmegaSpiral.csproj]
     1>/home/adam/Dev/omega-spiral/chapter-zero/Source/Scripts/field/gamepieces/controllers/GamepieceController.cs(55,20): error CS8603: Possible null reference return. [/home/adam/Dev/omega-spiral/chapter-zero/OmegaSpiral.csproj]
     1>/home/adam/Dev/omega-spiral/chapter-zero/Source/Scripts/field/gamepieces/controllers/cursor/FieldCursor.cs(103,30): error CS0120: An object reference is required for the non-static field, method, or property 'Gameboard.PixelToCell(Vector2)' [/home/adam/Dev/omega-spiral/chapter-zero/OmegaSpiral.csproj]
     1>/home/adam/Dev/omega-spiral/chapter-zero/Source/Scripts/field/gamepieces/controllers/cursor/FieldCursor.cs(105,24): error CS0117: 'Gameboard' does not contain a definition for 'Pathfinder' [/home/adam/Dev/omega-spiral/chapter-zero/OmegaSpiral.csproj]
     1>/home/adam/Dev/omega-spiral/chapter-zero/Source/Scripts/field/FieldCamera.cs(18,33): error CS8618: Non-nullable field 'gameboardProperties' must contain a non-null value when exiting constructor. Consider adding the 'required' modifier or declaring the field as nullable. [/home/adam/Dev/omega-spiral/chapter-zero/OmegaSpiral.csproj]
     1>/home/adam/Dev/omega-spiral/chapter-zero/Source/Scripts/field/FieldCamera.cs(34,23): error CS8618: Non-nullable field 'gamepiece' must contain a non-null value when exiting constructor. Consider adding the 'required' modifier or declaring the field as nullable. [/home/adam/Dev/omega-spiral/chapter-zero/OmegaSpiral.csproj]
     1>/home/adam/Dev/omega-spiral/chapter-zero/Source/Scripts/field/gamepieces/controllers/PathLoopAIController.cs(59,30): error CS0104: 'Timer' is an ambiguous reference between 'Godot.Timer' and 'System.Threading.Timer' [/home/adam/Dev/omega-spiral/chapter-zero/OmegaSpiral.csproj]
     1>/home/adam/Dev/omega-spiral/chapter-zero/Source/Scripts/field/gamepieces/controllers/PathLoopAIController.cs(61,35): error CS0407: 'float PathLoopAIController.MoveToNextWaypoint()' has the wrong return type [/home/adam/Dev/omega-spiral/chapter-zero/OmegaSpiral.csproj]
     1>/home/adam/Dev/omega-spiral/chapter-zero/Source/Scripts/field/gamepieces/controllers/PathLoopAIController.cs(75,16): error CS0122: 'GamepieceController.isActive' is inaccessible due to its protection level [/home/adam/Dev/omega-spiral/chapter-zero/OmegaSpiral.csproj]
     1>/home/adam/Dev/omega-spiral/chapter-zero/Source/Scripts/field/Field.cs(18,24): error CS8618: Non-nullable property 'PlayerController' must contain a non-null value when exiting constructor. Consider adding the 'required' modifier or declaring the property as nullable. [/home/adam/Dev/omega-spiral/chapter-zero/OmegaSpiral.csproj]
     1>/home/adam/Dev/omega-spiral/chapter-zero/Source/Scripts/field/Field.cs(25,22): error CS8618: Non-nullable property 'PlayerDefaultGamepiece' must contain a non-null value when exiting constructor. Consider adding the 'required' modifier or declaring the property as nullable. [/home/adam/Dev/omega-spiral/chapter-zero/OmegaSpiral.csproj]
     1>/home/adam/Dev/omega-spiral/chapter-zero/Source/Scripts/field/Field.cs(31,21): error CS8618: Non-nullable property 'OpeningCutscene' must contain a non-null value when exiting constructor. Consider adding the 'required' modifier or declaring the property as nullable. [/home/adam/Dev/omega-spiral/chapter-zero/OmegaSpiral.csproj]
     1>/home/adam/Dev/omega-spiral/chapter-zero/Source/Scripts/field/gamepieces/controllers/PathLoopAIController.cs(78,26): error CS0122: 'GamepieceController.isActive' is inaccessible due to its protection level [/home/adam/Dev/omega-spiral/chapter-zero/OmegaSpiral.csproj]
     1>/home/adam/Dev/omega-spiral/chapter-zero/Source/Scripts/field/gamepieces/controllers/PathLoopAIController.cs(80,17): error CS0122: 'GamepieceController.isActive' is inaccessible due to its protection level [/home/adam/Dev/omega-spiral/chapter-zero/OmegaSpiral.csproj]
     1>/home/adam/Dev/omega-spiral/chapter-zero/Source/Scripts/field/gamepieces/controllers/PathLoopAIController.cs(85,42): error CS0122: 'GamepieceController.isActive' is inaccessible due to its protection level [/home/adam/Dev/omega-spiral/chapter-zero/OmegaSpiral.csproj]
     1>/home/adam/Dev/omega-spiral/chapter-zero/Source/Scripts/field/gamepieces/controllers/PathLoopAIController.cs(89,21): error CS0122: 'GamepieceController.isActive' is inaccessible due to its protection level [/home/adam/Dev/omega-spiral/chapter-zero/OmegaSpiral.csproj]
     1>/home/adam/Dev/omega-spiral/chapter-zero/Source/Scripts/field/gamepieces/controllers/PlayerController.cs(88,53): error CS0120: An object reference is required for the non-static field, method, or property 'Gameboard.CellToPixel(Vector2I)' [/home/adam/Dev/omega-spiral/chapter-zero/OmegaSpiral.csproj]
     1>/home/adam/Dev/omega-spiral/chapter-zero/Source/Scripts/field/gamepieces/controllers/PlayerController.cs(99,25): error CS0117: 'FieldEvents' does not contain a definition for 'Instance' [/home/adam/Dev/omega-spiral/chapter-zero/OmegaSpiral.csproj]
     1>/home/adam/Dev/omega-spiral/chapter-zero/Source/Scripts/field/gamepieces/controllers/PlayerController.cs(99,50): error CS0103: The name '_OnCellSelected' does not exist in the current context [/home/adam/Dev/omega-spiral/chapter-zero/OmegaSpiral.csproj]
     1>/home/adam/Dev/omega-spiral/chapter-zero/Source/Scripts/field/gamepieces/controllers/PlayerController.cs(100,25): error CS0117: 'FieldEvents' does not contain a definition for 'Instance' [/home/adam/Dev/omega-spiral/chapter-zero/OmegaSpiral.csproj]
     1>/home/adam/Dev/omega-spiral/chapter-zero/Source/Scripts/field/gamepieces/controllers/PlayerController.cs(100,57): error CS0103: The name '_OnInteractionSelected' does not exist in the current context [/home/adam/Dev/omega-spiral/chapter-zero/OmegaSpiral.csproj]
     1>/home/adam/Dev/omega-spiral/chapter-zero/Source/Scripts/field/gamepieces/controllers/cursor/PlayerPathDestinationMarker.cs(69,33): error CS8625: Cannot convert null literal to non-nullable reference type. [/home/adam/Dev/omega-spiral/chapter-zero/OmegaSpiral.csproj]
     1>/home/adam/Dev/omega-spiral/chapter-zero/Source/Scripts/field/gamepieces/Gamepiece.cs(106,61): error CS0117: 'Directions.Points' does not contain a definition for 'Down' [/home/adam/Dev/omega-spiral/chapter-zero/OmegaSpiral.csproj]
     1>/home/adam/Dev/omega-spiral/chapter-zero/Source/Scripts/field/gamepieces/Gamepiece.cs(66,57): error CS1503: Argument 2: cannot convert from 'Directions.Points' to 'Godot.Variant' [/home/adam/Dev/omega-spiral/chapter-zero/OmegaSpiral.csproj]
     1>/home/adam/Dev/omega-spiral/chapter-zero/Source/Scripts/field/gamepieces/Gamepiece.cs(126,33): error CS0120: An object reference is required for the non-static field, method, or property 'Gameboard.PixelToCell(Vector2)' [/home/adam/Dev/omega-spiral/chapter-zero/OmegaSpiral.csproj]
     1>/home/adam/Dev/omega-spiral/chapter-zero/Source/Scripts/field/gamepieces/controllers/cursor/PlayerPathDestinationMarker.cs(14,23): error CS8618: Non-nullable field 'trackedGamepiece' must contain a non-null value when exiting constructor. Consider adding the 'required' modifier or declaring the field as nullable. [/home/adam/Dev/omega-spiral/chapter-zero/OmegaSpiral.csproj]
     1>/home/adam/Dev/omega-spiral/chapter-zero/Source/Scripts/field/gamepieces/controllers/GamepieceController.cs(257,33): error CS0117: 'Gameboard' does not contain a definition for 'Pathfinder' [/home/adam/Dev/omega-spiral/chapter-zero/OmegaSpiral.csproj]
     1>/home/adam/Dev/omega-spiral/chapter-zero/Source/Scripts/field/gamepieces/Gamepiece.cs(156,33): error CS0120: An object reference is required for the non-static field, method, or property 'Gameboard.PixelToCell(Vector2)' [/home/adam/Dev/omega-spiral/chapter-zero/OmegaSpiral.csproj]
     1>/home/adam/Dev/omega-spiral/chapter-zero/Source/Scripts/field/Interaction.cs(77,9): error CS0123: No overload for 'OnInputEvent' matches delegate 'CollisionObject2D.InputEventEventHandler' [/home/adam/Dev/omega-spiral/chapter-zero/OmegaSpiral.csproj]
     1>/home/adam/Dev/omega-spiral/chapter-zero/Source/Scripts/field/gamepieces/controllers/PathLoopAIController.cs(129,26): error CS0120: An object reference is required for the non-static field, method, or property 'Gameboard.PixelToCell(Vector2)' [/home/adam/Dev/omega-spiral/chapter-zero/OmegaSpiral.csproj]
     1>/home/adam/Dev/omega-spiral/chapter-zero/Source/Scripts/field/gamepieces/controllers/PathLoopAIController.cs(134,26): error CS0120: An object reference is required for the non-static field, method, or property 'Gameboard.PixelToCell(Vector2)' [/home/adam/Dev/omega-spiral/chapter-zero/OmegaSpiral.csproj]
     1>/home/adam/Dev/omega-spiral/chapter-zero/Source/Scripts/field/gamepieces/controllers/PathLoopAIController.cs(135,26): error CS0120: An object reference is required for the non-static field, method, or property 'Gameboard.PixelToCell(Vector2)' [/home/adam/Dev/omega-spiral/chapter-zero/OmegaSpiral.csproj]
     1>/home/adam/Dev/omega-spiral/chapter-zero/Source/Scripts/field/gamepieces/controllers/PathLoopAIController.cs(137,41): error CS0117: 'Gameboard' does not contain a definition for 'Pathfinder' [/home/adam/Dev/omega-spiral/chapter-zero/OmegaSpiral.csproj]
     1>/home/adam/Dev/omega-spiral/chapter-zero/Source/Scripts/field/gamepieces/controllers/PathLoopAIController.cs(140,28): error CS0117: 'Pathfinder' does not contain a definition for 'Flags' [/home/adam/Dev/omega-spiral/chapter-zero/OmegaSpiral.csproj]
     1>/home/adam/Dev/omega-spiral/chapter-zero/Source/Scripts/field/gamepieces/controllers/PathLoopAIController.cs(140,67): error CS0117: 'Pathfinder' does not contain a definition for 'Flags' [/home/adam/Dev/omega-spiral/chapter-zero/OmegaSpiral.csproj]
     1>/home/adam/Dev/omega-spiral/chapter-zero/Source/Scripts/field/gamepieces/controllers/PathLoopAIController.cs(153,24): error CS0120: An object reference is required for the non-static field, method, or property 'Gameboard.PixelToCell(Vector2)' [/home/adam/Dev/omega-spiral/chapter-zero/OmegaSpiral.csproj]
     1>/home/adam/Dev/omega-spiral/chapter-zero/Source/Scripts/field/gamepieces/controllers/PathLoopAIController.cs(154,25): error CS0120: An object reference is required for the non-static field, method, or property 'Gameboard.PixelToCell(Vector2)' [/home/adam/Dev/omega-spiral/chapter-zero/OmegaSpiral.csproj]
     1>/home/adam/Dev/omega-spiral/chapter-zero/Source/Scripts/field/gamepieces/controllers/PathLoopAIController.cs(159,41): error CS0117: 'Gameboard' does not contain a definition for 'Pathfinder' [/home/adam/Dev/omega-spiral/chapter-zero/OmegaSpiral.csproj]
     1>/home/adam/Dev/omega-spiral/chapter-zero/Source/Scripts/field/gamepieces/controllers/PathLoopAIController.cs(162,28): error CS0117: 'Pathfinder' does not contain a definition for 'Flags' [/home/adam/Dev/omega-spiral/chapter-zero/OmegaSpiral.csproj]
     1>/home/adam/Dev/omega-spiral/chapter-zero/Source/Scripts/field/gamepieces/controllers/PathLoopAIController.cs(162,67): error CS0117: 'Pathfinder' does not contain a definition for 'Flags' [/home/adam/Dev/omega-spiral/chapter-zero/OmegaSpiral.csproj]
     1>/home/adam/Dev/omega-spiral/chapter-zero/Source/Scripts/field/gamepieces/controllers/PathLoopAIController.cs(129,48): error CS8602: Dereference of a possibly null reference. [/home/adam/Dev/omega-spiral/chapter-zero/OmegaSpiral.csproj]
     1>/home/adam/Dev/omega-spiral/chapter-zero/Source/Scripts/field/gamepieces/controllers/PathLoopAIController.cs(196,27): error CS0117: 'Gameboard' does not contain a definition for 'Pathfinder' [/home/adam/Dev/omega-spiral/chapter-zero/OmegaSpiral.csproj]
     1>/home/adam/Dev/omega-spiral/chapter-zero/Source/Scripts/field/gamepieces/controllers/PathLoopAIController.cs(200,35): error CS0120: An object reference is required for the non-static field, method, or property 'Gameboard.CellToPixel(Vector2I)' [/home/adam/Dev/omega-spiral/chapter-zero/OmegaSpiral.csproj]
     1>/home/adam/Dev/omega-spiral/chapter-zero/Source/Scripts/field/gamepieces/controllers/PathLoopAIController.cs(202,32): error CS1061: 'Gamepiece' does not contain a definition for 'MoveTo' and no accessible extension method 'MoveTo' accepting a first argument of type 'Gamepiece' could be found (are you missing a using directive or an assembly reference?) [/home/adam/Dev/omega-spiral/chapter-zero/OmegaSpiral.csproj]
     1>/home/adam/Dev/omega-spiral/chapter-zero/Source/Scripts/field/gamepieces/controllers/PathLoopAIController.cs(226,32): error CS0117: 'Gameboard' does not contain a definition for 'Pathfinder' [/home/adam/Dev/omega-spiral/chapter-zero/OmegaSpiral.csproj]
     1>/home/adam/Dev/omega-spiral/chapter-zero/Source/Scripts/field/gamepieces/controllers/PlayerController.cs(173,16): error CS0117: 'Player' does not contain a definition for 'Instance' [/home/adam/Dev/omega-spiral/chapter-zero/OmegaSpiral.csproj]
     1>/home/adam/Dev/omega-spiral/chapter-zero/Source/Scripts/field/gamepieces/Gamepiece.cs(205,31): error CS0120: An object reference is required for the non-static field, method, or property 'Gameboard.CellToPixel(Vector2I)' [/home/adam/Dev/omega-spiral/chapter-zero/OmegaSpiral.csproj]
     1>/home/adam/Dev/omega-spiral/chapter-zero/Source/Scripts/field/gamepieces/controllers/PlayerController.cs(192,41): error CS0117: 'Gameboard' does not contain a definition for 'Instance' [/home/adam/Dev/omega-spiral/chapter-zero/OmegaSpiral.csproj]
     1>/home/adam/Dev/omega-spiral/chapter-zero/Source/Scripts/field/Map.cs(37,13): error CS0103: The name '_debugBoundaries' does not exist in the current context [/home/adam/Dev/omega-spiral/chapter-zero/OmegaSpiral.csproj]
     1>/home/adam/Dev/omega-spiral/chapter-zero/Source/Scripts/field/gamepieces/controllers/PlayerController.cs(212,34): error CS8625: Cannot convert null literal to non-nullable reference type. [/home/adam/Dev/omega-spiral/chapter-zero/OmegaSpiral.csproj]
     1>/home/adam/Dev/omega-spiral/chapter-zero/Source/Scripts/field/Map.cs(53,13): error CS0103: The name 'Camera' does not exist in the current context [/home/adam/Dev/omega-spiral/chapter-zero/OmegaSpiral.csproj]
     1>/home/adam/Dev/omega-spiral/chapter-zero/Source/Scripts/field/Map.cs(54,13): error CS0120: An object reference is required for the non-static field, method, or property 'Gameboard.Properties' [/home/adam/Dev/omega-spiral/chapter-zero/OmegaSpiral.csproj]
     1>/home/adam/Dev/omega-spiral/chapter-zero/Source/Scripts/field/gamepieces/Gamepiece.cs(269,14): error CS0120: An object reference is required for the non-static field, method, or property 'Gameboard.Properties' [/home/adam/Dev/omega-spiral/chapter-zero/OmegaSpiral.csproj]
     1>/home/adam/Dev/omega-spiral/chapter-zero/Source/Scripts/field/gamepieces/Gamepiece.cs(275,24): error CS0122: 'Gameboard.IsCellClear(Vector2I)' is inaccessible due to its protection level [/home/adam/Dev/omega-spiral/chapter-zero/OmegaSpiral.csproj]
     1>/home/adam/Dev/omega-spiral/chapter-zero/Source/Scripts/field/gamepieces/controllers/PlayerController.cs(255,34): error CS8625: Cannot convert null literal to non-nullable reference type. [/home/adam/Dev/omega-spiral/chapter-zero/OmegaSpiral.csproj]
     1>/home/adam/Dev/omega-spiral/chapter-zero/Source/Scripts/field/gamepieces/controllers/PlayerController.cs(267,38): error CS8625: Cannot convert null literal to non-nullable reference type. [/home/adam/Dev/omega-spiral/chapter-zero/OmegaSpiral.csproj]
     1>/home/adam/Dev/omega-spiral/chapter-zero/Source/Scripts/field/gamepieces/controllers/PlayerController.cs(312,30): error CS0120: An object reference is required for the non-static field, method, or property 'Gameboard.PixelToCell(Vector2)' [/home/adam/Dev/omega-spiral/chapter-zero/OmegaSpiral.csproj]
     1>/home/adam/Dev/omega-spiral/chapter-zero/Source/Scripts/field/gamepieces/controllers/PlayerController.cs(325,37): error CS0117: 'Gameboard' does not contain a definition for 'Instance' [/home/adam/Dev/omega-spiral/chapter-zero/OmegaSpiral.csproj]
     1>/home/adam/Dev/omega-spiral/chapter-zero/Source/Scripts/field/gamepieces/controllers/PlayerController.cs(342,30): error CS0120: An object reference is required for the non-static field, method, or property 'Gameboard.PixelToCell(Vector2)' [/home/adam/Dev/omega-spiral/chapter-zero/OmegaSpiral.csproj]
     1>/home/adam/Dev/omega-spiral/chapter-zero/Source/Scripts/field/gamepieces/controllers/PlayerController.cs(343,30): error CS0120: An object reference is required for the non-static field, method, or property 'Gameboard.PixelToCell(Vector2)' [/home/adam/Dev/omega-spiral/chapter-zero/OmegaSpiral.csproj]
     1>/home/adam/Dev/omega-spiral/chapter-zero/Source/Scripts/field/gamepieces/controllers/PlayerController.cs(359,41): error CS0117: 'Gameboard' does not contain a definition for 'Instance' [/home/adam/Dev/omega-spiral/chapter-zero/OmegaSpiral.csproj]
     1>/home/adam/Dev/omega-spiral/chapter-zero/Source/Scripts/field/gameboard/Gameboard.cs(60,33): error CS8618: Non-nullable field 'properties' must contain a non-null value when exiting constructor. Consider adding the 'required' modifier or declaring the field as nullable. [/home/adam/Dev/omega-spiral/chapter-zero/OmegaSpiral.csproj]
     1>/home/adam/Dev/omega-spiral/chapter-zero/Source/Scripts/field/Map.cs(16,33): error CS8618: Non-nullable field 'gameboardProperties' must contain a non-null value when exiting constructor. Consider adding the 'required' modifier or declaring the field as nullable. [/home/adam/Dev/omega-spiral/chapter-zero/OmegaSpiral.csproj]
     1>/home/adam/Dev/omega-spiral/chapter-zero/Source/Scripts/field/gamepieces/GamepieceRegistry.cs(132,16): error CS8620: Argument of type 'Dictionary<Vector2I, Gamepiece>' cannot be used for parameter 'dictionary' of type 'IReadOnlyDictionary<Vector2I, Gamepiece?>' in 'Gamepiece? CollectionExtensions.GetValueOrDefault<Vector2I, Gamepiece?>(IReadOnlyDictionary<Vector2I, Gamepiece?> dictionary, Vector2I key, Gamepiece? defaultValue)' due to differences in the nullability of reference types. [/home/adam/Dev/omega-spiral/chapter-zero/OmegaSpiral.csproj]
     1>/home/adam/Dev/omega-spiral/chapter-zero/Source/Scripts/field/gamepieces/GamepieceRegistry.cs(132,16): error CS8603: Possible null reference return. [/home/adam/Dev/omega-spiral/chapter-zero/OmegaSpiral.csproj]
     1>/home/adam/Dev/omega-spiral/chapter-zero/Source/Scripts/field/TileDungeonController.cs(180,36): error CS0103: The name 'TileType' does not exist in the current context [/home/adam/Dev/omega-spiral/chapter-zero/OmegaSpiral.csproj]
     1>/home/adam/Dev/omega-spiral/chapter-zero/Source/Scripts/field/gamepieces/GamepieceRegistry.cs(252,37): error CS0120: An object reference is required for the non-static field, method, or property 'Gameboard.CellToPixel(Vector2I)' [/home/adam/Dev/omega-spiral/chapter-zero/OmegaSpiral.csproj]
     1>/home/adam/Dev/omega-spiral/chapter-zero/Source/Scripts/field/gamepieces/GamepieceRegistry.cs(244,29): error CS8600: Converting null literal or possible null value to non-nullable type. [/home/adam/Dev/omega-spiral/chapter-zero/OmegaSpiral.csproj]
     1>/home/adam/Dev/omega-spiral/chapter-zero/Source/Scripts/field/gamepieces/GamepieceRegistry.cs(262,16): error CS8603: Possible null reference return. [/home/adam/Dev/omega-spiral/chapter-zero/OmegaSpiral.csproj]
     1>/home/adam/Dev/omega-spiral/chapter-zero/Source/Scripts/field/gamepieces/animation/GamepieceAnimation.cs(58,29): error CS8618: Non-nullable field 'anim' must contain a non-null value when exiting constructor. Consider adding the 'required' modifier or declaring the field as nullable. [/home/adam/Dev/omega-spiral/chapter-zero/OmegaSpiral.csproj]
     1>/home/adam/Dev/omega-spiral/chapter-zero/Source/Scripts/field/ui/DialogueWindow.cs(24,70): error CS0103: The name 'Show' does not exist in the current context [/home/adam/Dev/omega-spiral/chapter-zero/OmegaSpiral.csproj]
     1>/home/adam/Dev/omega-spiral/chapter-zero/Source/Scripts/field/ui/DialogueWindow.cs(25,68): error CS0103: The name 'Hide' does not exist in the current context [/home/adam/Dev/omega-spiral/chapter-zero/OmegaSpiral.csproj]
     1>/home/adam/Dev/omega-spiral/chapter-zero/Source/Scripts/field/ui/DialogueWindow.cs(28,9): error CS0103: The name 'Hide' does not exist in the current context [/home/adam/Dev/omega-spiral/chapter-zero/OmegaSpiral.csproj]
     1>/home/adam/Dev/omega-spiral/chapter-zero/Source/Scripts/field/ui/inventory/UIInventory.cs(69,16): error CS8603: Possible null reference return. [/home/adam/Dev/omega-spiral/chapter-zero/OmegaSpiral.csproj]
     1>/home/adam/Dev/omega-spiral/chapter-zero/Source/Scripts/field/ui/UIDialogue.cs(57,31): error CS8618: Non-nullable field 'dialogueText' must contain a non-null value when exiting constructor. Consider adding the 'required' modifier or declaring the field as nullable. [/home/adam/Dev/omega-spiral/chapter-zero/OmegaSpiral.csproj]
     1>/home/adam/Dev/omega-spiral/chapter-zero/Source/Scripts/field/ui/UIDialogue.cs(62,23): error CS8618: Non-nullable field 'characterNameLabel' must contain a non-null value when exiting constructor. Consider adding the 'required' modifier or declaring the field as nullable. [/home/adam/Dev/omega-spiral/chapter-zero/OmegaSpiral.csproj]
     1>/home/adam/Dev/omega-spiral/chapter-zero/Source/Scripts/field/ui/UIDialogue.cs(67,29): error CS8618: Non-nullable field 'characterPortrait' must contain a non-null value when exiting constructor. Consider adding the 'required' modifier or declaring the field as nullable. [/home/adam/Dev/omega-spiral/chapter-zero/OmegaSpiral.csproj]
     1>/home/adam/Dev/omega-spiral/chapter-zero/Source/Scripts/field/ui/UIDialogue.cs(72,31): error CS8618: Non-nullable field 'choicesContainer' must contain a non-null value when exiting constructor. Consider adding the 'required' modifier or declaring the field as nullable. [/home/adam/Dev/omega-spiral/chapter-zero/OmegaSpiral.csproj]
     1>/home/adam/Dev/omega-spiral/chapter-zero/Source/Scripts/field/ui/UIDialogue.cs(77,25): error CS8618: Non-nullable field 'continueIndicator' must contain a non-null value when exiting constructor. Consider adding the 'required' modifier or declaring the field as nullable. [/home/adam/Dev/omega-spiral/chapter-zero/OmegaSpiral.csproj]
     1>/home/adam/Dev/omega-spiral/chapter-zero/Source/Scripts/field/ui/UIDialogue.cs(87,27): error CS8618: Non-nullable field 'currentSpeaker' must contain a non-null value when exiting constructor. Consider adding the 'required' modifier or declaring the field as nullable. [/home/adam/Dev/omega-spiral/chapter-zero/OmegaSpiral.csproj]
     1>/home/adam/Dev/omega-spiral/chapter-zero/Source/Scripts/field/ui/UIDialogue.cs(118,29): error CS8618: Non-nullable field 'typewriterTimer' must contain a non-null value when exiting constructor. Consider adding the 'required' modifier or declaring the field as nullable. [/home/adam/Dev/omega-spiral/chapter-zero/OmegaSpiral.csproj]
     1>/home/adam/Dev/omega-spiral/chapter-zero/Source/Scripts/field/PixelCombatController.cs(257,9): error CS0246: The type or namespace name 'DreamweaverType' could not be found (are you missing a using directive or an assembly reference?) [/home/adam/Dev/omega-spiral/chapter-zero/OmegaSpiral.csproj]
     1>/home/adam/Dev/omega-spiral/chapter-zero/Source/Scripts/field/PixelCombatController.cs(257,36): error CS0103: The name 'DreamweaverType' does not exist in the current context [/home/adam/Dev/omega-spiral/chapter-zero/OmegaSpiral.csproj]
     1>/home/adam/Dev/omega-spiral/chapter-zero/Source/Scripts/field/PixelCombatController.cs(274,13): error CS0103: The name 'DreamweaverType' does not exist in the current context [/home/adam/Dev/omega-spiral/chapter-zero/OmegaSpiral.csproj]
     1>/home/adam/Dev/omega-spiral/chapter-zero/Source/Scripts/field/PixelCombatController.cs(274,38): error CS0103: The name 'DreamweaverThread' does not exist in the current context [/home/adam/Dev/omega-spiral/chapter-zero/OmegaSpiral.csproj]
     1>/home/adam/Dev/omega-spiral/chapter-zero/Source/Scripts/field/PixelCombatController.cs(275,13): error CS0103: The name 'DreamweaverType' does not exist in the current context [/home/adam/Dev/omega-spiral/chapter-zero/OmegaSpiral.csproj]
     1>/home/adam/Dev/omega-spiral/chapter-zero/Source/Scripts/field/PixelCombatController.cs(275,41): error CS0103: The name 'DreamweaverThread' does not exist in the current context [/home/adam/Dev/omega-spiral/chapter-zero/OmegaSpiral.csproj]
     1>/home/adam/Dev/omega-spiral/chapter-zero/Source/Scripts/field/PixelCombatController.cs(276,13): error CS0103: The name 'DreamweaverType' does not exist in the current context [/home/adam/Dev/omega-spiral/chapter-zero/OmegaSpiral.csproj]
     1>/home/adam/Dev/omega-spiral/chapter-zero/Source/Scripts/field/PixelCombatController.cs(276,38): error CS0103: The name 'DreamweaverThread' does not exist in the current context [/home/adam/Dev/omega-spiral/chapter-zero/OmegaSpiral.csproj]
     1>/home/adam/Dev/omega-spiral/chapter-zero/Source/Scripts/field/PixelCombatController.cs(277,18): error CS0103: The name 'DreamweaverThread' does not exist in the current context [/home/adam/Dev/omega-spiral/chapter-zero/OmegaSpiral.csproj]
     1>/home/adam/Dev/omega-spiral/chapter-zero/Source/Scripts/field/gamepieces/controllers/PlayerController.cs(27,25): error CS8618: Non-nullable field 'targetInteraction' must contain a non-null value when exiting constructor. Consider adding the 'required' modifier or declaring the field as nullable. [/home/adam/Dev/omega-spiral/chapter-zero/OmegaSpiral.csproj]
     1>/home/adam/Dev/omega-spiral/chapter-zero/Source/Scripts/field/gamepieces/controllers/PlayerController.cs(32,21): error CS8618: Non-nullable field 'activeTrigger' must contain a non-null value when exiting constructor. Consider adding the 'required' modifier or declaring the field as nullable. [/home/adam/Dev/omega-spiral/chapter-zero/OmegaSpiral.csproj]
     1>/home/adam/Dev/omega-spiral/chapter-zero/Source/Scripts/field/gamepieces/controllers/PlayerController.cs(45,20): error CS8618: Non-nullable field 'interactionSearcher' must contain a non-null value when exiting constructor. Consider adding the 'required' modifier or declaring the field as nullable. [/home/adam/Dev/omega-spiral/chapter-zero/OmegaSpiral.csproj]
     1>/home/adam/Dev/omega-spiral/chapter-zero/Source/Scripts/field/gamepieces/controllers/PlayerController.cs(50,30): error CS8618: Non-nullable field 'interactionShape' must contain a non-null value when exiting constructor. Consider adding the 'required' modifier or declaring the field as nullable. [/home/adam/Dev/omega-spiral/chapter-zero/OmegaSpiral.csproj]
     1>/home/adam/Dev/omega-spiral/chapter-zero/Source/Scripts/field/gamepieces/controllers/PlayerController.cs(56,20): error CS8618: Non-nullable field 'playerCollision' must contain a non-null value when exiting constructor. Consider adding the 'required' modifier or declaring the field as nullable. [/home/adam/Dev/omega-spiral/chapter-zero/OmegaSpiral.csproj]
     1>/home/adam/Dev/omega-spiral/chapter-zero/Tests/StatePersistenceTests.cs(31,44): error CS0103: The name 'DreamweaverThread' does not exist in the current context [/home/adam/Dev/omega-spiral/chapter-zero/OmegaSpiral.csproj]
     1>/home/adam/Dev/omega-spiral/chapter-zero/Tests/StatePersistenceTests.cs(57,16): error CS0117: 'Assert' does not contain a definition for 'AreEqual' [/home/adam/Dev/omega-spiral/chapter-zero/OmegaSpiral.csproj]
     1>/home/adam/Dev/omega-spiral/chapter-zero/Tests/StatePersistenceTests.cs(58,16): error CS0117: 'Assert' does not contain a definition for 'AreEqual' [/home/adam/Dev/omega-spiral/chapter-zero/OmegaSpiral.csproj]
     1>/home/adam/Dev/omega-spiral/chapter-zero/Tests/StatePersistenceTests.cs(59,25): error CS0103: The name 'DreamweaverThread' does not exist in the current context [/home/adam/Dev/omega-spiral/chapter-zero/OmegaSpiral.csproj]
     1>/home/adam/Dev/omega-spiral/chapter-zero/Tests/StatePersistenceTests.cs(59,16): error CS0117: 'Assert' does not contain a definition for 'AreEqual' [/home/adam/Dev/omega-spiral/chapter-zero/OmegaSpiral.csproj]
     1>/home/adam/Dev/omega-spiral/chapter-zero/Tests/StatePersistenceTests.cs(75,27): error CS1061: 'SceneManager' does not contain a definition for 'AddShard' and no accessible extension method 'AddShard' accepting a first argument of type 'SceneManager' could be found (are you missing a using directive or an assembly reference?) [/home/adam/Dev/omega-spiral/chapter-zero/OmegaSpiral.csproj]
     1>/home/adam/Dev/omega-spiral/chapter-zero/Tests/StatePersistenceTests.cs(78,16): error CS0117: 'Assert' does not contain a definition for 'AreEqual' [/home/adam/Dev/omega-spiral/chapter-zero/OmegaSpiral.csproj]
     1>/home/adam/Dev/omega-spiral/chapter-zero/Tests/StatePersistenceTests.cs(79,16): error CS1501: No overload for method 'Contains' takes 3 arguments [/home/adam/Dev/omega-spiral/chapter-zero/OmegaSpiral.csproj]
     1>/home/adam/Dev/omega-spiral/chapter-zero/Tests/StatePersistenceTests.cs(99,16): error CS0117: 'Assert' does not contain a definition for 'AreEqual' [/home/adam/Dev/omega-spiral/chapter-zero/OmegaSpiral.csproj]
     1>/home/adam/Dev/omega-spiral/chapter-zero/Tests/SaveLoadTests.cs(36,44): error CS0103: The name 'DreamweaverThread' does not exist in the current context [/home/adam/Dev/omega-spiral/chapter-zero/OmegaSpiral.csproj]
     1>/home/adam/Dev/omega-spiral/chapter-zero/Tests/SaveLoadTests.cs(42,42): error CS0103: The name 'DreamweaverType' does not exist in the current context [/home/adam/Dev/omega-spiral/chapter-zero/OmegaSpiral.csproj]
     1>/home/adam/Dev/omega-spiral/chapter-zero/Tests/SaveLoadTests.cs(43,42): error CS0103: The name 'DreamweaverType' does not exist in the current context [/home/adam/Dev/omega-spiral/chapter-zero/OmegaSpiral.csproj]
     1>/home/adam/Dev/omega-spiral/chapter-zero/Tests/SaveLoadTests.cs(44,42): error CS0103: The name 'DreamweaverType' does not exist in the current context [/home/adam/Dev/omega-spiral/chapter-zero/OmegaSpiral.csproj]
     1>/home/adam/Dev/omega-spiral/chapter-zero/Tests/SaveLoadTests.cs(45,46): error CS0103: The name 'DreamweaverType' does not exist in the current context [/home/adam/Dev/omega-spiral/chapter-zero/OmegaSpiral.csproj]
     1>/home/adam/Dev/omega-spiral/chapter-zero/Tests/SaveLoadTests.cs(49,51): error CS0103: The name 'CharacterClass' does not exist in the current context [/home/adam/Dev/omega-spiral/chapter-zero/OmegaSpiral.csproj]
     1>/home/adam/Dev/omega-spiral/chapter-zero/Tests/SaveLoadTests.cs(49,75): error CS0103: The name 'CharacterRace' does not exist in the current context [/home/adam/Dev/omega-spiral/chapter-zero/OmegaSpiral.csproj]
     1>/home/adam/Dev/omega-spiral/chapter-zero/Tests/SaveLoadTests.cs(77,16): error CS0117: 'Assert' does not contain a definition for 'IsTrue' [/home/adam/Dev/omega-spiral/chapter-zero/OmegaSpiral.csproj]
     1>/home/adam/Dev/omega-spiral/chapter-zero/Source/Scripts/field/gamepieces/controllers/PathLoopAIController.cs(32,20): error CS8618: Non-nullable field 'pathToFollow' must contain a non-null value when exiting constructor. Consider adding the 'required' modifier or declaring the field as nullable. [/home/adam/Dev/omega-spiral/chapter-zero/OmegaSpiral.csproj]
     1>/home/adam/Dev/omega-spiral/chapter-zero/Source/Scripts/field/gamepieces/controllers/PathLoopAIController.cs(41,25): error CS8618: Non-nullable field 'timer' must contain a non-null value when exiting constructor. Consider adding the 'required' modifier or declaring the field as nullable. [/home/adam/Dev/omega-spiral/chapter-zero/OmegaSpiral.csproj]
     1>/home/adam/Dev/omega-spiral/chapter-zero/Tests/StatePersistenceTests.cs(116,31): error CS1061: 'SceneManager' does not contain a definition for 'ValidateStateForTransition' and no accessible extension method 'ValidateStateForTransition' accepting a first argument of type 'SceneManager' could be found (are you missing a using directive or an assembly reference?) [/home/adam/Dev/omega-spiral/chapter-zero/OmegaSpiral.csproj]
     1>/home/adam/Dev/omega-spiral/chapter-zero/Tests/StatePersistenceTests.cs(115,16): error CS0117: 'Assert' does not contain a definition for 'IsFalse' [/home/adam/Dev/omega-spiral/chapter-zero/OmegaSpiral.csproj]
     1>/home/adam/Dev/omega-spiral/chapter-zero/Tests/StatePersistenceTests.cs(124,31): error CS1061: 'SceneManager' does not contain a definition for 'ValidateStateForTransition' and no accessible extension method 'ValidateStateForTransition' accepting a first argument of type 'SceneManager' could be found (are you missing a using directive or an assembly reference?) [/home/adam/Dev/omega-spiral/chapter-zero/OmegaSpiral.csproj]
     1>/home/adam/Dev/omega-spiral/chapter-zero/Tests/StatePersistenceTests.cs(123,16): error CS0117: 'Assert' does not contain a definition for 'IsTrue' [/home/adam/Dev/omega-spiral/chapter-zero/OmegaSpiral.csproj]
     1>/home/adam/Dev/omega-spiral/chapter-zero/Tests/StatePersistenceTests.cs(139,55): error CS0103: The name 'CharacterClass' does not exist in the current context [/home/adam/Dev/omega-spiral/chapter-zero/OmegaSpiral.csproj]
     1>/home/adam/Dev/omega-spiral/chapter-zero/Tests/StatePersistenceTests.cs(139,79): error CS0103: The name 'CharacterRace' does not exist in the current context [/home/adam/Dev/omega-spiral/chapter-zero/OmegaSpiral.csproj]
     1>/home/adam/Dev/omega-spiral/chapter-zero/Tests/StatePersistenceTests.cs(146,16): error CS0117: 'Assert' does not contain a definition for 'AreEqual' [/home/adam/Dev/omega-spiral/chapter-zero/OmegaSpiral.csproj]
     1>/home/adam/Dev/omega-spiral/chapter-zero/Tests/StatePersistenceTests.cs(147,16): error CS0117: 'Assert' does not contain a definition for 'AreEqual' [/home/adam/Dev/omega-spiral/chapter-zero/OmegaSpiral.csproj]
     1>/home/adam/Dev/omega-spiral/chapter-zero/Tests/SaveLoadTests.cs(93,16): error CS0117: 'Assert' does not contain a definition for 'IsTrue' [/home/adam/Dev/omega-spiral/chapter-zero/OmegaSpiral.csproj]
     1>/home/adam/Dev/omega-spiral/chapter-zero/Tests/SaveLoadTests.cs(99,16): error CS0117: 'Assert' does not contain a definition for 'IsNotNull' [/home/adam/Dev/omega-spiral/chapter-zero/OmegaSpiral.csproj]
     1>/home/adam/Dev/omega-spiral/chapter-zero/Tests/SaveLoadTests.cs(100,16): error CS0117: 'Assert' does not contain a definition for 'IsInstanceOf' [/home/adam/Dev/omega-spiral/chapter-zero/OmegaSpiral.csproj]
     1>/home/adam/Dev/omega-spiral/chapter-zero/Tests/SaveLoadTests.cs(103,16): error CS0117: 'Assert' does not contain a definition for 'IsTrue' [/home/adam/Dev/omega-spiral/chapter-zero/OmegaSpiral.csproj]
     1>/home/adam/Dev/omega-spiral/chapter-zero/Tests/SaveLoadTests.cs(106,16): error CS0117: 'Assert' does not contain a definition for 'AreEqual' [/home/adam/Dev/omega-spiral/chapter-zero/OmegaSpiral.csproj]
     1>/home/adam/Dev/omega-spiral/chapter-zero/Tests/SaveLoadTests.cs(107,16): error CS0117: 'Assert' does not contain a definition for 'AreEqual' [/home/adam/Dev/omega-spiral/chapter-zero/OmegaSpiral.csproj]
     1>/home/adam/Dev/omega-spiral/chapter-zero/Tests/SaveLoadTests.cs(108,16): error CS0117: 'Assert' does not contain a definition for 'AreEqual' [/home/adam/Dev/omega-spiral/chapter-zero/OmegaSpiral.csproj]
     1>/home/adam/Dev/omega-spiral/chapter-zero/Tests/SaveLoadTests.cs(124,16): error CS0117: 'Assert' does not contain a definition for 'IsFalse' [/home/adam/Dev/omega-spiral/chapter-zero/OmegaSpiral.csproj]
     1>/home/adam/Dev/omega-spiral/chapter-zero/Source/Scripts/field/ui/popups/UIPopup.cs(79,31): error CS8618: Non-nullable field 'anim' must contain a non-null value when exiting constructor. Consider adding the 'required' modifier or declaring the field as nullable. [/home/adam/Dev/omega-spiral/chapter-zero/OmegaSpiral.csproj]
     1>/home/adam/Dev/omega-spiral/chapter-zero/Source/Scripts/field/ui/popups/UIPopup.cs(80,24): error CS8618: Non-nullable field 'sprite' must contain a non-null value when exiting constructor. Consider adding the 'required' modifier or declaring the field as nullable. [/home/adam/Dev/omega-spiral/chapter-zero/OmegaSpiral.csproj]
     1>/home/adam/Dev/omega-spiral/chapter-zero/Tests/SaveLoadTests.cs(138,16): error CS0117: 'Assert' does not contain a definition for 'IsTrue' [/home/adam/Dev/omega-spiral/chapter-zero/OmegaSpiral.csproj]
     1>/home/adam/Dev/omega-spiral/chapter-zero/Tests/SaveLoadTests.cs(147,16): error CS0117: 'Assert' does not contain a definition for 'IsTrue' [/home/adam/Dev/omega-spiral/chapter-zero/OmegaSpiral.csproj]
     1>/home/adam/Dev/omega-spiral/chapter-zero/Tests/SaveLoadTests.cs(148,16): error CS0117: 'Assert' does not contain a definition for 'AreEqual' [/home/adam/Dev/omega-spiral/chapter-zero/OmegaSpiral.csproj]
     1>/home/adam/Dev/omega-spiral/chapter-zero/Tests/SaveLoadTests.cs(149,16): error CS0117: 'Assert' does not contain a definition for 'AreEqual' [/home/adam/Dev/omega-spiral/chapter-zero/OmegaSpiral.csproj]
     1>/home/adam/Dev/omega-spiral/chapter-zero/Tests/SaveLoadTests.cs(150,16): error CS0117: 'Assert' does not contain a definition for 'AreEqual' [/home/adam/Dev/omega-spiral/chapter-zero/OmegaSpiral.csproj]
     1>/home/adam/Dev/omega-spiral/chapter-zero/Tests/SaveLoadTests.cs(151,16): error CS0117: 'Assert' does not contain a definition for 'AreEqual' [/home/adam/Dev/omega-spiral/chapter-zero/OmegaSpiral.csproj]
     1>/home/adam/Dev/omega-spiral/chapter-zero/Tests/SaveLoadTests.cs(152,16): error CS0117: 'Assert' does not contain a definition for 'AreEqual' [/home/adam/Dev/omega-spiral/chapter-zero/OmegaSpiral.csproj]
     1>/home/adam/Dev/omega-spiral/chapter-zero/Tests/SaveLoadTests.cs(172,16): error CS0117: 'Assert' does not contain a definition for 'IsFalse' [/home/adam/Dev/omega-spiral/chapter-zero/OmegaSpiral.csproj]
     1>/home/adam/Dev/omega-spiral/chapter-zero/Tests/SaveLoadTests.cs(192,16): error CS0117: 'Assert' does not contain a definition for 'Greater' [/home/adam/Dev/omega-spiral/chapter-zero/OmegaSpiral.csproj]
     1>/home/adam/Dev/omega-spiral/chapter-zero/Source/Scripts/field/ui/inventory/UIInventory.cs(22,25): error CS8618: Non-nullable field 'itemScene' must contain a non-null value when exiting constructor. Consider adding the 'required' modifier or declaring the field as nullable. [/home/adam/Dev/omega-spiral/chapter-zero/OmegaSpiral.csproj]
     1>/home/adam/Dev/omega-spiral/chapter-zero/Source/Scripts/field/gamepieces/controllers/GamepieceController.cs(143,23): error CS8618: Non-nullable field 'gamepiece' must contain a non-null value when exiting constructor. Consider adding the 'required' modifier or declaring the field as nullable. [/home/adam/Dev/omega-spiral/chapter-zero/OmegaSpiral.csproj]
     1>/home/adam/Dev/omega-spiral/chapter-zero/Tests/SaveLoadTests.cs(213,46): error CS0103: The name 'DreamweaverType' does not exist in the current context [/home/adam/Dev/omega-spiral/chapter-zero/OmegaSpiral.csproj]
     1>/home/adam/Dev/omega-spiral/chapter-zero/Tests/SaveLoadTests.cs(214,47): error CS0103: The name 'DreamweaverType' does not exist in the current context [/home/adam/Dev/omega-spiral/chapter-zero/OmegaSpiral.csproj]
     1>/home/adam/Dev/omega-spiral/chapter-zero/Tests/SaveLoadTests.cs(212,16): error CS0117: 'Assert' does not contain a definition for 'AreEqual' [/home/adam/Dev/omega-spiral/chapter-zero/OmegaSpiral.csproj]
     1>/home/adam/Dev/omega-spiral/chapter-zero/Tests/SaveLoadTests.cs(217,46): error CS0103: The name 'DreamweaverType' does not exist in the current context [/home/adam/Dev/omega-spiral/chapter-zero/OmegaSpiral.csproj]
     1>/home/adam/Dev/omega-spiral/chapter-zero/Tests/SaveLoadTests.cs(218,47): error CS0103: The name 'DreamweaverType' does not exist in the current context [/home/adam/Dev/omega-spiral/chapter-zero/OmegaSpiral.csproj]
     1>/home/adam/Dev/omega-spiral/chapter-zero/Tests/SaveLoadTests.cs(216,16): error CS0117: 'Assert' does not contain a definition for 'AreEqual' [/home/adam/Dev/omega-spiral/chapter-zero/OmegaSpiral.csproj]
     1>/home/adam/Dev/omega-spiral/chapter-zero/Tests/SaveLoadTests.cs(221,46): error CS0103: The name 'DreamweaverType' does not exist in the current context [/home/adam/Dev/omega-spiral/chapter-zero/OmegaSpiral.csproj]
     1>/home/adam/Dev/omega-spiral/chapter-zero/Tests/SaveLoadTests.cs(222,47): error CS0103: The name 'DreamweaverType' does not exist in the current context [/home/adam/Dev/omega-spiral/chapter-zero/OmegaSpiral.csproj]
     1>/home/adam/Dev/omega-spiral/chapter-zero/Tests/SaveLoadTests.cs(220,16): error CS0117: 'Assert' does not contain a definition for 'AreEqual' [/home/adam/Dev/omega-spiral/chapter-zero/OmegaSpiral.csproj]
     1>/home/adam/Dev/omega-spiral/chapter-zero/Tests/SaveLoadTests.cs(243,16): error CS0117: 'Assert' does not contain a definition for 'AreEqual' [/home/adam/Dev/omega-spiral/chapter-zero/OmegaSpiral.csproj]
     1>/home/adam/Dev/omega-spiral/chapter-zero/Tests/SaveLoadTests.cs(244,16): error CS0117: 'Assert' does not contain a definition for 'AreEqual' [/home/adam/Dev/omega-spiral/chapter-zero/OmegaSpiral.csproj]
     1>/home/adam/Dev/omega-spiral/chapter-zero/Source/Scripts/field/gamepieces/GamepieceRegistry.cs(39,37): error CS8618: Non-nullable property 'Instance' must contain a non-null value when exiting constructor. Consider adding the 'required' modifier or declaring the property as nullable. [/home/adam/Dev/omega-spiral/chapter-zero/OmegaSpiral.csproj]
     1>/home/adam/Dev/omega-spiral/chapter-zero/Source/Scripts/field/ui/inventory/UIInventoryItem.cs(21,19): error CS8618: Non-nullable field 'countLabel' must contain a non-null value when exiting constructor. Consider adding the 'required' modifier or declaring the field as nullable. [/home/adam/Dev/omega-spiral/chapter-zero/OmegaSpiral.csproj]
     1>/home/adam/Dev/omega-spiral/chapter-zero/Source/Scripts/combat/ui/UICombatLog.cs(173,54): error CS1061: 'BattlerAction' does not contain a definition for 'Name' and no accessible extension method 'Name' accepting a first argument of type 'BattlerAction' could be found (are you missing a using directive or an assembly reference?) [/home/adam/Dev/omega-spiral/chapter-zero/OmegaSpiral.csproj]
     1>/home/adam/Dev/omega-spiral/chapter-zero/Source/Scripts/common/DialogicIntegration.cs(80,17): error CS0019: Operator '!=' cannot be applied to operands of type 'Variant' and '<null>' [/home/adam/Dev/omega-spiral/chapter-zero/OmegaSpiral.csproj]
     1>/home/adam/Dev/omega-spiral/chapter-zero/Source/Scripts/common/DialogicIntegration.cs(82,36): error CS1061: 'Variant' does not contain a definition for 'Call' and no accessible extension method 'Call' accepting a first argument of type 'Variant' could be found (are you missing a using directive or an assembly reference?) [/home/adam/Dev/omega-spiral/chapter-zero/OmegaSpiral.csproj]
     1>/home/adam/Dev/omega-spiral/chapter-zero/Source/Scripts/common/DialogicIntegration.cs(94,17): error CS0019: Operator '!=' cannot be applied to operands of type 'Variant' and '<null>' [/home/adam/Dev/omega-spiral/chapter-zero/OmegaSpiral.csproj]
     1>/home/adam/Dev/omega-spiral/chapter-zero/Source/Scripts/common/DialogicIntegration.cs(96,43): error CS1061: 'Variant' does not contain a definition for 'Call' and no accessible extension method 'Call' accepting a first argument of type 'Variant' could be found (are you missing a using directive or an assembly reference?) [/home/adam/Dev/omega-spiral/chapter-zero/OmegaSpiral.csproj]
     1>/home/adam/Dev/omega-spiral/chapter-zero/Source/Scripts/common/DialogicIntegration.cs(177,35): error CS1998: This async method lacks 'await' operators and will run synchronously. Consider using the 'await' operator to await non-blocking API calls, or 'await Task.Run(...)' to do CPU-bound work on a background thread. [/home/adam/Dev/omega-spiral/chapter-zero/OmegaSpiral.csproj]
     1>/home/adam/Dev/omega-spiral/chapter-zero/Source/Scripts/common/Music.cs(210,20): error CS8603: Possible null reference return. [/home/adam/Dev/omega-spiral/chapter-zero/OmegaSpiral.csproj]
     1>/home/adam/Dev/omega-spiral/chapter-zero/Source/Scripts/common/Music.cs(281,17): error CS0266: Cannot implicitly convert type 'double' to 'float'. An explicit conversion exists (are you missing a cast?) [/home/adam/Dev/omega-spiral/chapter-zero/OmegaSpiral.csproj]
     1>/home/adam/Dev/omega-spiral/chapter-zero/Source/Scripts/combat/ui/UICombatLog.cs(27,31): error CS8618: Non-nullable field 'logContainer' must contain a non-null value when exiting constructor. Consider adding the 'required' modifier or declaring the field as nullable. [/home/adam/Dev/omega-spiral/chapter-zero/OmegaSpiral.csproj]
     1>/home/adam/Dev/omega-spiral/chapter-zero/Source/Scripts/common/Music.cs(57,35): error CS8618: Non-nullable field 'currentMusicPlayer' must contain a non-null value when exiting constructor. Consider adding the 'required' modifier or declaring the field as nullable. [/home/adam/Dev/omega-spiral/chapter-zero/OmegaSpiral.csproj]
     1>/home/adam/Dev/omega-spiral/chapter-zero/Source/Scripts/common/Music.cs(62,35): error CS8618: Non-nullable field 'nextMusicPlayer' must contain a non-null value when exiting constructor. Consider adding the 'required' modifier or declaring the field as nullable. [/home/adam/Dev/omega-spiral/chapter-zero/OmegaSpiral.csproj]
     1>/home/adam/Dev/omega-spiral/chapter-zero/Source/Scripts/common/Music.cs(67,35): error CS8618: Non-nullable field 'sfxPlayer' must contain a non-null value when exiting constructor. Consider adding the 'required' modifier or declaring the field as nullable. [/home/adam/Dev/omega-spiral/chapter-zero/OmegaSpiral.csproj]
     1>/home/adam/Dev/omega-spiral/chapter-zero/Source/Scripts/common/Music.cs(77,29): error CS8618: Non-nullable field 'crossfadeTimer' must contain a non-null value when exiting constructor. Consider adding the 'required' modifier or declaring the field as nullable. [/home/adam/Dev/omega-spiral/chapter-zero/OmegaSpiral.csproj]
     1>/home/adam/Dev/omega-spiral/chapter-zero/Source/Scripts/common/Music.cs(22,29): error CS8618: Non-nullable property 'Instance' must contain a non-null value when exiting constructor. Consider adding the 'required' modifier or declaring the property as nullable. [/home/adam/Dev/omega-spiral/chapter-zero/OmegaSpiral.csproj]
     1>/home/adam/Dev/omega-spiral/chapter-zero/Source/Scripts/field/narrative/DreamweaverPersona.cs(369,57): error CS1503: Argument 2: cannot convert from 'System.StringComparison' to 'int' [/home/adam/Dev/omega-spiral/chapter-zero/OmegaSpiral.csproj]
     1>/home/adam/Dev/omega-spiral/chapter-zero/Source/Scripts/field/narrative/DreamweaverPersona.cs(373,35): error CS0246: The type or namespace name 'JsonSerializerOptions' could not be found (are you missing a using directive or an assembly reference?) [/home/adam/Dev/omega-spiral/chapter-zero/OmegaSpiral.csproj]
     1>/home/adam/Dev/omega-spiral/chapter-zero/Source/Scripts/field/narrative/DreamweaverPersona.cs(374,37): error CS0103: The name 'JsonSerializer' does not exist in the current context [/home/adam/Dev/omega-spiral/chapter-zero/OmegaSpiral.csproj]
     1>CSC : error CA9998: FxCopAnalyzers package has been deprecated in favor of 'Microsoft.CodeAnalysis.NetAnalyzers', that ships with the .NET SDK. Please refer to https://docs.microsoft.com/visualstudio/code-quality/migrate-from-fxcop-analyzers-to-net-analyzers to migrate to .NET analyzers. (https://docs.microsoft.com/visualstudio/code-quality/migrate-from-fxcop-analyzers-to-net-analyzers) [/home/adam/Dev/omega-spiral/chapter-zero/OmegaSpiral.csproj]
     1>CSC : error CA1016: Mark assemblies with assembly version (https://docs.microsoft.com/dotnet/fundamentals/code-analysis/quality-rules/ca1016) [/home/adam/Dev/omega-spiral/chapter-zero/OmegaSpiral.csproj]
     1>CSC : error CA9998: FxCopAnalyzers package has been deprecated in favor of 'Microsoft.CodeAnalysis.NetAnalyzers', that ships with the .NET SDK. Please refer to https://docs.microsoft.com/visualstudio/code-quality/migrate-from-fxcop-analyzers-to-net-analyzers to migrate to .NET analyzers. (https://docs.microsoft.com/visualstudio/code-quality/migrate-from-fxcop-analyzers-to-net-analyzers) [/home/adam/Dev/omega-spiral/chapter-zero/OmegaSpiral.csproj]
     1>CSC : error CA9998: FxCopAnalyzers package has been deprecated in favor of 'Microsoft.CodeAnalysis.NetAnalyzers', that ships with the .NET SDK. Please refer to https://docs.microsoft.com/visualstudio/code-quality/migrate-from-fxcop-analyzers-to-net-analyzers to migrate to .NET analyzers. (https://docs.microsoft.com/visualstudio/code-quality/migrate-from-fxcop-analyzers-to-net-analyzers) [/home/adam/Dev/omega-spiral/chapter-zero/OmegaSpiral.csproj]
     1>/home/adam/Dev/omega-spiral/chapter-zero/Source/Scripts/field/DungeonSequenceData.cs(116,22): error CA2227: Change 'YamlPlayerStartPosition' to be read-only by removing the property setter (https://docs.microsoft.com/dotnet/fundamentals/code-analysis/quality-rules/ca2227) [/home/adam/Dev/omega-spiral/chapter-zero/OmegaSpiral.csproj]
     1>/home/adam/Dev/omega-spiral/chapter-zero/Source/Scripts/common/music/MusicPlayer.cs(9,22): error SA1601: Partial elements should be documented (https://github.com/DotNetAnalyzers/StyleCopAnalyzers/blob/master/documentation/SA1601.md) [/home/adam/Dev/omega-spiral/chapter-zero/OmegaSpiral.csproj]
     1>/home/adam/Dev/omega-spiral/chapter-zero/Source/Scripts/combat/ui/battler_entry/UIEnergyBar.cs(35,17): error SA1201: A field should not follow a property (https://github.com/DotNetAnalyzers/StyleCopAnalyzers/blob/master/documentation/SA1201.md) [/home/adam/Dev/omega-spiral/chapter-zero/OmegaSpiral.csproj]
     1>/home/adam/Dev/omega-spiral/chapter-zero/Source/Scripts/combat/ui/battler_entry/UIEnergyBar.cs(69,17): error SA1201: A field should not follow a property (https://github.com/DotNetAnalyzers/StyleCopAnalyzers/blob/master/documentation/SA1201.md) [/home/adam/Dev/omega-spiral/chapter-zero/OmegaSpiral.csproj]
     1>/home/adam/Dev/omega-spiral/chapter-zero/Source/Scripts/field/narrative/DreamweaverPersona.cs(5,1): error SA1200: Using directive should appear within a namespace declaration (https://github.com/DotNetAnalyzers/StyleCopAnalyzers/blob/master/documentation/SA1200.md) [/home/adam/Dev/omega-spiral/chapter-zero/OmegaSpiral.csproj]
     1>/home/adam/Dev/omega-spiral/chapter-zero/Source/Scripts/field/narrative/DreamweaverPersona.cs(6,1): error SA1200: Using directive should appear within a namespace declaration (https://github.com/DotNetAnalyzers/StyleCopAnalyzers/blob/master/documentation/SA1200.md) [/home/adam/Dev/omega-spiral/chapter-zero/OmegaSpiral.csproj]
     1>/home/adam/Dev/omega-spiral/chapter-zero/Source/Scripts/field/narrative/DreamweaverPersona.cs(7,1): error SA1200: Using directive should appear within a namespace declaration (https://github.com/DotNetAnalyzers/StyleCopAnalyzers/blob/master/documentation/SA1200.md) [/home/adam/Dev/omega-spiral/chapter-zero/OmegaSpiral.csproj]
     1>/home/adam/Dev/omega-spiral/chapter-zero/Source/Scripts/field/narrative/DreamweaverPersona.cs(8,1): error SA1200: Using directive should appear within a namespace declaration (https://github.com/DotNetAnalyzers/StyleCopAnalyzers/blob/master/documentation/SA1200.md) [/home/adam/Dev/omega-spiral/chapter-zero/OmegaSpiral.csproj]
     1>/home/adam/Dev/omega-spiral/chapter-zero/Source/Scripts/field/narrative/DreamweaverPersona.cs(9,1): error SA1200: Using directive should appear within a namespace declaration (https://github.com/DotNetAnalyzers/StyleCopAnalyzers/blob/master/documentation/SA1200.md) [/home/adam/Dev/omega-spiral/chapter-zero/OmegaSpiral.csproj]
     1>/home/adam/Dev/omega-spiral/chapter-zero/Source/Scripts/field/narrative/DreamweaverPersona.cs(10,1): error SA1200: Using directive should appear within a namespace declaration (https://github.com/DotNetAnalyzers/StyleCopAnalyzers/blob/master/documentation/SA1200.md) [/home/adam/Dev/omega-spiral/chapter-zero/OmegaSpiral.csproj]
     1>/home/adam/Dev/omega-spiral/chapter-zero/Source/Scripts/field/narrative/DreamweaverPersona.cs(11,1): error SA1200: Using directive should appear within a namespace declaration (https://github.com/DotNetAnalyzers/StyleCopAnalyzers/blob/master/documentation/SA1200.md) [/home/adam/Dev/omega-spiral/chapter-zero/OmegaSpiral.csproj]
     1>/home/adam/Dev/omega-spiral/chapter-zero/Source/Scripts/field/DungeonSequenceData.cs(184,22): error CA2227: Change 'YamlPosition' to be read-only by removing the property setter (https://docs.microsoft.com/dotnet/fundamentals/code-analysis/quality-rules/ca2227) [/home/adam/Dev/omega-spiral/chapter-zero/OmegaSpiral.csproj]
     1>/home/adam/Dev/omega-spiral/chapter-zero/Source/Scripts/field/narrative/DreamweaverSystem.cs(5,1): error SA1200: Using directive should appear within a namespace declaration (https://github.com/DotNetAnalyzers/StyleCopAnalyzers/blob/master/documentation/SA1200.md) [/home/adam/Dev/omega-spiral/chapter-zero/OmegaSpiral.csproj]
     1>/home/adam/Dev/omega-spiral/chapter-zero/Source/Scripts/field/narrative/DreamweaverSystem.cs(6,1): error SA1200: Using directive should appear within a namespace declaration (https://github.com/DotNetAnalyzers/StyleCopAnalyzers/blob/master/documentation/SA1200.md) [/home/adam/Dev/omega-spiral/chapter-zero/OmegaSpiral.csproj]
     1>/home/adam/Dev/omega-spiral/chapter-zero/Source/Scripts/field/narrative/DreamweaverSystem.cs(7,1): error SA1200: Using directive should appear within a namespace declaration (https://github.com/DotNetAnalyzers/StyleCopAnalyzers/blob/master/documentation/SA1200.md) [/home/adam/Dev/omega-spiral/chapter-zero/OmegaSpiral.csproj]
     1>/home/adam/Dev/omega-spiral/chapter-zero/Source/Scripts/field/narrative/DreamweaverSystem.cs(8,1): error SA1200: Using directive should appear within a namespace declaration (https://github.com/DotNetAnalyzers/StyleCopAnalyzers/blob/master/documentation/SA1200.md) [/home/adam/Dev/omega-spiral/chapter-zero/OmegaSpiral.csproj]
     1>/home/adam/Dev/omega-spiral/chapter-zero/Source/Scripts/field/narrative/DreamweaverSystem.cs(9,1): error SA1200: Using directive should appear within a namespace declaration (https://github.com/DotNetAnalyzers/StyleCopAnalyzers/blob/master/documentation/SA1200.md) [/home/adam/Dev/omega-spiral/chapter-zero/OmegaSpiral.csproj]
     1>/home/adam/Dev/omega-spiral/chapter-zero/Source/Scripts/field/narrative/DreamweaverSystem.cs(10,1): error SA1200: Using directive should appear within a namespace declaration (https://github.com/DotNetAnalyzers/StyleCopAnalyzers/blob/master/documentation/SA1200.md) [/home/adam/Dev/omega-spiral/chapter-zero/OmegaSpiral.csproj]
     1>/home/adam/Dev/omega-spiral/chapter-zero/Source/Scripts/field/narrative/DreamweaverSystem.cs(11,1): error SA1200: Using directive should appear within a namespace declaration (https://github.com/DotNetAnalyzers/StyleCopAnalyzers/blob/master/documentation/SA1200.md) [/home/adam/Dev/omega-spiral/chapter-zero/OmegaSpiral.csproj]
     1>/home/adam/Dev/omega-spiral/chapter-zero/Source/overworld/maps/forest/GameEndTrigger.cs(28,24): error SA1201: A field should not follow a property (https://github.com/DotNetAnalyzers/StyleCopAnalyzers/blob/master/documentation/SA1201.md) [/home/adam/Dev/omega-spiral/chapter-zero/OmegaSpiral.csproj]
     1>/home/adam/Dev/omega-spiral/chapter-zero/Source/Scripts/combat/ui/battler_entry/UIEnergyPoint.cs(21,25): error SA1203: Constant fields should appear before non-constant fields (https://github.com/DotNetAnalyzers/StyleCopAnalyzers/blob/master/documentation/SA1203.md) [/home/adam/Dev/omega-spiral/chapter-zero/OmegaSpiral.csproj]
     1>/home/adam/Dev/omega-spiral/chapter-zero/Source/overworld/maps/house/WandPedestalInteraction.cs(56,17): error SA1201: A field should not follow a property (https://github.com/DotNetAnalyzers/StyleCopAnalyzers/blob/master/documentation/SA1201.md) [/home/adam/Dev/omega-spiral/chapter-zero/OmegaSpiral.csproj]
     1>/home/adam/Dev/omega-spiral/chapter-zero/Source/Scripts/combat/actors/CombatTurnQueue.cs(10,22): error SA1601: Partial elements should be documented (https://github.com/DotNetAnalyzers/StyleCopAnalyzers/blob/master/documentation/SA1601.md) [/home/adam/Dev/omega-spiral/chapter-zero/OmegaSpiral.csproj]
     1>/home/adam/Dev/omega-spiral/chapter-zero/Source/Scripts/combat/actors/CombatTurnQueue.cs(24,17): error SA1201: A field should not follow a property (https://github.com/DotNetAnalyzers/StyleCopAnalyzers/blob/master/documentation/SA1201.md) [/home/adam/Dev/omega-spiral/chapter-zero/OmegaSpiral.csproj]
     1>/home/adam/Dev/omega-spiral/chapter-zero/Source/Scripts/combat/actors/CombatTurnQueue.cs(141,28): error SA1202: 'public' members should come before 'private' members (https://github.com/DotNetAnalyzers/StyleCopAnalyzers/blob/master/documentation/SA1202.md) [/home/adam/Dev/omega-spiral/chapter-zero/OmegaSpiral.csproj]
     1>/home/adam/Dev/omega-spiral/chapter-zero/Source/Scripts/combat/ui/battler_entry/UIPlayerBattlerList.cs(64,26): error SA1202: 'public' members should come before 'private' members (https://github.com/DotNetAnalyzers/StyleCopAnalyzers/blob/master/documentation/SA1202.md) [/home/adam/Dev/omega-spiral/chapter-zero/OmegaSpiral.csproj]
     1>/home/adam/Dev/omega-spiral/chapter-zero/Source/Scripts/combat/ui/battler_entry/UIPlayerBattlerList.cs(22,26): error CA2227: Change 'Battlers' to be read-only by removing the property setter (https://docs.microsoft.com/dotnet/fundamentals/code-analysis/quality-rules/ca2227) [/home/adam/Dev/omega-spiral/chapter-zero/OmegaSpiral.csproj]
     1>/home/adam/Dev/omega-spiral/chapter-zero/Source/Scripts/combat/actors/CombatTurnQueue.cs(16,52): error SA1611: The documentation for parameter 'hasPlayerWon' is missing (https://github.com/DotNetAnalyzers/StyleCopAnalyzers/blob/master/documentation/SA1611.md) [/home/adam/Dev/omega-spiral/chapter-zero/OmegaSpiral.csproj]
     1>/home/adam/Dev/omega-spiral/chapter-zero/Source/Scripts/field/FieldCamera.cs(34,23): error SA1201: A field should not follow a property (https://github.com/DotNetAnalyzers/StyleCopAnalyzers/blob/master/documentation/SA1201.md) [/home/adam/Dev/omega-spiral/chapter-zero/OmegaSpiral.csproj]
     1>/home/adam/Dev/omega-spiral/chapter-zero/Source/Scripts/field/Interaction.cs(207,28): error SA1202: 'protected' members should come before 'private' members (https://github.com/DotNetAnalyzers/StyleCopAnalyzers/blob/master/documentation/SA1202.md) [/home/adam/Dev/omega-spiral/chapter-zero/OmegaSpiral.csproj]
     1>/home/adam/Dev/omega-spiral/chapter-zero/Source/Scripts/combat/CombatSceneData.cs(55,18): error SA1402: File may only contain a single type (https://github.com/DotNetAnalyzers/StyleCopAnalyzers/blob/master/documentation/SA1402.md) [/home/adam/Dev/omega-spiral/chapter-zero/OmegaSpiral.csproj]
     1>/home/adam/Dev/omega-spiral/chapter-zero/Source/Scripts/combat/CombatSceneData.cs(103,18): error SA1402: File may only contain a single type (https://github.com/DotNetAnalyzers/StyleCopAnalyzers/blob/master/documentation/SA1402.md) [/home/adam/Dev/omega-spiral/chapter-zero/OmegaSpiral.csproj]
     1>/home/adam/Dev/omega-spiral/chapter-zero/Source/Scripts/combat/ui/cursors/UIBattlerTargetCursor.cs(40,27): error SA1201: A field should not follow a property (https://github.com/DotNetAnalyzers/StyleCopAnalyzers/blob/master/documentation/SA1201.md) [/home/adam/Dev/omega-spiral/chapter-zero/OmegaSpiral.csproj]
     1>/home/adam/Dev/omega-spiral/chapter-zero/Source/Scripts/combat/ui/cursors/UIBattlerTargetCursor.cs(112,21): error SA1201: A field should not follow a property (https://github.com/DotNetAnalyzers/StyleCopAnalyzers/blob/master/documentation/SA1201.md) [/home/adam/Dev/omega-spiral/chapter-zero/OmegaSpiral.csproj]
     1>/home/adam/Dev/omega-spiral/chapter-zero/Source/Scripts/combat/ui/cursors/UIBattlerTargetCursor.cs(133,26): error SA1201: A field should not follow a property (https://github.com/DotNetAnalyzers/StyleCopAnalyzers/blob/master/documentation/SA1201.md) [/home/adam/Dev/omega-spiral/chapter-zero/OmegaSpiral.csproj]
     1>/home/adam/Dev/omega-spiral/chapter-zero/Source/Scripts/combat/ui/cursors/UIBattlerTargetCursor.cs(45,26): error CA2227: Change 'Targets' to be read-only by removing the property setter (https://docs.microsoft.com/dotnet/fundamentals/code-analysis/quality-rules/ca2227) [/home/adam/Dev/omega-spiral/chapter-zero/OmegaSpiral.csproj]
     1>/home/adam/Dev/omega-spiral/chapter-zero/Source/Scripts/combat/ui/cursors/UIBattlerTargetCursor.cs(114,20): error SA1600: Elements should be documented (https://github.com/DotNetAnalyzers/StyleCopAnalyzers/blob/master/documentation/SA1600.md) [/home/adam/Dev/omega-spiral/chapter-zero/OmegaSpiral.csproj]
     1>/home/adam/Dev/omega-spiral/chapter-zero/Source/Scripts/combat/ui/cursors/UIBattlerTargetCursor.cs(31,87): error SA1611: The documentation for parameter 'selection' is missing (https://github.com/DotNetAnalyzers/StyleCopAnalyzers/blob/master/documentation/SA1611.md) [/home/adam/Dev/omega-spiral/chapter-zero/OmegaSpiral.csproj]
     1>/home/adam/Dev/omega-spiral/chapter-zero/Source/overworld/maps/town/ConversationEncounter.cs(99,32): error SA1202: 'public' members should come before 'protected' members (https://github.com/DotNetAnalyzers/StyleCopAnalyzers/blob/master/documentation/SA1202.md) [/home/adam/Dev/omega-spiral/chapter-zero/OmegaSpiral.csproj]
     1>/home/adam/Dev/omega-spiral/chapter-zero/Source/Scripts/field/FieldEvents.cs(24,63): error SA1611: The documentation for parameter 'cell' is missing (https://github.com/DotNetAnalyzers/StyleCopAnalyzers/blob/master/documentation/SA1611.md) [/home/adam/Dev/omega-spiral/chapter-zero/OmegaSpiral.csproj]
     1>/home/adam/Dev/omega-spiral/chapter-zero/Source/Scripts/field/FieldEvents.cs(23,96): error SA1404: Code analysis suppression should have justification (https://github.com/DotNetAnalyzers/StyleCopAnalyzers/blob/master/documentation/SA1404.md) [/home/adam/Dev/omega-spiral/chapter-zero/OmegaSpiral.csproj]
     1>/home/adam/Dev/omega-spiral/chapter-zero/Source/Scripts/field/FieldEvents.cs(31,60): error SA1611: The documentation for parameter 'cell' is missing (https://github.com/DotNetAnalyzers/StyleCopAnalyzers/blob/master/documentation/SA1611.md) [/home/adam/Dev/omega-spiral/chapter-zero/OmegaSpiral.csproj]
     1>/home/adam/Dev/omega-spiral/chapter-zero/Source/Scripts/field/FieldEvents.cs(30,96): error SA1404: Code analysis suppression should have justification (https://github.com/DotNetAnalyzers/StyleCopAnalyzers/blob/master/documentation/SA1404.md) [/home/adam/Dev/omega-spiral/chapter-zero/OmegaSpiral.csproj]
     1>/home/adam/Dev/omega-spiral/chapter-zero/Source/Scripts/field/FieldEvents.cs(38,70): error SA1611: The documentation for parameter 'interaction' is missing (https://github.com/DotNetAnalyzers/StyleCopAnalyzers/blob/master/documentation/SA1611.md) [/home/adam/Dev/omega-spiral/chapter-zero/OmegaSpiral.csproj]
     1>/home/adam/Dev/omega-spiral/chapter-zero/Source/Scripts/field/FieldEvents.cs(37,96): error SA1404: Code analysis suppression should have justification (https://github.com/DotNetAnalyzers/StyleCopAnalyzers/blob/master/documentation/SA1404.md) [/home/adam/Dev/omega-spiral/chapter-zero/OmegaSpiral.csproj]
     1>/home/adam/Dev/omega-spiral/chapter-zero/Source/Scripts/field/Map.cs(48,26): error SA1202: 'public' members should come before 'private' members (https://github.com/DotNetAnalyzers/StyleCopAnalyzers/blob/master/documentation/SA1202.md) [/home/adam/Dev/omega-spiral/chapter-zero/OmegaSpiral.csproj]
     1>/home/adam/Dev/omega-spiral/chapter-zero/Source/Scripts/field/FieldEvents.cs(46,66): error SA1611: The documentation for parameter 'arena' is missing (https://github.com/DotNetAnalyzers/StyleCopAnalyzers/blob/master/documentation/SA1611.md) [/home/adam/Dev/omega-spiral/chapter-zero/OmegaSpiral.csproj]
     1>/home/adam/Dev/omega-spiral/chapter-zero/Source/Scripts/field/FieldEvents.cs(45,96): error SA1404: Code analysis suppression should have justification (https://github.com/DotNetAnalyzers/StyleCopAnalyzers/blob/master/documentation/SA1404.md) [/home/adam/Dev/omega-spiral/chapter-zero/OmegaSpiral.csproj]
     1>/home/adam/Dev/omega-spiral/chapter-zero/Source/Scripts/combat/battlers/Battler.cs(69,25): error SA1201: A field should not follow a delegate (https://github.com/DotNetAnalyzers/StyleCopAnalyzers/blob/master/documentation/SA1201.md) [/home/adam/Dev/omega-spiral/chapter-zero/OmegaSpiral.csproj]
     1>/home/adam/Dev/omega-spiral/chapter-zero/Source/Scripts/combat/battlers/Battler.cs(84,25): error SA1201: A field should not follow a property (https://github.com/DotNetAnalyzers/StyleCopAnalyzers/blob/master/documentation/SA1201.md) [/home/adam/Dev/omega-spiral/chapter-zero/OmegaSpiral.csproj]
     1>/home/adam/Dev/omega-spiral/chapter-zero/Source/Scripts/combat/battlers/Battler.cs(142,25): error SA1201: A field should not follow a method (https://github.com/DotNetAnalyzers/StyleCopAnalyzers/blob/master/documentation/SA1201.md) [/home/adam/Dev/omega-spiral/chapter-zero/OmegaSpiral.csproj]
     1>/home/adam/Dev/omega-spiral/chapter-zero/Source/Scripts/combat/battlers/Battler.cs(189,25): error SA1201: A field should not follow a property (https://github.com/DotNetAnalyzers/StyleCopAnalyzers/blob/master/documentation/SA1201.md) [/home/adam/Dev/omega-spiral/chapter-zero/OmegaSpiral.csproj]
     1>/home/adam/Dev/omega-spiral/chapter-zero/Source/Scripts/combat/battlers/Battler.cs(239,18): error SA1201: A field should not follow a method (https://github.com/DotNetAnalyzers/StyleCopAnalyzers/blob/master/documentation/SA1201.md) [/home/adam/Dev/omega-spiral/chapter-zero/OmegaSpiral.csproj]
     1>/home/adam/Dev/omega-spiral/chapter-zero/Source/Scripts/combat/battlers/Battler.cs(276,18): error SA1201: A field should not follow a property (https://github.com/DotNetAnalyzers/StyleCopAnalyzers/blob/master/documentation/SA1201.md) [/home/adam/Dev/omega-spiral/chapter-zero/OmegaSpiral.csproj]
     1>/home/adam/Dev/omega-spiral/chapter-zero/Source/Scripts/combat/battlers/Battler.cs(291,19): error SA1201: A field should not follow a property (https://github.com/DotNetAnalyzers/StyleCopAnalyzers/blob/master/documentation/SA1201.md) [/home/adam/Dev/omega-spiral/chapter-zero/OmegaSpiral.csproj]
     1>/home/adam/Dev/omega-spiral/chapter-zero/Source/Scripts/combat/battlers/Battler.cs(302,18): error SA1201: A field should not follow a property (https://github.com/DotNetAnalyzers/StyleCopAnalyzers/blob/master/documentation/SA1201.md) [/home/adam/Dev/omega-spiral/chapter-zero/OmegaSpiral.csproj]
     1>/home/adam/Dev/omega-spiral/chapter-zero/Source/Scripts/combat/battlers/Battler.cs(322,18): error SA1201: A field should not follow a property (https://github.com/DotNetAnalyzers/StyleCopAnalyzers/blob/master/documentation/SA1201.md) [/home/adam/Dev/omega-spiral/chapter-zero/OmegaSpiral.csproj]
     1>/home/adam/Dev/omega-spiral/chapter-zero/Source/Scripts/combat/battlers/Battler.cs(340,19): error SA1201: A field should not follow a property (https://github.com/DotNetAnalyzers/StyleCopAnalyzers/blob/master/documentation/SA1201.md) [/home/adam/Dev/omega-spiral/chapter-zero/OmegaSpiral.csproj]
     1>/home/adam/Dev/omega-spiral/chapter-zero/Source/Scripts/combat/battlers/Battler.cs(427,17): error SA1202: 'public' members should come before 'private' members (https://github.com/DotNetAnalyzers/StyleCopAnalyzers/blob/master/documentation/SA1202.md) [/home/adam/Dev/omega-spiral/chapter-zero/OmegaSpiral.csproj]
     1>/home/adam/Dev/omega-spiral/chapter-zero/Source/Scripts/field/FieldEvents.cs(53,96): error SA1404: Code analysis suppression should have justification (https://github.com/DotNetAnalyzers/StyleCopAnalyzers/blob/master/documentation/SA1404.md) [/home/adam/Dev/omega-spiral/chapter-zero/OmegaSpiral.csproj]
     1>/home/adam/Dev/omega-spiral/chapter-zero/Source/Scripts/combat/battlers/Battler.cs(82,28): error CA1819: Properties should not return arrays (https://docs.microsoft.com/dotnet/fundamentals/code-analysis/quality-rules/ca1819) [/home/adam/Dev/omega-spiral/chapter-zero/OmegaSpiral.csproj]
     1>/home/adam/Dev/omega-spiral/chapter-zero/Source/Scripts/field/FieldEvents.cs(60,96): error SA1404: Code analysis suppression should have justification (https://github.com/DotNetAnalyzers/StyleCopAnalyzers/blob/master/documentation/SA1404.md) [/home/adam/Dev/omega-spiral/chapter-zero/OmegaSpiral.csproj]
     1>/home/adam/Dev/omega-spiral/chapter-zero/Source/Scripts/field/FieldEvents.cs(69,55): error SA1611: The documentation for parameter 'isPaused' is missing (https://github.com/DotNetAnalyzers/StyleCopAnalyzers/blob/master/documentation/SA1611.md) [/home/adam/Dev/omega-spiral/chapter-zero/OmegaSpiral.csproj]
     1>/home/adam/Dev/omega-spiral/chapter-zero/Source/Scripts/field/FieldEvents.cs(68,96): error SA1404: Code analysis suppression should have justification (https://github.com/DotNetAnalyzers/StyleCopAnalyzers/blob/master/documentation/SA1404.md) [/home/adam/Dev/omega-spiral/chapter-zero/OmegaSpiral.csproj]
     1>/home/adam/Dev/omega-spiral/chapter-zero/Source/Scripts/field/narrative/DialogueChoice.cs(37,12): error SA1201: A constructor should not follow a property (https://github.com/DotNetAnalyzers/StyleCopAnalyzers/blob/master/documentation/SA1201.md) [/home/adam/Dev/omega-spiral/chapter-zero/OmegaSpiral.csproj]
     1>/home/adam/Dev/omega-spiral/chapter-zero/Source/overworld/maps/town/DoorUnlockInteraction.cs(21,30): error SA1201: A field should not follow a property (https://github.com/DotNetAnalyzers/StyleCopAnalyzers/blob/master/documentation/SA1201.md) [/home/adam/Dev/omega-spiral/chapter-zero/OmegaSpiral.csproj]
     1>/home/adam/Dev/omega-spiral/chapter-zero/Source/Scripts/field/narrative/DreamweaverChoice.cs(45,45): error CA2227: Change 'AlignmentBonus' to be read-only by removing the property setter (https://docs.microsoft.com/dotnet/fundamentals/code-analysis/quality-rules/ca2227) [/home/adam/Dev/omega-spiral/chapter-zero/OmegaSpiral.csproj]
     1>/home/adam/Dev/omega-spiral/chapter-zero/Source/Scripts/combat/battlers/Battler.cs(39,54): error SA1611: The documentation for parameter 'value' is missing (https://github.com/DotNetAnalyzers/StyleCopAnalyzers/blob/master/documentation/SA1611.md) [/home/adam/Dev/omega-spiral/chapter-zero/OmegaSpiral.csproj]
     1>/home/adam/Dev/omega-spiral/chapter-zero/Source/Scripts/combat/battlers/Battler.cs(51,61): error SA1611: The documentation for parameter 'newValue' is missing (https://github.com/DotNetAnalyzers/StyleCopAnalyzers/blob/master/documentation/SA1611.md) [/home/adam/Dev/omega-spiral/chapter-zero/OmegaSpiral.csproj]
     1>/home/adam/Dev/omega-spiral/chapter-zero/Source/Scripts/field/narrative/NarrativeSceneData.cs(25,25): error CA2227: Change 'OpeningLines' to be read-only by removing the property setter (https://docs.microsoft.com/dotnet/fundamentals/code-analysis/quality-rules/ca2227) [/home/adam/Dev/omega-spiral/chapter-zero/OmegaSpiral.csproj]
     1>/home/adam/Dev/omega-spiral/chapter-zero/Source/Scripts/field/narrative/NarrativeSceneData.cs(37,29): error CA2227: Change 'StoryBlocks' to be read-only by removing the property setter (https://docs.microsoft.com/dotnet/fundamentals/code-analysis/quality-rules/ca2227) [/home/adam/Dev/omega-spiral/chapter-zero/OmegaSpiral.csproj]
     1>/home/adam/Dev/omega-spiral/chapter-zero/Source/Scripts/combat/battlers/Battler.cs(64,60): error SA1611: The documentation for parameter 'value' is missing (https://github.com/DotNetAnalyzers/StyleCopAnalyzers/blob/master/documentation/SA1611.md) [/home/adam/Dev/omega-spiral/chapter-zero/OmegaSpiral.csproj]
     1>/home/adam/Dev/omega-spiral/chapter-zero/Source/Scripts/field/narrative/NarrativeSceneData.cs(75,36): error CA2227: Change 'Options' to be read-only by removing the property setter (https://docs.microsoft.com/dotnet/fundamentals/code-analysis/quality-rules/ca2227) [/home/adam/Dev/omega-spiral/chapter-zero/OmegaSpiral.csproj]
     1>/home/adam/Dev/omega-spiral/chapter-zero/Source/Scripts/field/narrative/NarrativeSceneData.cs(101,31): error CA2227: Change 'Choices' to be read-only by removing the property setter (https://docs.microsoft.com/dotnet/fundamentals/code-analysis/quality-rules/ca2227) [/home/adam/Dev/omega-spiral/chapter-zero/OmegaSpiral.csproj]
     1>/home/adam/Dev/omega-spiral/chapter-zero/Source/Scripts/combat/battlers/BattlerAnim.cs(14,5): error SA1602: Enumeration items should be documented (https://github.com/DotNetAnalyzers/StyleCopAnalyzers/blob/master/documentation/SA1602.md) [/home/adam/Dev/omega-spiral/chapter-zero/OmegaSpiral.csproj]
     1>/home/adam/Dev/omega-spiral/chapter-zero/Source/Scripts/combat/battlers/BattlerAnim.cs(13,5): error SA1602: Enumeration items should be documented (https://github.com/DotNetAnalyzers/StyleCopAnalyzers/blob/master/documentation/SA1602.md) [/home/adam/Dev/omega-spiral/chapter-zero/OmegaSpiral.csproj]
     1>/home/adam/Dev/omega-spiral/chapter-zero/Source/Scripts/field/narrative/NarrativeSceneData.cs(89,25): error CA2227: Change 'Paragraphs' to be read-only by removing the property setter (https://docs.microsoft.com/dotnet/fundamentals/code-analysis/quality-rules/ca2227) [/home/adam/Dev/omega-spiral/chapter-zero/OmegaSpiral.csproj]
     1>/home/adam/Dev/omega-spiral/chapter-zero/Source/Scripts/combat/ui/effect_labels/UIDamageLabel.cs(57,17): error SA1201: A field should not follow a property (https://github.com/DotNetAnalyzers/StyleCopAnalyzers/blob/master/documentation/SA1201.md) [/home/adam/Dev/omega-spiral/chapter-zero/OmegaSpiral.csproj]
     1>/home/adam/Dev/omega-spiral/chapter-zero/Source/Scripts/combat/ui/effect_labels/UIDamageLabel.cs(92,19): error SA1201: A field should not follow a property (https://github.com/DotNetAnalyzers/StyleCopAnalyzers/blob/master/documentation/SA1201.md) [/home/adam/Dev/omega-spiral/chapter-zero/OmegaSpiral.csproj]
     1>/home/adam/Dev/omega-spiral/chapter-zero/Source/Scripts/common/Player.cs(29,23): error SA1201: A field should not follow a delegate (https://github.com/DotNetAnalyzers/StyleCopAnalyzers/blob/master/documentation/SA1201.md) [/home/adam/Dev/omega-spiral/chapter-zero/OmegaSpiral.csproj]
     1>/home/adam/Dev/omega-spiral/chapter-zero/Source/overworld/maps/town/FanInteraction.cs(20,24): error SA1201: A field should not follow a property (https://github.com/DotNetAnalyzers/StyleCopAnalyzers/blob/master/documentation/SA1201.md) [/home/adam/Dev/omega-spiral/chapter-zero/OmegaSpiral.csproj]
     1>/home/adam/Dev/omega-spiral/chapter-zero/Source/overworld/maps/town/FanInteraction.cs(119,26): error SA1202: 'public' members should come before 'private' members (https://github.com/DotNetAnalyzers/StyleCopAnalyzers/blob/master/documentation/SA1202.md) [/home/adam/Dev/omega-spiral/chapter-zero/OmegaSpiral.csproj]
     1>/home/adam/Dev/omega-spiral/chapter-zero/Source/Scripts/field/gameboard/Gameboard.cs(40,37): error SA1201: A field should not follow a delegate (https://github.com/DotNetAnalyzers/StyleCopAnalyzers/blob/master/documentation/SA1201.md) [/home/adam/Dev/omega-spiral/chapter-zero/OmegaSpiral.csproj]
     1>/home/adam/Dev/omega-spiral/chapter-zero/Source/Scripts/field/gameboard/Gameboard.cs(60,33): error SA1201: A field should not follow a property (https://github.com/DotNetAnalyzers/StyleCopAnalyzers/blob/master/documentation/SA1201.md) [/home/adam/Dev/omega-spiral/chapter-zero/OmegaSpiral.csproj]
     1>/home/adam/Dev/omega-spiral/chapter-zero/Source/Scripts/field/gameboard/Gameboard.cs(42,22): error SA1203: Constant fields should appear before non-constant fields (https://github.com/DotNetAnalyzers/StyleCopAnalyzers/blob/master/documentation/SA1203.md) [/home/adam/Dev/omega-spiral/chapter-zero/OmegaSpiral.csproj]
     1>/home/adam/Dev/omega-spiral/chapter-zero/Source/Scripts/field/gameboard/Gameboard.cs(159,34): error SA1204: Static members should appear before non-static members (https://github.com/DotNetAnalyzers/StyleCopAnalyzers/blob/master/documentation/SA1204.md) [/home/adam/Dev/omega-spiral/chapter-zero/OmegaSpiral.csproj]
     1>/home/adam/Dev/omega-spiral/chapter-zero/Source/Scripts/field/gameboard/Gameboard.cs(42,22): error SA1600: Elements should be documented (https://github.com/DotNetAnalyzers/StyleCopAnalyzers/blob/master/documentation/SA1600.md) [/home/adam/Dev/omega-spiral/chapter-zero/OmegaSpiral.csproj]
     1>/home/adam/Dev/omega-spiral/chapter-zero/Source/Scripts/common/Player.cs(27,62): error SA1611: The documentation for parameter 'gamepiece' is missing (https://github.com/DotNetAnalyzers/StyleCopAnalyzers/blob/master/documentation/SA1611.md) [/home/adam/Dev/omega-spiral/chapter-zero/OmegaSpiral.csproj]
     1>/home/adam/Dev/omega-spiral/chapter-zero/Source/Scripts/common/Player.cs(27,82): error SA1611: The documentation for parameter 'destinationCell' is missing (https://github.com/DotNetAnalyzers/StyleCopAnalyzers/blob/master/documentation/SA1611.md) [/home/adam/Dev/omega-spiral/chapter-zero/OmegaSpiral.csproj]
     1>/home/adam/Dev/omega-spiral/chapter-zero/Source/Scripts/field/gameboard/Gameboard.cs(35,90): error SA1611: The documentation for parameter 'addedCells' is missing (https://github.com/DotNetAnalyzers/StyleCopAnalyzers/blob/master/documentation/SA1611.md) [/home/adam/Dev/omega-spiral/chapter-zero/OmegaSpiral.csproj]
     1>/home/adam/Dev/omega-spiral/chapter-zero/Source/Scripts/field/gameboard/Gameboard.cs(35,136): error SA1611: The documentation for parameter 'removedCells' is missing (https://github.com/DotNetAnalyzers/StyleCopAnalyzers/blob/master/documentation/SA1611.md) [/home/adam/Dev/omega-spiral/chapter-zero/OmegaSpiral.csproj]
     1>/home/adam/Dev/omega-spiral/chapter-zero/Source/Scripts/combat/battlers/BattlerAnim.cs(53,30): error SA1201: A field should not follow a property (https://github.com/DotNetAnalyzers/StyleCopAnalyzers/blob/master/documentation/SA1201.md) [/home/adam/Dev/omega-spiral/chapter-zero/OmegaSpiral.csproj]
     1>/home/adam/Dev/omega-spiral/chapter-zero/Source/Scripts/combat/battlers/BattlerAnim.cs(82,20): error SA1201: A field should not follow a property (https://github.com/DotNetAnalyzers/StyleCopAnalyzers/blob/master/documentation/SA1201.md) [/home/adam/Dev/omega-spiral/chapter-zero/OmegaSpiral.csproj]
     1>/home/adam/Dev/omega-spiral/chapter-zero/Source/Scripts/combat/ui/effect_labels/UIEffectLabelBuilder.cs(17,24): error SA1600: Elements should be documented (https://github.com/DotNetAnalyzers/StyleCopAnalyzers/blob/master/documentation/SA1600.md) [/home/adam/Dev/omega-spiral/chapter-zero/OmegaSpiral.csproj]
     1>/home/adam/Dev/omega-spiral/chapter-zero/Source/Scripts/combat/ui/effect_labels/UIEffectLabelBuilder.cs(20,24): error SA1600: Elements should be documented (https://github.com/DotNetAnalyzers/StyleCopAnalyzers/blob/master/documentation/SA1600.md) [/home/adam/Dev/omega-spiral/chapter-zero/OmegaSpiral.csproj]
     1>/home/adam/Dev/omega-spiral/chapter-zero/Source/Scripts/combat/battlers/BattlerAnim.cs(45,63): error SA1611: The documentation for parameter 'name' is missing (https://github.com/DotNetAnalyzers/StyleCopAnalyzers/blob/master/documentation/SA1611.md) [/home/adam/Dev/omega-spiral/chapter-zero/OmegaSpiral.csproj]
     1>/home/adam/Dev/omega-spiral/chapter-zero/Source/Scripts/combat/ui/list_menu/UIListMenu.cs(26,18): error SA1201: A field should not follow a property (https://github.com/DotNetAnalyzers/StyleCopAnalyzers/blob/master/documentation/SA1201.md) [/home/adam/Dev/omega-spiral/chapter-zero/OmegaSpiral.csproj]
     1>/home/adam/Dev/omega-spiral/chapter-zero/Source/Scripts/combat/ui/list_menu/UIListMenu.cs(49,32): error SA1201: A field should not follow a property (https://github.com/DotNetAnalyzers/StyleCopAnalyzers/blob/master/documentation/SA1201.md) [/home/adam/Dev/omega-spiral/chapter-zero/OmegaSpiral.csproj]
     1>/home/adam/Dev/omega-spiral/chapter-zero/Source/Scripts/combat/ui/list_menu/UIListMenu.cs(49,32): error CA1051: Do not declare visible instance fields (https://docs.microsoft.com/dotnet/fundamentals/code-analysis/quality-rules/ca1051) [/home/adam/Dev/omega-spiral/chapter-zero/OmegaSpiral.csproj]
     1>/home/adam/Dev/omega-spiral/chapter-zero/Source/Scripts/combat/ui/list_menu/UIListMenu.cs(49,32): error SA1401: Field should be private (https://github.com/DotNetAnalyzers/StyleCopAnalyzers/blob/master/documentation/SA1401.md) [/home/adam/Dev/omega-spiral/chapter-zero/OmegaSpiral.csproj]
     1>/home/adam/Dev/omega-spiral/chapter-zero/Source/Scripts/combat/ui/list_menu/UIListMenu.cs(49,32): error SA1600: Elements should be documented (https://github.com/DotNetAnalyzers/StyleCopAnalyzers/blob/master/documentation/SA1600.md) [/home/adam/Dev/omega-spiral/chapter-zero/OmegaSpiral.csproj]
     1>/home/adam/Dev/omega-spiral/chapter-zero/Source/Scripts/common/screen_transitions/ScreenTransition.cs(32,35): error SA1201: A field should not follow a delegate (https://github.com/DotNetAnalyzers/StyleCopAnalyzers/blob/master/documentation/SA1201.md) [/home/adam/Dev/omega-spiral/chapter-zero/OmegaSpiral.csproj]
     1>/home/adam/Dev/omega-spiral/chapter-zero/Source/Scripts/common/screen_transitions/ScreenTransition.cs(137,23): error SA1202: 'public' members should come before 'private' members (https://github.com/DotNetAnalyzers/StyleCopAnalyzers/blob/master/documentation/SA1202.md) [/home/adam/Dev/omega-spiral/chapter-zero/OmegaSpiral.csproj]
     1>/home/adam/Dev/omega-spiral/chapter-zero/Source/overworld/maps/town/StrangeTreeInteraction.cs(69,23): error SA1202: 'public' members should come before 'private' members (https://github.com/DotNetAnalyzers/StyleCopAnalyzers/blob/master/documentation/SA1202.md) [/home/adam/Dev/omega-spiral/chapter-zero/OmegaSpiral.csproj]
     1>/home/adam/Dev/omega-spiral/chapter-zero/Source/Scripts/combat/actions/BattlerAction.cs(14,5): error SA1602: Enumeration items should be documented (https://github.com/DotNetAnalyzers/StyleCopAnalyzers/blob/master/documentation/SA1602.md) [/home/adam/Dev/omega-spiral/chapter-zero/OmegaSpiral.csproj]
     1>/home/adam/Dev/omega-spiral/chapter-zero/Source/Scripts/combat/actions/BattlerAction.cs(15,5): error CA1720: Identifier 'Single' contains type name (https://docs.microsoft.com/dotnet/fundamentals/code-analysis/quality-rules/ca1720) [/home/adam/Dev/omega-spiral/chapter-zero/OmegaSpiral.csproj]
     1>/home/adam/Dev/omega-spiral/chapter-zero/Source/Scripts/combat/actions/BattlerAction.cs(15,5): error SA1602: Enumeration items should be documented (https://github.com/DotNetAnalyzers/StyleCopAnalyzers/blob/master/documentation/SA1602.md) [/home/adam/Dev/omega-spiral/chapter-zero/OmegaSpiral.csproj]
     1>/home/adam/Dev/omega-spiral/chapter-zero/Source/Scripts/combat/actions/BattlerAction.cs(16,5): error SA1602: Enumeration items should be documented (https://github.com/DotNetAnalyzers/StyleCopAnalyzers/blob/master/documentation/SA1602.md) [/home/adam/Dev/omega-spiral/chapter-zero/OmegaSpiral.csproj]
     1>/home/adam/Dev/omega-spiral/chapter-zero/Source/Scripts/field/gameboard/GameboardLayer.cs(37,85): error SA1611: The documentation for parameter 'clearedCells' is missing (https://github.com/DotNetAnalyzers/StyleCopAnalyzers/blob/master/documentation/SA1611.md) [/home/adam/Dev/omega-spiral/chapter-zero/OmegaSpiral.csproj]
     1>/home/adam/Dev/omega-spiral/chapter-zero/Source/Scripts/field/gameboard/GameboardLayer.cs(37,133): error SA1611: The documentation for parameter 'blockedCells' is missing (https://github.com/DotNetAnalyzers/StyleCopAnalyzers/blob/master/documentation/SA1611.md) [/home/adam/Dev/omega-spiral/chapter-zero/OmegaSpiral.csproj]
     1>/home/adam/Dev/omega-spiral/chapter-zero/Source/Scripts/combat/ui/turn_bar/UIBattlerIcon.cs(13,22): error SA1601: Partial elements should be documented (https://github.com/DotNetAnalyzers/StyleCopAnalyzers/blob/master/documentation/SA1601.md) [/home/adam/Dev/omega-spiral/chapter-zero/OmegaSpiral.csproj]
     1>/home/adam/Dev/omega-spiral/chapter-zero/Source/Scripts/combat/ui/turn_bar/UIBattlerIcon.cs(28,58): error SA1201: A field should not follow a enum (https://github.com/DotNetAnalyzers/StyleCopAnalyzers/blob/master/documentation/SA1201.md) [/home/adam/Dev/omega-spiral/chapter-zero/OmegaSpiral.csproj]
     1>/home/adam/Dev/omega-spiral/chapter-zero/Source/Scripts/combat/ui/turn_bar/UIBattlerIcon.cs(51,23): error SA1201: A field should not follow a property (https://github.com/DotNetAnalyzers/StyleCopAnalyzers/blob/master/documentation/SA1201.md) [/home/adam/Dev/omega-spiral/chapter-zero/OmegaSpiral.csproj]
     1>/home/adam/Dev/omega-spiral/chapter-zero/Source/Scripts/combat/ui/turn_bar/UIBattlerIcon.cs(83,19): error SA1201: A field should not follow a property (https://github.com/DotNetAnalyzers/StyleCopAnalyzers/blob/master/documentation/SA1201.md) [/home/adam/Dev/omega-spiral/chapter-zero/OmegaSpiral.csproj]
     1>/home/adam/Dev/omega-spiral/chapter-zero/Source/Scripts/combat/ui/turn_bar/UIBattlerIcon.cs(100,29): error SA1201: A field should not follow a property (https://github.com/DotNetAnalyzers/StyleCopAnalyzers/blob/master/documentation/SA1201.md) [/home/adam/Dev/omega-spiral/chapter-zero/OmegaSpiral.csproj]
     1>/home/adam/Dev/omega-spiral/chapter-zero/Source/Scripts/combat/battlers/BattlerList.cs(22,23): error SA1201: A field should not follow a delegate (https://github.com/DotNetAnalyzers/StyleCopAnalyzers/blob/master/documentation/SA1201.md) [/home/adam/Dev/omega-spiral/chapter-zero/OmegaSpiral.csproj]
     1>/home/adam/Dev/omega-spiral/chapter-zero/Source/Scripts/combat/battlers/BattlerList.cs(54,23): error SA1201: A field should not follow a property (https://github.com/DotNetAnalyzers/StyleCopAnalyzers/blob/master/documentation/SA1201.md) [/home/adam/Dev/omega-spiral/chapter-zero/OmegaSpiral.csproj]
     1>/home/adam/Dev/omega-spiral/chapter-zero/Source/Scripts/combat/battlers/BattlerList.cs(91,12): error SA1201: A constructor should not follow a property (https://github.com/DotNetAnalyzers/StyleCopAnalyzers/blob/master/documentation/SA1201.md) [/home/adam/Dev/omega-spiral/chapter-zero/OmegaSpiral.csproj]
     1>/home/adam/Dev/omega-spiral/chapter-zero/Source/Scripts/combat/battlers/BattlerList.cs(113,29): error SA1204: Static members should appear before non-static members (https://github.com/DotNetAnalyzers/StyleCopAnalyzers/blob/master/documentation/SA1204.md) [/home/adam/Dev/omega-spiral/chapter-zero/OmegaSpiral.csproj]
     1>/home/adam/Dev/omega-spiral/chapter-zero/Source/Scripts/combat/battlers/BattlerList.cs(27,22): error CA1819: Properties should not return arrays (https://docs.microsoft.com/dotnet/fundamentals/code-analysis/quality-rules/ca1819) [/home/adam/Dev/omega-spiral/chapter-zero/OmegaSpiral.csproj]
     1>/home/adam/Dev/omega-spiral/chapter-zero/Source/Scripts/combat/battlers/BattlerList.cs(59,22): error CA1819: Properties should not return arrays (https://docs.microsoft.com/dotnet/fundamentals/code-analysis/quality-rules/ca1819) [/home/adam/Dev/omega-spiral/chapter-zero/OmegaSpiral.csproj]
     1>/home/adam/Dev/omega-spiral/chapter-zero/Source/Scripts/combat/ui/turn_bar/UIBattlerIcon.cs(21,17): error CA1717: Only FlagsAttribute enums should have plural names (https://docs.microsoft.com/dotnet/fundamentals/code-analysis/quality-rules/ca1717) [/home/adam/Dev/omega-spiral/chapter-zero/OmegaSpiral.csproj]
     1>/home/adam/Dev/omega-spiral/chapter-zero/Source/Scripts/combat/ui/turn_bar/UIBattlerIcon.cs(23,9): error SA1602: Enumeration items should be documented (https://github.com/DotNetAnalyzers/StyleCopAnalyzers/blob/master/documentation/SA1602.md) [/home/adam/Dev/omega-spiral/chapter-zero/OmegaSpiral.csproj]
     1>/home/adam/Dev/omega-spiral/chapter-zero/Source/Scripts/combat/ui/turn_bar/UIBattlerIcon.cs(24,9): error SA1602: Enumeration items should be documented (https://github.com/DotNetAnalyzers/StyleCopAnalyzers/blob/master/documentation/SA1602.md) [/home/adam/Dev/omega-spiral/chapter-zero/OmegaSpiral.csproj]
     1>/home/adam/Dev/omega-spiral/chapter-zero/Source/Scripts/combat/ui/turn_bar/UIBattlerIcon.cs(25,9): error SA1602: Enumeration items should be documented (https://github.com/DotNetAnalyzers/StyleCopAnalyzers/blob/master/documentation/SA1602.md) [/home/adam/Dev/omega-spiral/chapter-zero/OmegaSpiral.csproj]
     1>/home/adam/Dev/omega-spiral/chapter-zero/Source/Scripts/combat/actions/BattlerAction.cs(33,23): error SA1600: Elements should be documented (https://github.com/DotNetAnalyzers/StyleCopAnalyzers/blob/master/documentation/SA1600.md) [/home/adam/Dev/omega-spiral/chapter-zero/OmegaSpiral.csproj]
     1>/home/adam/Dev/omega-spiral/chapter-zero/Source/Scripts/field/gameboard/GameboardProperties.cs(34,12): error SA1201: A constructor should not follow a property (https://github.com/DotNetAnalyzers/StyleCopAnalyzers/blob/master/documentation/SA1201.md) [/home/adam/Dev/omega-spiral/chapter-zero/OmegaSpiral.csproj]
     1>/home/adam/Dev/omega-spiral/chapter-zero/Source/Scripts/combat/actions/BattlerAction.cs(54,30): error SA1600: Elements should be documented (https://github.com/DotNetAnalyzers/StyleCopAnalyzers/blob/master/documentation/SA1600.md) [/home/adam/Dev/omega-spiral/chapter-zero/OmegaSpiral.csproj]
     1>/home/adam/Dev/omega-spiral/chapter-zero/Source/Scripts/combat/actions/BattlerAction.cs(76,27): error SA1600: Elements should be documented (https://github.com/DotNetAnalyzers/StyleCopAnalyzers/blob/master/documentation/SA1600.md) [/home/adam/Dev/omega-spiral/chapter-zero/OmegaSpiral.csproj]
     1>/home/adam/Dev/omega-spiral/chapter-zero/Source/Scripts/field/narrative/NarratorEngine.cs(10,22): error SA1601: Partial elements should be documented (https://github.com/DotNetAnalyzers/StyleCopAnalyzers/blob/master/documentation/SA1601.md) [/home/adam/Dev/omega-spiral/chapter-zero/OmegaSpiral.csproj]
     1>/home/adam/Dev/omega-spiral/chapter-zero/Source/Scripts/field/narrative/NarratorEngine.cs(113,32): error SA1204: Static members should appear before non-static members (https://github.com/DotNetAnalyzers/StyleCopAnalyzers/blob/master/documentation/SA1204.md) [/home/adam/Dev/omega-spiral/chapter-zero/OmegaSpiral.csproj]
     1>/home/adam/Dev/omega-spiral/chapter-zero/Source/Scripts/combat/battlers/BattlerRoster.cs(9,22): error SA1601: Partial elements should be documented (https://github.com/DotNetAnalyzers/StyleCopAnalyzers/blob/master/documentation/SA1601.md) [/home/adam/Dev/omega-spiral/chapter-zero/OmegaSpiral.csproj]
     1>/home/adam/Dev/omega-spiral/chapter-zero/Source/Scripts/combat/battlers/BattlerRoster.cs(40,24): error SA1204: Static members should appear before non-static members (https://github.com/DotNetAnalyzers/StyleCopAnalyzers/blob/master/documentation/SA1204.md) [/home/adam/Dev/omega-spiral/chapter-zero/OmegaSpiral.csproj]
     1>/home/adam/Dev/omega-spiral/chapter-zero/Source/Scripts/field/DungeonSequenceData.cs(39,22): error SA1402: File may only contain a single type (https://github.com/DotNetAnalyzers/StyleCopAnalyzers/blob/master/documentation/SA1402.md) [/home/adam/Dev/omega-spiral/chapter-zero/OmegaSpiral.csproj]
     1>/home/adam/Dev/omega-spiral/chapter-zero/Source/Scripts/field/DungeonSequenceData.cs(136,22): error SA1402: File may only contain a single type (https://github.com/DotNetAnalyzers/StyleCopAnalyzers/blob/master/documentation/SA1402.md) [/home/adam/Dev/omega-spiral/chapter-zero/OmegaSpiral.csproj]
     1>/home/adam/Dev/omega-spiral/chapter-zero/Source/Scripts/combat/actions/BattlerActionAttack.cs(24,16): error SA1600: Elements should be documented (https://github.com/DotNetAnalyzers/StyleCopAnalyzers/blob/master/documentation/SA1600.md) [/home/adam/Dev/omega-spiral/chapter-zero/OmegaSpiral.csproj]
     1>/home/adam/Dev/omega-spiral/chapter-zero/Source/Scripts/field/gameboard/Pathfinder.cs(42,17): error SA1201: A method should not follow a class (https://github.com/DotNetAnalyzers/StyleCopAnalyzers/blob/master/documentation/SA1201.md) [/home/adam/Dev/omega-spiral/chapter-zero/OmegaSpiral.csproj]
     1>/home/adam/Dev/omega-spiral/chapter-zero/Source/Scripts/field/gameboard/Pathfinder.cs(279,27): error SA1202: 'public' members should come before 'private' members (https://github.com/DotNetAnalyzers/StyleCopAnalyzers/blob/master/documentation/SA1202.md) [/home/adam/Dev/omega-spiral/chapter-zero/OmegaSpiral.csproj]
     1>/home/adam/Dev/omega-spiral/chapter-zero/Source/Scripts/field/narrative/Scene1Narrative.cs(8,22): error SA1601: Partial elements should be documented (https://github.com/DotNetAnalyzers/StyleCopAnalyzers/blob/master/documentation/SA1601.md) [/home/adam/Dev/omega-spiral/chapter-zero/OmegaSpiral.csproj]
     1>/home/adam/Dev/omega-spiral/chapter-zero/Source/Scripts/field/narrative/Scene1Narrative.cs(146,26): error SA1202: 'public' members should come before 'private' members (https://github.com/DotNetAnalyzers/StyleCopAnalyzers/blob/master/documentation/SA1202.md) [/home/adam/Dev/omega-spiral/chapter-zero/OmegaSpiral.csproj]
     1>/home/adam/Dev/omega-spiral/chapter-zero/Source/Scripts/field/narrative/Scene1Narrative.cs(13,18): error CA1051: Do not declare visible instance fields (https://docs.microsoft.com/dotnet/fundamentals/code-analysis/quality-rules/ca1051) [/home/adam/Dev/omega-spiral/chapter-zero/OmegaSpiral.csproj]
     1>/home/adam/Dev/omega-spiral/chapter-zero/Source/Scripts/field/narrative/Scene1Narrative.cs(13,18): error SA1401: Field should be private (https://github.com/DotNetAnalyzers/StyleCopAnalyzers/blob/master/documentation/SA1401.md) [/home/adam/Dev/omega-spiral/chapter-zero/OmegaSpiral.csproj]
     1>/home/adam/Dev/omega-spiral/chapter-zero/Source/Scripts/field/narrative/Scene1Narrative.cs(13,18): error SA1600: Elements should be documented (https://github.com/DotNetAnalyzers/StyleCopAnalyzers/blob/master/documentation/SA1600.md) [/home/adam/Dev/omega-spiral/chapter-zero/OmegaSpiral.csproj]
     1>/home/adam/Dev/omega-spiral/chapter-zero/Source/Scripts/combat/actions/BattlerActionHeal.cs(17,16): error SA1600: Elements should be documented (https://github.com/DotNetAnalyzers/StyleCopAnalyzers/blob/master/documentation/SA1600.md) [/home/adam/Dev/omega-spiral/chapter-zero/OmegaSpiral.csproj]
     1>/home/adam/Dev/omega-spiral/chapter-zero/Source/Scripts/field/narrative/Scene1Narrative.cs(11,19): error CA1051: Do not declare visible instance fields (https://docs.microsoft.com/dotnet/fundamentals/code-analysis/quality-rules/ca1051) [/home/adam/Dev/omega-spiral/chapter-zero/OmegaSpiral.csproj]
     1>/home/adam/Dev/omega-spiral/chapter-zero/Source/Scripts/field/narrative/Scene1Narrative.cs(11,19): error SA1401: Field should be private (https://github.com/DotNetAnalyzers/StyleCopAnalyzers/blob/master/documentation/SA1401.md) [/home/adam/Dev/omega-spiral/chapter-zero/OmegaSpiral.csproj]
     1>/home/adam/Dev/omega-spiral/chapter-zero/Source/Scripts/field/narrative/Scene1Narrative.cs(11,19): error SA1600: Elements should be documented (https://github.com/DotNetAnalyzers/StyleCopAnalyzers/blob/master/documentation/SA1600.md) [/home/adam/Dev/omega-spiral/chapter-zero/OmegaSpiral.csproj]
     1>/home/adam/Dev/omega-spiral/chapter-zero/Source/Scripts/combat/battlers/BattlerStats.cs(56,17): error SA1201: A field should not follow a property (https://github.com/DotNetAnalyzers/StyleCopAnalyzers/blob/master/documentation/SA1201.md) [/home/adam/Dev/omega-spiral/chapter-zero/OmegaSpiral.csproj]
     1>/home/adam/Dev/omega-spiral/chapter-zero/Source/Scripts/combat/battlers/BattlerStats.cs(69,17): error SA1201: A field should not follow a property (https://github.com/DotNetAnalyzers/StyleCopAnalyzers/blob/master/documentation/SA1201.md) [/home/adam/Dev/omega-spiral/chapter-zero/OmegaSpiral.csproj]
     1>/home/adam/Dev/omega-spiral/chapter-zero/Source/Scripts/combat/battlers/BattlerStats.cs(82,17): error SA1201: A field should not follow a property (https://github.com/DotNetAnalyzers/StyleCopAnalyzers/blob/master/documentation/SA1201.md) [/home/adam/Dev/omega-spiral/chapter-zero/OmegaSpiral.csproj]
     1>/home/adam/Dev/omega-spiral/chapter-zero/Source/Scripts/combat/battlers/BattlerStats.cs(95,17): error SA1201: A field should not follow a property (https://github.com/DotNetAnalyzers/StyleCopAnalyzers/blob/master/documentation/SA1201.md) [/home/adam/Dev/omega-spiral/chapter-zero/OmegaSpiral.csproj]
     1>/home/adam/Dev/omega-spiral/chapter-zero/Source/Scripts/combat/battlers/BattlerStats.cs(108,17): error SA1201: A field should not follow a property (https://github.com/DotNetAnalyzers/StyleCopAnalyzers/blob/master/documentation/SA1201.md) [/home/adam/Dev/omega-spiral/chapter-zero/OmegaSpiral.csproj]
     1>/home/adam/Dev/omega-spiral/chapter-zero/Source/Scripts/combat/battlers/BattlerStats.cs(135,17): error SA1201: A field should not follow a property (https://github.com/DotNetAnalyzers/StyleCopAnalyzers/blob/master/documentation/SA1201.md) [/home/adam/Dev/omega-spiral/chapter-zero/OmegaSpiral.csproj]
     1>/home/adam/Dev/omega-spiral/chapter-zero/Source/Scripts/combat/battlers/BattlerStats.cs(155,17): error SA1201: A field should not follow a property (https://github.com/DotNetAnalyzers/StyleCopAnalyzers/blob/master/documentation/SA1201.md) [/home/adam/Dev/omega-spiral/chapter-zero/OmegaSpiral.csproj]
     1>/home/adam/Dev/omega-spiral/chapter-zero/Source/Scripts/combat/battlers/BattlerStats.cs(173,54): error SA1201: A field should not follow a property (https://github.com/DotNetAnalyzers/StyleCopAnalyzers/blob/master/documentation/SA1201.md) [/home/adam/Dev/omega-spiral/chapter-zero/OmegaSpiral.csproj]
     1>/home/adam/Dev/omega-spiral/chapter-zero/Source/Scripts/combat/battlers/BattlerStats.cs(47,27): error SA1600: Elements should be documented (https://github.com/DotNetAnalyzers/StyleCopAnalyzers/blob/master/documentation/SA1600.md) [/home/adam/Dev/omega-spiral/chapter-zero/OmegaSpiral.csproj]
     1>/home/adam/Dev/omega-spiral/chapter-zero/Source/Scripts/combat/battlers/BattlerStats.cs(51,16): error SA1600: Elements should be documented (https://github.com/DotNetAnalyzers/StyleCopAnalyzers/blob/master/documentation/SA1600.md) [/home/adam/Dev/omega-spiral/chapter-zero/OmegaSpiral.csproj]
     1>/home/adam/Dev/omega-spiral/chapter-zero/Source/Scripts/combat/ui/UICombatHud.cs(58,21): error SA1201: A field should not follow a property (https://github.com/DotNetAnalyzers/StyleCopAnalyzers/blob/master/documentation/SA1201.md) [/home/adam/Dev/omega-spiral/chapter-zero/OmegaSpiral.csproj]
     1>/home/adam/Dev/omega-spiral/chapter-zero/Source/Scripts/combat/ui/UICombatHud.cs(109,17): error SA1202: 'public' members should come before 'private' members (https://github.com/DotNetAnalyzers/StyleCopAnalyzers/blob/master/documentation/SA1202.md) [/home/adam/Dev/omega-spiral/chapter-zero/OmegaSpiral.csproj]
     1>/home/adam/Dev/omega-spiral/chapter-zero/Source/Scripts/combat/ui/UICombatHud.cs(350,17): error SA1202: 'public' members should come before 'private' members (https://github.com/DotNetAnalyzers/StyleCopAnalyzers/blob/master/documentation/SA1202.md) [/home/adam/Dev/omega-spiral/chapter-zero/OmegaSpiral.csproj]
     1>/home/adam/Dev/omega-spiral/chapter-zero/Source/Scripts/combat/ui/UICombatHud.cs(209,25): error SA1204: Static members should appear before non-static members (https://github.com/DotNetAnalyzers/StyleCopAnalyzers/blob/master/documentation/SA1204.md) [/home/adam/Dev/omega-spiral/chapter-zero/OmegaSpiral.csproj]
     1>/home/adam/Dev/omega-spiral/chapter-zero/Source/Scripts/combat/ui/UICombatHud.cs(454,24): error SA1204: Static members should appear before non-static members (https://github.com/DotNetAnalyzers/StyleCopAnalyzers/blob/master/documentation/SA1204.md) [/home/adam/Dev/omega-spiral/chapter-zero/OmegaSpiral.csproj]
     1>/home/adam/Dev/omega-spiral/chapter-zero/Source/Scripts/combat/battlers/BattlerStats.cs(54,16): error SA1600: Elements should be documented (https://github.com/DotNetAnalyzers/StyleCopAnalyzers/blob/master/documentation/SA1600.md) [/home/adam/Dev/omega-spiral/chapter-zero/OmegaSpiral.csproj]
     1>/home/adam/Dev/omega-spiral/chapter-zero/Source/Scripts/combat/battlers/BattlerStats.cs(59,16): error SA1600: Elements should be documented (https://github.com/DotNetAnalyzers/StyleCopAnalyzers/blob/master/documentation/SA1600.md) [/home/adam/Dev/omega-spiral/chapter-zero/OmegaSpiral.csproj]
     1>/home/adam/Dev/omega-spiral/chapter-zero/Source/Scripts/combat/battlers/BattlerStats.cs(72,16): error SA1600: Elements should be documented (https://github.com/DotNetAnalyzers/StyleCopAnalyzers/blob/master/documentation/SA1600.md) [/home/adam/Dev/omega-spiral/chapter-zero/OmegaSpiral.csproj]
     1>/home/adam/Dev/omega-spiral/chapter-zero/Source/Scripts/field/AsciiRoomRenderer.cs(119,26): error SA1202: 'public' members should come before 'private' members (https://github.com/DotNetAnalyzers/StyleCopAnalyzers/blob/master/documentation/SA1202.md) [/home/adam/Dev/omega-spiral/chapter-zero/OmegaSpiral.csproj]
     1>/home/adam/Dev/omega-spiral/chapter-zero/Source/Scripts/combat/battlers/BattlerStats.cs(85,16): error SA1600: Elements should be documented (https://github.com/DotNetAnalyzers/StyleCopAnalyzers/blob/master/documentation/SA1600.md) [/home/adam/Dev/omega-spiral/chapter-zero/OmegaSpiral.csproj]
     1>/home/adam/Dev/omega-spiral/chapter-zero/Source/Scripts/combat/battlers/BattlerStats.cs(98,16): error SA1600: Elements should be documented (https://github.com/DotNetAnalyzers/StyleCopAnalyzers/blob/master/documentation/SA1600.md) [/home/adam/Dev/omega-spiral/chapter-zero/OmegaSpiral.csproj]
     1>/home/adam/Dev/omega-spiral/chapter-zero/Source/Scripts/combat/battlers/BattlerStats.cs(111,16): error SA1600: Elements should be documented (https://github.com/DotNetAnalyzers/StyleCopAnalyzers/blob/master/documentation/SA1600.md) [/home/adam/Dev/omega-spiral/chapter-zero/OmegaSpiral.csproj]
     1>/home/adam/Dev/omega-spiral/chapter-zero/Source/Scripts/combat/battlers/BattlerStats.cs(121,16): error SA1600: Elements should be documented (https://github.com/DotNetAnalyzers/StyleCopAnalyzers/blob/master/documentation/SA1600.md) [/home/adam/Dev/omega-spiral/chapter-zero/OmegaSpiral.csproj]
     1>/home/adam/Dev/omega-spiral/chapter-zero/Source/Scripts/combat/battlers/BattlerStats.cs(123,16): error SA1600: Elements should be documented (https://github.com/DotNetAnalyzers/StyleCopAnalyzers/blob/master/documentation/SA1600.md) [/home/adam/Dev/omega-spiral/chapter-zero/OmegaSpiral.csproj]
     1>/home/adam/Dev/omega-spiral/chapter-zero/Source/Scripts/combat/battlers/BattlerStats.cs(125,16): error SA1600: Elements should be documented (https://github.com/DotNetAnalyzers/StyleCopAnalyzers/blob/master/documentation/SA1600.md) [/home/adam/Dev/omega-spiral/chapter-zero/OmegaSpiral.csproj]
     1>/home/adam/Dev/omega-spiral/chapter-zero/Source/Scripts/combat/battlers/BattlerStats.cs(127,16): error SA1600: Elements should be documented (https://github.com/DotNetAnalyzers/StyleCopAnalyzers/blob/master/documentation/SA1600.md) [/home/adam/Dev/omega-spiral/chapter-zero/OmegaSpiral.csproj]
     1>/home/adam/Dev/omega-spiral/chapter-zero/Source/Scripts/combat/battlers/BattlerStats.cs(129,16): error SA1600: Elements should be documented (https://github.com/DotNetAnalyzers/StyleCopAnalyzers/blob/master/documentation/SA1600.md) [/home/adam/Dev/omega-spiral/chapter-zero/OmegaSpiral.csproj]
     1>/home/adam/Dev/omega-spiral/chapter-zero/Source/Scripts/combat/ui/UICombatHud.cs(23,62): error SA1611: The documentation for parameter 'battler' is missing (https://github.com/DotNetAnalyzers/StyleCopAnalyzers/blob/master/documentation/SA1611.md) [/home/adam/Dev/omega-spiral/chapter-zero/OmegaSpiral.csproj]
     1>/home/adam/Dev/omega-spiral/chapter-zero/Source/Scripts/combat/battlers/BattlerStats.cs(131,16): error SA1600: Elements should be documented (https://github.com/DotNetAnalyzers/StyleCopAnalyzers/blob/master/documentation/SA1600.md) [/home/adam/Dev/omega-spiral/chapter-zero/OmegaSpiral.csproj]
     1>/home/adam/Dev/omega-spiral/chapter-zero/Source/Scripts/combat/battlers/BattlerStats.cs(133,16): error SA1600: Elements should be documented (https://github.com/DotNetAnalyzers/StyleCopAnalyzers/blob/master/documentation/SA1600.md) [/home/adam/Dev/omega-spiral/chapter-zero/OmegaSpiral.csproj]
     1>/home/adam/Dev/omega-spiral/chapter-zero/Source/Scripts/combat/battlers/BattlerStats.cs(137,16): error SA1600: Elements should be documented (https://github.com/DotNetAnalyzers/StyleCopAnalyzers/blob/master/documentation/SA1600.md) [/home/adam/Dev/omega-spiral/chapter-zero/OmegaSpiral.csproj]
     1>/home/adam/Dev/omega-spiral/chapter-zero/Source/Scripts/combat/battlers/BattlerStats.cs(157,16): error SA1600: Elements should be documented (https://github.com/DotNetAnalyzers/StyleCopAnalyzers/blob/master/documentation/SA1600.md) [/home/adam/Dev/omega-spiral/chapter-zero/OmegaSpiral.csproj]
     1>/home/adam/Dev/omega-spiral/chapter-zero/Source/Scripts/field/cutscenes/Cutscene.cs(38,27): error CA1707: Remove the underscores from member name Cutscene.Is_cutscene_in_progress (https://docs.microsoft.com/dotnet/fundamentals/code-analysis/quality-rules/ca1707) [/home/adam/Dev/omega-spiral/chapter-zero/OmegaSpiral.csproj]
     1>/home/adam/Dev/omega-spiral/chapter-zero/Source/Scripts/field/cutscenes/Cutscene.cs(38,27): error SA1600: Elements should be documented (https://github.com/DotNetAnalyzers/StyleCopAnalyzers/blob/master/documentation/SA1600.md) [/home/adam/Dev/omega-spiral/chapter-zero/OmegaSpiral.csproj]
     1>/home/adam/Dev/omega-spiral/chapter-zero/Source/Scripts/combat/actions/BattlerActionProjectile.cs(15,18): error SA1600: Elements should be documented (https://github.com/DotNetAnalyzers/StyleCopAnalyzers/blob/master/documentation/SA1600.md) [/home/adam/Dev/omega-spiral/chapter-zero/OmegaSpiral.csproj]
     1>/home/adam/Dev/omega-spiral/chapter-zero/Source/Scripts/combat/actions/BattlerActionProjectile.cs(18,18): error SA1600: Elements should be documented (https://github.com/DotNetAnalyzers/StyleCopAnalyzers/blob/master/documentation/SA1600.md) [/home/adam/Dev/omega-spiral/chapter-zero/OmegaSpiral.csproj]
     1>/home/adam/Dev/omega-spiral/chapter-zero/Source/Scripts/combat/actions/BattlerActionProjectile.cs(21,18): error SA1600: Elements should be documented (https://github.com/DotNetAnalyzers/StyleCopAnalyzers/blob/master/documentation/SA1600.md) [/home/adam/Dev/omega-spiral/chapter-zero/OmegaSpiral.csproj]
     1>/home/adam/Dev/omega-spiral/chapter-zero/Source/Scripts/combat/actions/BattlerActionProjectile.cs(31,16): error SA1600: Elements should be documented (https://github.com/DotNetAnalyzers/StyleCopAnalyzers/blob/master/documentation/SA1600.md) [/home/adam/Dev/omega-spiral/chapter-zero/OmegaSpiral.csproj]
     1>/home/adam/Dev/omega-spiral/chapter-zero/Source/Scripts/field/gamepieces/controllers/cursor/FieldCursor.cs(28,22): error SA1201: A field should not follow a delegate (https://github.com/DotNetAnalyzers/StyleCopAnalyzers/blob/master/documentation/SA1201.md) [/home/adam/Dev/omega-spiral/chapter-zero/OmegaSpiral.csproj]
     1>/home/adam/Dev/omega-spiral/chapter-zero/Source/Scripts/combat/ui/UICombatMenus.cs(50,20): error SA1600: Elements should be documented (https://github.com/DotNetAnalyzers/StyleCopAnalyzers/blob/master/documentation/SA1600.md) [/home/adam/Dev/omega-spiral/chapter-zero/OmegaSpiral.csproj]
     1>/home/adam/Dev/omega-spiral/chapter-zero/Source/Scripts/combat/actions/BattlerHit.cs(16,18): error SA1600: Elements should be documented (https://github.com/DotNetAnalyzers/StyleCopAnalyzers/blob/master/documentation/SA1600.md) [/home/adam/Dev/omega-spiral/chapter-zero/OmegaSpiral.csproj]
     1>/home/adam/Dev/omega-spiral/chapter-zero/Source/Scripts/combat/actions/BattlerHit.cs(18,12): error SA1201: A constructor should not follow a property (https://github.com/DotNetAnalyzers/StyleCopAnalyzers/blob/master/documentation/SA1201.md) [/home/adam/Dev/omega-spiral/chapter-zero/OmegaSpiral.csproj]
     1>/home/adam/Dev/omega-spiral/chapter-zero/Source/Scripts/combat/Combat.cs(143,29): error SA1204: Static members should appear before non-static members (https://github.com/DotNetAnalyzers/StyleCopAnalyzers/blob/master/documentation/SA1204.md) [/home/adam/Dev/omega-spiral/chapter-zero/OmegaSpiral.csproj]
     1>/home/adam/Dev/omega-spiral/chapter-zero/Source/Scripts/combat/actions/BattlerHit.cs(14,16): error SA1600: Elements should be documented (https://github.com/DotNetAnalyzers/StyleCopAnalyzers/blob/master/documentation/SA1600.md) [/home/adam/Dev/omega-spiral/chapter-zero/OmegaSpiral.csproj]
     1>/home/adam/Dev/omega-spiral/chapter-zero/Source/Scripts/field/gamepieces/controllers/cursor/FieldCursor.cs(26,56): error SA1611: The documentation for parameter 'selectedCell' is missing (https://github.com/DotNetAnalyzers/StyleCopAnalyzers/blob/master/documentation/SA1611.md) [/home/adam/Dev/omega-spiral/chapter-zero/OmegaSpiral.csproj]
     1>/home/adam/Dev/omega-spiral/chapter-zero/Source/Scripts/field/gamepieces/controllers/cursor/FieldCursor.cs(20,60): error SA1611: The documentation for parameter 'oldFocus' is missing (https://github.com/DotNetAnalyzers/StyleCopAnalyzers/blob/master/documentation/SA1611.md) [/home/adam/Dev/omega-spiral/chapter-zero/OmegaSpiral.csproj]
     1>/home/adam/Dev/omega-spiral/chapter-zero/Source/Scripts/field/gamepieces/controllers/cursor/FieldCursor.cs(20,79): error SA1611: The documentation for parameter 'newFocus' is missing (https://github.com/DotNetAnalyzers/StyleCopAnalyzers/blob/master/documentation/SA1611.md) [/home/adam/Dev/omega-spiral/chapter-zero/OmegaSpiral.csproj]
     1>/home/adam/Dev/omega-spiral/chapter-zero/Source/Scripts/field/PixelCombatController.cs(11,22): error SA1601: Partial elements should be documented (https://github.com/DotNetAnalyzers/StyleCopAnalyzers/blob/master/documentation/SA1601.md) [/home/adam/Dev/omega-spiral/chapter-zero/OmegaSpiral.csproj]
     1>/home/adam/Dev/omega-spiral/chapter-zero/Source/Scripts/field/PixelCombatController.cs(188,24): error SA1204: Static members should appear before non-static members (https://github.com/DotNetAnalyzers/StyleCopAnalyzers/blob/master/documentation/SA1204.md) [/home/adam/Dev/omega-spiral/chapter-zero/OmegaSpiral.csproj]
     1>/home/adam/Dev/omega-spiral/chapter-zero/Source/Scripts/combat/CombatArena.cs(21,29): error SA1201: A field should not follow a property (https://github.com/DotNetAnalyzers/StyleCopAnalyzers/blob/master/documentation/SA1201.md) [/home/adam/Dev/omega-spiral/chapter-zero/OmegaSpiral.csproj]
     1>/home/adam/Dev/omega-spiral/chapter-zero/Source/Scripts/combat/actors/ActiveTurnQueue.cs(63,18): error SA1201: A field should not follow a property (https://github.com/DotNetAnalyzers/StyleCopAnalyzers/blob/master/documentation/SA1201.md) [/home/adam/Dev/omega-spiral/chapter-zero/OmegaSpiral.csproj]
     1>/home/adam/Dev/omega-spiral/chapter-zero/Source/Scripts/common/CollisionFinder.cs(29,39): error SA1201: A field should not follow a property (https://github.com/DotNetAnalyzers/StyleCopAnalyzers/blob/master/documentation/SA1201.md) [/home/adam/Dev/omega-spiral/chapter-zero/OmegaSpiral.csproj]
     1>/home/adam/Dev/omega-spiral/chapter-zero/Source/Scripts/combat/actors/ActiveTurnQueue.cs(32,58): error SA1611: The documentation for parameter 'isPlayerVictory' is missing (https://github.com/DotNetAnalyzers/StyleCopAnalyzers/blob/master/documentation/SA1611.md) [/home/adam/Dev/omega-spiral/chapter-zero/OmegaSpiral.csproj]
     1>/home/adam/Dev/omega-spiral/chapter-zero/Source/Scripts/combat/ui/UICombatMenus.cs(41,25): error SA1201: A field should not follow a property (https://github.com/DotNetAnalyzers/StyleCopAnalyzers/blob/master/documentation/SA1201.md) [/home/adam/Dev/omega-spiral/chapter-zero/OmegaSpiral.csproj]
     1>/home/adam/Dev/omega-spiral/chapter-zero/Source/Scripts/combat/ui/UICombatMenus.cs(65,27): error SA1201: A field should not follow a property (https://github.com/DotNetAnalyzers/StyleCopAnalyzers/blob/master/documentation/SA1201.md) [/home/adam/Dev/omega-spiral/chapter-zero/OmegaSpiral.csproj]
     1>/home/adam/Dev/omega-spiral/chapter-zero/Source/Scripts/field/TileDungeonController.cs(11,22): error SA1601: Partial elements should be documented (https://github.com/DotNetAnalyzers/StyleCopAnalyzers/blob/master/documentation/SA1601.md) [/home/adam/Dev/omega-spiral/chapter-zero/OmegaSpiral.csproj]
     1>/home/adam/Dev/omega-spiral/chapter-zero/Source/Scripts/field/TileDungeonController.cs(90,26): error SA1202: 'public' members should come before 'private' members (https://github.com/DotNetAnalyzers/StyleCopAnalyzers/blob/master/documentation/SA1202.md) [/home/adam/Dev/omega-spiral/chapter-zero/OmegaSpiral.csproj]
     1>/home/adam/Dev/omega-spiral/chapter-zero/Source/Scripts/field/TileDungeonController.cs(60,25): error SA1204: Static members should appear before non-static members (https://github.com/DotNetAnalyzers/StyleCopAnalyzers/blob/master/documentation/SA1204.md) [/home/adam/Dev/omega-spiral/chapter-zero/OmegaSpiral.csproj]
     1>/home/adam/Dev/omega-spiral/chapter-zero/Source/Scripts/combat/CombatEvents.cs(18,66): error SA1611: The documentation for parameter 'arena' is missing (https://github.com/DotNetAnalyzers/StyleCopAnalyzers/blob/master/documentation/SA1611.md) [/home/adam/Dev/omega-spiral/chapter-zero/OmegaSpiral.csproj]
     1>/home/adam/Dev/omega-spiral/chapter-zero/Source/Scripts/combat/CombatEvents.cs(26,58): error SA1611: The documentation for parameter 'isPlayerVictory' is missing (https://github.com/DotNetAnalyzers/StyleCopAnalyzers/blob/master/documentation/SA1611.md) [/home/adam/Dev/omega-spiral/chapter-zero/OmegaSpiral.csproj]
     1>/home/adam/Dev/omega-spiral/chapter-zero/Source/Scripts/field/TileDungeonData.cs(23,25): error CA2227: Change 'Tilemap' to be read-only by removing the property setter (https://docs.microsoft.com/dotnet/fundamentals/code-analysis/quality-rules/ca2227) [/home/adam/Dev/omega-spiral/chapter-zero/OmegaSpiral.csproj]
     1>/home/adam/Dev/omega-spiral/chapter-zero/Source/Scripts/combat/CombatEvents.cs(32,68): error SA1611: The documentation for parameter 'battler' is missing (https://github.com/DotNetAnalyzers/StyleCopAnalyzers/blob/master/documentation/SA1611.md) [/home/adam/Dev/omega-spiral/chapter-zero/OmegaSpiral.csproj]
     1>/home/adam/Dev/omega-spiral/chapter-zero/Source/Scripts/combat/CombatEvents.cs(39,67): error SA1611: The documentation for parameter 'action' is missing (https://github.com/DotNetAnalyzers/StyleCopAnalyzers/blob/master/documentation/SA1611.md) [/home/adam/Dev/omega-spiral/chapter-zero/OmegaSpiral.csproj]
     1>/home/adam/Dev/omega-spiral/chapter-zero/Source/Scripts/combat/CombatEvents.cs(39,83): error SA1611: The documentation for parameter 'source' is missing (https://github.com/DotNetAnalyzers/StyleCopAnalyzers/blob/master/documentation/SA1611.md) [/home/adam/Dev/omega-spiral/chapter-zero/OmegaSpiral.csproj]
     1>/home/adam/Dev/omega-spiral/chapter-zero/Source/Scripts/combat/CombatEvents.cs(39,101): error SA1611: The documentation for parameter 'targets' is missing (https://github.com/DotNetAnalyzers/StyleCopAnalyzers/blob/master/documentation/SA1611.md) [/home/adam/Dev/omega-spiral/chapter-zero/OmegaSpiral.csproj]
     1>/home/adam/Dev/omega-spiral/chapter-zero/Source/Scripts/field/TileDungeonData.cs(11,22): error SA1601: Partial elements should be documented (https://github.com/DotNetAnalyzers/StyleCopAnalyzers/blob/master/documentation/SA1601.md) [/home/adam/Dev/omega-spiral/chapter-zero/OmegaSpiral.csproj]
     1>/home/adam/Dev/omega-spiral/chapter-zero/Source/Scripts/field/TileDungeonData.cs(29,45): error CA2227: Change 'Legend' to be read-only by removing the property setter (https://docs.microsoft.com/dotnet/fundamentals/code-analysis/quality-rules/ca2227) [/home/adam/Dev/omega-spiral/chapter-zero/OmegaSpiral.csproj]
     1>/home/adam/Dev/omega-spiral/chapter-zero/Source/Scripts/common/Directions.cs(15,17): error CA1717: Only FlagsAttribute enums should have plural names (https://docs.microsoft.com/dotnet/fundamentals/code-analysis/quality-rules/ca1717) [/home/adam/Dev/omega-spiral/chapter-zero/OmegaSpiral.csproj]
     1>/home/adam/Dev/omega-spiral/chapter-zero/Source/Scripts/common/Directions.cs(17,9): error SA1602: Enumeration items should be documented (https://github.com/DotNetAnalyzers/StyleCopAnalyzers/blob/master/documentation/SA1602.md) [/home/adam/Dev/omega-spiral/chapter-zero/OmegaSpiral.csproj]
     1>/home/adam/Dev/omega-spiral/chapter-zero/Source/Scripts/common/Directions.cs(19,9): error SA1602: Enumeration items should be documented (https://github.com/DotNetAnalyzers/StyleCopAnalyzers/blob/master/documentation/SA1602.md) [/home/adam/Dev/omega-spiral/chapter-zero/OmegaSpiral.csproj]
     1>/home/adam/Dev/omega-spiral/chapter-zero/Source/Scripts/common/Directions.cs(26,84): error SA1201: A field should not follow a enum (https://github.com/DotNetAnalyzers/StyleCopAnalyzers/blob/master/documentation/SA1201.md) [/home/adam/Dev/omega-spiral/chapter-zero/OmegaSpiral.csproj]
     1>/home/adam/Dev/omega-spiral/chapter-zero/Source/Scripts/common/Directions.cs(20,9): error SA1602: Enumeration items should be documented (https://github.com/DotNetAnalyzers/StyleCopAnalyzers/blob/master/documentation/SA1602.md) [/home/adam/Dev/omega-spiral/chapter-zero/OmegaSpiral.csproj]
     1>/home/adam/Dev/omega-spiral/chapter-zero/Source/Scripts/common/Directions.cs(18,9): error SA1602: Enumeration items should be documented (https://github.com/DotNetAnalyzers/StyleCopAnalyzers/blob/master/documentation/SA1602.md) [/home/adam/Dev/omega-spiral/chapter-zero/OmegaSpiral.csproj]
     1>/home/adam/Dev/omega-spiral/chapter-zero/Source/Scripts/field/TileDungeonData.cs(35,47): error CA2227: Change 'YamlLegend' to be read-only by removing the property setter (https://docs.microsoft.com/dotnet/fundamentals/code-analysis/quality-rules/ca2227) [/home/adam/Dev/omega-spiral/chapter-zero/OmegaSpiral.csproj]
     1>/home/adam/Dev/omega-spiral/chapter-zero/Source/Scripts/field/TileDungeonData.cs(80,22): error SA1601: Partial elements should be documented (https://github.com/DotNetAnalyzers/StyleCopAnalyzers/blob/master/documentation/SA1601.md) [/home/adam/Dev/omega-spiral/chapter-zero/OmegaSpiral.csproj]
     1>/home/adam/Dev/omega-spiral/chapter-zero/Source/Scripts/combat/CombatSceneData.cs(37,29): error CA2227: Change 'Actions' to be read-only by removing the property setter (https://docs.microsoft.com/dotnet/fundamentals/code-analysis/quality-rules/ca2227) [/home/adam/Dev/omega-spiral/chapter-zero/OmegaSpiral.csproj]
     1>/home/adam/Dev/omega-spiral/chapter-zero/Source/Scripts/combat/actors/CombatActor.cs(37,25): error SA1201: A field should not follow a delegate (https://github.com/DotNetAnalyzers/StyleCopAnalyzers/blob/master/documentation/SA1201.md) [/home/adam/Dev/omega-spiral/chapter-zero/OmegaSpiral.csproj]
     1>/home/adam/Dev/omega-spiral/chapter-zero/Source/Scripts/field/TileDungeonData.cs(107,22): error SA1601: Partial elements should be documented (https://github.com/DotNetAnalyzers/StyleCopAnalyzers/blob/master/documentation/SA1601.md) [/home/adam/Dev/omega-spiral/chapter-zero/OmegaSpiral.csproj]
     1>/home/adam/Dev/omega-spiral/chapter-zero/Source/Scripts/field/TileDungeonData.cs(125,25): error CA2227: Change 'ShowStats' to be read-only by removing the property setter (https://docs.microsoft.com/dotnet/fundamentals/code-analysis/quality-rules/ca2227) [/home/adam/Dev/omega-spiral/chapter-zero/OmegaSpiral.csproj]
     1>/home/adam/Dev/omega-spiral/chapter-zero/Source/Scripts/combat/CombatSceneData.cs(97,29): error CA2227: Change 'AttackPatterns' to be read-only by removing the property setter (https://docs.microsoft.com/dotnet/fundamentals/code-analysis/quality-rules/ca2227) [/home/adam/Dev/omega-spiral/chapter-zero/OmegaSpiral.csproj]
     1>/home/adam/Dev/omega-spiral/chapter-zero/Source/Scripts/field/cutscenes/popups/InteractionPopup.cs(16,22): error SA1601: Partial elements should be documented (https://github.com/DotNetAnalyzers/StyleCopAnalyzers/blob/master/documentation/SA1601.md) [/home/adam/Dev/omega-spiral/chapter-zero/OmegaSpiral.csproj]
     1>/home/adam/Dev/omega-spiral/chapter-zero/Source/Scripts/field/cutscenes/popups/InteractionPopup.cs(32,63): error SA1201: A field should not follow a enum (https://github.com/DotNetAnalyzers/StyleCopAnalyzers/blob/master/documentation/SA1201.md) [/home/adam/Dev/omega-spiral/chapter-zero/OmegaSpiral.csproj]
     1>/home/adam/Dev/omega-spiral/chapter-zero/Source/Scripts/field/cutscenes/popups/InteractionPopup.cs(64,17): error SA1201: A field should not follow a property (https://github.com/DotNetAnalyzers/StyleCopAnalyzers/blob/master/documentation/SA1201.md) [/home/adam/Dev/omega-spiral/chapter-zero/OmegaSpiral.csproj]
     1>/home/adam/Dev/omega-spiral/chapter-zero/Source/Scripts/field/cutscenes/popups/InteractionPopup.cs(88,18): error SA1201: A field should not follow a property (https://github.com/DotNetAnalyzers/StyleCopAnalyzers/blob/master/documentation/SA1201.md) [/home/adam/Dev/omega-spiral/chapter-zero/OmegaSpiral.csproj]
     1>/home/adam/Dev/omega-spiral/chapter-zero/Source/Scripts/field/cutscenes/popups/InteractionPopup.cs(117,20): error SA1201: A field should not follow a property (https://github.com/DotNetAnalyzers/StyleCopAnalyzers/blob/master/documentation/SA1201.md) [/home/adam/Dev/omega-spiral/chapter-zero/OmegaSpiral.csproj]
     1>/home/adam/Dev/omega-spiral/chapter-zero/Source/Scripts/field/cutscenes/popups/InteractionPopup.cs(148,26): error SA1202: 'public' members should come before 'private' members (https://github.com/DotNetAnalyzers/StyleCopAnalyzers/blob/master/documentation/SA1202.md) [/home/adam/Dev/omega-spiral/chapter-zero/OmegaSpiral.csproj]
     1>/home/adam/Dev/omega-spiral/chapter-zero/Source/Scripts/field/narrative/NarrativeSceneData.cs(63,22): error SA1402: File may only contain a single type (https://github.com/DotNetAnalyzers/StyleCopAnalyzers/blob/master/documentation/SA1402.md) [/home/adam/Dev/omega-spiral/chapter-zero/OmegaSpiral.csproj]
     1>/home/adam/Dev/omega-spiral/chapter-zero/Source/Scripts/field/narrative/NarrativeSceneData.cs(83,22): error SA1402: File may only contain a single type (https://github.com/DotNetAnalyzers/StyleCopAnalyzers/blob/master/documentation/SA1402.md) [/home/adam/Dev/omega-spiral/chapter-zero/OmegaSpiral.csproj]
     1>/home/adam/Dev/omega-spiral/chapter-zero/Source/Scripts/field/narrative/NarrativeSceneData.cs(109,22): error SA1402: File may only contain a single type (https://github.com/DotNetAnalyzers/StyleCopAnalyzers/blob/master/documentation/SA1402.md) [/home/adam/Dev/omega-spiral/chapter-zero/OmegaSpiral.csproj]
     1>/home/adam/Dev/omega-spiral/chapter-zero/Source/Scripts/field/narrative/NarrativeSceneData.cs(141,22): error SA1402: File may only contain a single type (https://github.com/DotNetAnalyzers/StyleCopAnalyzers/blob/master/documentation/SA1402.md) [/home/adam/Dev/omega-spiral/chapter-zero/OmegaSpiral.csproj]
     1>/home/adam/Dev/omega-spiral/chapter-zero/Source/Scripts/common/GameState.cs(35,25): error CA2227: Change 'Shards' to be read-only by removing the property setter (https://docs.microsoft.com/dotnet/fundamentals/code-analysis/quality-rules/ca2227) [/home/adam/Dev/omega-spiral/chapter-zero/OmegaSpiral.csproj]
     1>/home/adam/Dev/omega-spiral/chapter-zero/Source/Scripts/common/GameState.cs(317,25): error SA1204: Static members should appear before non-static members (https://github.com/DotNetAnalyzers/StyleCopAnalyzers/blob/master/documentation/SA1204.md) [/home/adam/Dev/omega-spiral/chapter-zero/OmegaSpiral.csproj]
     1>/home/adam/Dev/omega-spiral/chapter-zero/Source/Scripts/common/GameState.cs(357,25): error SA1204: Static members should appear before non-static members (https://github.com/DotNetAnalyzers/StyleCopAnalyzers/blob/master/documentation/SA1204.md) [/home/adam/Dev/omega-spiral/chapter-zero/OmegaSpiral.csproj]
     1>/home/adam/Dev/omega-spiral/chapter-zero/Source/Scripts/common/GameState.cs(40,39): error CA2227: Change 'SceneData' to be read-only by removing the property setter (https://docs.microsoft.com/dotnet/fundamentals/code-analysis/quality-rules/ca2227) [/home/adam/Dev/omega-spiral/chapter-zero/OmegaSpiral.csproj]
     1>/home/adam/Dev/omega-spiral/chapter-zero/Source/Scripts/common/GameState.cs(45,25): error CA2227: Change 'NarratorQueue' to be read-only by removing the property setter (https://docs.microsoft.com/dotnet/fundamentals/code-analysis/quality-rules/ca2227) [/home/adam/Dev/omega-spiral/chapter-zero/OmegaSpiral.csproj]
     1>/home/adam/Dev/omega-spiral/chapter-zero/Source/Scripts/common/GameState.cs(50,45): error CA2227: Change 'DreamweaverScores' to be read-only by removing the property setter (https://docs.microsoft.com/dotnet/fundamentals/code-analysis/quality-rules/ca2227) [/home/adam/Dev/omega-spiral/chapter-zero/OmegaSpiral.csproj]
     1>/home/adam/Dev/omega-spiral/chapter-zero/Source/Scripts/field/cutscenes/popups/InteractionPopup.cs(21,17): error CA1717: Only FlagsAttribute enums should have plural names (https://docs.microsoft.com/dotnet/fundamentals/code-analysis/quality-rules/ca1717) [/home/adam/Dev/omega-spiral/chapter-zero/OmegaSpiral.csproj]
     1>/home/adam/Dev/omega-spiral/chapter-zero/Source/Scripts/field/cutscenes/popups/InteractionPopup.cs(23,9): error SA1602: Enumeration items should be documented (https://github.com/DotNetAnalyzers/StyleCopAnalyzers/blob/master/documentation/SA1602.md) [/home/adam/Dev/omega-spiral/chapter-zero/OmegaSpiral.csproj]
     1>/home/adam/Dev/omega-spiral/chapter-zero/Source/Scripts/field/cutscenes/popups/InteractionPopup.cs(24,9): error SA1602: Enumeration items should be documented (https://github.com/DotNetAnalyzers/StyleCopAnalyzers/blob/master/documentation/SA1602.md) [/home/adam/Dev/omega-spiral/chapter-zero/OmegaSpiral.csproj]
     1>/home/adam/Dev/omega-spiral/chapter-zero/Source/Scripts/field/cutscenes/popups/InteractionPopup.cs(25,9): error SA1602: Enumeration items should be documented (https://github.com/DotNetAnalyzers/StyleCopAnalyzers/blob/master/documentation/SA1602.md) [/home/adam/Dev/omega-spiral/chapter-zero/OmegaSpiral.csproj]
     1>/home/adam/Dev/omega-spiral/chapter-zero/Source/Scripts/field/cutscenes/popups/InteractionPopup.cs(26,9): error SA1602: Enumeration items should be documented (https://github.com/DotNetAnalyzers/StyleCopAnalyzers/blob/master/documentation/SA1602.md) [/home/adam/Dev/omega-spiral/chapter-zero/OmegaSpiral.csproj]
     1>/home/adam/Dev/omega-spiral/chapter-zero/Source/Scripts/field/gamepieces/controllers/GamepieceController.cs(143,23): error SA1201: A field should not follow a property (https://github.com/DotNetAnalyzers/StyleCopAnalyzers/blob/master/documentation/SA1201.md) [/home/adam/Dev/omega-spiral/chapter-zero/OmegaSpiral.csproj]
     1>/home/adam/Dev/omega-spiral/chapter-zero/Source/Scripts/field/gamepieces/controllers/GamepieceController.cs(198,25): error SA1202: 'public' members should come before 'protected' members (https://github.com/DotNetAnalyzers/StyleCopAnalyzers/blob/master/documentation/SA1202.md) [/home/adam/Dev/omega-spiral/chapter-zero/OmegaSpiral.csproj]
     1>/home/adam/Dev/omega-spiral/chapter-zero/Source/Scripts/field/gamepieces/controllers/GamepieceController.cs(346,28): error SA1202: 'protected' members should come before 'private' members (https://github.com/DotNetAnalyzers/StyleCopAnalyzers/blob/master/documentation/SA1202.md) [/home/adam/Dev/omega-spiral/chapter-zero/OmegaSpiral.csproj]
     1>/home/adam/Dev/omega-spiral/chapter-zero/Source/Scripts/field/gamepieces/controllers/GamepieceController.cs(124,27): error CA2227: Change 'MovePath' to be read-only by removing the property setter (https://docs.microsoft.com/dotnet/fundamentals/code-analysis/quality-rules/ca2227) [/home/adam/Dev/omega-spiral/chapter-zero/OmegaSpiral.csproj]
     1>/home/adam/Dev/omega-spiral/chapter-zero/Source/Scripts/field/gamepieces/controllers/GamepieceController.cs(41,63): error SA1611: The documentation for parameter 'newWaypoint' is missing (https://github.com/DotNetAnalyzers/StyleCopAnalyzers/blob/master/documentation/SA1611.md) [/home/adam/Dev/omega-spiral/chapter-zero/OmegaSpiral.csproj]
     1>/home/adam/Dev/omega-spiral/chapter-zero/Source/Scripts/field/gamepieces/controllers/GamepieceController.cs(35,63): error SA1611: The documentation for parameter 'newWaypoint' is missing (https://github.com/DotNetAnalyzers/StyleCopAnalyzers/blob/master/documentation/SA1611.md) [/home/adam/Dev/omega-spiral/chapter-zero/OmegaSpiral.csproj]
     1>/home/adam/Dev/omega-spiral/chapter-zero/Source/Scripts/combat/ui/UICombatLog.cs(16,26): error SA1601: Partial elements should be documented (https://github.com/DotNetAnalyzers/StyleCopAnalyzers/blob/master/documentation/SA1601.md) [/home/adam/Dev/omega-spiral/chapter-zero/OmegaSpiral.csproj]
     1>/home/adam/Dev/omega-spiral/chapter-zero/Source/Scripts/combat/ui/UICombatLog.cs(27,31): error SA1201: A field should not follow a property (https://github.com/DotNetAnalyzers/StyleCopAnalyzers/blob/master/documentation/SA1201.md) [/home/adam/Dev/omega-spiral/chapter-zero/OmegaSpiral.csproj]
     1>/home/adam/Dev/omega-spiral/chapter-zero/Source/Scripts/combat/ui/UICombatLog.cs(121,21): error SA1202: 'public' members should come before 'private' members (https://github.com/DotNetAnalyzers/StyleCopAnalyzers/blob/master/documentation/SA1202.md) [/home/adam/Dev/omega-spiral/chapter-zero/OmegaSpiral.csproj]
     1>/home/adam/Dev/omega-spiral/chapter-zero/Source/Scripts/combat/ui/action_menu/UIActionMenu.cs(33,20): error SA1600: Elements should be documented (https://github.com/DotNetAnalyzers/StyleCopAnalyzers/blob/master/documentation/SA1600.md) [/home/adam/Dev/omega-spiral/chapter-zero/OmegaSpiral.csproj]
     1>/home/adam/Dev/omega-spiral/chapter-zero/Source/Scripts/combat/ui/action_menu/UIActionMenu.cs(31,21): error SA1201: A field should not follow a delegate (https://github.com/DotNetAnalyzers/StyleCopAnalyzers/blob/master/documentation/SA1201.md) [/home/adam/Dev/omega-spiral/chapter-zero/OmegaSpiral.csproj]
     1>/home/adam/Dev/omega-spiral/chapter-zero/Source/Scripts/combat/ui/action_menu/UIActionMenu.cs(68,25): error SA1201: A field should not follow a property (https://github.com/DotNetAnalyzers/StyleCopAnalyzers/blob/master/documentation/SA1201.md) [/home/adam/Dev/omega-spiral/chapter-zero/OmegaSpiral.csproj]
     1>/home/adam/Dev/omega-spiral/chapter-zero/Source/Scripts/combat/ui/action_menu/UIActionMenu.cs(19,67): error SA1611: The documentation for parameter 'action' is missing (https://github.com/DotNetAnalyzers/StyleCopAnalyzers/blob/master/documentation/SA1611.md) [/home/adam/Dev/omega-spiral/chapter-zero/OmegaSpiral.csproj]
     1>/home/adam/Dev/omega-spiral/chapter-zero/Source/Scripts/combat/ui/action_menu/UIActionMenu.cs(108,17): error SA1202: 'public' members should come before 'private' members (https://github.com/DotNetAnalyzers/StyleCopAnalyzers/blob/master/documentation/SA1202.md) [/home/adam/Dev/omega-spiral/chapter-zero/OmegaSpiral.csproj]
     1>/home/adam/Dev/omega-spiral/chapter-zero/Source/Scripts/combat/ui/action_menu/UIActionMenu.cs(156,29): error SA1202: 'protected' members should come before 'private' members (https://github.com/DotNetAnalyzers/StyleCopAnalyzers/blob/master/documentation/SA1202.md) [/home/adam/Dev/omega-spiral/chapter-zero/OmegaSpiral.csproj]
     1>/home/adam/Dev/omega-spiral/chapter-zero/Source/Scripts/combat/ui/action_menu/UIActionMenu.cs(25,66): error SA1611: The documentation for parameter 'action' is missing (https://github.com/DotNetAnalyzers/StyleCopAnalyzers/blob/master/documentation/SA1611.md) [/home/adam/Dev/omega-spiral/chapter-zero/OmegaSpiral.csproj]
     1>/home/adam/Dev/omega-spiral/chapter-zero/Source/Scripts/common/Inventory.cs(36,65): error SA1201: A field should not follow a enum (https://github.com/DotNetAnalyzers/StyleCopAnalyzers/blob/master/documentation/SA1201.md) [/home/adam/Dev/omega-spiral/chapter-zero/OmegaSpiral.csproj]
     1>/home/adam/Dev/omega-spiral/chapter-zero/Source/Scripts/common/Inventory.cs(55,40): error SA1201: A field should not follow a delegate (https://github.com/DotNetAnalyzers/StyleCopAnalyzers/blob/master/documentation/SA1201.md) [/home/adam/Dev/omega-spiral/chapter-zero/OmegaSpiral.csproj]
     1>/home/adam/Dev/omega-spiral/chapter-zero/Source/Scripts/common/Inventory.cs(46,26): error SA1203: Constant fields should appear before non-constant fields (https://github.com/DotNetAnalyzers/StyleCopAnalyzers/blob/master/documentation/SA1203.md) [/home/adam/Dev/omega-spiral/chapter-zero/OmegaSpiral.csproj]
     1>/home/adam/Dev/omega-spiral/chapter-zero/Source/Scripts/common/Inventory.cs(129,29): error SA1204: Static members should appear before non-static members (https://github.com/DotNetAnalyzers/StyleCopAnalyzers/blob/master/documentation/SA1204.md) [/home/adam/Dev/omega-spiral/chapter-zero/OmegaSpiral.csproj]
     1>/home/adam/Dev/omega-spiral/chapter-zero/Source/Scripts/field/cutscenes/popups/MovingInteractionPopup.cs(17,22): error SA1601: Partial elements should be documented (https://github.com/DotNetAnalyzers/StyleCopAnalyzers/blob/master/documentation/SA1601.md) [/home/adam/Dev/omega-spiral/chapter-zero/OmegaSpiral.csproj]
     1>/home/adam/Dev/omega-spiral/chapter-zero/Source/Scripts/common/Inventory.cs(21,9): error SA1602: Enumeration items should be documented (https://github.com/DotNetAnalyzers/StyleCopAnalyzers/blob/master/documentation/SA1602.md) [/home/adam/Dev/omega-spiral/chapter-zero/OmegaSpiral.csproj]
     1>/home/adam/Dev/omega-spiral/chapter-zero/Source/Scripts/common/Inventory.cs(19,17): error CA1717: Only FlagsAttribute enums should have plural names (https://docs.microsoft.com/dotnet/fundamentals/code-analysis/quality-rules/ca1717) [/home/adam/Dev/omega-spiral/chapter-zero/OmegaSpiral.csproj]
     1>/home/adam/Dev/omega-spiral/chapter-zero/Source/Scripts/common/Inventory.cs(22,9): error SA1602: Enumeration items should be documented (https://github.com/DotNetAnalyzers/StyleCopAnalyzers/blob/master/documentation/SA1602.md) [/home/adam/Dev/omega-spiral/chapter-zero/OmegaSpiral.csproj]
     1>/home/adam/Dev/omega-spiral/chapter-zero/Source/Scripts/common/Inventory.cs(24,9): error SA1602: Enumeration items should be documented (https://github.com/DotNetAnalyzers/StyleCopAnalyzers/blob/master/documentation/SA1602.md) [/home/adam/Dev/omega-spiral/chapter-zero/OmegaSpiral.csproj]
     1>/home/adam/Dev/omega-spiral/chapter-zero/Source/Scripts/common/Inventory.cs(25,9): error SA1602: Enumeration items should be documented (https://github.com/DotNetAnalyzers/StyleCopAnalyzers/blob/master/documentation/SA1602.md) [/home/adam/Dev/omega-spiral/chapter-zero/OmegaSpiral.csproj]
     1>/home/adam/Dev/omega-spiral/chapter-zero/Source/Scripts/common/Inventory.cs(26,9): error SA1602: Enumeration items should be documented (https://github.com/DotNetAnalyzers/StyleCopAnalyzers/blob/master/documentation/SA1602.md) [/home/adam/Dev/omega-spiral/chapter-zero/OmegaSpiral.csproj]
     1>/home/adam/Dev/omega-spiral/chapter-zero/Source/Scripts/common/Inventory.cs(23,9): error SA1602: Enumeration items should be documented (https://github.com/DotNetAnalyzers/StyleCopAnalyzers/blob/master/documentation/SA1602.md) [/home/adam/Dev/omega-spiral/chapter-zero/OmegaSpiral.csproj]
     1>/home/adam/Dev/omega-spiral/chapter-zero/Source/Scripts/common/Inventory.cs(52,60): error SA1611: The documentation for parameter 'type' is missing (https://github.com/DotNetAnalyzers/StyleCopAnalyzers/blob/master/documentation/SA1611.md) [/home/adam/Dev/omega-spiral/chapter-zero/OmegaSpiral.csproj]
     1>/home/adam/Dev/omega-spiral/chapter-zero/Source/Scripts/field/gamepieces/controllers/PathLoopAIController.cs(32,20): error SA1201: A field should not follow a property (https://github.com/DotNetAnalyzers/StyleCopAnalyzers/blob/master/documentation/SA1201.md) [/home/adam/Dev/omega-spiral/chapter-zero/OmegaSpiral.csproj]
     1>/home/adam/Dev/omega-spiral/chapter-zero/Source/Scripts/field/gamepieces/controllers/PathLoopAIController.cs(73,17): error SA1201: A property should not follow a method (https://github.com/DotNetAnalyzers/StyleCopAnalyzers/blob/master/documentation/SA1201.md) [/home/adam/Dev/omega-spiral/chapter-zero/OmegaSpiral.csproj]
     1>/home/adam/Dev/omega-spiral/chapter-zero/Source/Scripts/field/gamepieces/controllers/PathLoopAIController.cs(218,29): error SA1202: 'protected' members should come before 'private' members (https://github.com/DotNetAnalyzers/StyleCopAnalyzers/blob/master/documentation/SA1202.md) [/home/adam/Dev/omega-spiral/chapter-zero/OmegaSpiral.csproj]
     1>/home/adam/Dev/omega-spiral/chapter-zero/Source/Scripts/field/gamepieces/controllers/PathLoopAIController.cs(261,29): error SA1202: 'protected' members should come before 'private' members (https://github.com/DotNetAnalyzers/StyleCopAnalyzers/blob/master/documentation/SA1202.md) [/home/adam/Dev/omega-spiral/chapter-zero/OmegaSpiral.csproj]
     1>/home/adam/Dev/omega-spiral/chapter-zero/Source/Scripts/common/JsonSchemaValidator.cs(12,22): error SA1601: Partial elements should be documented (https://github.com/DotNetAnalyzers/StyleCopAnalyzers/blob/master/documentation/SA1601.md) [/home/adam/Dev/omega-spiral/chapter-zero/OmegaSpiral.csproj]
     1>/home/adam/Dev/omega-spiral/chapter-zero/Source/Scripts/common/DialogicIntegration.cs(154,27): error SA1202: 'public' members should come before 'private' members (https://github.com/DotNetAnalyzers/StyleCopAnalyzers/blob/master/documentation/SA1202.md) [/home/adam/Dev/omega-spiral/chapter-zero/OmegaSpiral.csproj]
     1>/home/adam/Dev/omega-spiral/chapter-zero/Source/Scripts/combat/ui/battler_entry/UIBattlerLifeBar.cs(29,19): error SA1201: A field should not follow a property (https://github.com/DotNetAnalyzers/StyleCopAnalyzers/blob/master/documentation/SA1201.md) [/home/adam/Dev/omega-spiral/chapter-zero/OmegaSpiral.csproj]
     1>/home/adam/Dev/omega-spiral/chapter-zero/Source/Scripts/combat/ui/battler_entry/UIBattlerLifeBar.cs(62,19): error SA1201: A field should not follow a property (https://github.com/DotNetAnalyzers/StyleCopAnalyzers/blob/master/documentation/SA1201.md) [/home/adam/Dev/omega-spiral/chapter-zero/OmegaSpiral.csproj]
     1>/home/adam/Dev/omega-spiral/chapter-zero/Source/Scripts/field/TileDungeonData.cs(80,22): error SA1402: File may only contain a single type (https://github.com/DotNetAnalyzers/StyleCopAnalyzers/blob/master/documentation/SA1402.md) [/home/adam/Dev/omega-spiral/chapter-zero/OmegaSpiral.csproj]
     1>/home/adam/Dev/omega-spiral/chapter-zero/Source/Scripts/field/TileDungeonData.cs(107,22): error SA1402: File may only contain a single type (https://github.com/DotNetAnalyzers/StyleCopAnalyzers/blob/master/documentation/SA1402.md) [/home/adam/Dev/omega-spiral/chapter-zero/OmegaSpiral.csproj]
     1>/home/adam/Dev/omega-spiral/chapter-zero/Source/Scripts/field/cutscenes/templates/area_transitions/AreaTransition.cs(54,19): error SA1201: A field should not follow a property (https://github.com/DotNetAnalyzers/StyleCopAnalyzers/blob/master/documentation/SA1201.md) [/home/adam/Dev/omega-spiral/chapter-zero/OmegaSpiral.csproj]
     1>/home/adam/Dev/omega-spiral/chapter-zero/Source/Scripts/field/cutscenes/templates/area_transitions/AreaTransition.cs(98,31): error SA1202: 'public' members should come before 'private' members (https://github.com/DotNetAnalyzers/StyleCopAnalyzers/blob/master/documentation/SA1202.md) [/home/adam/Dev/omega-spiral/chapter-zero/OmegaSpiral.csproj]
     1>/home/adam/Dev/omega-spiral/chapter-zero/Source/Scripts/field/ui/inventory/UIInventoryItem.cs(20,17): error SA1201: A field should not follow a property (https://github.com/DotNetAnalyzers/StyleCopAnalyzers/blob/master/documentation/SA1201.md) [/home/adam/Dev/omega-spiral/chapter-zero/OmegaSpiral.csproj]
     1>/home/adam/Dev/omega-spiral/chapter-zero/Source/Scripts/common/Music.cs(57,35): error SA1201: A field should not follow a property (https://github.com/DotNetAnalyzers/StyleCopAnalyzers/blob/master/documentation/SA1201.md) [/home/adam/Dev/omega-spiral/chapter-zero/OmegaSpiral.csproj]
     1>/home/adam/Dev/omega-spiral/chapter-zero/Source/Scripts/common/Music.cs(269,27): error SA1202: 'public' members should come before 'private' members (https://github.com/DotNetAnalyzers/StyleCopAnalyzers/blob/master/documentation/SA1202.md) [/home/adam/Dev/omega-spiral/chapter-zero/OmegaSpiral.csproj]
     1>/home/adam/Dev/omega-spiral/chapter-zero/Source/Scripts/field/cutscenes/templates/treasure_chests/TreasureChest.cs(26,25): error SA1201: A field should not follow a property (https://github.com/DotNetAnalyzers/StyleCopAnalyzers/blob/master/documentation/SA1201.md) [/home/adam/Dev/omega-spiral/chapter-zero/OmegaSpiral.csproj]
     1>/home/adam/Dev/omega-spiral/chapter-zero/Source/Scripts/field/ui/popups/UIPopup.cs(79,31): error CA1051: Do not declare visible instance fields (https://docs.microsoft.com/dotnet/fundamentals/code-analysis/quality-rules/ca1051) [/home/adam/Dev/omega-spiral/chapter-zero/OmegaSpiral.csproj]
     1>/home/adam/Dev/omega-spiral/chapter-zero/Source/Scripts/field/ui/popups/UIPopup.cs(13,22): error SA1601: Partial elements should be documented (https://github.com/DotNetAnalyzers/StyleCopAnalyzers/blob/master/documentation/SA1601.md) [/home/adam/Dev/omega-spiral/chapter-zero/OmegaSpiral.csproj]
     1>/home/adam/Dev/omega-spiral/chapter-zero/Source/Scripts/field/ui/popups/UIPopup.cs(79,31): error SA1401: Field should be private (https://github.com/DotNetAnalyzers/StyleCopAnalyzers/blob/master/documentation/SA1401.md) [/home/adam/Dev/omega-spiral/chapter-zero/OmegaSpiral.csproj]
     1>/home/adam/Dev/omega-spiral/chapter-zero/Source/Scripts/field/ui/popups/UIPopup.cs(80,24): error CA1051: Do not declare visible instance fields (https://docs.microsoft.com/dotnet/fundamentals/code-analysis/quality-rules/ca1051) [/home/adam/Dev/omega-spiral/chapter-zero/OmegaSpiral.csproj]
     1>/home/adam/Dev/omega-spiral/chapter-zero/Source/Scripts/field/ui/popups/UIPopup.cs(79,31): error SA1600: Elements should be documented (https://github.com/DotNetAnalyzers/StyleCopAnalyzers/blob/master/documentation/SA1600.md) [/home/adam/Dev/omega-spiral/chapter-zero/OmegaSpiral.csproj]
     1>/home/adam/Dev/omega-spiral/chapter-zero/Source/Scripts/field/ui/popups/UIPopup.cs(80,24): error SA1401: Field should be private (https://github.com/DotNetAnalyzers/StyleCopAnalyzers/blob/master/documentation/SA1401.md) [/home/adam/Dev/omega-spiral/chapter-zero/OmegaSpiral.csproj]
     1>/home/adam/Dev/omega-spiral/chapter-zero/Source/Scripts/field/ui/popups/UIPopup.cs(80,24): error SA1600: Elements should be documented (https://github.com/DotNetAnalyzers/StyleCopAnalyzers/blob/master/documentation/SA1600.md) [/home/adam/Dev/omega-spiral/chapter-zero/OmegaSpiral.csproj]
     1>/home/adam/Dev/omega-spiral/chapter-zero/Source/Scripts/field/ui/popups/UIPopup.cs(36,18): error SA1201: A field should not follow a enum (https://github.com/DotNetAnalyzers/StyleCopAnalyzers/blob/master/documentation/SA1201.md) [/home/adam/Dev/omega-spiral/chapter-zero/OmegaSpiral.csproj]
     1>/home/adam/Dev/omega-spiral/chapter-zero/Source/Scripts/field/ui/popups/UIPopup.cs(77,20): error SA1201: A field should not follow a property (https://github.com/DotNetAnalyzers/StyleCopAnalyzers/blob/master/documentation/SA1201.md) [/home/adam/Dev/omega-spiral/chapter-zero/OmegaSpiral.csproj]
     1>/home/adam/Dev/omega-spiral/chapter-zero/Source/Scripts/field/ui/popups/UIPopup.cs(79,31): error SA1202: 'protected' members should come before 'private' members (https://github.com/DotNetAnalyzers/StyleCopAnalyzers/blob/master/documentation/SA1202.md) [/home/adam/Dev/omega-spiral/chapter-zero/OmegaSpiral.csproj]
     1>/home/adam/Dev/omega-spiral/chapter-zero/Source/Scripts/field/ui/popups/UIPopup.cs(175,26): error SA1202: 'public' members should come before 'private' members (https://github.com/DotNetAnalyzers/StyleCopAnalyzers/blob/master/documentation/SA1202.md) [/home/adam/Dev/omega-spiral/chapter-zero/OmegaSpiral.csproj]
     1>/home/adam/Dev/omega-spiral/chapter-zero/Source/Scripts/common/PartyData.cs(17,32): error CA2227: Change 'Members' to be read-only by removing the property setter (https://docs.microsoft.com/dotnet/fundamentals/code-analysis/quality-rules/ca2227) [/home/adam/Dev/omega-spiral/chapter-zero/OmegaSpiral.csproj]
     1>/home/adam/Dev/omega-spiral/chapter-zero/Source/Scripts/common/PartyData.cs(33,16): error SA1201: A constructor should not follow a property (https://github.com/DotNetAnalyzers/StyleCopAnalyzers/blob/master/documentation/SA1201.md) [/home/adam/Dev/omega-spiral/chapter-zero/OmegaSpiral.csproj]
     1>/home/adam/Dev/omega-spiral/chapter-zero/Source/Scripts/common/PartyData.cs(237,33): error SA1204: Static members should appear before non-static members (https://github.com/DotNetAnalyzers/StyleCopAnalyzers/blob/master/documentation/SA1204.md) [/home/adam/Dev/omega-spiral/chapter-zero/OmegaSpiral.csproj]
     1>/home/adam/Dev/omega-spiral/chapter-zero/Source/Scripts/common/PartyData.cs(27,58): error CA2227: Change 'Inventory' to be read-only by removing the property setter (https://docs.microsoft.com/dotnet/fundamentals/code-analysis/quality-rules/ca2227) [/home/adam/Dev/omega-spiral/chapter-zero/OmegaSpiral.csproj]
     1>/home/adam/Dev/omega-spiral/chapter-zero/Source/Scripts/field/ui/popups/UIPopup.cs(38,20): error CA1707: Remove the underscores from member name UIPopup.Is_shown (https://docs.microsoft.com/dotnet/fundamentals/code-analysis/quality-rules/ca1707) [/home/adam/Dev/omega-spiral/chapter-zero/OmegaSpiral.csproj]
     1>/home/adam/Dev/omega-spiral/chapter-zero/Source/Scripts/field/ui/popups/UIPopup.cs(38,20): error SA1600: Elements should be documented (https://github.com/DotNetAnalyzers/StyleCopAnalyzers/blob/master/documentation/SA1600.md) [/home/adam/Dev/omega-spiral/chapter-zero/OmegaSpiral.csproj]
     1>/home/adam/Dev/omega-spiral/chapter-zero/Source/Scripts/field/ui/popups/UIPopup.cs(24,17): error CA1717: Only FlagsAttribute enums should have plural names (https://docs.microsoft.com/dotnet/fundamentals/code-analysis/quality-rules/ca1717) [/home/adam/Dev/omega-spiral/chapter-zero/OmegaSpiral.csproj]
     1>/home/adam/Dev/omega-spiral/chapter-zero/Source/Scripts/field/ui/popups/UIPopup.cs(27,9): error SA1602: Enumeration items should be documented (https://github.com/DotNetAnalyzers/StyleCopAnalyzers/blob/master/documentation/SA1602.md) [/home/adam/Dev/omega-spiral/chapter-zero/OmegaSpiral.csproj]
     1>/home/adam/Dev/omega-spiral/chapter-zero/Source/Scripts/field/gamepieces/Gamepiece.cs(52,25): error SA1201: A field should not follow a delegate (https://github.com/DotNetAnalyzers/StyleCopAnalyzers/blob/master/documentation/SA1201.md) [/home/adam/Dev/omega-spiral/chapter-zero/OmegaSpiral.csproj]
     1>/home/adam/Dev/omega-spiral/chapter-zero/Source/Scripts/field/gamepieces/Gamepiece.cs(106,31): error SA1201: A field should not follow a property (https://github.com/DotNetAnalyzers/StyleCopAnalyzers/blob/master/documentation/SA1201.md) [/home/adam/Dev/omega-spiral/chapter-zero/OmegaSpiral.csproj]
     1>/home/adam/Dev/omega-spiral/chapter-zero/Source/Scripts/field/gamepieces/Gamepiece.cs(202,17): error SA1202: 'public' members should come before 'private' members (https://github.com/DotNetAnalyzers/StyleCopAnalyzers/blob/master/documentation/SA1202.md) [/home/adam/Dev/omega-spiral/chapter-zero/OmegaSpiral.csproj]
     1>/home/adam/Dev/omega-spiral/chapter-zero/Source/Scripts/field/ui/popups/UIPopup.cs(28,9): error SA1602: Enumeration items should be documented (https://github.com/DotNetAnalyzers/StyleCopAnalyzers/blob/master/documentation/SA1602.md) [/home/adam/Dev/omega-spiral/chapter-zero/OmegaSpiral.csproj]
     1>/home/adam/Dev/omega-spiral/chapter-zero/Source/Scripts/field/gamepieces/Gamepiece.cs(266,24): error SA1204: Static members should appear before non-static members (https://github.com/DotNetAnalyzers/StyleCopAnalyzers/blob/master/documentation/SA1204.md) [/home/adam/Dev/omega-spiral/chapter-zero/OmegaSpiral.csproj]
     1>/home/adam/Dev/omega-spiral/chapter-zero/Source/Scripts/field/ui/popups/UIPopup.cs(29,9): error SA1602: Enumeration items should be documented (https://github.com/DotNetAnalyzers/StyleCopAnalyzers/blob/master/documentation/SA1602.md) [/home/adam/Dev/omega-spiral/chapter-zero/OmegaSpiral.csproj]
     1>/home/adam/Dev/omega-spiral/chapter-zero/Source/Scripts/field/ui/popups/UIPopup.cs(26,9): error SA1602: Enumeration items should be documented (https://github.com/DotNetAnalyzers/StyleCopAnalyzers/blob/master/documentation/SA1602.md) [/home/adam/Dev/omega-spiral/chapter-zero/OmegaSpiral.csproj]
     1>/home/adam/Dev/omega-spiral/chapter-zero/Source/Scripts/field/narrative/DreamweaverPersona.cs(42,27): error SA1201: A field should not follow a property (https://github.com/DotNetAnalyzers/StyleCopAnalyzers/blob/master/documentation/SA1201.md) [/home/adam/Dev/omega-spiral/chapter-zero/OmegaSpiral.csproj]
     1>/home/adam/Dev/omega-spiral/chapter-zero/Source/Scripts/field/narrative/DreamweaverPersona.cs(108,31): error SA1202: 'public' members should come before 'private' members (https://github.com/DotNetAnalyzers/StyleCopAnalyzers/blob/master/documentation/SA1202.md) [/home/adam/Dev/omega-spiral/chapter-zero/OmegaSpiral.csproj]
     1>/home/adam/Dev/omega-spiral/chapter-zero/Source/Scripts/field/narrative/DreamweaverPersona.cs(361,39): error SA1204: Static members should appear before non-static members (https://github.com/DotNetAnalyzers/StyleCopAnalyzers/blob/master/documentation/SA1204.md) [/home/adam/Dev/omega-spiral/chapter-zero/OmegaSpiral.csproj]
     1>/home/adam/Dev/omega-spiral/chapter-zero/Source/Scripts/field/narrative/DreamweaverPersona.cs(459,39): error SA1204: Static members should appear before non-static members (https://github.com/DotNetAnalyzers/StyleCopAnalyzers/blob/master/documentation/SA1204.md) [/home/adam/Dev/omega-spiral/chapter-zero/OmegaSpiral.csproj]
     1>/home/adam/Dev/omega-spiral/chapter-zero/Tests/SaveLoadTests.cs(11,14): error CA1063: Provide an overridable implementation of Dispose(bool) on 'SaveLoadTests' or mark the type as sealed. A call to Dispose(false) should only clean up native resources. A call to Dispose(true) should clean up both managed and native resources. (https://docs.microsoft.com/dotnet/fundamentals/code-analysis/quality-rules/ca1063) [/home/adam/Dev/omega-spiral/chapter-zero/OmegaSpiral.csproj]
     1>/home/adam/Dev/omega-spiral/chapter-zero/Source/Scripts/field/gamepieces/Gamepiece.cs(23,73): error SA1611: The documentation for parameter 'newDirection' is missing (https://github.com/DotNetAnalyzers/StyleCopAnalyzers/blob/master/documentation/SA1611.md) [/home/adam/Dev/omega-spiral/chapter-zero/OmegaSpiral.csproj]
     1>/home/adam/Dev/omega-spiral/chapter-zero/Tests/SaveLoadTests.cs(11,14): error SA1600: Elements should be documented (https://github.com/DotNetAnalyzers/StyleCopAnalyzers/blob/master/documentation/SA1600.md) [/home/adam/Dev/omega-spiral/chapter-zero/OmegaSpiral.csproj]
     1>/home/adam/Dev/omega-spiral/chapter-zero/Source/Scripts/field/cutscenes/templates/treasure_chests/TreasureChestInteraction.cs(37,18): error SA1201: A field should not follow a property (https://github.com/DotNetAnalyzers/StyleCopAnalyzers/blob/master/documentation/SA1201.md) [/home/adam/Dev/omega-spiral/chapter-zero/OmegaSpiral.csproj]
     1>/home/adam/Dev/omega-spiral/chapter-zero/Source/Scripts/field/cutscenes/templates/treasure_chests/TreasureChestInteraction.cs(97,32): error SA1202: 'public' members should come before 'protected' members (https://github.com/DotNetAnalyzers/StyleCopAnalyzers/blob/master/documentation/SA1202.md) [/home/adam/Dev/omega-spiral/chapter-zero/OmegaSpiral.csproj]
     1>/home/adam/Dev/omega-spiral/chapter-zero/Source/Scripts/field/gamepieces/Gamepiece.cs(41,63): error SA1611: The documentation for parameter 'newWaypoint' is missing (https://github.com/DotNetAnalyzers/StyleCopAnalyzers/blob/master/documentation/SA1611.md) [/home/adam/Dev/omega-spiral/chapter-zero/OmegaSpiral.csproj]
     1>/home/adam/Dev/omega-spiral/chapter-zero/Source/Scripts/field/gamepieces/Gamepiece.cs(47,63): error SA1611: The documentation for parameter 'newWaypoint' is missing (https://github.com/DotNetAnalyzers/StyleCopAnalyzers/blob/master/documentation/SA1611.md) [/home/adam/Dev/omega-spiral/chapter-zero/OmegaSpiral.csproj]
     1>/home/adam/Dev/omega-spiral/chapter-zero/Tests/StatePersistenceTests.cs(11,14): error CA1063: Provide an overridable implementation of Dispose(bool) on 'StatePersistenceTests' or mark the type as sealed. A call to Dispose(false) should only clean up native resources. A call to Dispose(true) should clean up both managed and native resources. (https://docs.microsoft.com/dotnet/fundamentals/code-analysis/quality-rules/ca1063) [/home/adam/Dev/omega-spiral/chapter-zero/OmegaSpiral.csproj]
     1>/home/adam/Dev/omega-spiral/chapter-zero/Tests/StatePersistenceTests.cs(11,14): error SA1600: Elements should be documented (https://github.com/DotNetAnalyzers/StyleCopAnalyzers/blob/master/documentation/SA1600.md) [/home/adam/Dev/omega-spiral/chapter-zero/OmegaSpiral.csproj]
     1>/home/adam/Dev/omega-spiral/chapter-zero/Source/Scripts/field/cutscenes/Trigger.cs(38,18): error SA1201: A field should not follow a delegate (https://github.com/DotNetAnalyzers/StyleCopAnalyzers/blob/master/documentation/SA1201.md) [/home/adam/Dev/omega-spiral/chapter-zero/OmegaSpiral.csproj]
     1>/home/adam/Dev/omega-spiral/chapter-zero/Source/Scripts/field/cutscenes/Trigger.cs(149,20): error SA1202: 'protected' members should come before 'private' members (https://github.com/DotNetAnalyzers/StyleCopAnalyzers/blob/master/documentation/SA1202.md) [/home/adam/Dev/omega-spiral/chapter-zero/OmegaSpiral.csproj]
     1>/home/adam/Dev/omega-spiral/chapter-zero/Source/Scripts/field/cutscenes/Trigger.cs(24,65): error SA1611: The documentation for parameter 'gamepiece' is missing (https://github.com/DotNetAnalyzers/StyleCopAnalyzers/blob/master/documentation/SA1611.md) [/home/adam/Dev/omega-spiral/chapter-zero/OmegaSpiral.csproj]
     1>/home/adam/Dev/omega-spiral/chapter-zero/Source/Scripts/field/cutscenes/templates/combat/CombatTrigger.cs(10,22): error SA1601: Partial elements should be documented (https://github.com/DotNetAnalyzers/StyleCopAnalyzers/blob/master/documentation/SA1601.md) [/home/adam/Dev/omega-spiral/chapter-zero/OmegaSpiral.csproj]
     1>/home/adam/Dev/omega-spiral/chapter-zero/Source/Scripts/field/narrative/DreamweaverSystem.cs(31,52): error SA1201: A field should not follow a delegate (https://github.com/DotNetAnalyzers/StyleCopAnalyzers/blob/master/documentation/SA1201.md) [/home/adam/Dev/omega-spiral/chapter-zero/OmegaSpiral.csproj]
     1>/home/adam/Dev/omega-spiral/chapter-zero/Source/Scripts/field/narrative/DreamweaverSystem.cs(112,31): error SA1202: 'public' members should come before 'private' members (https://github.com/DotNetAnalyzers/StyleCopAnalyzers/blob/master/documentation/SA1202.md) [/home/adam/Dev/omega-spiral/chapter-zero/OmegaSpiral.csproj]
     1>/home/adam/Dev/omega-spiral/chapter-zero/Source/Scripts/field/narrative/DreamweaverSystem.cs(74,35): error SA1204: Static members should appear before non-static members (https://github.com/DotNetAnalyzers/StyleCopAnalyzers/blob/master/documentation/SA1204.md) [/home/adam/Dev/omega-spiral/chapter-zero/OmegaSpiral.csproj]
     1>/home/adam/Dev/omega-spiral/chapter-zero/Source/Scripts/field/narrative/DreamweaverSystem.cs(23,26): error SA1600: Elements should be documented (https://github.com/DotNetAnalyzers/StyleCopAnalyzers/blob/master/documentation/SA1600.md) [/home/adam/Dev/omega-spiral/chapter-zero/OmegaSpiral.csproj]
     1>/home/adam/Dev/omega-spiral/chapter-zero/Source/Scripts/field/narrative/DreamweaverSystem.cs(26,26): error SA1600: Elements should be documented (https://github.com/DotNetAnalyzers/StyleCopAnalyzers/blob/master/documentation/SA1600.md) [/home/adam/Dev/omega-spiral/chapter-zero/OmegaSpiral.csproj]
     1>/home/adam/Dev/omega-spiral/chapter-zero/Source/Scripts/field/narrative/DreamweaverSystem.cs(29,26): error SA1600: Elements should be documented (https://github.com/DotNetAnalyzers/StyleCopAnalyzers/blob/master/documentation/SA1600.md) [/home/adam/Dev/omega-spiral/chapter-zero/OmegaSpiral.csproj]
     1>/home/adam/Dev/omega-spiral/chapter-zero/Source/Scripts/field/cutscenes/templates/combat/CombatTrigger.cs(13,24): error SA1600: Elements should be documented (https://github.com/DotNetAnalyzers/StyleCopAnalyzers/blob/master/documentation/SA1600.md) [/home/adam/Dev/omega-spiral/chapter-zero/OmegaSpiral.csproj]
     1>/home/adam/Dev/omega-spiral/chapter-zero/Source/Scripts/field/gamepieces/GamepieceRegistry.cs(45,45): error SA1201: A field should not follow a property (https://github.com/DotNetAnalyzers/StyleCopAnalyzers/blob/master/documentation/SA1201.md) [/home/adam/Dev/omega-spiral/chapter-zero/OmegaSpiral.csproj]
     1>/home/adam/Dev/omega-spiral/chapter-zero/Source/Scripts/field/gamepieces/GamepieceRegistry.cs(221,28): error SA1202: 'public' members should come before 'private' members (https://github.com/DotNetAnalyzers/StyleCopAnalyzers/blob/master/documentation/SA1202.md) [/home/adam/Dev/omega-spiral/chapter-zero/OmegaSpiral.csproj]
     1>/home/adam/Dev/omega-spiral/chapter-zero/Source/Scripts/field/gamepieces/GamepieceRegistry.cs(22,63): error SA1611: The documentation for parameter 'gamepiece' is missing (https://github.com/DotNetAnalyzers/StyleCopAnalyzers/blob/master/documentation/SA1611.md) [/home/adam/Dev/omega-spiral/chapter-zero/OmegaSpiral.csproj]
     1>/home/adam/Dev/omega-spiral/chapter-zero/Source/Scripts/field/cutscenes/templates/combat/RoamingCombatTrigger.cs(10,22): error SA1601: Partial elements should be documented (https://github.com/DotNetAnalyzers/StyleCopAnalyzers/blob/master/documentation/SA1601.md) [/home/adam/Dev/omega-spiral/chapter-zero/OmegaSpiral.csproj]
     1>/home/adam/Dev/omega-spiral/chapter-zero/Source/Scripts/field/gamepieces/GamepieceRegistry.cs(34,63): error SA1611: The documentation for parameter 'gamepiece' is missing (https://github.com/DotNetAnalyzers/StyleCopAnalyzers/blob/master/documentation/SA1611.md) [/home/adam/Dev/omega-spiral/chapter-zero/OmegaSpiral.csproj]
     1>/home/adam/Dev/omega-spiral/chapter-zero/Source/Scripts/field/gamepieces/GamepieceRegistry.cs(28,65): error SA1611: The documentation for parameter 'gamepiece' is missing (https://github.com/DotNetAnalyzers/StyleCopAnalyzers/blob/master/documentation/SA1611.md) [/home/adam/Dev/omega-spiral/chapter-zero/OmegaSpiral.csproj]
     1>/home/adam/Dev/omega-spiral/chapter-zero/Source/Scripts/field/gamepieces/GamepieceRegistry.cs(34,83): error SA1611: The documentation for parameter 'oldCell' is missing (https://github.com/DotNetAnalyzers/StyleCopAnalyzers/blob/master/documentation/SA1611.md) [/home/adam/Dev/omega-spiral/chapter-zero/OmegaSpiral.csproj]
     1>/home/adam/Dev/omega-spiral/chapter-zero/Source/Scripts/field/gamepieces/GamepieceRegistry.cs(34,101): error SA1611: The documentation for parameter 'newCell' is missing (https://github.com/DotNetAnalyzers/StyleCopAnalyzers/blob/master/documentation/SA1611.md) [/home/adam/Dev/omega-spiral/chapter-zero/OmegaSpiral.csproj]
     1>/home/adam/Dev/omega-spiral/chapter-zero/Source/Scripts/field/cutscenes/templates/conversations/ConversationTemplate.cs(73,32): error SA1202: 'public' members should come before 'private' members (https://github.com/DotNetAnalyzers/StyleCopAnalyzers/blob/master/documentation/SA1202.md) [/home/adam/Dev/omega-spiral/chapter-zero/OmegaSpiral.csproj]
     1>/home/adam/Dev/omega-spiral/chapter-zero/Source/Scripts/field/narrative/PersonaConfig.cs(38,29): error CA2227: Change 'StoryBlocks' to be read-only by removing the property setter (https://docs.microsoft.com/dotnet/fundamentals/code-analysis/quality-rules/ca2227) [/home/adam/Dev/omega-spiral/chapter-zero/OmegaSpiral.csproj]
     1>/home/adam/Dev/omega-spiral/chapter-zero/Source/Scripts/field/narrative/PersonaConfig.cs(26,25): error CA2227: Change 'OpeningLines' to be read-only by removing the property setter (https://docs.microsoft.com/dotnet/fundamentals/code-analysis/quality-rules/ca2227) [/home/adam/Dev/omega-spiral/chapter-zero/OmegaSpiral.csproj]
     1>/home/adam/Dev/omega-spiral/chapter-zero/Source/Scripts/field/narrative/NarrativeTerminal.cs(33,48): error SA1201: A field should not follow a enum (https://github.com/DotNetAnalyzers/StyleCopAnalyzers/blob/master/documentation/SA1201.md) [/home/adam/Dev/omega-spiral/chapter-zero/OmegaSpiral.csproj]
     1>/home/adam/Dev/omega-spiral/chapter-zero/Source/Scripts/field/narrative/NarrativeTerminal.cs(66,36): error SA1201: A field should not follow a property (https://github.com/DotNetAnalyzers/StyleCopAnalyzers/blob/master/documentation/SA1201.md) [/home/adam/Dev/omega-spiral/chapter-zero/OmegaSpiral.csproj]
     1>/home/adam/Dev/omega-spiral/chapter-zero/Source/Scripts/field/narrative/NarrativeTerminal.cs(64,21): error SA1600: Elements should be documented (https://github.com/DotNetAnalyzers/StyleCopAnalyzers/blob/master/documentation/SA1600.md) [/home/adam/Dev/omega-spiral/chapter-zero/OmegaSpiral.csproj]
     1>/home/adam/Dev/omega-spiral/chapter-zero/Source/Scripts/field/narrative/PersonaConfig.cs(74,31): error CA2227: Change 'Options' to be read-only by removing the property setter (https://docs.microsoft.com/dotnet/fundamentals/code-analysis/quality-rules/ca2227) [/home/adam/Dev/omega-spiral/chapter-zero/OmegaSpiral.csproj]
     1>/home/adam/Dev/omega-spiral/chapter-zero/Source/Scripts/field/cutscenes/templates/doors/Door.cs(51,23): error SA1201: A field should not follow a property (https://github.com/DotNetAnalyzers/StyleCopAnalyzers/blob/master/documentation/SA1201.md) [/home/adam/Dev/omega-spiral/chapter-zero/OmegaSpiral.csproj]
     1>/home/adam/Dev/omega-spiral/chapter-zero/Source/Scripts/field/cutscenes/templates/doors/Door.cs(112,23): error SA1202: 'public' members should come before 'private' members (https://github.com/DotNetAnalyzers/StyleCopAnalyzers/blob/master/documentation/SA1202.md) [/home/adam/Dev/omega-spiral/chapter-zero/OmegaSpiral.csproj]
     1>/home/adam/Dev/omega-spiral/chapter-zero/Source/Scripts/field/narrative/PersonaConfig.cs(110,25): error CA2227: Change 'Paragraphs' to be read-only by removing the property setter (https://docs.microsoft.com/dotnet/fundamentals/code-analysis/quality-rules/ca2227) [/home/adam/Dev/omega-spiral/chapter-zero/OmegaSpiral.csproj]
     1>/home/adam/Dev/omega-spiral/chapter-zero/Source/Scripts/field/narrative/PersonaConfig.cs(122,34): error CA2227: Change 'Choices' to be read-only by removing the property setter (https://docs.microsoft.com/dotnet/fundamentals/code-analysis/quality-rules/ca2227) [/home/adam/Dev/omega-spiral/chapter-zero/OmegaSpiral.csproj]
     1>/home/adam/Dev/omega-spiral/chapter-zero/Tests/NarrativeTerminalIntegrationTests.cs(13,18): error CA1063: Provide an overridable implementation of Dispose(bool) on 'NarrativeTerminalIntegrationTests' or mark the type as sealed. A call to Dispose(false) should only clean up native resources. A call to Dispose(true) should clean up both managed and native resources. (https://docs.microsoft.com/dotnet/fundamentals/code-analysis/quality-rules/ca1063) [/home/adam/Dev/omega-spiral/chapter-zero/OmegaSpiral.csproj]
     1>/home/adam/Dev/omega-spiral/chapter-zero/Tests/NarrativeTerminalIntegrationTests.cs(13,18): error SA1600: Elements should be documented (https://github.com/DotNetAnalyzers/StyleCopAnalyzers/blob/master/documentation/SA1600.md) [/home/adam/Dev/omega-spiral/chapter-zero/OmegaSpiral.csproj]
     1>/home/adam/Dev/omega-spiral/chapter-zero/Source/Scripts/field/cutscenes/Trigger.cs(30,64): error SA1611: The documentation for parameter 'gamepiece' is missing (https://github.com/DotNetAnalyzers/StyleCopAnalyzers/blob/master/documentation/SA1611.md) [/home/adam/Dev/omega-spiral/chapter-zero/OmegaSpiral.csproj]
     1>/home/adam/Dev/omega-spiral/chapter-zero/Source/Scripts/field/cutscenes/Trigger.cs(36,58): error SA1611: The documentation for parameter 'gamepiece' is missing (https://github.com/DotNetAnalyzers/StyleCopAnalyzers/blob/master/documentation/SA1611.md) [/home/adam/Dev/omega-spiral/chapter-zero/OmegaSpiral.csproj]
     1>/home/adam/Dev/omega-spiral/chapter-zero/Source/Scripts/field/narrative/PersonaConfig.cs(158,25): error CA2227: Change 'Options' to be read-only by removing the property setter (https://docs.microsoft.com/dotnet/fundamentals/code-analysis/quality-rules/ca2227) [/home/adam/Dev/omega-spiral/chapter-zero/OmegaSpiral.csproj]
     1>/home/adam/Dev/omega-spiral/chapter-zero/Source/Scripts/field/ui/UIDialogue.cs(57,31): error SA1201: A field should not follow a property (https://github.com/DotNetAnalyzers/StyleCopAnalyzers/blob/master/documentation/SA1201.md) [/home/adam/Dev/omega-spiral/chapter-zero/OmegaSpiral.csproj]
     1>/home/adam/Dev/omega-spiral/chapter-zero/Source/Scripts/field/ui/UIDialogue.cs(113,23): error SA1201: A field should not follow a property (https://github.com/DotNetAnalyzers/StyleCopAnalyzers/blob/master/documentation/SA1201.md) [/home/adam/Dev/omega-spiral/chapter-zero/OmegaSpiral.csproj]
     1>/home/adam/Dev/omega-spiral/chapter-zero/Source/Scripts/field/ui/UIDialogue.cs(159,27): error SA1202: 'public' members should come before 'private' members (https://github.com/DotNetAnalyzers/StyleCopAnalyzers/blob/master/documentation/SA1202.md) [/home/adam/Dev/omega-spiral/chapter-zero/OmegaSpiral.csproj]
     1>/home/adam/Dev/omega-spiral/chapter-zero/Source/Scripts/field/ui/UIDialogue.cs(463,30): error SA1202: 'public' members should come before 'private' members (https://github.com/DotNetAnalyzers/StyleCopAnalyzers/blob/master/documentation/SA1202.md) [/home/adam/Dev/omega-spiral/chapter-zero/OmegaSpiral.csproj]
     1>/home/adam/Dev/omega-spiral/chapter-zero/Source/Scripts/field/ui/UIDialogue.cs(513,27): error SA1202: 'public' members should come before 'private' members (https://github.com/DotNetAnalyzers/StyleCopAnalyzers/blob/master/documentation/SA1202.md) [/home/adam/Dev/omega-spiral/chapter-zero/OmegaSpiral.csproj]
     1>/home/adam/Dev/omega-spiral/chapter-zero/Source/Scripts/field/ui/UIDialogue.cs(542,28): error SA1204: Static members should appear before non-static members (https://github.com/DotNetAnalyzers/StyleCopAnalyzers/blob/master/documentation/SA1204.md) [/home/adam/Dev/omega-spiral/chapter-zero/OmegaSpiral.csproj]
     1>/home/adam/Dev/omega-spiral/chapter-zero/Source/Scripts/field/ui/UIDialogue.cs(32,61): error SA1611: The documentation for parameter 'choiceIndex' is missing (https://github.com/DotNetAnalyzers/StyleCopAnalyzers/blob/master/documentation/SA1611.md) [/home/adam/Dev/omega-spiral/chapter-zero/OmegaSpiral.csproj]
     1>/home/adam/Dev/omega-spiral/chapter-zero/Source/Scripts/field/cutscenes/templates/pickups/Pickup.cs(46,33): error SA1201: A field should not follow a property (https://github.com/DotNetAnalyzers/StyleCopAnalyzers/blob/master/documentation/SA1201.md) [/home/adam/Dev/omega-spiral/chapter-zero/OmegaSpiral.csproj]
     1>/home/adam/Dev/omega-spiral/chapter-zero/Source/Scripts/field/cutscenes/templates/pickups/Pickup.cs(80,35): error SA1202: 'protected' members should come before 'private' members (https://github.com/DotNetAnalyzers/StyleCopAnalyzers/blob/master/documentation/SA1202.md) [/home/adam/Dev/omega-spiral/chapter-zero/OmegaSpiral.csproj]
     1>/home/adam/Dev/omega-spiral/chapter-zero/Tests/NarrativeTerminalSchemaTests.cs(14,18): error SA1600: Elements should be documented (https://github.com/DotNetAnalyzers/StyleCopAnalyzers/blob/master/documentation/SA1600.md) [/home/adam/Dev/omega-spiral/chapter-zero/OmegaSpiral.csproj]
     1>/home/adam/Dev/omega-spiral/chapter-zero/Source/Scripts/combat/Elements.cs(19,9): error SA1602: Enumeration items should be documented (https://github.com/DotNetAnalyzers/StyleCopAnalyzers/blob/master/documentation/SA1602.md) [/home/adam/Dev/omega-spiral/chapter-zero/OmegaSpiral.csproj]
     1>/home/adam/Dev/omega-spiral/chapter-zero/Source/Scripts/combat/Elements.cs(17,17): error CA1717: Only FlagsAttribute enums should have plural names (https://docs.microsoft.com/dotnet/fundamentals/code-analysis/quality-rules/ca1717) [/home/adam/Dev/omega-spiral/chapter-zero/OmegaSpiral.csproj]
     1>/home/adam/Dev/omega-spiral/chapter-zero/Source/Scripts/combat/Elements.cs(31,55): error SA1201: A field should not follow a enum (https://github.com/DotNetAnalyzers/StyleCopAnalyzers/blob/master/documentation/SA1201.md) [/home/adam/Dev/omega-spiral/chapter-zero/OmegaSpiral.csproj]
     1>/home/adam/Dev/omega-spiral/chapter-zero/Source/Scripts/combat/Elements.cs(21,9): error SA1602: Enumeration items should be documented (https://github.com/DotNetAnalyzers/StyleCopAnalyzers/blob/master/documentation/SA1602.md) [/home/adam/Dev/omega-spiral/chapter-zero/OmegaSpiral.csproj]
     1>/home/adam/Dev/omega-spiral/chapter-zero/Source/Scripts/combat/Elements.cs(22,9): error SA1602: Enumeration items should be documented (https://github.com/DotNetAnalyzers/StyleCopAnalyzers/blob/master/documentation/SA1602.md) [/home/adam/Dev/omega-spiral/chapter-zero/OmegaSpiral.csproj]
     1>/home/adam/Dev/omega-spiral/chapter-zero/Source/Scripts/combat/Elements.cs(20,9): error SA1602: Enumeration items should be documented (https://github.com/DotNetAnalyzers/StyleCopAnalyzers/blob/master/documentation/SA1602.md) [/home/adam/Dev/omega-spiral/chapter-zero/OmegaSpiral.csproj]
     1>/home/adam/Dev/omega-spiral/chapter-zero/Source/overworld/maps/forest/GameEndTrigger.cs(97,45): error SA1611: The documentation for parameter 'area' is missing (https://github.com/DotNetAnalyzers/StyleCopAnalyzers/blob/master/documentation/SA1611.md) [/home/adam/Dev/omega-spiral/chapter-zero/OmegaSpiral.csproj]
     1>/home/adam/Dev/omega-spiral/chapter-zero/Source/overworld/maps/forest/GameEndTrigger.cs(101,30): error CA1062: In externally visible method 'void GameEndTrigger.OnAreaEntered(Area2D area)', validate parameter 'area' is non-null before using it. If appropriate, throw an ArgumentNullException when the argument is null or add a Code Contract precondition asserting non-null argument. (https://docs.microsoft.com/dotnet/fundamentals/code-analysis/quality-rules/ca1062) [/home/adam/Dev/omega-spiral/chapter-zero/OmegaSpiral.csproj]
     1>/home/adam/Dev/omega-spiral/chapter-zero/Source/overworld/maps/house/WandPedestalInteraction.cs(157,56): error CA1304: The behavior of 'string.ToUpper()' could vary based on the current user's locale settings. Replace this call in 'WandPedestalInteraction.OnDialogicSignalEvent(string)' with a call to 'string.ToUpper(CultureInfo)'. (https://docs.microsoft.com/dotnet/fundamentals/code-analysis/quality-rules/ca1304) [/home/adam/Dev/omega-spiral/chapter-zero/OmegaSpiral.csproj]
     1>/home/adam/Dev/omega-spiral/chapter-zero/Source/overworld/maps/house/WandPedestalInteraction.cs(159,37): error CA1304: The behavior of 'string.ToUpper()' could vary based on the current user's locale settings. Replace this call in 'WandPedestalInteraction.OnDialogicSignalEvent(string)' with a call to 'string.ToUpper(CultureInfo)'. (https://docs.microsoft.com/dotnet/fundamentals/code-analysis/quality-rules/ca1304) [/home/adam/Dev/omega-spiral/chapter-zero/OmegaSpiral.csproj]
     1>/home/adam/Dev/omega-spiral/chapter-zero/Source/overworld/maps/house/WandPedestalInteraction.cs(168,31): error CA1304: The behavior of 'string.ToUpper()' could vary based on the current user's locale settings. Replace this call in 'WandPedestalInteraction.OnDialogicSignalEvent(string)' with a call to 'string.ToUpper(CultureInfo)'. (https://docs.microsoft.com/dotnet/fundamentals/code-analysis/quality-rules/ca1304) [/home/adam/Dev/omega-spiral/chapter-zero/OmegaSpiral.csproj]
     1>/home/adam/Dev/omega-spiral/chapter-zero/Source/overworld/maps/town/StrangeTreeInteraction.cs(68,18): error SA1651: Do not use placeholder elements (https://github.com/DotNetAnalyzers/StyleCopAnalyzers/blob/master/documentation/SA1651.md) [/home/adam/Dev/omega-spiral/chapter-zero/OmegaSpiral.csproj]
     1>/home/adam/Dev/omega-spiral/chapter-zero/Source/Scripts/combat/actions/BattlerAction.cs(96,44): error SA1611: The documentation for parameter 'source' is missing (https://github.com/DotNetAnalyzers/StyleCopAnalyzers/blob/master/documentation/SA1611.md) [/home/adam/Dev/omega-spiral/chapter-zero/OmegaSpiral.csproj]
     1>/home/adam/Dev/omega-spiral/chapter-zero/Source/Scripts/combat/actions/BattlerAction.cs(96,62): error SA1611: The documentation for parameter 'targets' is missing (https://github.com/DotNetAnalyzers/StyleCopAnalyzers/blob/master/documentation/SA1611.md) [/home/adam/Dev/omega-spiral/chapter-zero/OmegaSpiral.csproj]
     1>/home/adam/Dev/omega-spiral/chapter-zero/Source/Scripts/combat/actions/BattlerAction.cs(95,9): error SA1616: Element return value documentation should have text (https://github.com/DotNetAnalyzers/StyleCopAnalyzers/blob/master/documentation/SA1616.md) [/home/adam/Dev/omega-spiral/chapter-zero/OmegaSpiral.csproj]
     1>/home/adam/Dev/omega-spiral/chapter-zero/Source/Scripts/combat/actions/BattlerAction.cs(121,47): error SA1611: The documentation for parameter 'target' is missing (https://github.com/DotNetAnalyzers/StyleCopAnalyzers/blob/master/documentation/SA1611.md) [/home/adam/Dev/omega-spiral/chapter-zero/OmegaSpiral.csproj]
     1>/home/adam/Dev/omega-spiral/chapter-zero/Source/Scripts/combat/actions/BattlerAction.cs(120,9): error SA1616: Element return value documentation should have text (https://github.com/DotNetAnalyzers/StyleCopAnalyzers/blob/master/documentation/SA1616.md) [/home/adam/Dev/omega-spiral/chapter-zero/OmegaSpiral.csproj]
     1>/home/adam/Dev/omega-spiral/chapter-zero/Source/Scripts/combat/actions/BattlerAction.cs(123,13): error CA1062: In externally visible method 'bool BattlerAction.IsTargetValid(Battler target)', validate parameter 'target' is non-null before using it. If appropriate, throw an ArgumentNullException when the argument is null or add a Code Contract precondition asserting non-null argument. (https://docs.microsoft.com/dotnet/fundamentals/code-analysis/quality-rules/ca1062) [/home/adam/Dev/omega-spiral/chapter-zero/OmegaSpiral.csproj]
     1>/home/adam/Dev/omega-spiral/chapter-zero/Source/Scripts/combat/actions/BattlerAction.cs(138,47): error SA1611: The documentation for parameter 'source' is missing (https://github.com/DotNetAnalyzers/StyleCopAnalyzers/blob/master/documentation/SA1611.md) [/home/adam/Dev/omega-spiral/chapter-zero/OmegaSpiral.csproj]
     1>/home/adam/Dev/omega-spiral/chapter-zero/Source/Scripts/combat/actions/BattlerAction.cs(138,65): error SA1611: The documentation for parameter 'targets' is missing (https://github.com/DotNetAnalyzers/StyleCopAnalyzers/blob/master/documentation/SA1611.md) [/home/adam/Dev/omega-spiral/chapter-zero/OmegaSpiral.csproj]
     1>/home/adam/Dev/omega-spiral/chapter-zero/Source/Scripts/combat/actions/BattlerAction.cs(137,18): error SA1651: Do not use placeholder elements (https://github.com/DotNetAnalyzers/StyleCopAnalyzers/blob/master/documentation/SA1651.md) [/home/adam/Dev/omega-spiral/chapter-zero/OmegaSpiral.csproj]
     1>/home/adam/Dev/omega-spiral/chapter-zero/Source/Scripts/combat/actions/BattlerAction.cs(154,57): error SA1611: The documentation for parameter 'source' is missing (https://github.com/DotNetAnalyzers/StyleCopAnalyzers/blob/master/documentation/SA1611.md) [/home/adam/Dev/omega-spiral/chapter-zero/OmegaSpiral.csproj]
     1>/home/adam/Dev/omega-spiral/chapter-zero/Source/Scripts/combat/actions/BattlerAction.cs(154,77): error SA1611: The documentation for parameter 'battlers' is missing (https://github.com/DotNetAnalyzers/StyleCopAnalyzers/blob/master/documentation/SA1611.md) [/home/adam/Dev/omega-spiral/chapter-zero/OmegaSpiral.csproj]
     1>/home/adam/Dev/omega-spiral/chapter-zero/Source/Scripts/combat/actions/BattlerAction.cs(153,9): error SA1616: Element return value documentation should have text (https://github.com/DotNetAnalyzers/StyleCopAnalyzers/blob/master/documentation/SA1616.md) [/home/adam/Dev/omega-spiral/chapter-zero/OmegaSpiral.csproj]
     1>/home/adam/Dev/omega-spiral/chapter-zero/Source/Scripts/combat/actions/BattlerAction.cs(192,25): error SA1600: Elements should be documented (https://github.com/DotNetAnalyzers/StyleCopAnalyzers/blob/master/documentation/SA1600.md) [/home/adam/Dev/omega-spiral/chapter-zero/OmegaSpiral.csproj]
     1>/home/adam/Dev/omega-spiral/chapter-zero/Source/Scripts/combat/actions/BattlerAction.cs(202,25): error SA1600: Elements should be documented (https://github.com/DotNetAnalyzers/StyleCopAnalyzers/blob/master/documentation/SA1600.md) [/home/adam/Dev/omega-spiral/chapter-zero/OmegaSpiral.csproj]
     1>/home/adam/Dev/omega-spiral/chapter-zero/Source/Scripts/combat/actions/BattlerAction.cs(145,15): error CA1062: In externally visible method 'Task BattlerAction.Execute(Battler source, Battler[] targets = null)', validate parameter 'source' is non-null before using it. If appropriate, throw an ArgumentNullException when the argument is null or add a Code Contract precondition asserting non-null argument. (https://docs.microsoft.com/dotnet/fundamentals/code-analysis/quality-rules/ca1062) [/home/adam/Dev/omega-spiral/chapter-zero/OmegaSpiral.csproj]
     1>/home/adam/Dev/omega-spiral/chapter-zero/Source/Scripts/combat/actions/BattlerAction.cs(194,13): error CA1062: In externally visible method 'bool BattlerAction.CanTargetBattler(Battler target)', validate parameter 'target' is non-null before using it. If appropriate, throw an ArgumentNullException when the argument is null or add a Code Contract precondition asserting non-null argument. (https://docs.microsoft.com/dotnet/fundamentals/code-analysis/quality-rules/ca1062) [/home/adam/Dev/omega-spiral/chapter-zero/OmegaSpiral.csproj]
     1>/home/adam/Dev/omega-spiral/chapter-zero/Source/Scripts/combat/actions/BattlerAction.cs(168,42): error CA1062: In externally visible method 'Battler[] BattlerAction.GetPossibleTargets(Battler source, BattlerList battlers)', validate parameter 'battlers' is non-null before using it. If appropriate, throw an ArgumentNullException when the argument is null or add a Code Contract precondition asserting non-null argument. (https://docs.microsoft.com/dotnet/fundamentals/code-analysis/quality-rules/ca1062) [/home/adam/Dev/omega-spiral/chapter-zero/OmegaSpiral.csproj]
     1>/home/adam/Dev/omega-spiral/chapter-zero/Source/Scripts/combat/actions/BattlerAction.cs(164,18): error CA1062: In externally visible method 'Battler[] BattlerAction.GetPossibleTargets(Battler source, BattlerList battlers)', validate parameter 'source' is non-null before using it. If appropriate, throw an ArgumentNullException when the argument is null or add a Code Contract precondition asserting non-null argument. (https://docs.microsoft.com/dotnet/fundamentals/code-analysis/quality-rules/ca1062) [/home/adam/Dev/omega-spiral/chapter-zero/OmegaSpiral.csproj]
     1>/home/adam/Dev/omega-spiral/chapter-zero/Source/Scripts/combat/actions/BattlerHit.cs(18,12): error SA1600: Elements should be documented (https://github.com/DotNetAnalyzers/StyleCopAnalyzers/blob/master/documentation/SA1600.md) [/home/adam/Dev/omega-spiral/chapter-zero/OmegaSpiral.csproj]
     1>/home/adam/Dev/omega-spiral/chapter-zero/Source/Scripts/combat/actions/BattlerHit.cs(24,17): error SA1600: Elements should be documented (https://github.com/DotNetAnalyzers/StyleCopAnalyzers/blob/master/documentation/SA1600.md) [/home/adam/Dev/omega-spiral/chapter-zero/OmegaSpiral.csproj]
     1>/home/adam/Dev/omega-spiral/chapter-zero/Source/Scripts/combat/actions/BattlerActionAttack.cs(42,21): error CA1062: In externally visible method 'Task AttackBattlerAction.Execute(Battler source, Battler[] targets = null)', validate parameter 'source' is non-null before using it. If appropriate, throw an ArgumentNullException when the argument is null or add a Code Contract precondition asserting non-null argument. (https://docs.microsoft.com/dotnet/fundamentals/code-analysis/quality-rules/ca1062) [/home/adam/Dev/omega-spiral/chapter-zero/OmegaSpiral.csproj]
     1>/home/adam/Dev/omega-spiral/chapter-zero/Source/Scripts/combat/actions/BattlerActionProjectile.cs(49,21): error CA1062: In externally visible method 'Task RangedBattlerAction.Execute(Battler source, Battler[] targets = null)', validate parameter 'source' is non-null before using it. If appropriate, throw an ArgumentNullException when the argument is null or add a Code Contract precondition asserting non-null argument. (https://docs.microsoft.com/dotnet/fundamentals/code-analysis/quality-rules/ca1062) [/home/adam/Dev/omega-spiral/chapter-zero/OmegaSpiral.csproj]
     1>/home/adam/Dev/omega-spiral/chapter-zero/Source/Scripts/combat/actors/CombatActor.cs(65,24): error SA1600: Elements should be documented (https://github.com/DotNetAnalyzers/StyleCopAnalyzers/blob/master/documentation/SA1600.md) [/home/adam/Dev/omega-spiral/chapter-zero/OmegaSpiral.csproj]
     1>/home/adam/Dev/omega-spiral/chapter-zero/Source/Scripts/combat/actions/BattlerActionAttack.cs(70,30): error CA2000: Use recommended dispose pattern to ensure that object created by 'new BattlerHit((int)damageDealt, toHit)' is disposed on all paths. If possible, wrap the creation within a 'using' statement or a 'using' declaration. Otherwise, use a try-finally pattern, with a dedicated local variable declared before the try region and an unconditional Dispose invocation on non-null value in the 'finally' region, say 'x?.Dispose()'. If the object is explicitly disposed within the try region or the dispose ownership is transfered to another object or method, assign 'null' to the local variable just after such an operation to prevent double dispose in 'finally'. (https://docs.microsoft.com/dotnet/fundamentals/code-analysis/quality-rules/ca2000) [/home/adam/Dev/omega-spiral/chapter-zero/OmegaSpiral.csproj]
     1>/home/adam/Dev/omega-spiral/chapter-zero/Source/Scripts/combat/actors/CombatActor.cs(67,31): error CA1062: In externally visible method 'bool CombatActor.Sort(CombatActor a, CombatActor b)', validate parameter 'b' is non-null before using it. If appropriate, throw an ArgumentNullException when the argument is null or add a Code Contract precondition asserting non-null argument. (https://docs.microsoft.com/dotnet/fundamentals/code-analysis/quality-rules/ca1062) [/home/adam/Dev/omega-spiral/chapter-zero/OmegaSpiral.csproj]
     1>/home/adam/Dev/omega-spiral/chapter-zero/Source/Scripts/combat/actors/CombatActor.cs(67,16): error CA1062: In externally visible method 'bool CombatActor.Sort(CombatActor a, CombatActor b)', validate parameter 'a' is non-null before using it. If appropriate, throw an ArgumentNullException when the argument is null or add a Code Contract precondition asserting non-null argument. (https://docs.microsoft.com/dotnet/fundamentals/code-analysis/quality-rules/ca1062) [/home/adam/Dev/omega-spiral/chapter-zero/OmegaSpiral.csproj]
     1>/home/adam/Dev/omega-spiral/chapter-zero/Source/Scripts/combat/actions/BattlerActionHeal.cs(33,21): error CA1062: In externally visible method 'Task HealBattlerAction.Execute(Battler source, Battler[] targets = null)', validate parameter 'source' is non-null before using it. If appropriate, throw an ArgumentNullException when the argument is null or add a Code Contract precondition asserting non-null argument. (https://docs.microsoft.com/dotnet/fundamentals/code-analysis/quality-rules/ca1062) [/home/adam/Dev/omega-spiral/chapter-zero/OmegaSpiral.csproj]
     1>/home/adam/Dev/omega-spiral/chapter-zero/Source/Scripts/combat/actions/BattlerActionProjectile.cs(69,30): error CA2000: Use recommended dispose pattern to ensure that object created by 'new BattlerHit(this.BaseDamage, this.HitChance)' is disposed on all paths. If possible, wrap the creation within a 'using' statement or a 'using' declaration. Otherwise, use a try-finally pattern, with a dedicated local variable declared before the try region and an unconditional Dispose invocation on non-null value in the 'finally' region, say 'x?.Dispose()'. If the object is explicitly disposed within the try region or the dispose ownership is transfered to another object or method, assign 'null' to the local variable just after such an operation to prevent double dispose in 'finally'. (https://docs.microsoft.com/dotnet/fundamentals/code-analysis/quality-rules/ca2000) [/home/adam/Dev/omega-spiral/chapter-zero/OmegaSpiral.csproj]
     1>/home/adam/Dev/omega-spiral/chapter-zero/Source/Scripts/combat/actors/CombatActor.cs(92,25): error SA1600: Elements should be documented (https://github.com/DotNetAnalyzers/StyleCopAnalyzers/blob/master/documentation/SA1600.md) [/home/adam/Dev/omega-spiral/chapter-zero/OmegaSpiral.csproj]
     1>/home/adam/Dev/omega-spiral/chapter-zero/Source/Scripts/combat/actors/CombatActor.cs(97,31): error SA1600: Elements should be documented (https://github.com/DotNetAnalyzers/StyleCopAnalyzers/blob/master/documentation/SA1600.md) [/home/adam/Dev/omega-spiral/chapter-zero/OmegaSpiral.csproj]
     1>/home/adam/Dev/omega-spiral/chapter-zero/Source/overworld/maps/town/FanInteraction.cs(61,23): error SA1101: Prefix local calls with this (https://github.com/DotNetAnalyzers/StyleCopAnalyzers/blob/master/documentation/SA1101.md) [/home/adam/Dev/omega-spiral/chapter-zero/OmegaSpiral.csproj]
     1>/home/adam/Dev/omega-spiral/chapter-zero/Source/overworld/maps/town/StrangeTreeInteraction.cs(46,47): error CA1801: Parameter argument of method OnDialogicSignalEvent is never used. Remove the parameter or use it in the method body. (https://docs.microsoft.com/dotnet/fundamentals/code-analysis/quality-rules/ca1801) [/home/adam/Dev/omega-spiral/chapter-zero/OmegaSpiral.csproj]
     1>/home/adam/Dev/omega-spiral/chapter-zero/Source/Scripts/combat/actions/BattlerActionHeal.cs(51,26): error CA2000: Use recommended dispose pattern to ensure that object created by 'new BattlerHit(-this.HealAmount, 100.0f)' is disposed on all paths. If possible, wrap the creation within a 'using' statement or a 'using' declaration. Otherwise, use a try-finally pattern, with a dedicated local variable declared before the try region and an unconditional Dispose invocation on non-null value in the 'finally' region, say 'x?.Dispose()'. If the object is explicitly disposed within the try region or the dispose ownership is transfered to another object or method, assign 'null' to the local variable just after such an operation to prevent double dispose in 'finally'. (https://docs.microsoft.com/dotnet/fundamentals/code-analysis/quality-rules/ca2000) [/home/adam/Dev/omega-spiral/chapter-zero/OmegaSpiral.csproj]
     1>/home/adam/Dev/omega-spiral/chapter-zero/Source/Scripts/combat/actors/CombatAI.cs(44,39): error SA1611: The documentation for parameter 'controlledBattler' is missing (https://github.com/DotNetAnalyzers/StyleCopAnalyzers/blob/master/documentation/SA1611.md) [/home/adam/Dev/omega-spiral/chapter-zero/OmegaSpiral.csproj]
     1>/home/adam/Dev/omega-spiral/chapter-zero/Source/Scripts/combat/actors/CombatAI.cs(44,70): error SA1611: The documentation for parameter 'battlers' is missing (https://github.com/DotNetAnalyzers/StyleCopAnalyzers/blob/master/documentation/SA1611.md) [/home/adam/Dev/omega-spiral/chapter-zero/OmegaSpiral.csproj]
     1>/home/adam/Dev/omega-spiral/chapter-zero/Source/Scripts/combat/actors/ActiveTurnQueue.cs(121,42): error SA1611: The documentation for parameter 'delta' is missing (https://github.com/DotNetAnalyzers/StyleCopAnalyzers/blob/master/documentation/SA1611.md) [/home/adam/Dev/omega-spiral/chapter-zero/OmegaSpiral.csproj]
     1>/home/adam/Dev/omega-spiral/chapter-zero/Source/Scripts/combat/actions/BattlerActionModifyStats.cs(37,21): error CA1062: In externally visible method 'Task StatsBattlerAction.Execute(Battler source, Battler[] targets = null)', validate parameter 'source' is non-null before using it. If appropriate, throw an ArgumentNullException when the argument is null or add a Code Contract precondition asserting non-null argument. (https://docs.microsoft.com/dotnet/fundamentals/code-analysis/quality-rules/ca1062) [/home/adam/Dev/omega-spiral/chapter-zero/OmegaSpiral.csproj]
     1>/home/adam/Dev/omega-spiral/chapter-zero/Source/Scripts/combat/actors/CombatTurnQueue.cs(46,17): error SA1600: Elements should be documented (https://github.com/DotNetAnalyzers/StyleCopAnalyzers/blob/master/documentation/SA1600.md) [/home/adam/Dev/omega-spiral/chapter-zero/OmegaSpiral.csproj]
     1>/home/adam/Dev/omega-spiral/chapter-zero/Source/Scripts/combat/actors/CombatAI.cs(55,18): error SA1651: Do not use placeholder elements (https://github.com/DotNetAnalyzers/StyleCopAnalyzers/blob/master/documentation/SA1651.md) [/home/adam/Dev/omega-spiral/chapter-zero/OmegaSpiral.csproj]
     1>/home/adam/Dev/omega-spiral/chapter-zero/Source/Scripts/combat/actors/CombatAI.cs(66,51): error SA1101: Prefix local calls with this (https://github.com/DotNetAnalyzers/StyleCopAnalyzers/blob/master/documentation/SA1101.md) [/home/adam/Dev/omega-spiral/chapter-zero/OmegaSpiral.csproj]
     1>/home/adam/Dev/omega-spiral/chapter-zero/Source/Scripts/combat/actors/CombatTurnQueue.cs(52,26): error SA1600: Elements should be documented (https://github.com/DotNetAnalyzers/StyleCopAnalyzers/blob/master/documentation/SA1600.md) [/home/adam/Dev/omega-spiral/chapter-zero/OmegaSpiral.csproj]
     1>/home/adam/Dev/omega-spiral/chapter-zero/Source/Scripts/combat/actors/CombatAI.cs(71,73): error CA1825: Avoid unnecessary zero-length array allocations.  Use Array.Empty<Battler>() instead. (https://docs.microsoft.com/dotnet/fundamentals/code-analysis/quality-rules/ca1825) [/home/adam/Dev/omega-spiral/chapter-zero/OmegaSpiral.csproj]
     1>/home/adam/Dev/omega-spiral/chapter-zero/Source/Scripts/combat/actors/CombatAI.cs(118,9): error SA1616: Element return value documentation should have text (https://github.com/DotNetAnalyzers/StyleCopAnalyzers/blob/master/documentation/SA1616.md) [/home/adam/Dev/omega-spiral/chapter-zero/OmegaSpiral.csproj]
     1>/home/adam/Dev/omega-spiral/chapter-zero/Source/Scripts/combat/battlers/BattlerRoster.cs(13,12): error SA1600: Elements should be documented (https://github.com/DotNetAnalyzers/StyleCopAnalyzers/blob/master/documentation/SA1600.md) [/home/adam/Dev/omega-spiral/chapter-zero/OmegaSpiral.csproj]
     1>/home/adam/Dev/omega-spiral/chapter-zero/Source/Scripts/combat/actors/CombatAI.cs(82,104): error CA2000: Call System.IDisposable.Dispose on object created by 'new BattlerList(Array.Empty<Battler>(), Array.Empty<Battler>())' before all references to it are out of scope (https://docs.microsoft.com/dotnet/fundamentals/code-analysis/quality-rules/ca2000) [/home/adam/Dev/omega-spiral/chapter-zero/OmegaSpiral.csproj]
     1>/home/adam/Dev/omega-spiral/chapter-zero/Source/Scripts/combat/battlers/BattlerRoster.cs(18,22): error SA1600: Elements should be documented (https://github.com/DotNetAnalyzers/StyleCopAnalyzers/blob/master/documentation/SA1600.md) [/home/adam/Dev/omega-spiral/chapter-zero/OmegaSpiral.csproj]
     1>/home/adam/Dev/omega-spiral/chapter-zero/Source/Scripts/combat/actors/CombatAI.cs(161,58): error SA1611: The documentation for parameter 'action' is missing (https://github.com/DotNetAnalyzers/StyleCopAnalyzers/blob/master/documentation/SA1611.md) [/home/adam/Dev/omega-spiral/chapter-zero/OmegaSpiral.csproj]
     1>/home/adam/Dev/omega-spiral/chapter-zero/Source/Scripts/combat/actors/CombatAI.cs(161,80): error SA1611: The documentation for parameter 'targets' is missing (https://github.com/DotNetAnalyzers/StyleCopAnalyzers/blob/master/documentation/SA1611.md) [/home/adam/Dev/omega-spiral/chapter-zero/OmegaSpiral.csproj]
     1>/home/adam/Dev/omega-spiral/chapter-zero/Source/Scripts/combat/actors/CombatAI.cs(160,9): error SA1616: Element return value documentation should have text (https://github.com/DotNetAnalyzers/StyleCopAnalyzers/blob/master/documentation/SA1616.md) [/home/adam/Dev/omega-spiral/chapter-zero/OmegaSpiral.csproj]
     1>/home/adam/Dev/omega-spiral/chapter-zero/Source/Scripts/combat/battlers/BattlerStats.cs(176,12): error SA1600: Elements should be documented (https://github.com/DotNetAnalyzers/StyleCopAnalyzers/blob/master/documentation/SA1600.md) [/home/adam/Dev/omega-spiral/chapter-zero/OmegaSpiral.csproj]
     1>/home/adam/Dev/omega-spiral/chapter-zero/Source/Scripts/combat/battlers/BattlerList.cs(91,12): error SA1600: Elements should be documented (https://github.com/DotNetAnalyzers/StyleCopAnalyzers/blob/master/documentation/SA1600.md) [/home/adam/Dev/omega-spiral/chapter-zero/OmegaSpiral.csproj]
     1>/home/adam/Dev/omega-spiral/chapter-zero/Source/Scripts/combat/battlers/BattlerStats.cs(193,17): error SA1600: Elements should be documented (https://github.com/DotNetAnalyzers/StyleCopAnalyzers/blob/master/documentation/SA1600.md) [/home/adam/Dev/omega-spiral/chapter-zero/OmegaSpiral.csproj]
     1>/home/adam/Dev/omega-spiral/chapter-zero/Source/Scripts/combat/battlers/BattlerStats.cs(202,35): error SA1611: The documentation for parameter 'statName' is missing (https://github.com/DotNetAnalyzers/StyleCopAnalyzers/blob/master/documentation/SA1611.md) [/home/adam/Dev/omega-spiral/chapter-zero/OmegaSpiral.csproj]
     1>/home/adam/Dev/omega-spiral/chapter-zero/Source/Scripts/combat/battlers/BattlerStats.cs(202,49): error SA1611: The documentation for parameter 'value' is missing (https://github.com/DotNetAnalyzers/StyleCopAnalyzers/blob/master/documentation/SA1611.md) [/home/adam/Dev/omega-spiral/chapter-zero/OmegaSpiral.csproj]
     1>/home/adam/Dev/omega-spiral/chapter-zero/Source/Scripts/combat/battlers/BattlerStats.cs(201,9): error SA1616: Element return value documentation should have text (https://github.com/DotNetAnalyzers/StyleCopAnalyzers/blob/master/documentation/SA1616.md) [/home/adam/Dev/omega-spiral/chapter-zero/OmegaSpiral.csproj]
     1>/home/adam/Dev/omega-spiral/chapter-zero/Source/Scripts/combat/battlers/BattlerList.cs(100,9): error SA1616: Element return value documentation should have text (https://github.com/DotNetAnalyzers/StyleCopAnalyzers/blob/master/documentation/SA1616.md) [/home/adam/Dev/omega-spiral/chapter-zero/OmegaSpiral.csproj]
     1>/home/adam/Dev/omega-spiral/chapter-zero/Source/Scripts/combat/battlers/BattlerStats.cs(219,37): error SA1611: The documentation for parameter 'statName' is missing (https://github.com/DotNetAnalyzers/StyleCopAnalyzers/blob/master/documentation/SA1611.md) [/home/adam/Dev/omega-spiral/chapter-zero/OmegaSpiral.csproj]
     1>/home/adam/Dev/omega-spiral/chapter-zero/Source/Scripts/combat/battlers/BattlerStats.cs(219,53): error SA1611: The documentation for parameter 'value' is missing (https://github.com/DotNetAnalyzers/StyleCopAnalyzers/blob/master/documentation/SA1611.md) [/home/adam/Dev/omega-spiral/chapter-zero/OmegaSpiral.csproj]
     1>/home/adam/Dev/omega-spiral/chapter-zero/Source/Scripts/combat/battlers/BattlerStats.cs(218,9): error SA1616: Element return value documentation should have text (https://github.com/DotNetAnalyzers/StyleCopAnalyzers/blob/master/documentation/SA1616.md) [/home/adam/Dev/omega-spiral/chapter-zero/OmegaSpiral.csproj]
     1>/home/adam/Dev/omega-spiral/chapter-zero/Source/overworld/maps/town/FanInteraction.cs(99,47): error CA1801: Parameter argument of method OnDialogicSignalEvent is never used. Remove the parameter or use it in the method body. (https://docs.microsoft.com/dotnet/fundamentals/code-analysis/quality-rules/ca1801) [/home/adam/Dev/omega-spiral/chapter-zero/OmegaSpiral.csproj]
     1>/home/adam/Dev/omega-spiral/chapter-zero/Source/Scripts/combat/battlers/BattlerStats.cs(233,39): error SA1611: The documentation for parameter 'statName' is missing (https://github.com/DotNetAnalyzers/StyleCopAnalyzers/blob/master/documentation/SA1611.md) [/home/adam/Dev/omega-spiral/chapter-zero/OmegaSpiral.csproj]
     1>/home/adam/Dev/omega-spiral/chapter-zero/Source/Scripts/combat/battlers/BattlerStats.cs(233,53): error SA1611: The documentation for parameter 'id' is missing (https://github.com/DotNetAnalyzers/StyleCopAnalyzers/blob/master/documentation/SA1611.md) [/home/adam/Dev/omega-spiral/chapter-zero/OmegaSpiral.csproj]
     1>/home/adam/Dev/omega-spiral/chapter-zero/Source/Scripts/combat/battlers/BattlerStats.cs(241,17): error SA1600: Elements should be documented (https://github.com/DotNetAnalyzers/StyleCopAnalyzers/blob/master/documentation/SA1600.md) [/home/adam/Dev/omega-spiral/chapter-zero/OmegaSpiral.csproj]
     1>/home/adam/Dev/omega-spiral/chapter-zero/Source/Scripts/combat/battlers/Battler.cs(314,17): error SA1405: Debug.Assert should provide message text (https://github.com/DotNetAnalyzers/StyleCopAnalyzers/blob/master/documentation/SA1405.md) [/home/adam/Dev/omega-spiral/chapter-zero/OmegaSpiral.csproj]
     1>/home/adam/Dev/omega-spiral/chapter-zero/Source/Scripts/combat/battlers/BattlerList.cs(113,55): error SA1611: The documentation for parameter 'battlers' is missing (https://github.com/DotNetAnalyzers/StyleCopAnalyzers/blob/master/documentation/SA1611.md) [/home/adam/Dev/omega-spiral/chapter-zero/OmegaSpiral.csproj]
     1>/home/adam/Dev/omega-spiral/chapter-zero/Source/Scripts/combat/battlers/BattlerList.cs(112,9): error SA1616: Element return value documentation should have text (https://github.com/DotNetAnalyzers/StyleCopAnalyzers/blob/master/documentation/SA1616.md) [/home/adam/Dev/omega-spiral/chapter-zero/OmegaSpiral.csproj]
     1>/home/adam/Dev/omega-spiral/chapter-zero/Source/Scripts/combat/battlers/BattlerRoster.cs(30,22): error SA1600: Elements should be documented (https://github.com/DotNetAnalyzers/StyleCopAnalyzers/blob/master/documentation/SA1600.md) [/home/adam/Dev/omega-spiral/chapter-zero/OmegaSpiral.csproj]
     1>/home/adam/Dev/omega-spiral/chapter-zero/Source/Scripts/combat/battlers/BattlerRoster.cs(35,22): error SA1600: Elements should be documented (https://github.com/DotNetAnalyzers/StyleCopAnalyzers/blob/master/documentation/SA1600.md) [/home/adam/Dev/omega-spiral/chapter-zero/OmegaSpiral.csproj]
     1>/home/adam/Dev/omega-spiral/chapter-zero/Source/Scripts/combat/battlers/BattlerRoster.cs(40,24): error SA1600: Elements should be documented (https://github.com/DotNetAnalyzers/StyleCopAnalyzers/blob/master/documentation/SA1600.md) [/home/adam/Dev/omega-spiral/chapter-zero/OmegaSpiral.csproj]
     1>/home/adam/Dev/omega-spiral/chapter-zero/Source/Scripts/combat/battlers/BattlerAnim.cs(107,31): error SA1611: The documentation for parameter 'battler' is missing (https://github.com/DotNetAnalyzers/StyleCopAnalyzers/blob/master/documentation/SA1611.md) [/home/adam/Dev/omega-spiral/chapter-zero/OmegaSpiral.csproj]
     1>/home/adam/Dev/omega-spiral/chapter-zero/Source/Scripts/combat/battlers/BattlerAnim.cs(107,57): error SA1611: The documentation for parameter 'facing' is missing (https://github.com/DotNetAnalyzers/StyleCopAnalyzers/blob/master/documentation/SA1611.md) [/home/adam/Dev/omega-spiral/chapter-zero/OmegaSpiral.csproj]
     1>/home/adam/Dev/omega-spiral/chapter-zero/Source/Scripts/combat/battlers/BattlerStats.cs(261,23): error CA1305: The behavior of 'Convert.ToSingle(object)' could vary based on the current user's locale settings. Replace this call in 'BattlerStats.RecalculateAndUpdate(string)' with a call to 'Convert.ToSingle(object, IFormatProvider)'. (https://docs.microsoft.com/dotnet/fundamentals/code-analysis/quality-rules/ca1305) [/home/adam/Dev/omega-spiral/chapter-zero/OmegaSpiral.csproj]
     1>/home/adam/Dev/omega-spiral/chapter-zero/Source/Scripts/combat/battlers/BattlerRoster.cs(42,37): error CA1062: In externally visible method 'bool BattlerRoster.AreBattlersDefeated(Battler[] battlers)', validate parameter 'battlers' is non-null before using it. If appropriate, throw an ArgumentNullException when the argument is null or add a Code Contract precondition asserting non-null argument. (https://docs.microsoft.com/dotnet/fundamentals/code-analysis/quality-rules/ca1062) [/home/adam/Dev/omega-spiral/chapter-zero/OmegaSpiral.csproj]
     1>/home/adam/Dev/omega-spiral/chapter-zero/Source/Scripts/combat/battlers/BattlerAnim.cs(152,29): error SA1611: The documentation for parameter 'animName' is missing (https://github.com/DotNetAnalyzers/StyleCopAnalyzers/blob/master/documentation/SA1611.md) [/home/adam/Dev/omega-spiral/chapter-zero/OmegaSpiral.csproj]
     1>/home/adam/Dev/omega-spiral/chapter-zero/Source/Scripts/combat/battlers/BattlerAnim.cs(162,9): error SA1616: Element return value documentation should have text (https://github.com/DotNetAnalyzers/StyleCopAnalyzers/blob/master/documentation/SA1616.md) [/home/adam/Dev/omega-spiral/chapter-zero/OmegaSpiral.csproj]
     1>/home/adam/Dev/omega-spiral/chapter-zero/Source/Scripts/combat/battlers/BattlerAnim.cs(171,39): error SA1611: The documentation for parameter 'animName' is missing (https://github.com/DotNetAnalyzers/StyleCopAnalyzers/blob/master/documentation/SA1611.md) [/home/adam/Dev/omega-spiral/chapter-zero/OmegaSpiral.csproj]
     1>/home/adam/Dev/omega-spiral/chapter-zero/Source/Scripts/combat/battlers/BattlerAnim.cs(122,9): error CA1062: In externally visible method 'void BattlerAnim.Setup(Battler battler, BattlerDirection facing)', validate parameter 'battler' is non-null before using it. If appropriate, throw an ArgumentNullException when the argument is null or add a Code Contract precondition asserting non-null argument. (https://docs.microsoft.com/dotnet/fundamentals/code-analysis/quality-rules/ca1062) [/home/adam/Dev/omega-spiral/chapter-zero/OmegaSpiral.csproj]
     1>/home/adam/Dev/omega-spiral/chapter-zero/Source/Scripts/combat/battlers/BattlerAnim.cs(185,35): error SA1611: The documentation for parameter 'duration' is missing (https://github.com/DotNetAnalyzers/StyleCopAnalyzers/blob/master/documentation/SA1611.md) [/home/adam/Dev/omega-spiral/chapter-zero/OmegaSpiral.csproj]
     1>/home/adam/Dev/omega-spiral/chapter-zero/Source/Scripts/combat/battlers/Battler.cs(396,23): error SA1600: Elements should be documented (https://github.com/DotNetAnalyzers/StyleCopAnalyzers/blob/master/documentation/SA1600.md) [/home/adam/Dev/omega-spiral/chapter-zero/OmegaSpiral.csproj]
     1>/home/adam/Dev/omega-spiral/chapter-zero/Source/Scripts/combat/actors/CombatRandomAI.cs(34,18): error SA1651: Do not use placeholder elements (https://github.com/DotNetAnalyzers/StyleCopAnalyzers/blob/master/documentation/SA1651.md) [/home/adam/Dev/omega-spiral/chapter-zero/OmegaSpiral.csproj]
     1>/home/adam/Dev/omega-spiral/chapter-zero/Source/Scripts/combat/actors/CombatRandomAI.cs(145,9): error SA1616: Element return value documentation should have text (https://github.com/DotNetAnalyzers/StyleCopAnalyzers/blob/master/documentation/SA1616.md) [/home/adam/Dev/omega-spiral/chapter-zero/OmegaSpiral.csproj]
     1>/home/adam/Dev/omega-spiral/chapter-zero/Source/Scripts/combat/actors/CombatRandomAI.cs(45,51): error SA1101: Prefix local calls with this (https://github.com/DotNetAnalyzers/StyleCopAnalyzers/blob/master/documentation/SA1101.md) [/home/adam/Dev/omega-spiral/chapter-zero/OmegaSpiral.csproj]
     1>/home/adam/Dev/omega-spiral/chapter-zero/Source/Scripts/combat/battlers/Battler.cs(405,30): error CA1062: In externally visible method 'Task Battler.ActAsync(BattlerAction action, Battler[] targets = null)', validate parameter 'action' is non-null before using it. If appropriate, throw an ArgumentNullException when the argument is null or add a Code Contract precondition asserting non-null argument. (https://docs.microsoft.com/dotnet/fundamentals/code-analysis/quality-rules/ca1062) [/home/adam/Dev/omega-spiral/chapter-zero/OmegaSpiral.csproj]
     1>/home/adam/Dev/omega-spiral/chapter-zero/Source/Scripts/combat/actors/CombatRandomAI.cs(157,59): error SA1611: The documentation for parameter 'action' is missing (https://github.com/DotNetAnalyzers/StyleCopAnalyzers/blob/master/documentation/SA1611.md) [/home/adam/Dev/omega-spiral/chapter-zero/OmegaSpiral.csproj]
     1>/home/adam/Dev/omega-spiral/chapter-zero/Source/Scripts/combat/actors/CombatRandomAI.cs(157,81): error SA1611: The documentation for parameter 'targets' is missing (https://github.com/DotNetAnalyzers/StyleCopAnalyzers/blob/master/documentation/SA1611.md) [/home/adam/Dev/omega-spiral/chapter-zero/OmegaSpiral.csproj]
     1>/home/adam/Dev/omega-spiral/chapter-zero/Source/Scripts/combat/actors/CombatRandomAI.cs(156,9): error SA1616: Element return value documentation should have text (https://github.com/DotNetAnalyzers/StyleCopAnalyzers/blob/master/documentation/SA1616.md) [/home/adam/Dev/omega-spiral/chapter-zero/OmegaSpiral.csproj]
     1>/home/adam/Dev/omega-spiral/chapter-zero/Source/Scripts/combat/Combat.cs(49,46): error SA1611: The documentation for parameter 'arena' is missing (https://github.com/DotNetAnalyzers/StyleCopAnalyzers/blob/master/documentation/SA1611.md) [/home/adam/Dev/omega-spiral/chapter-zero/OmegaSpiral.csproj]
     1>/home/adam/Dev/omega-spiral/chapter-zero/Source/Scripts/combat/Combat.cs(48,18): error SA1651: Do not use placeholder elements (https://github.com/DotNetAnalyzers/StyleCopAnalyzers/blob/master/documentation/SA1651.md) [/home/adam/Dev/omega-spiral/chapter-zero/OmegaSpiral.csproj]
     1>/home/adam/Dev/omega-spiral/chapter-zero/Tests/Scene1LoadTests.cs(20,21): error CA1707: Remove the underscores from member name OmegaSpiral.Tests.Scene1LoadTests.Scene1_SceneFileExists() (https://docs.microsoft.com/dotnet/fundamentals/code-analysis/quality-rules/ca1707) [/home/adam/Dev/omega-spiral/chapter-zero/OmegaSpiral.csproj]
     1>/home/adam/Dev/omega-spiral/chapter-zero/Source/Scripts/combat/battlers/BattlerAnim.cs(203,34): error SA1611: The documentation for parameter 'duration' is missing (https://github.com/DotNetAnalyzers/StyleCopAnalyzers/blob/master/documentation/SA1611.md) [/home/adam/Dev/omega-spiral/chapter-zero/OmegaSpiral.csproj]
     1>/home/adam/Dev/omega-spiral/chapter-zero/Tests/Scene1LoadTests.cs(20,21): error SA1600: Elements should be documented (https://github.com/DotNetAnalyzers/StyleCopAnalyzers/blob/master/documentation/SA1600.md) [/home/adam/Dev/omega-spiral/chapter-zero/OmegaSpiral.csproj]
     1>/home/adam/Dev/omega-spiral/chapter-zero/Source/Scripts/combat/Combat.cs(65,19): error SA1101: Prefix local calls with this (https://github.com/DotNetAnalyzers/StyleCopAnalyzers/blob/master/documentation/SA1101.md) [/home/adam/Dev/omega-spiral/chapter-zero/OmegaSpiral.csproj]
     1>/home/adam/Dev/omega-spiral/chapter-zero/Tests/Scene1LoadTests.cs(33,21): error CA1707: Remove the underscores from member name OmegaSpiral.Tests.Scene1LoadTests.Scene1_HeroDataFileExists() (https://docs.microsoft.com/dotnet/fundamentals/code-analysis/quality-rules/ca1707) [/home/adam/Dev/omega-spiral/chapter-zero/OmegaSpiral.csproj]
     1>/home/adam/Dev/omega-spiral/chapter-zero/Tests/Scene1LoadTests.cs(33,21): error SA1600: Elements should be documented (https://github.com/DotNetAnalyzers/StyleCopAnalyzers/blob/master/documentation/SA1600.md) [/home/adam/Dev/omega-spiral/chapter-zero/OmegaSpiral.csproj]
     1>/home/adam/Dev/omega-spiral/chapter-zero/Tests/Scene1LoadTests.cs(46,21): error CA1707: Remove the underscores from member name OmegaSpiral.Tests.Scene1LoadTests.Scene1_ShadowDataFileExists() (https://docs.microsoft.com/dotnet/fundamentals/code-analysis/quality-rules/ca1707) [/home/adam/Dev/omega-spiral/chapter-zero/OmegaSpiral.csproj]
     1>/home/adam/Dev/omega-spiral/chapter-zero/Tests/Scene1LoadTests.cs(46,21): error SA1600: Elements should be documented (https://github.com/DotNetAnalyzers/StyleCopAnalyzers/blob/master/documentation/SA1600.md) [/home/adam/Dev/omega-spiral/chapter-zero/OmegaSpiral.csproj]
     1>/home/adam/Dev/omega-spiral/chapter-zero/Tests/Scene1LoadTests.cs(59,21): error CA1707: Remove the underscores from member name OmegaSpiral.Tests.Scene1LoadTests.Scene1_AmbitionDataFileExists() (https://docs.microsoft.com/dotnet/fundamentals/code-analysis/quality-rules/ca1707) [/home/adam/Dev/omega-spiral/chapter-zero/OmegaSpiral.csproj]
     1>/home/adam/Dev/omega-spiral/chapter-zero/Tests/Scene1LoadTests.cs(59,21): error SA1600: Elements should be documented (https://github.com/DotNetAnalyzers/StyleCopAnalyzers/blob/master/documentation/SA1600.md) [/home/adam/Dev/omega-spiral/chapter-zero/OmegaSpiral.csproj]
     1>/home/adam/Dev/omega-spiral/chapter-zero/Source/Scripts/combat/battlers/Battler.cs(427,17): error SA1600: Elements should be documented (https://github.com/DotNetAnalyzers/StyleCopAnalyzers/blob/master/documentation/SA1600.md) [/home/adam/Dev/omega-spiral/chapter-zero/OmegaSpiral.csproj]
     1>/home/adam/Dev/omega-spiral/chapter-zero/Source/Scripts/combat/battlers/Battler.cs(440,17): error SA1600: Elements should be documented (https://github.com/DotNetAnalyzers/StyleCopAnalyzers/blob/master/documentation/SA1600.md) [/home/adam/Dev/omega-spiral/chapter-zero/OmegaSpiral.csproj]
     1>/home/adam/Dev/omega-spiral/chapter-zero/Source/Scripts/combat/battlers/Battler.cs(429,13): error CA1062: In externally visible method 'void Battler.TakeHit(BattlerHit hit)', validate parameter 'hit' is non-null before using it. If appropriate, throw an ArgumentNullException when the argument is null or add a Code Contract precondition asserting non-null argument. (https://docs.microsoft.com/dotnet/fundamentals/code-analysis/quality-rules/ca1062) [/home/adam/Dev/omega-spiral/chapter-zero/OmegaSpiral.csproj]
     1>/home/adam/Dev/omega-spiral/chapter-zero/Tests/Scene1LoadTests.cs(72,21): error CA1707: Remove the underscores from member name OmegaSpiral.Tests.Scene1LoadTests.Scene1_HeroDataCanBeParsed() (https://docs.microsoft.com/dotnet/fundamentals/code-analysis/quality-rules/ca1707) [/home/adam/Dev/omega-spiral/chapter-zero/OmegaSpiral.csproj]
     1>/home/adam/Dev/omega-spiral/chapter-zero/Tests/Scene1LoadTests.cs(72,21): error SA1600: Elements should be documented (https://github.com/DotNetAnalyzers/StyleCopAnalyzers/blob/master/documentation/SA1600.md) [/home/adam/Dev/omega-spiral/chapter-zero/OmegaSpiral.csproj]
     1>/home/adam/Dev/omega-spiral/chapter-zero/Source/Scripts/combat/actors/CombatRandomAI.cs(84,104): error CA2000: Call System.IDisposable.Dispose on object created by 'new BattlerList(Array.Empty<Battler>(), Array.Empty<Battler>())' before all references to it are out of scope (https://docs.microsoft.com/dotnet/fundamentals/code-analysis/quality-rules/ca2000) [/home/adam/Dev/omega-spiral/chapter-zero/OmegaSpiral.csproj]
     1>/home/adam/Dev/omega-spiral/chapter-zero/Tests/Scene1LoadTests.cs(124,21): error CA1707: Remove the underscores from member name OmegaSpiral.Tests.Scene1LoadTests.Scene1_SceneCanBeInstantiated() (https://docs.microsoft.com/dotnet/fundamentals/code-analysis/quality-rules/ca1707) [/home/adam/Dev/omega-spiral/chapter-zero/OmegaSpiral.csproj]
     1>/home/adam/Dev/omega-spiral/chapter-zero/Tests/Scene1LoadTests.cs(109,21): error CA1707: Remove the underscores from member name OmegaSpiral.Tests.Scene1LoadTests.Scene1_SceneCanBeLoaded() (https://docs.microsoft.com/dotnet/fundamentals/code-analysis/quality-rules/ca1707) [/home/adam/Dev/omega-spiral/chapter-zero/OmegaSpiral.csproj]
     1>/home/adam/Dev/omega-spiral/chapter-zero/Tests/Scene1LoadTests.cs(109,21): error SA1600: Elements should be documented (https://github.com/DotNetAnalyzers/StyleCopAnalyzers/blob/master/documentation/SA1600.md) [/home/adam/Dev/omega-spiral/chapter-zero/OmegaSpiral.csproj]
     1>/home/adam/Dev/omega-spiral/chapter-zero/Tests/Scene1LoadTests.cs(161,21): error CA1707: Remove the underscores from member name OmegaSpiral.Tests.Scene1LoadTests.Scene1_NarrativeTerminalScriptExists() (https://docs.microsoft.com/dotnet/fundamentals/code-analysis/quality-rules/ca1707) [/home/adam/Dev/omega-spiral/chapter-zero/OmegaSpiral.csproj]
     1>/home/adam/Dev/omega-spiral/chapter-zero/Tests/Scene1LoadTests.cs(161,21): error SA1600: Elements should be documented (https://github.com/DotNetAnalyzers/StyleCopAnalyzers/blob/master/documentation/SA1600.md) [/home/adam/Dev/omega-spiral/chapter-zero/OmegaSpiral.csproj]
     1>/home/adam/Dev/omega-spiral/chapter-zero/Tests/Scene1LoadTests.cs(124,21): error SA1600: Elements should be documented (https://github.com/DotNetAnalyzers/StyleCopAnalyzers/blob/master/documentation/SA1600.md) [/home/adam/Dev/omega-spiral/chapter-zero/OmegaSpiral.csproj]
     1>/home/adam/Dev/omega-spiral/chapter-zero/Tests/Scene1LoadTests.cs(86,13): error CA1031: Modify 'Scene1_HeroDataCanBeParsed' to catch a more specific allowed exception type, or rethrow the exception (https://docs.microsoft.com/dotnet/fundamentals/code-analysis/quality-rules/ca1031) [/home/adam/Dev/omega-spiral/chapter-zero/OmegaSpiral.csproj]
     1>/home/adam/Dev/omega-spiral/chapter-zero/Tests/Scene1LoadTests.cs(142,13): error CA1031: Modify 'Scene1_SceneCanBeInstantiated' to catch a more specific allowed exception type, or rethrow the exception (https://docs.microsoft.com/dotnet/fundamentals/code-analysis/quality-rules/ca1031) [/home/adam/Dev/omega-spiral/chapter-zero/OmegaSpiral.csproj]
     1>/home/adam/Dev/omega-spiral/chapter-zero/Tests/Scene1LoadTests.cs(174,21): error CA1707: Remove the underscores from member name OmegaSpiral.Tests.Scene1LoadTests.Scene1_ManifestReferencesScene1() (https://docs.microsoft.com/dotnet/fundamentals/code-analysis/quality-rules/ca1707) [/home/adam/Dev/omega-spiral/chapter-zero/OmegaSpiral.csproj]
     1>/home/adam/Dev/omega-spiral/chapter-zero/Tests/Scene1LoadTests.cs(174,21): error SA1600: Elements should be documented (https://github.com/DotNetAnalyzers/StyleCopAnalyzers/blob/master/documentation/SA1600.md) [/home/adam/Dev/omega-spiral/chapter-zero/OmegaSpiral.csproj]
     1>/home/adam/Dev/omega-spiral/chapter-zero/Tests/Scene1LoadTests.cs(211,21): error CA1707: Remove the underscores from member name OmegaSpiral.Tests.Scene1LoadTests.Scene1_AllThreadDataFilesHaveValidStructure() (https://docs.microsoft.com/dotnet/fundamentals/code-analysis/quality-rules/ca1707) [/home/adam/Dev/omega-spiral/chapter-zero/OmegaSpiral.csproj]
     1>/home/adam/Dev/omega-spiral/chapter-zero/Tests/Scene1LoadTests.cs(211,21): error SA1600: Elements should be documented (https://github.com/DotNetAnalyzers/StyleCopAnalyzers/blob/master/documentation/SA1600.md) [/home/adam/Dev/omega-spiral/chapter-zero/OmegaSpiral.csproj]
     1>/home/adam/Dev/omega-spiral/chapter-zero/Tests/Scene1LoadTests.cs(228,21): error SA1117: The parameters should all be placed on the same line or each parameter should be placed on its own line. (https://github.com/DotNetAnalyzers/StyleCopAnalyzers/blob/master/documentation/SA1117.md) [/home/adam/Dev/omega-spiral/chapter-zero/OmegaSpiral.csproj]
     1>/home/adam/Dev/omega-spiral/chapter-zero/Source/Scripts/combat/ui/action_menu/UIActionMenu.cs(79,5): error SA1514: Element documentation header should be preceded by blank line (https://github.com/DotNetAnalyzers/StyleCopAnalyzers/blob/master/documentation/SA1514.md) [/home/adam/Dev/omega-spiral/chapter-zero/OmegaSpiral.csproj]
     1>/home/adam/Dev/omega-spiral/chapter-zero/Source/Scripts/combat/ui/action_menu/UIActionMenu.cs(87,13): error CA1062: In externally visible method 'void UIActionMenu._UnhandledInput(InputEvent @event)', validate parameter 'event' is non-null before using it. If appropriate, throw an ArgumentNullException when the argument is null or add a Code Contract precondition asserting non-null argument. (https://docs.microsoft.com/dotnet/fundamentals/code-analysis/quality-rules/ca1062) [/home/adam/Dev/omega-spiral/chapter-zero/OmegaSpiral.csproj]
     1>/home/adam/Dev/omega-spiral/chapter-zero/Source/Scripts/combat/ui/battler_entry/UIBattlerLifeBar.cs(108,32): error CA1305: The behavior of 'int.ToString()' could vary based on the current user's locale settings. Replace this call in 'UIBattlerLifeBar.OnValueChanged(double)' with a call to 'int.ToString(IFormatProvider)'. (https://docs.microsoft.com/dotnet/fundamentals/code-analysis/quality-rules/ca1305) [/home/adam/Dev/omega-spiral/chapter-zero/OmegaSpiral.csproj]
     1>/home/adam/Dev/omega-spiral/chapter-zero/Source/Scripts/combat/ui/action_menu/UIActionMenu.cs(118,27): error SA1600: Elements should be documented (https://github.com/DotNetAnalyzers/StyleCopAnalyzers/blob/master/documentation/SA1600.md) [/home/adam/Dev/omega-spiral/chapter-zero/OmegaSpiral.csproj]
     1>/home/adam/Dev/omega-spiral/chapter-zero/Source/Scripts/combat/ui/action_menu/UIActionMenu.cs(124,23): error SA1600: Elements should be documented (https://github.com/DotNetAnalyzers/StyleCopAnalyzers/blob/master/documentation/SA1600.md) [/home/adam/Dev/omega-spiral/chapter-zero/OmegaSpiral.csproj]
     1>/home/adam/Dev/omega-spiral/chapter-zero/Tests/NarrativeTerminalSchemaTests.cs(20,21): error SA1600: Elements should be documented (https://github.com/DotNetAnalyzers/StyleCopAnalyzers/blob/master/documentation/SA1600.md) [/home/adam/Dev/omega-spiral/chapter-zero/OmegaSpiral.csproj]
     1>/home/adam/Dev/omega-spiral/chapter-zero/Source/Scripts/combat/ui/action_menu/UIActionMenu.cs(156,29): error SA1600: Elements should be documented (https://github.com/DotNetAnalyzers/StyleCopAnalyzers/blob/master/documentation/SA1600.md) [/home/adam/Dev/omega-spiral/chapter-zero/OmegaSpiral.csproj]
     1>/home/adam/Dev/omega-spiral/chapter-zero/Source/Scripts/combat/ui/battler_entry/UIEnergyPoint.cs(72,17): error SA1600: Elements should be documented (https://github.com/DotNetAnalyzers/StyleCopAnalyzers/blob/master/documentation/SA1600.md) [/home/adam/Dev/omega-spiral/chapter-zero/OmegaSpiral.csproj]
     1>/home/adam/Dev/omega-spiral/chapter-zero/Source/Scripts/combat/ui/action_menu/UIActionMenu.cs(159,22): error CA1062: In externally visible method 'void UIActionMenu.OnEntryPressed(BaseButton entry)', validate parameter 'entry' is non-null before using it. If appropriate, throw an ArgumentNullException when the argument is null or add a Code Contract precondition asserting non-null argument. (https://docs.microsoft.com/dotnet/fundamentals/code-analysis/quality-rules/ca1062) [/home/adam/Dev/omega-spiral/chapter-zero/OmegaSpiral.csproj]
     1>/home/adam/Dev/omega-spiral/chapter-zero/Source/Scripts/combat/ui/battler_entry/UIEnergyPoint.cs(83,17): error SA1600: Elements should be documented (https://github.com/DotNetAnalyzers/StyleCopAnalyzers/blob/master/documentation/SA1600.md) [/home/adam/Dev/omega-spiral/chapter-zero/OmegaSpiral.csproj]
     1>/home/adam/Dev/omega-spiral/chapter-zero/Tests/NarrativeTerminalSchemaTests.cs(27,21): error CA1707: Remove the underscores from member name OmegaSpiral.Tests.NarrativeTerminalSchemaTests.ValidateNarrativeTerminalSchema_ValidData_ReturnsTrue() (https://docs.microsoft.com/dotnet/fundamentals/code-analysis/quality-rules/ca1707) [/home/adam/Dev/omega-spiral/chapter-zero/OmegaSpiral.csproj]
     1>/home/adam/Dev/omega-spiral/chapter-zero/Source/Scripts/combat/ui/battler_entry/UIPlayerBattlerList.cs(95,25): error CA1062: In externally visible method 'void UIPlayerBattlerList.Setup(BattlerList battlerData)', validate parameter 'battlerData' is non-null before using it. If appropriate, throw an ArgumentNullException when the argument is null or add a Code Contract precondition asserting non-null argument. (https://docs.microsoft.com/dotnet/fundamentals/code-analysis/quality-rules/ca1062) [/home/adam/Dev/omega-spiral/chapter-zero/OmegaSpiral.csproj]
     1>/home/adam/Dev/omega-spiral/chapter-zero/Tests/NarrativeTerminalSchemaTests.cs(27,21): error SA1600: Elements should be documented (https://github.com/DotNetAnalyzers/StyleCopAnalyzers/blob/master/documentation/SA1600.md) [/home/adam/Dev/omega-spiral/chapter-zero/OmegaSpiral.csproj]
     1>/home/adam/Dev/omega-spiral/chapter-zero/Source/Scripts/combat/actors/ActiveTurnQueue.cs(145,55): error CA1801: Parameter battler of method IsAnyAnimationPlaying is never used. Remove the parameter or use it in the method body. (https://docs.microsoft.com/dotnet/fundamentals/code-analysis/quality-rules/ca1801) [/home/adam/Dev/omega-spiral/chapter-zero/OmegaSpiral.csproj]
     1>/home/adam/Dev/omega-spiral/chapter-zero/Source/Scripts/combat/ui/effect_labels/UIDamageLabel.cs(77,31): error CA1305: The behavior of 'int.ToString()' could vary based on the current user's locale settings. Replace this call in 'UIDamageLabel.Amount.set' with a call to 'int.ToString(IFormatProvider)'. (https://docs.microsoft.com/dotnet/fundamentals/code-analysis/quality-rules/ca1305) [/home/adam/Dev/omega-spiral/chapter-zero/OmegaSpiral.csproj]
     1>/home/adam/Dev/omega-spiral/chapter-zero/Source/Scripts/combat/ui/battler_entry/UIPlayerBattlerList.cs(99,29): error SA1600: Elements should be documented (https://github.com/DotNetAnalyzers/StyleCopAnalyzers/blob/master/documentation/SA1600.md) [/home/adam/Dev/omega-spiral/chapter-zero/OmegaSpiral.csproj]
     1>/home/adam/Dev/omega-spiral/chapter-zero/Tests/NarrativeTerminalSchemaTests.cs(73,21): error CA1707: Remove the underscores from member name OmegaSpiral.Tests.NarrativeTerminalSchemaTests.ValidateNarrativeTerminalSchema_MissingRequiredField_ReturnsFalse() (https://docs.microsoft.com/dotnet/fundamentals/code-analysis/quality-rules/ca1707) [/home/adam/Dev/omega-spiral/chapter-zero/OmegaSpiral.csproj]
     1>/home/adam/Dev/omega-spiral/chapter-zero/Tests/NarrativeTerminalSchemaTests.cs(73,21): error SA1600: Elements should be documented (https://github.com/DotNetAnalyzers/StyleCopAnalyzers/blob/master/documentation/SA1600.md) [/home/adam/Dev/omega-spiral/chapter-zero/OmegaSpiral.csproj]
     1>/home/adam/Dev/omega-spiral/chapter-zero/Source/Scripts/combat/ui/effect_labels/UIDamageLabel.cs(104,31): error CA1305: The behavior of 'int.ToString()' could vary based on the current user's locale settings. Replace this call in 'UIDamageLabel._Ready()' with a call to 'int.ToString(IFormatProvider)'. (https://docs.microsoft.com/dotnet/fundamentals/code-analysis/quality-rules/ca1305) [/home/adam/Dev/omega-spiral/chapter-zero/OmegaSpiral.csproj]
     1>/home/adam/Dev/omega-spiral/chapter-zero/Source/Scripts/combat/ui/battler_entry/UIPlayerBattlerList.cs(106,17): error CA1062: In externally visible method 'void UIPlayerBattlerList.OnEntryPressed(BaseButton entry)', validate parameter 'entry' is non-null before using it. If appropriate, throw an ArgumentNullException when the argument is null or add a Code Contract precondition asserting non-null argument. (https://docs.microsoft.com/dotnet/fundamentals/code-analysis/quality-rules/ca1062) [/home/adam/Dev/omega-spiral/chapter-zero/OmegaSpiral.csproj]
     1>/home/adam/Dev/omega-spiral/chapter-zero/Tests/NarrativeTerminalSchemaTests.cs(93,21): error CA1707: Remove the underscores from member name OmegaSpiral.Tests.NarrativeTerminalSchemaTests.ValidateNarrativeTerminalSchema_WrongType_ReturnsFalse() (https://docs.microsoft.com/dotnet/fundamentals/code-analysis/quality-rules/ca1707) [/home/adam/Dev/omega-spiral/chapter-zero/OmegaSpiral.csproj]
     1>/home/adam/Dev/omega-spiral/chapter-zero/Tests/NarrativeTerminalSchemaTests.cs(93,21): error SA1600: Elements should be documented (https://github.com/DotNetAnalyzers/StyleCopAnalyzers/blob/master/documentation/SA1600.md) [/home/adam/Dev/omega-spiral/chapter-zero/OmegaSpiral.csproj]
     1>/home/adam/Dev/omega-spiral/chapter-zero/Tests/NarrativeTerminalSchemaTests.cs(117,21): error CA1707: Remove the underscores from member name OmegaSpiral.Tests.NarrativeTerminalSchemaTests.ValidateNarrativeTerminalSchema_EmptyData_ReturnsFalse() (https://docs.microsoft.com/dotnet/fundamentals/code-analysis/quality-rules/ca1707) [/home/adam/Dev/omega-spiral/chapter-zero/OmegaSpiral.csproj]
     1>/home/adam/Dev/omega-spiral/chapter-zero/Tests/NarrativeTerminalSchemaTests.cs(117,21): error SA1600: Elements should be documented (https://github.com/DotNetAnalyzers/StyleCopAnalyzers/blob/master/documentation/SA1600.md) [/home/adam/Dev/omega-spiral/chapter-zero/OmegaSpiral.csproj]
     1>/home/adam/Dev/omega-spiral/chapter-zero/Tests/NarrativeTerminalIntegrationTests.cs(19,21): error SA1600: Elements should be documented (https://github.com/DotNetAnalyzers/StyleCopAnalyzers/blob/master/documentation/SA1600.md) [/home/adam/Dev/omega-spiral/chapter-zero/OmegaSpiral.csproj]
     1>/home/adam/Dev/omega-spiral/chapter-zero/Tests/NarrativeTerminalIntegrationTests.cs(29,21): error CA1707: Remove the underscores from member name OmegaSpiral.Tests.NarrativeTerminalIntegrationTests.ProcessDreamweaverChoice_HeroChoice_UpdatesGameStateCorrectly() (https://docs.microsoft.com/dotnet/fundamentals/code-analysis/quality-rules/ca1707) [/home/adam/Dev/omega-spiral/chapter-zero/OmegaSpiral.csproj]
     1>/home/adam/Dev/omega-spiral/chapter-zero/Tests/NarrativeTerminalIntegrationTests.cs(29,21): error SA1600: Elements should be documented (https://github.com/DotNetAnalyzers/StyleCopAnalyzers/blob/master/documentation/SA1600.md) [/home/adam/Dev/omega-spiral/chapter-zero/OmegaSpiral.csproj]
     1>/home/adam/Dev/omega-spiral/chapter-zero/Tests/NarrativeTerminalIntegrationTests.cs(60,21): error CA1707: Remove the underscores from member name OmegaSpiral.Tests.NarrativeTerminalIntegrationTests.ProcessDreamweaverChoice_ShadowChoice_UpdatesGameStateCorrectly() (https://docs.microsoft.com/dotnet/fundamentals/code-analysis/quality-rules/ca1707) [/home/adam/Dev/omega-spiral/chapter-zero/OmegaSpiral.csproj]
     1>/home/adam/Dev/omega-spiral/chapter-zero/Tests/NarrativeTerminalIntegrationTests.cs(60,21): error SA1600: Elements should be documented (https://github.com/DotNetAnalyzers/StyleCopAnalyzers/blob/master/documentation/SA1600.md) [/home/adam/Dev/omega-spiral/chapter-zero/OmegaSpiral.csproj]
     1>/home/adam/Dev/omega-spiral/chapter-zero/Source/Scripts/combat/ui/list_menu/UIListMenu.cs(105,65): error SA1118: The parameter spans multiple lines (https://github.com/DotNetAnalyzers/StyleCopAnalyzers/blob/master/documentation/SA1118.md) [/home/adam/Dev/omega-spiral/chapter-zero/OmegaSpiral.csproj]
     1>/home/adam/Dev/omega-spiral/chapter-zero/Tests/NarrativeTerminalIntegrationTests.cs(91,21): error CA1707: Remove the underscores from member name OmegaSpiral.Tests.NarrativeTerminalIntegrationTests.ProcessDreamweaverChoice_AmbitionChoice_UpdatesGameStateCorrectly() (https://docs.microsoft.com/dotnet/fundamentals/code-analysis/quality-rules/ca1707) [/home/adam/Dev/omega-spiral/chapter-zero/OmegaSpiral.csproj]
     1>/home/adam/Dev/omega-spiral/chapter-zero/Source/Scripts/combat/ui/list_menu/UIListMenu.cs(129,20): error SA1600: Elements should be documented (https://github.com/DotNetAnalyzers/StyleCopAnalyzers/blob/master/documentation/SA1600.md) [/home/adam/Dev/omega-spiral/chapter-zero/OmegaSpiral.csproj]
     1>/home/adam/Dev/omega-spiral/chapter-zero/Tests/NarrativeTerminalIntegrationTests.cs(91,21): error SA1600: Elements should be documented (https://github.com/DotNetAnalyzers/StyleCopAnalyzers/blob/master/documentation/SA1600.md) [/home/adam/Dev/omega-spiral/chapter-zero/OmegaSpiral.csproj]
     1>/home/adam/Dev/omega-spiral/chapter-zero/Source/Scripts/combat/ui/list_menu/UIListMenu.cs(155,32): error CA1062: In externally visible method 'void UIListMenu.OnEntryFocused(BaseButton entry)', validate parameter 'entry' is non-null before using it. If appropriate, throw an ArgumentNullException when the argument is null or add a Code Contract precondition asserting non-null argument. (https://docs.microsoft.com/dotnet/fundamentals/code-analysis/quality-rules/ca1062) [/home/adam/Dev/omega-spiral/chapter-zero/OmegaSpiral.csproj]
     1>/home/adam/Dev/omega-spiral/chapter-zero/Source/Scripts/combat/ui/turn_bar/UITurnBar.cs(50,33): error CA1062: In externally visible method 'void UITurnBar.Setup(BattlerList battlerData)', validate parameter 'battlerData' is non-null before using it. If appropriate, throw an ArgumentNullException when the argument is null or add a Code Contract precondition asserting non-null argument. (https://docs.microsoft.com/dotnet/fundamentals/code-analysis/quality-rules/ca1062) [/home/adam/Dev/omega-spiral/chapter-zero/OmegaSpiral.csproj]
     1>/home/adam/Dev/omega-spiral/chapter-zero/Tests/NarrativeTerminalIntegrationTests.cs(122,21): error CA1707: Remove the underscores from member name OmegaSpiral.Tests.NarrativeTerminalIntegrationTests.PlayerNameInput_ValidName_UpdatesGameState() (https://docs.microsoft.com/dotnet/fundamentals/code-analysis/quality-rules/ca1707) [/home/adam/Dev/omega-spiral/chapter-zero/OmegaSpiral.csproj]
     1>/home/adam/Dev/omega-spiral/chapter-zero/Tests/NarrativeTerminalIntegrationTests.cs(122,21): error SA1600: Elements should be documented (https://github.com/DotNetAnalyzers/StyleCopAnalyzers/blob/master/documentation/SA1600.md) [/home/adam/Dev/omega-spiral/chapter-zero/OmegaSpiral.csproj]
     1>/home/adam/Dev/omega-spiral/chapter-zero/Tests/NarrativeTerminalIntegrationTests.cs(135,21): error CA1707: Remove the underscores from member name OmegaSpiral.Tests.NarrativeTerminalIntegrationTests.SceneProgression_AfterChoice_IncrementsScene() (https://docs.microsoft.com/dotnet/fundamentals/code-analysis/quality-rules/ca1707) [/home/adam/Dev/omega-spiral/chapter-zero/OmegaSpiral.csproj]
     1>/home/adam/Dev/omega-spiral/chapter-zero/Tests/NarrativeTerminalIntegrationTests.cs(135,21): error SA1600: Elements should be documented (https://github.com/DotNetAnalyzers/StyleCopAnalyzers/blob/master/documentation/SA1600.md) [/home/adam/Dev/omega-spiral/chapter-zero/OmegaSpiral.csproj]
     1>/home/adam/Dev/omega-spiral/chapter-zero/Source/Scripts/common/CollisionFinder.cs(31,12): error SA1600: Elements should be documented (https://github.com/DotNetAnalyzers/StyleCopAnalyzers/blob/master/documentation/SA1600.md) [/home/adam/Dev/omega-spiral/chapter-zero/OmegaSpiral.csproj]
     1>/home/adam/Dev/omega-spiral/chapter-zero/Source/Scripts/combat/ui/cursors/UIBattlerTargetCursor.cs(166,13): error CA1062: In externally visible method 'void UIBattlerTargetingCursor._UnhandledInput(InputEvent @event)', validate parameter 'event' is non-null before using it. If appropriate, throw an ArgumentNullException when the argument is null or add a Code Contract precondition asserting non-null argument. (https://docs.microsoft.com/dotnet/fundamentals/code-analysis/quality-rules/ca1062) [/home/adam/Dev/omega-spiral/chapter-zero/OmegaSpiral.csproj]
     1>/home/adam/Dev/omega-spiral/chapter-zero/Tests/NarrativeTerminalIntegrationTests.cs(148,21): error CA1707: Remove the underscores from member name OmegaSpiral.Tests.NarrativeTerminalIntegrationTests.DreamweaverScoring_MultipleChoices_AccumulatesCorrectly() (https://docs.microsoft.com/dotnet/fundamentals/code-analysis/quality-rules/ca1707) [/home/adam/Dev/omega-spiral/chapter-zero/OmegaSpiral.csproj]
     1>/home/adam/Dev/omega-spiral/chapter-zero/Tests/NarrativeTerminalIntegrationTests.cs(189,21): error CA1063: Modify 'NarrativeTerminalIntegrationTests.Dispose' so that it calls Dispose(true), then calls GC.SuppressFinalize on the current object instance ('this' or 'Me' in Visual Basic), and then returns (https://docs.microsoft.com/dotnet/fundamentals/code-analysis/quality-rules/ca1063) [/home/adam/Dev/omega-spiral/chapter-zero/OmegaSpiral.csproj]
     1>/home/adam/Dev/omega-spiral/chapter-zero/Tests/NarrativeTerminalIntegrationTests.cs(191,13): error CA1065: Dispose creates an exception of type NotImplementedException. Exceptions should not be raised in this type of method. If this exception instance might be raised, change this method's logic so it no longer raises an exception. (https://docs.microsoft.com/dotnet/fundamentals/code-analysis/quality-rules/ca1065) [/home/adam/Dev/omega-spiral/chapter-zero/OmegaSpiral.csproj]
     1>/home/adam/Dev/omega-spiral/chapter-zero/Tests/NarrativeTerminalIntegrationTests.cs(189,21): error CA1816: Change NarrativeTerminalIntegrationTests.Dispose() to call GC.SuppressFinalize(object). This will prevent derived types that introduce a finalizer from needing to re-implement 'IDisposable' to call it. (https://docs.microsoft.com/dotnet/fundamentals/code-analysis/quality-rules/ca1816) [/home/adam/Dev/omega-spiral/chapter-zero/OmegaSpiral.csproj]
     1>/home/adam/Dev/omega-spiral/chapter-zero/Tests/NarrativeTerminalIntegrationTests.cs(148,21): error SA1600: Elements should be documented (https://github.com/DotNetAnalyzers/StyleCopAnalyzers/blob/master/documentation/SA1600.md) [/home/adam/Dev/omega-spiral/chapter-zero/OmegaSpiral.csproj]
     1>/home/adam/Dev/omega-spiral/chapter-zero/Source/Scripts/common/JsonSchemaValidator.cs(14,24): error SA1600: Elements should be documented (https://github.com/DotNetAnalyzers/StyleCopAnalyzers/blob/master/documentation/SA1600.md) [/home/adam/Dev/omega-spiral/chapter-zero/OmegaSpiral.csproj]
     1>/home/adam/Dev/omega-spiral/chapter-zero/Source/Scripts/combat/ui/action_menu/UIActionMenu.cs(31,21): error CA2213: 'UIActionMenu' contains field 'battler' that is of IDisposable type 'Battler', but it is never disposed. Change the Dispose method on 'UIActionMenu' to call Close or Dispose on this field. (https://docs.microsoft.com/dotnet/fundamentals/code-analysis/quality-rules/ca2213) [/home/adam/Dev/omega-spiral/chapter-zero/OmegaSpiral.csproj]
     1>/home/adam/Dev/omega-spiral/chapter-zero/Source/Scripts/combat/ui/action_menu/UIActionMenu.cs(68,25): error CA2213: 'UIActionMenu' contains field 'battlerList' that is of IDisposable type 'BattlerList', but it is never disposed. Change the Dispose method on 'UIActionMenu' to call Close or Dispose on this field. (https://docs.microsoft.com/dotnet/fundamentals/code-analysis/quality-rules/ca2213) [/home/adam/Dev/omega-spiral/chapter-zero/OmegaSpiral.csproj]
     1>/home/adam/Dev/omega-spiral/chapter-zero/Source/Scripts/common/JsonSchemaValidator.cs(54,9): error CA1031: Modify 'ValidateSchema' to catch a more specific allowed exception type, or rethrow the exception (https://docs.microsoft.com/dotnet/fundamentals/code-analysis/quality-rules/ca1031) [/home/adam/Dev/omega-spiral/chapter-zero/OmegaSpiral.csproj]
     1>/home/adam/Dev/omega-spiral/chapter-zero/Source/Scripts/common/Inventory.cs(69,9): error SA1616: Element return value documentation should have text (https://github.com/DotNetAnalyzers/StyleCopAnalyzers/blob/master/documentation/SA1616.md) [/home/adam/Dev/omega-spiral/chapter-zero/OmegaSpiral.csproj]
     1>/home/adam/Dev/omega-spiral/chapter-zero/Source/Scripts/common/music/MusicPlayer.cs(21,23): error SA1600: Elements should be documented (https://github.com/DotNetAnalyzers/StyleCopAnalyzers/blob/master/documentation/SA1600.md) [/home/adam/Dev/omega-spiral/chapter-zero/OmegaSpiral.csproj]
     1>/home/adam/Dev/omega-spiral/chapter-zero/Source/Scripts/common/Inventory.cs(57,12): error SA1600: Elements should be documented (https://github.com/DotNetAnalyzers/StyleCopAnalyzers/blob/master/documentation/SA1600.md) [/home/adam/Dev/omega-spiral/chapter-zero/OmegaSpiral.csproj]
     1>/home/adam/Dev/omega-spiral/chapter-zero/Source/Scripts/common/Inventory.cs(96,31): error SA1611: The documentation for parameter 'itemType' is missing (https://github.com/DotNetAnalyzers/StyleCopAnalyzers/blob/master/documentation/SA1611.md) [/home/adam/Dev/omega-spiral/chapter-zero/OmegaSpiral.csproj]
     1>/home/adam/Dev/omega-spiral/chapter-zero/Source/Scripts/common/Inventory.cs(96,45): error SA1611: The documentation for parameter 'amount' is missing (https://github.com/DotNetAnalyzers/StyleCopAnalyzers/blob/master/documentation/SA1611.md) [/home/adam/Dev/omega-spiral/chapter-zero/OmegaSpiral.csproj]
     1>/home/adam/Dev/omega-spiral/chapter-zero/Source/Scripts/common/Inventory.cs(111,34): error SA1611: The documentation for parameter 'itemType' is missing (https://github.com/DotNetAnalyzers/StyleCopAnalyzers/blob/master/documentation/SA1611.md) [/home/adam/Dev/omega-spiral/chapter-zero/OmegaSpiral.csproj]
     1>/home/adam/Dev/omega-spiral/chapter-zero/Source/Scripts/common/Inventory.cs(111,48): error SA1611: The documentation for parameter 'amount' is missing (https://github.com/DotNetAnalyzers/StyleCopAnalyzers/blob/master/documentation/SA1611.md) [/home/adam/Dev/omega-spiral/chapter-zero/OmegaSpiral.csproj]
     1>/home/adam/Dev/omega-spiral/chapter-zero/Source/Scripts/common/Inventory.cs(120,39): error SA1611: The documentation for parameter 'itemType' is missing (https://github.com/DotNetAnalyzers/StyleCopAnalyzers/blob/master/documentation/SA1611.md) [/home/adam/Dev/omega-spiral/chapter-zero/OmegaSpiral.csproj]
     1>/home/adam/Dev/omega-spiral/chapter-zero/Source/Scripts/common/Inventory.cs(119,9): error SA1616: Element return value documentation should have text (https://github.com/DotNetAnalyzers/StyleCopAnalyzers/blob/master/documentation/SA1616.md) [/home/adam/Dev/omega-spiral/chapter-zero/OmegaSpiral.csproj]
     1>/home/adam/Dev/omega-spiral/chapter-zero/Source/Scripts/common/music/MusicPlayer.cs(57,23): error SA1600: Elements should be documented (https://github.com/DotNetAnalyzers/StyleCopAnalyzers/blob/master/documentation/SA1600.md) [/home/adam/Dev/omega-spiral/chapter-zero/OmegaSpiral.csproj]
     1>/home/adam/Dev/omega-spiral/chapter-zero/Source/Scripts/common/music/MusicPlayer.cs(72,17): error SA1600: Elements should be documented (https://github.com/DotNetAnalyzers/StyleCopAnalyzers/blob/master/documentation/SA1600.md) [/home/adam/Dev/omega-spiral/chapter-zero/OmegaSpiral.csproj]
     1>/home/adam/Dev/omega-spiral/chapter-zero/Source/Scripts/common/music/MusicPlayer.cs(77,24): error SA1600: Elements should be documented (https://github.com/DotNetAnalyzers/StyleCopAnalyzers/blob/master/documentation/SA1600.md) [/home/adam/Dev/omega-spiral/chapter-zero/OmegaSpiral.csproj]
     1>/home/adam/Dev/omega-spiral/chapter-zero/Source/Scripts/common/Inventory.cs(129,51): error SA1611: The documentation for parameter 'itemType' is missing (https://github.com/DotNetAnalyzers/StyleCopAnalyzers/blob/master/documentation/SA1611.md) [/home/adam/Dev/omega-spiral/chapter-zero/OmegaSpiral.csproj]
     1>/home/adam/Dev/omega-spiral/chapter-zero/Source/Scripts/common/Inventory.cs(128,9): error SA1616: Element return value documentation should have text (https://github.com/DotNetAnalyzers/StyleCopAnalyzers/blob/master/documentation/SA1616.md) [/home/adam/Dev/omega-spiral/chapter-zero/OmegaSpiral.csproj]
     1>/home/adam/Dev/omega-spiral/chapter-zero/Source/Scripts/common/JsonSchemaValidator.cs(61,26): error SA1600: Elements should be documented (https://github.com/DotNetAnalyzers/StyleCopAnalyzers/blob/master/documentation/SA1600.md) [/home/adam/Dev/omega-spiral/chapter-zero/OmegaSpiral.csproj]
     1>/home/adam/Dev/omega-spiral/chapter-zero/Source/Scripts/common/screen_transitions/ScreenTransition.cs(69,41): error SA1611: The documentation for parameter 'duration' is missing (https://github.com/DotNetAnalyzers/StyleCopAnalyzers/blob/master/documentation/SA1611.md) [/home/adam/Dev/omega-spiral/chapter-zero/OmegaSpiral.csproj]
     1>/home/adam/Dev/omega-spiral/chapter-zero/Source/Scripts/common/screen_transitions/ScreenTransition.cs(68,18): error SA1651: Do not use placeholder elements (https://github.com/DotNetAnalyzers/StyleCopAnalyzers/blob/master/documentation/SA1651.md) [/home/adam/Dev/omega-spiral/chapter-zero/OmegaSpiral.csproj]
     1>/home/adam/Dev/omega-spiral/chapter-zero/Source/Scripts/common/PartyCreator.cs(180,25): error CA2000: Call System.IDisposable.Dispose on object created by 'new Label()' before all references to it are out of scope (https://docs.microsoft.com/dotnet/fundamentals/code-analysis/quality-rules/ca2000) [/home/adam/Dev/omega-spiral/chapter-zero/OmegaSpiral.csproj]
     1>/home/adam/Dev/omega-spiral/chapter-zero/Source/Scripts/field/cutscenes/Cutscene.cs(55,9): error SA1616: Element return value documentation should have text (https://github.com/DotNetAnalyzers/StyleCopAnalyzers/blob/master/documentation/SA1616.md) [/home/adam/Dev/omega-spiral/chapter-zero/OmegaSpiral.csproj]
     1>/home/adam/Dev/omega-spiral/chapter-zero/Source/Scripts/common/screen_transitions/ScreenTransition.cs(96,35): error SA1611: The documentation for parameter 'duration' is missing (https://github.com/DotNetAnalyzers/StyleCopAnalyzers/blob/master/documentation/SA1611.md) [/home/adam/Dev/omega-spiral/chapter-zero/OmegaSpiral.csproj]
     1>/home/adam/Dev/omega-spiral/chapter-zero/Source/Scripts/common/screen_transitions/ScreenTransition.cs(95,18): error SA1651: Do not use placeholder elements (https://github.com/DotNetAnalyzers/StyleCopAnalyzers/blob/master/documentation/SA1651.md) [/home/adam/Dev/omega-spiral/chapter-zero/OmegaSpiral.csproj]
     1>/home/adam/Dev/omega-spiral/chapter-zero/Source/Scripts/field/ui/UIDialogue.cs(192,19): error SA1101: Prefix local calls with this (https://github.com/DotNetAnalyzers/StyleCopAnalyzers/blob/master/documentation/SA1101.md) [/home/adam/Dev/omega-spiral/chapter-zero/OmegaSpiral.csproj]
     1>/home/adam/Dev/omega-spiral/chapter-zero/Source/Scripts/common/screen_transitions/ScreenTransition.cs(137,36): error SA1611: The documentation for parameter 'duration' is missing (https://github.com/DotNetAnalyzers/StyleCopAnalyzers/blob/master/documentation/SA1611.md) [/home/adam/Dev/omega-spiral/chapter-zero/OmegaSpiral.csproj]
     1>/home/adam/Dev/omega-spiral/chapter-zero/Source/Scripts/common/screen_transitions/ScreenTransition.cs(136,18): error SA1651: Do not use placeholder elements (https://github.com/DotNetAnalyzers/StyleCopAnalyzers/blob/master/documentation/SA1651.md) [/home/adam/Dev/omega-spiral/chapter-zero/OmegaSpiral.csproj]
     1>/home/adam/Dev/omega-spiral/chapter-zero/Source/Scripts/common/screen_transitions/ScreenTransition.cs(139,15): error SA1101: Prefix local calls with this (https://github.com/DotNetAnalyzers/StyleCopAnalyzers/blob/master/documentation/SA1101.md) [/home/adam/Dev/omega-spiral/chapter-zero/OmegaSpiral.csproj]
     1>/home/adam/Dev/omega-spiral/chapter-zero/Source/Scripts/field/cutscenes/popups/MovingInteractionPopup.cs(33,21): error SA1600: Elements should be documented (https://github.com/DotNetAnalyzers/StyleCopAnalyzers/blob/master/documentation/SA1600.md) [/home/adam/Dev/omega-spiral/chapter-zero/OmegaSpiral.csproj]
     1>/home/adam/Dev/omega-spiral/chapter-zero/Source/Scripts/field/cutscenes/popups/MovingInteractionPopup.cs(59,5): error SA1514: Element documentation header should be preceded by blank line (https://github.com/DotNetAnalyzers/StyleCopAnalyzers/blob/master/documentation/SA1514.md) [/home/adam/Dev/omega-spiral/chapter-zero/OmegaSpiral.csproj]
     1>/home/adam/Dev/omega-spiral/chapter-zero/Source/Scripts/field/ui/UIDialogue.cs(387,26): error CA2000: Call System.IDisposable.Dispose on object created by 'new Button()' before all references to it are out of scope (https://docs.microsoft.com/dotnet/fundamentals/code-analysis/quality-rules/ca2000) [/home/adam/Dev/omega-spiral/chapter-zero/OmegaSpiral.csproj]
     1>/home/adam/Dev/omega-spiral/chapter-zero/Source/Scripts/field/cutscenes/templates/area_transitions/AreaTransition.cs(136,15): error SA1101: Prefix local calls with this (https://github.com/DotNetAnalyzers/StyleCopAnalyzers/blob/master/documentation/SA1101.md) [/home/adam/Dev/omega-spiral/chapter-zero/OmegaSpiral.csproj]
     1>/home/adam/Dev/omega-spiral/chapter-zero/Source/Scripts/field/cutscenes/templates/area_transitions/AreaTransition.cs(146,18): error SA1651: Do not use placeholder elements (https://github.com/DotNetAnalyzers/StyleCopAnalyzers/blob/master/documentation/SA1651.md) [/home/adam/Dev/omega-spiral/chapter-zero/OmegaSpiral.csproj]
     1>/home/adam/Dev/omega-spiral/chapter-zero/Source/Scripts/field/cutscenes/templates/combat/RoamingCombatTrigger.cs(20,5): error SA1514: Element documentation header should be preceded by blank line (https://github.com/DotNetAnalyzers/StyleCopAnalyzers/blob/master/documentation/SA1514.md) [/home/adam/Dev/omega-spiral/chapter-zero/OmegaSpiral.csproj]
     1>/home/adam/Dev/omega-spiral/chapter-zero/Source/Scripts/field/cutscenes/templates/combat/RoamingCombatTrigger.cs(13,5): error SA1514: Element documentation header should be preceded by blank line (https://github.com/DotNetAnalyzers/StyleCopAnalyzers/blob/master/documentation/SA1514.md) [/home/adam/Dev/omega-spiral/chapter-zero/OmegaSpiral.csproj]
     1>/home/adam/Dev/omega-spiral/chapter-zero/Source/Scripts/field/cutscenes/templates/conversations/ConversationTemplate.cs(52,9): error CA1031: Modify 'Execute' to catch a more specific allowed exception type, or rethrow the exception (https://docs.microsoft.com/dotnet/fundamentals/code-analysis/quality-rules/ca1031) [/home/adam/Dev/omega-spiral/chapter-zero/OmegaSpiral.csproj]
     1>/home/adam/Dev/omega-spiral/chapter-zero/Source/Scripts/field/cutscenes/templates/doors/Door.cs(159,18): error SA1651: Do not use placeholder elements (https://github.com/DotNetAnalyzers/StyleCopAnalyzers/blob/master/documentation/SA1651.md) [/home/adam/Dev/omega-spiral/chapter-zero/OmegaSpiral.csproj]
     1>/home/adam/Dev/omega-spiral/chapter-zero/Source/Scripts/combat/ui/UICombatHud.cs(477,54): error CA1801: Parameter turnOrder of method UpdateTurnOrder is never used. Remove the parameter or use it in the method body. (https://docs.microsoft.com/dotnet/fundamentals/code-analysis/quality-rules/ca1801) [/home/adam/Dev/omega-spiral/chapter-zero/OmegaSpiral.csproj]
     1>/home/adam/Dev/omega-spiral/chapter-zero/Source/Scripts/combat/ui/UICombatHud.cs(454,61): error CA1801: Parameter position of method ShowEffectLabel is never used. Remove the parameter or use it in the method body. (https://docs.microsoft.com/dotnet/fundamentals/code-analysis/quality-rules/ca1801) [/home/adam/Dev/omega-spiral/chapter-zero/OmegaSpiral.csproj]
     1>/home/adam/Dev/omega-spiral/chapter-zero/Source/Scripts/combat/ui/UICombatHud.cs(454,47): error CA1801: Parameter text of method ShowEffectLabel is never used. Remove the parameter or use it in the method body. (https://docs.microsoft.com/dotnet/fundamentals/code-analysis/quality-rules/ca1801) [/home/adam/Dev/omega-spiral/chapter-zero/OmegaSpiral.csproj]
     1>/home/adam/Dev/omega-spiral/chapter-zero/Source/Scripts/combat/ui/UICombatHud.cs(454,77): error CA1801: Parameter color of method ShowEffectLabel is never used. Remove the parameter or use it in the method body. (https://docs.microsoft.com/dotnet/fundamentals/code-analysis/quality-rules/ca1801) [/home/adam/Dev/omega-spiral/chapter-zero/OmegaSpiral.csproj]
     1>/home/adam/Dev/omega-spiral/chapter-zero/Source/Scripts/combat/ui/UICombatHud.cs(431,42): error CA1801: Parameter message of method ShowMessage is never used. Remove the parameter or use it in the method body. (https://docs.microsoft.com/dotnet/fundamentals/code-analysis/quality-rules/ca1801) [/home/adam/Dev/omega-spiral/chapter-zero/OmegaSpiral.csproj]
     1>/home/adam/Dev/omega-spiral/chapter-zero/Source/Scripts/field/gameboard/Gameboard.cs(78,41): error SA1611: The documentation for parameter 'cellCoordinates' is missing (https://github.com/DotNetAnalyzers/StyleCopAnalyzers/blob/master/documentation/SA1611.md) [/home/adam/Dev/omega-spiral/chapter-zero/OmegaSpiral.csproj]
     1>/home/adam/Dev/omega-spiral/chapter-zero/Source/Scripts/field/gameboard/Gameboard.cs(77,9): error SA1616: Element return value documentation should have text (https://github.com/DotNetAnalyzers/StyleCopAnalyzers/blob/master/documentation/SA1616.md) [/home/adam/Dev/omega-spiral/chapter-zero/OmegaSpiral.csproj]
     1>/home/adam/Dev/omega-spiral/chapter-zero/Source/Scripts/field/gameboard/Gameboard.cs(87,41): error SA1611: The documentation for parameter 'pixelCoordinates' is missing (https://github.com/DotNetAnalyzers/StyleCopAnalyzers/blob/master/documentation/SA1611.md) [/home/adam/Dev/omega-spiral/chapter-zero/OmegaSpiral.csproj]
     1>/home/adam/Dev/omega-spiral/chapter-zero/Source/Scripts/field/gameboard/Gameboard.cs(86,9): error SA1616: Element return value documentation should have text (https://github.com/DotNetAnalyzers/StyleCopAnalyzers/blob/master/documentation/SA1616.md) [/home/adam/Dev/omega-spiral/chapter-zero/OmegaSpiral.csproj]
     1>/home/adam/Dev/omega-spiral/chapter-zero/Source/Scripts/field/gameboard/Gameboard.cs(98,45): error SA1611: The documentation for parameter 'node' is missing (https://github.com/DotNetAnalyzers/StyleCopAnalyzers/blob/master/documentation/SA1611.md) [/home/adam/Dev/omega-spiral/chapter-zero/OmegaSpiral.csproj]
     1>/home/adam/Dev/omega-spiral/chapter-zero/Source/Scripts/field/gameboard/Gameboard.cs(97,9): error SA1616: Element return value documentation should have text (https://github.com/DotNetAnalyzers/StyleCopAnalyzers/blob/master/documentation/SA1616.md) [/home/adam/Dev/omega-spiral/chapter-zero/OmegaSpiral.csproj]
     1>/home/adam/Dev/omega-spiral/chapter-zero/Source/Scripts/field/gameboard/GameboardProperties.cs(34,12): error SA1600: Elements should be documented (https://github.com/DotNetAnalyzers/StyleCopAnalyzers/blob/master/documentation/SA1600.md) [/home/adam/Dev/omega-spiral/chapter-zero/OmegaSpiral.csproj]
     1>/home/adam/Dev/omega-spiral/chapter-zero/Source/Scripts/field/gameboard/GameboardProperties.cs(43,41): error SA1611: The documentation for parameter 'cellCoordinates' is missing (https://github.com/DotNetAnalyzers/StyleCopAnalyzers/blob/master/documentation/SA1611.md) [/home/adam/Dev/omega-spiral/chapter-zero/OmegaSpiral.csproj]
     1>/home/adam/Dev/omega-spiral/chapter-zero/Source/Scripts/field/gameboard/GameboardProperties.cs(42,9): error SA1616: Element return value documentation should have text (https://github.com/DotNetAnalyzers/StyleCopAnalyzers/blob/master/documentation/SA1616.md) [/home/adam/Dev/omega-spiral/chapter-zero/OmegaSpiral.csproj]
     1>/home/adam/Dev/omega-spiral/chapter-zero/Source/Scripts/field/gameboard/GameboardProperties.cs(54,41): error SA1611: The documentation for parameter 'pixelCoordinates' is missing (https://github.com/DotNetAnalyzers/StyleCopAnalyzers/blob/master/documentation/SA1611.md) [/home/adam/Dev/omega-spiral/chapter-zero/OmegaSpiral.csproj]
     1>/home/adam/Dev/omega-spiral/chapter-zero/Source/Scripts/field/gameboard/GameboardProperties.cs(53,9): error SA1616: Element return value documentation should have text (https://github.com/DotNetAnalyzers/StyleCopAnalyzers/blob/master/documentation/SA1616.md) [/home/adam/Dev/omega-spiral/chapter-zero/OmegaSpiral.csproj]
     1>/home/adam/Dev/omega-spiral/chapter-zero/Source/Scripts/field/gameboard/Gameboard.cs(108,37): error SA1611: The documentation for parameter 'cellCoordinates' is missing (https://github.com/DotNetAnalyzers/StyleCopAnalyzers/blob/master/documentation/SA1611.md) [/home/adam/Dev/omega-spiral/chapter-zero/OmegaSpiral.csproj]
     1>/home/adam/Dev/omega-spiral/chapter-zero/Source/Scripts/field/gameboard/Gameboard.cs(107,9): error SA1616: Element return value documentation should have text (https://github.com/DotNetAnalyzers/StyleCopAnalyzers/blob/master/documentation/SA1616.md) [/home/adam/Dev/omega-spiral/chapter-zero/OmegaSpiral.csproj]
     1>/home/adam/Dev/omega-spiral/chapter-zero/Source/Scripts/field/gameboard/Gameboard.cs(100,33): error CA1062: In externally visible method 'Vector2I Gameboard.GetCellUnderNode(Node2D node)', validate parameter 'node' is non-null before using it. If appropriate, throw an ArgumentNullException when the argument is null or add a Code Contract precondition asserting non-null argument. (https://docs.microsoft.com/dotnet/fundamentals/code-analysis/quality-rules/ca1062) [/home/adam/Dev/omega-spiral/chapter-zero/OmegaSpiral.csproj]
     1>/home/adam/Dev/omega-spiral/chapter-zero/Source/Scripts/field/gameboard/Gameboard.cs(126,37): error SA1611: The documentation for parameter 'index' is missing (https://github.com/DotNetAnalyzers/StyleCopAnalyzers/blob/master/documentation/SA1611.md) [/home/adam/Dev/omega-spiral/chapter-zero/OmegaSpiral.csproj]
     1>/home/adam/Dev/omega-spiral/chapter-zero/Source/Scripts/field/gameboard/Gameboard.cs(125,9): error SA1616: Element return value documentation should have text (https://github.com/DotNetAnalyzers/StyleCopAnalyzers/blob/master/documentation/SA1616.md) [/home/adam/Dev/omega-spiral/chapter-zero/OmegaSpiral.csproj]
     1>/home/adam/Dev/omega-spiral/chapter-zero/Source/Scripts/field/gameboard/GameboardLayer.cs(76,38): error SA1611: The documentation for parameter 'coord' is missing (https://github.com/DotNetAnalyzers/StyleCopAnalyzers/blob/master/documentation/SA1611.md) [/home/adam/Dev/omega-spiral/chapter-zero/OmegaSpiral.csproj]
     1>/home/adam/Dev/omega-spiral/chapter-zero/Source/Scripts/field/gameboard/GameboardLayer.cs(75,9): error SA1616: Element return value documentation should have text (https://github.com/DotNetAnalyzers/StyleCopAnalyzers/blob/master/documentation/SA1616.md) [/home/adam/Dev/omega-spiral/chapter-zero/OmegaSpiral.csproj]
     1>/home/adam/Dev/omega-spiral/chapter-zero/Source/Scripts/field/gameboard/Pathfinder.cs(42,34): error SA1611: The documentation for parameter 'cell' is missing (https://github.com/DotNetAnalyzers/StyleCopAnalyzers/blob/master/documentation/SA1611.md) [/home/adam/Dev/omega-spiral/chapter-zero/OmegaSpiral.csproj]
     1>/home/adam/Dev/omega-spiral/chapter-zero/Source/Scripts/field/gameboard/Pathfinder.cs(41,9): error SA1616: Element return value documentation should have text (https://github.com/DotNetAnalyzers/StyleCopAnalyzers/blob/master/documentation/SA1616.md) [/home/adam/Dev/omega-spiral/chapter-zero/OmegaSpiral.csproj]
     1>/home/adam/Dev/omega-spiral/chapter-zero/Source/Scripts/field/gameboard/Pathfinder.cs(51,30): error SA1611: The documentation for parameter 'pointId' is missing (https://github.com/DotNetAnalyzers/StyleCopAnalyzers/blob/master/documentation/SA1611.md) [/home/adam/Dev/omega-spiral/chapter-zero/OmegaSpiral.csproj]
     1>/home/adam/Dev/omega-spiral/chapter-zero/Source/Scripts/field/gameboard/Pathfinder.cs(50,9): error SA1616: Element return value documentation should have text (https://github.com/DotNetAnalyzers/StyleCopAnalyzers/blob/master/documentation/SA1616.md) [/home/adam/Dev/omega-spiral/chapter-zero/OmegaSpiral.csproj]
     1>/home/adam/Dev/omega-spiral/chapter-zero/Source/Scripts/field/gameboard/Pathfinder.cs(59,30): error SA1611: The documentation for parameter 'pointId' is missing (https://github.com/DotNetAnalyzers/StyleCopAnalyzers/blob/master/documentation/SA1611.md) [/home/adam/Dev/omega-spiral/chapter-zero/OmegaSpiral.csproj]
     1>/home/adam/Dev/omega-spiral/chapter-zero/Source/Scripts/field/gameboard/Pathfinder.cs(59,48): error SA1611: The documentation for parameter 'position' is missing (https://github.com/DotNetAnalyzers/StyleCopAnalyzers/blob/master/documentation/SA1611.md) [/home/adam/Dev/omega-spiral/chapter-zero/OmegaSpiral.csproj]
     1>/home/adam/Dev/omega-spiral/chapter-zero/Source/Scripts/field/gameboard/GameboardLayer.cs(108,40): error SA1611: The documentation for parameter 'coord' is missing (https://github.com/DotNetAnalyzers/StyleCopAnalyzers/blob/master/documentation/SA1611.md) [/home/adam/Dev/omega-spiral/chapter-zero/OmegaSpiral.csproj]
     1>/home/adam/Dev/omega-spiral/chapter-zero/Source/Scripts/field/gameboard/GameboardLayer.cs(107,9): error SA1616: Element return value documentation should have text (https://github.com/DotNetAnalyzers/StyleCopAnalyzers/blob/master/documentation/SA1616.md) [/home/adam/Dev/omega-spiral/chapter-zero/OmegaSpiral.csproj]
     1>/home/adam/Dev/omega-spiral/chapter-zero/Source/Scripts/field/gameboard/Gameboard.cs(144,46): error SA1611: The documentation for parameter 'cell' is missing (https://github.com/DotNetAnalyzers/StyleCopAnalyzers/blob/master/documentation/SA1611.md) [/home/adam/Dev/omega-spiral/chapter-zero/OmegaSpiral.csproj]
     1>/home/adam/Dev/omega-spiral/chapter-zero/Source/Scripts/field/gameboard/Gameboard.cs(144,56): error SA1611: The documentation for parameter 'direction' is missing (https://github.com/DotNetAnalyzers/StyleCopAnalyzers/blob/master/documentation/SA1611.md) [/home/adam/Dev/omega-spiral/chapter-zero/OmegaSpiral.csproj]
     1>/home/adam/Dev/omega-spiral/chapter-zero/Source/Scripts/field/gameboard/Gameboard.cs(143,9): error SA1616: Element return value documentation should have text (https://github.com/DotNetAnalyzers/StyleCopAnalyzers/blob/master/documentation/SA1616.md) [/home/adam/Dev/omega-spiral/chapter-zero/OmegaSpiral.csproj]
     1>/home/adam/Dev/omega-spiral/chapter-zero/Source/Scripts/field/gameboard/Pathfinder.cs(71,33): error SA1611: The documentation for parameter 'pointId' is missing (https://github.com/DotNetAnalyzers/StyleCopAnalyzers/blob/master/documentation/SA1611.md) [/home/adam/Dev/omega-spiral/chapter-zero/OmegaSpiral.csproj]
     1>/home/adam/Dev/omega-spiral/chapter-zero/Source/Scripts/field/gameboard/Pathfinder.cs(93,35): error SA1611: The documentation for parameter 'pointId1' is missing (https://github.com/DotNetAnalyzers/StyleCopAnalyzers/blob/master/documentation/SA1611.md) [/home/adam/Dev/omega-spiral/chapter-zero/OmegaSpiral.csproj]
     1>/home/adam/Dev/omega-spiral/chapter-zero/Source/Scripts/field/gameboard/Pathfinder.cs(93,49): error SA1611: The documentation for parameter 'pointId2' is missing (https://github.com/DotNetAnalyzers/StyleCopAnalyzers/blob/master/documentation/SA1611.md) [/home/adam/Dev/omega-spiral/chapter-zero/OmegaSpiral.csproj]
     1>/home/adam/Dev/omega-spiral/chapter-zero/Source/Scripts/field/gameboard/Pathfinder.cs(112,38): error SA1611: The documentation for parameter 'pointId1' is missing (https://github.com/DotNetAnalyzers/StyleCopAnalyzers/blob/master/documentation/SA1611.md) [/home/adam/Dev/omega-spiral/chapter-zero/OmegaSpiral.csproj]
     1>/home/adam/Dev/omega-spiral/chapter-zero/Source/Scripts/field/gameboard/Pathfinder.cs(112,52): error SA1611: The documentation for parameter 'pointId2' is missing (https://github.com/DotNetAnalyzers/StyleCopAnalyzers/blob/master/documentation/SA1611.md) [/home/adam/Dev/omega-spiral/chapter-zero/OmegaSpiral.csproj]
     1>/home/adam/Dev/omega-spiral/chapter-zero/Source/Scripts/field/gameboard/Pathfinder.cs(128,38): error SA1611: The documentation for parameter 'pointId' is missing (https://github.com/DotNetAnalyzers/StyleCopAnalyzers/blob/master/documentation/SA1611.md) [/home/adam/Dev/omega-spiral/chapter-zero/OmegaSpiral.csproj]
     1>/home/adam/Dev/omega-spiral/chapter-zero/Source/Scripts/field/gameboard/Pathfinder.cs(128,52): error SA1611: The documentation for parameter 'disabled' is missing (https://github.com/DotNetAnalyzers/StyleCopAnalyzers/blob/master/documentation/SA1611.md) [/home/adam/Dev/omega-spiral/chapter-zero/OmegaSpiral.csproj]
     1>/home/adam/Dev/omega-spiral/chapter-zero/Source/Scripts/field/gameboard/Pathfinder.cs(140,37): error SA1611: The documentation for parameter 'pointId' is missing (https://github.com/DotNetAnalyzers/StyleCopAnalyzers/blob/master/documentation/SA1611.md) [/home/adam/Dev/omega-spiral/chapter-zero/OmegaSpiral.csproj]
     1>/home/adam/Dev/omega-spiral/chapter-zero/Source/Scripts/field/gameboard/Pathfinder.cs(139,9): error SA1616: Element return value documentation should have text (https://github.com/DotNetAnalyzers/StyleCopAnalyzers/blob/master/documentation/SA1616.md) [/home/adam/Dev/omega-spiral/chapter-zero/OmegaSpiral.csproj]
     1>/home/adam/Dev/omega-spiral/chapter-zero/Source/Scripts/field/gameboard/Gameboard.cs(159,60): error SA1611: The documentation for parameter 'cell' is missing (https://github.com/DotNetAnalyzers/StyleCopAnalyzers/blob/master/documentation/SA1611.md) [/home/adam/Dev/omega-spiral/chapter-zero/OmegaSpiral.csproj]
     1>/home/adam/Dev/omega-spiral/chapter-zero/Source/Scripts/field/gameboard/Gameboard.cs(158,9): error SA1616: Element return value documentation should have text (https://github.com/DotNetAnalyzers/StyleCopAnalyzers/blob/master/documentation/SA1616.md) [/home/adam/Dev/omega-spiral/chapter-zero/OmegaSpiral.csproj]
     1>/home/adam/Dev/omega-spiral/chapter-zero/Source/Scripts/field/gameboard/Gameboard.cs(179,55): error SA1611: The documentation for parameter 'boardMap' is missing (https://github.com/DotNetAnalyzers/StyleCopAnalyzers/blob/master/documentation/SA1611.md) [/home/adam/Dev/omega-spiral/chapter-zero/OmegaSpiral.csproj]
     1>/home/adam/Dev/omega-spiral/chapter-zero/Source/Scripts/field/gameboard/Gameboard.cs(185,9): error CA1062: In externally visible method 'void Gameboard.RegisterGameboardLayer(GameboardLayer boardMap)', validate parameter 'boardMap' is non-null before using it. If appropriate, throw an ArgumentNullException when the argument is null or add a Code Contract precondition asserting non-null argument. (https://docs.microsoft.com/dotnet/fundamentals/code-analysis/quality-rules/ca1062) [/home/adam/Dev/omega-spiral/chapter-zero/OmegaSpiral.csproj]
     1>/home/adam/Dev/omega-spiral/chapter-zero/Source/Scripts/field/gameboard/Pathfinder.cs(154,50): error SA1611: The documentation for parameter 'startCell' is missing (https://github.com/DotNetAnalyzers/StyleCopAnalyzers/blob/master/documentation/SA1611.md) [/home/adam/Dev/omega-spiral/chapter-zero/OmegaSpiral.csproj]
     1>/home/adam/Dev/omega-spiral/chapter-zero/Source/Scripts/field/gameboard/Pathfinder.cs(154,70): error SA1611: The documentation for parameter 'endCell' is missing (https://github.com/DotNetAnalyzers/StyleCopAnalyzers/blob/master/documentation/SA1611.md) [/home/adam/Dev/omega-spiral/chapter-zero/OmegaSpiral.csproj]
     1>/home/adam/Dev/omega-spiral/chapter-zero/Source/Scripts/field/gameboard/Pathfinder.cs(153,9): error SA1616: Element return value documentation should have text (https://github.com/DotNetAnalyzers/StyleCopAnalyzers/blob/master/documentation/SA1616.md) [/home/adam/Dev/omega-spiral/chapter-zero/OmegaSpiral.csproj]
     1>/home/adam/Dev/omega-spiral/chapter-zero/Source/Scripts/field/cutscenes/Trigger.cs(102,21): error SA1600: Elements should be documented (https://github.com/DotNetAnalyzers/StyleCopAnalyzers/blob/master/documentation/SA1600.md) [/home/adam/Dev/omega-spiral/chapter-zero/OmegaSpiral.csproj]
     1>/home/adam/Dev/omega-spiral/chapter-zero/Source/Scripts/field/gameboard/Pathfinder.cs(174,39): error SA1611: The documentation for parameter 'startId' is missing (https://github.com/DotNetAnalyzers/StyleCopAnalyzers/blob/master/documentation/SA1611.md) [/home/adam/Dev/omega-spiral/chapter-zero/OmegaSpiral.csproj]
     1>/home/adam/Dev/omega-spiral/chapter-zero/Source/Scripts/field/gameboard/Pathfinder.cs(174,52): error SA1611: The documentation for parameter 'endId' is missing (https://github.com/DotNetAnalyzers/StyleCopAnalyzers/blob/master/documentation/SA1611.md) [/home/adam/Dev/omega-spiral/chapter-zero/OmegaSpiral.csproj]
     1>/home/adam/Dev/omega-spiral/chapter-zero/Source/Scripts/field/gameboard/Pathfinder.cs(173,9): error SA1616: Element return value documentation should have text (https://github.com/DotNetAnalyzers/StyleCopAnalyzers/blob/master/documentation/SA1616.md) [/home/adam/Dev/omega-spiral/chapter-zero/OmegaSpiral.csproj]
     1>/home/adam/Dev/omega-spiral/chapter-zero/Source/Scripts/field/Field.cs(53,62): error SA1118: The parameter spans multiple lines (https://github.com/DotNetAnalyzers/StyleCopAnalyzers/blob/master/documentation/SA1118.md) [/home/adam/Dev/omega-spiral/chapter-zero/OmegaSpiral.csproj]
     1>/home/adam/Dev/omega-spiral/chapter-zero/Source/Scripts/field/gameboard/Pathfinder.cs(279,63): error SA1611: The documentation for parameter 'sourceCell' is missing (https://github.com/DotNetAnalyzers/StyleCopAnalyzers/blob/master/documentation/SA1611.md) [/home/adam/Dev/omega-spiral/chapter-zero/OmegaSpiral.csproj]
     1>/home/adam/Dev/omega-spiral/chapter-zero/Source/Scripts/field/gameboard/Pathfinder.cs(279,84): error SA1611: The documentation for parameter 'targetCell' is missing (https://github.com/DotNetAnalyzers/StyleCopAnalyzers/blob/master/documentation/SA1611.md) [/home/adam/Dev/omega-spiral/chapter-zero/OmegaSpiral.csproj]
     1>/home/adam/Dev/omega-spiral/chapter-zero/Source/Scripts/field/gameboard/Pathfinder.cs(278,9): error SA1616: Element return value documentation should have text (https://github.com/DotNetAnalyzers/StyleCopAnalyzers/blob/master/documentation/SA1616.md) [/home/adam/Dev/omega-spiral/chapter-zero/OmegaSpiral.csproj]
     1>/home/adam/Dev/omega-spiral/chapter-zero/Source/Scripts/field/cutscenes/Trigger.cs(149,20): error SA1600: Elements should be documented (https://github.com/DotNetAnalyzers/StyleCopAnalyzers/blob/master/documentation/SA1600.md) [/home/adam/Dev/omega-spiral/chapter-zero/OmegaSpiral.csproj]
     1>/home/adam/Dev/omega-spiral/chapter-zero/Source/Scripts/field/cutscenes/templates/doors/DoorTrigger.cs(38,39): error CA1801: Parameter triggeringObject of method Activate is never used. Remove the parameter or use it in the method body. (https://docs.microsoft.com/dotnet/fundamentals/code-analysis/quality-rules/ca1801) [/home/adam/Dev/omega-spiral/chapter-zero/OmegaSpiral.csproj]
     1>/home/adam/Dev/omega-spiral/chapter-zero/Source/Scripts/field/cutscenes/Trigger.cs(170,20): error SA1600: Elements should be documented (https://github.com/DotNetAnalyzers/StyleCopAnalyzers/blob/master/documentation/SA1600.md) [/home/adam/Dev/omega-spiral/chapter-zero/OmegaSpiral.csproj]
     1>/home/adam/Dev/omega-spiral/chapter-zero/Source/Scripts/field/cutscenes/Trigger.cs(179,20): error SA1600: Elements should be documented (https://github.com/DotNetAnalyzers/StyleCopAnalyzers/blob/master/documentation/SA1600.md) [/home/adam/Dev/omega-spiral/chapter-zero/OmegaSpiral.csproj]
     1>/home/adam/Dev/omega-spiral/chapter-zero/Source/Scripts/field/cutscenes/Trigger.cs(172,25): error CA1062: In externally visible method 'void Trigger.OnAreaExited(Area2D area)', validate parameter 'area' is non-null before using it. If appropriate, throw an ArgumentNullException when the argument is null or add a Code Contract precondition asserting non-null argument. (https://docs.microsoft.com/dotnet/fundamentals/code-analysis/quality-rules/ca1062) [/home/adam/Dev/omega-spiral/chapter-zero/OmegaSpiral.csproj]
     1>/home/adam/Dev/omega-spiral/chapter-zero/Source/Scripts/field/gamepieces/controllers/cursor/FieldCursor.cs(57,18): error CA1062: In externally visible method 'void FieldCursor._UnhandledInput(InputEvent @event)', validate parameter 'event' is non-null before using it. If appropriate, throw an ArgumentNullException when the argument is null or add a Code Contract precondition asserting non-null argument. (https://docs.microsoft.com/dotnet/fundamentals/code-analysis/quality-rules/ca1062) [/home/adam/Dev/omega-spiral/chapter-zero/OmegaSpiral.csproj]
     1>/home/adam/Dev/omega-spiral/chapter-zero/Source/Scripts/field/gamepieces/controllers/PathLoopAIController.cs(100,9): error SA1616: Element return value documentation should have text (https://github.com/DotNetAnalyzers/StyleCopAnalyzers/blob/master/documentation/SA1616.md) [/home/adam/Dev/omega-spiral/chapter-zero/OmegaSpiral.csproj]
     1>/home/adam/Dev/omega-spiral/chapter-zero/Source/Scripts/field/gamepieces/controllers/GamepieceController.cs(189,52): error SA1611: The documentation for parameter 'delta' is missing (https://github.com/DotNetAnalyzers/StyleCopAnalyzers/blob/master/documentation/SA1611.md) [/home/adam/Dev/omega-spiral/chapter-zero/OmegaSpiral.csproj]
     1>/home/adam/Dev/omega-spiral/chapter-zero/Source/Scripts/field/gamepieces/controllers/GamepieceController.cs(198,54): error SA1611: The documentation for parameter 'path' is missing (https://github.com/DotNetAnalyzers/StyleCopAnalyzers/blob/master/documentation/SA1611.md) [/home/adam/Dev/omega-spiral/chapter-zero/OmegaSpiral.csproj]
     1>/home/adam/Dev/omega-spiral/chapter-zero/Source/Scripts/field/gamepieces/controllers/GamepieceController.cs(235,45): error SA1611: The documentation for parameter 'cell' is missing (https://github.com/DotNetAnalyzers/StyleCopAnalyzers/blob/master/documentation/SA1611.md) [/home/adam/Dev/omega-spiral/chapter-zero/OmegaSpiral.csproj]
     1>/home/adam/Dev/omega-spiral/chapter-zero/Source/Scripts/field/gamepieces/controllers/GamepieceController.cs(246,50): error SA1611: The documentation for parameter 'direction' is missing (https://github.com/DotNetAnalyzers/StyleCopAnalyzers/blob/master/documentation/SA1611.md) [/home/adam/Dev/omega-spiral/chapter-zero/OmegaSpiral.csproj]
     1>/home/adam/Dev/omega-spiral/chapter-zero/Source/Scripts/field/Interaction.cs(131,54): error SA1611: The documentation for parameter 'player' is missing (https://github.com/DotNetAnalyzers/StyleCopAnalyzers/blob/master/documentation/SA1611.md) [/home/adam/Dev/omega-spiral/chapter-zero/OmegaSpiral.csproj]
     1>/home/adam/Dev/omega-spiral/chapter-zero/Source/Scripts/field/Interaction.cs(130,9): error SA1616: Element return value documentation should have text (https://github.com/DotNetAnalyzers/StyleCopAnalyzers/blob/master/documentation/SA1616.md) [/home/adam/Dev/omega-spiral/chapter-zero/OmegaSpiral.csproj]
     1>/home/adam/Dev/omega-spiral/chapter-zero/Source/Scripts/field/Interaction.cs(146,39): error SA1611: The documentation for parameter 'player' is missing (https://github.com/DotNetAnalyzers/StyleCopAnalyzers/blob/master/documentation/SA1611.md) [/home/adam/Dev/omega-spiral/chapter-zero/OmegaSpiral.csproj]
     1>/home/adam/Dev/omega-spiral/chapter-zero/Source/Scripts/field/Interaction.cs(145,9): error SA1616: Element return value documentation should have text (https://github.com/DotNetAnalyzers/StyleCopAnalyzers/blob/master/documentation/SA1616.md) [/home/adam/Dev/omega-spiral/chapter-zero/OmegaSpiral.csproj]
     1>/home/adam/Dev/omega-spiral/chapter-zero/Source/Scripts/field/gamepieces/controllers/GamepieceController.cs(294,64): error SA1611: The documentation for parameter 'newWaypoint' is missing (https://github.com/DotNetAnalyzers/StyleCopAnalyzers/blob/master/documentation/SA1611.md) [/home/adam/Dev/omega-spiral/chapter-zero/OmegaSpiral.csproj]
     1>/home/adam/Dev/omega-spiral/chapter-zero/Source/Scripts/field/Interaction.cs(96,13): error CA1062: In externally visible method 'void Interaction._UnhandledInput(InputEvent @event)', validate parameter 'event' is non-null before using it. If appropriate, throw an ArgumentNullException when the argument is null or add a Code Contract precondition asserting non-null argument. (https://docs.microsoft.com/dotnet/fundamentals/code-analysis/quality-rules/ca1062) [/home/adam/Dev/omega-spiral/chapter-zero/OmegaSpiral.csproj]
     1>/home/adam/Dev/omega-spiral/chapter-zero/Source/Scripts/field/gamepieces/controllers/GamepieceController.cs(346,54): error SA1611: The documentation for parameter 'excessDistance' is missing (https://github.com/DotNetAnalyzers/StyleCopAnalyzers/blob/master/documentation/SA1611.md) [/home/adam/Dev/omega-spiral/chapter-zero/OmegaSpiral.csproj]
     1>/home/adam/Dev/omega-spiral/chapter-zero/Source/Scripts/field/gamepieces/controllers/PathLoopAIController.cs(218,55): error SA1611: The documentation for parameter 'excessDistance' is missing (https://github.com/DotNetAnalyzers/StyleCopAnalyzers/blob/master/documentation/SA1611.md) [/home/adam/Dev/omega-spiral/chapter-zero/OmegaSpiral.csproj]
     1>/home/adam/Dev/omega-spiral/chapter-zero/Source/Scripts/field/gamepieces/controllers/PlayerController.cs(107,13): error CA1062: In externally visible method 'void PlayerController._UnhandledInput(InputEvent @event)', validate parameter 'event' is non-null before using it. If appropriate, throw an ArgumentNullException when the argument is null or add a Code Contract precondition asserting non-null argument. (https://docs.microsoft.com/dotnet/fundamentals/code-analysis/quality-rules/ca1062) [/home/adam/Dev/omega-spiral/chapter-zero/OmegaSpiral.csproj]
     1>/home/adam/Dev/omega-spiral/chapter-zero/Source/Scripts/field/gamepieces/Gamepiece.cs(202,37): error SA1611: The documentation for parameter 'cell' is missing (https://github.com/DotNetAnalyzers/StyleCopAnalyzers/blob/master/documentation/SA1611.md) [/home/adam/Dev/omega-spiral/chapter-zero/OmegaSpiral.csproj]
     1>/home/adam/Dev/omega-spiral/chapter-zero/Source/Scripts/field/gamepieces/Gamepiece.cs(231,44): error SA1611: The documentation for parameter 'path' is missing (https://github.com/DotNetAnalyzers/StyleCopAnalyzers/blob/master/documentation/SA1611.md) [/home/adam/Dev/omega-spiral/chapter-zero/OmegaSpiral.csproj]
     1>/home/adam/Dev/omega-spiral/chapter-zero/Source/Scripts/field/Map.cs(47,5): error SA1514: Element documentation header should be preceded by blank line (https://github.com/DotNetAnalyzers/StyleCopAnalyzers/blob/master/documentation/SA1514.md) [/home/adam/Dev/omega-spiral/chapter-zero/OmegaSpiral.csproj]
     1>/home/adam/Dev/omega-spiral/chapter-zero/Source/Scripts/field/gamepieces/Gamepiece.cs(266,47): error SA1611: The documentation for parameter 'cell' is missing (https://github.com/DotNetAnalyzers/StyleCopAnalyzers/blob/master/documentation/SA1611.md) [/home/adam/Dev/omega-spiral/chapter-zero/OmegaSpiral.csproj]
     1>/home/adam/Dev/omega-spiral/chapter-zero/Source/Scripts/field/gamepieces/Gamepiece.cs(265,9): error SA1616: Element return value documentation should have text (https://github.com/DotNetAnalyzers/StyleCopAnalyzers/blob/master/documentation/SA1616.md) [/home/adam/Dev/omega-spiral/chapter-zero/OmegaSpiral.csproj]
     1>/home/adam/Dev/omega-spiral/chapter-zero/Source/Scripts/field/gamepieces/Gamepiece.cs(292,9): error SA1616: Element return value documentation should have text (https://github.com/DotNetAnalyzers/StyleCopAnalyzers/blob/master/documentation/SA1616.md) [/home/adam/Dev/omega-spiral/chapter-zero/OmegaSpiral.csproj]
     1>/home/adam/Dev/omega-spiral/chapter-zero/Source/Scripts/field/gamepieces/Gamepiece.cs(312,49): error SA1611: The documentation for parameter 'newDirection' is missing (https://github.com/DotNetAnalyzers/StyleCopAnalyzers/blob/master/documentation/SA1611.md) [/home/adam/Dev/omega-spiral/chapter-zero/OmegaSpiral.csproj]
     1>/home/adam/Dev/omega-spiral/chapter-zero/Source/Scripts/field/gamepieces/Gamepiece.cs(320,38): error SA1611: The documentation for parameter 'position' is missing (https://github.com/DotNetAnalyzers/StyleCopAnalyzers/blob/master/documentation/SA1611.md) [/home/adam/Dev/omega-spiral/chapter-zero/OmegaSpiral.csproj]
     1>/home/adam/Dev/omega-spiral/chapter-zero/Source/Scripts/field/Map.cs(41,76): error CA1801: Parameter value of method SetGameboardPropertiesDeferred is never used. Remove the parameter or use it in the method body. (https://docs.microsoft.com/dotnet/fundamentals/code-analysis/quality-rules/ca1801) [/home/adam/Dev/omega-spiral/chapter-zero/OmegaSpiral.csproj]
     1>/home/adam/Dev/omega-spiral/chapter-zero/Source/Scripts/field/PixelCombatController.cs(97,26): error CA2000: Call System.IDisposable.Dispose on object created by 'new Button()' before all references to it are out of scope (https://docs.microsoft.com/dotnet/fundamentals/code-analysis/quality-rules/ca2000) [/home/adam/Dev/omega-spiral/chapter-zero/OmegaSpiral.csproj]
     1>/home/adam/Dev/omega-spiral/chapter-zero/Source/Scripts/field/TileDungeonData.cs(51,33): error CA1062: In externally visible method 'void TileDungeonData.YamlLegend.set', validate parameter 'value' is non-null before using it. If appropriate, throw an ArgumentNullException when the argument is null or add a Code Contract precondition asserting non-null argument. (https://docs.microsoft.com/dotnet/fundamentals/code-analysis/quality-rules/ca1062) [/home/adam/Dev/omega-spiral/chapter-zero/OmegaSpiral.csproj]
     1>/home/adam/Dev/omega-spiral/chapter-zero/Source/Scripts/field/ui/UIDialogue.cs(542,81): error CA1801: Parameter color of method ShowEffectLabel is never used. Remove the parameter or use it in the method body. (https://docs.microsoft.com/dotnet/fundamentals/code-analysis/quality-rules/ca1801) [/home/adam/Dev/omega-spiral/chapter-zero/OmegaSpiral.csproj]
     1>/home/adam/Dev/omega-spiral/chapter-zero/Source/Scripts/field/ui/UIDialogue.cs(542,51): error CA1801: Parameter text of method ShowEffectLabel is never used. Remove the parameter or use it in the method body. (https://docs.microsoft.com/dotnet/fundamentals/code-analysis/quality-rules/ca1801) [/home/adam/Dev/omega-spiral/chapter-zero/OmegaSpiral.csproj]
     1>/home/adam/Dev/omega-spiral/chapter-zero/Source/Scripts/field/ui/UIDialogue.cs(542,65): error CA1801: Parameter position of method ShowEffectLabel is never used. Remove the parameter or use it in the method body. (https://docs.microsoft.com/dotnet/fundamentals/code-analysis/quality-rules/ca1801) [/home/adam/Dev/omega-spiral/chapter-zero/OmegaSpiral.csproj]
     1>/home/adam/Dev/omega-spiral/chapter-zero/Source/Scripts/field/Interaction.cs(168,73): error CA1801: Parameter shapeIdx of method OnInputEvent is never used. Remove the parameter or use it in the method body. (https://docs.microsoft.com/dotnet/fundamentals/code-analysis/quality-rules/ca1801) [/home/adam/Dev/omega-spiral/chapter-zero/OmegaSpiral.csproj]
     1>/home/adam/Dev/omega-spiral/chapter-zero/Source/Scripts/field/Interaction.cs(168,40): error CA1801: Parameter viewport of method OnInputEvent is never used. Remove the parameter or use it in the method body. (https://docs.microsoft.com/dotnet/fundamentals/code-analysis/quality-rules/ca1801) [/home/adam/Dev/omega-spiral/chapter-zero/OmegaSpiral.csproj]
     1>/home/adam/Dev/omega-spiral/chapter-zero/Source/Scripts/field/ui/inventory/UIInventoryItem.cs(40,40): error CA1305: The behavior of 'int.ToString()' could vary based on the current user's locale settings. Replace this call in 'UIInventoryItem.Count.set' with a call to 'int.ToString(IFormatProvider)'. (https://docs.microsoft.com/dotnet/fundamentals/code-analysis/quality-rules/ca1305) [/home/adam/Dev/omega-spiral/chapter-zero/OmegaSpiral.csproj]
     1>/home/adam/Dev/omega-spiral/chapter-zero/Source/Scripts/field/ui/popups/UIPopup.cs(116,20): error SA1600: Elements should be documented (https://github.com/DotNetAnalyzers/StyleCopAnalyzers/blob/master/documentation/SA1600.md) [/home/adam/Dev/omega-spiral/chapter-zero/OmegaSpiral.csproj]
     1>/home/adam/Dev/omega-spiral/chapter-zero/Tests/StatePersistenceTests.cs(17,17): error SA1600: Elements should be documented (https://github.com/DotNetAnalyzers/StyleCopAnalyzers/blob/master/documentation/SA1600.md) [/home/adam/Dev/omega-spiral/chapter-zero/OmegaSpiral.csproj]
     1>/home/adam/Dev/omega-spiral/chapter-zero/Tests/StatePersistenceTests.cs(38,17): error SA1600: Elements should be documented (https://github.com/DotNetAnalyzers/StyleCopAnalyzers/blob/master/documentation/SA1600.md) [/home/adam/Dev/omega-spiral/chapter-zero/OmegaSpiral.csproj]
     1>/home/adam/Dev/omega-spiral/chapter-zero/Tests/StatePersistenceTests.cs(63,17): error SA1600: Elements should be documented (https://github.com/DotNetAnalyzers/StyleCopAnalyzers/blob/master/documentation/SA1600.md) [/home/adam/Dev/omega-spiral/chapter-zero/OmegaSpiral.csproj]
     1>/home/adam/Dev/omega-spiral/chapter-zero/Tests/StatePersistenceTests.cs(83,17): error SA1600: Elements should be documented (https://github.com/DotNetAnalyzers/StyleCopAnalyzers/blob/master/documentation/SA1600.md) [/home/adam/Dev/omega-spiral/chapter-zero/OmegaSpiral.csproj]
     1>/home/adam/Dev/omega-spiral/chapter-zero/Tests/SaveLoadTests.cs(17,17): error SA1600: Elements should be documented (https://github.com/DotNetAnalyzers/StyleCopAnalyzers/blob/master/documentation/SA1600.md) [/home/adam/Dev/omega-spiral/chapter-zero/OmegaSpiral.csproj]
     1>/home/adam/Dev/omega-spiral/chapter-zero/Tests/SaveLoadTests.cs(55,17): error SA1600: Elements should be documented (https://github.com/DotNetAnalyzers/StyleCopAnalyzers/blob/master/documentation/SA1600.md) [/home/adam/Dev/omega-spiral/chapter-zero/OmegaSpiral.csproj]
     1>/home/adam/Dev/omega-spiral/chapter-zero/Tests/SaveLoadTests.cs(65,17): error SA1600: Elements should be documented (https://github.com/DotNetAnalyzers/StyleCopAnalyzers/blob/master/documentation/SA1600.md) [/home/adam/Dev/omega-spiral/chapter-zero/OmegaSpiral.csproj]
     1>/home/adam/Dev/omega-spiral/chapter-zero/Source/Scripts/field/gamepieces/controllers/PathLoopAIController.cs(248,53): error CA1801: Parameter added of method OnPathfinderChanged is never used. Remove the parameter or use it in the method body. (https://docs.microsoft.com/dotnet/fundamentals/code-analysis/quality-rules/ca1801) [/home/adam/Dev/omega-spiral/chapter-zero/OmegaSpiral.csproj]
     1>/home/adam/Dev/omega-spiral/chapter-zero/Source/Scripts/field/gamepieces/controllers/PathLoopAIController.cs(248,75): error CA1801: Parameter removed of method OnPathfinderChanged is never used. Remove the parameter or use it in the method body. (https://docs.microsoft.com/dotnet/fundamentals/code-analysis/quality-rules/ca1801) [/home/adam/Dev/omega-spiral/chapter-zero/OmegaSpiral.csproj]
     1>/home/adam/Dev/omega-spiral/chapter-zero/Tests/StatePersistenceTests.cs(129,17): error SA1600: Elements should be documented (https://github.com/DotNetAnalyzers/StyleCopAnalyzers/blob/master/documentation/SA1600.md) [/home/adam/Dev/omega-spiral/chapter-zero/OmegaSpiral.csproj]
     1>/home/adam/Dev/omega-spiral/chapter-zero/Tests/StatePersistenceTests.cs(151,17): error CA1063: Modify 'StatePersistenceTests.Dispose' so that it calls Dispose(true), then calls GC.SuppressFinalize on the current object instance ('this' or 'Me' in Visual Basic), and then returns (https://docs.microsoft.com/dotnet/fundamentals/code-analysis/quality-rules/ca1063) [/home/adam/Dev/omega-spiral/chapter-zero/OmegaSpiral.csproj]
     1>/home/adam/Dev/omega-spiral/chapter-zero/Tests/StatePersistenceTests.cs(153,9): error CA1065: Dispose creates an exception of type NotImplementedException. Exceptions should not be raised in this type of method. If this exception instance might be raised, change this method's logic so it no longer raises an exception. (https://docs.microsoft.com/dotnet/fundamentals/code-analysis/quality-rules/ca1065) [/home/adam/Dev/omega-spiral/chapter-zero/OmegaSpiral.csproj]
     1>/home/adam/Dev/omega-spiral/chapter-zero/Tests/StatePersistenceTests.cs(151,17): error CA1816: Change StatePersistenceTests.Dispose() to call GC.SuppressFinalize(object). This will prevent derived types that introduce a finalizer from needing to re-implement 'IDisposable' to call it. (https://docs.microsoft.com/dotnet/fundamentals/code-analysis/quality-rules/ca1816) [/home/adam/Dev/omega-spiral/chapter-zero/OmegaSpiral.csproj]
     1>/home/adam/Dev/omega-spiral/chapter-zero/Tests/StatePersistenceTests.cs(103,17): error SA1600: Elements should be documented (https://github.com/DotNetAnalyzers/StyleCopAnalyzers/blob/master/documentation/SA1600.md) [/home/adam/Dev/omega-spiral/chapter-zero/OmegaSpiral.csproj]
     1>/home/adam/Dev/omega-spiral/chapter-zero/Source/Scripts/field/narrative/NarrativeTerminal.cs(145,32): error CA1308: In method 'TryLoadSceneData', replace the call to 'ToLowerInvariant' with 'ToUpperInvariant' (https://docs.microsoft.com/dotnet/fundamentals/code-analysis/quality-rules/ca1308) [/home/adam/Dev/omega-spiral/chapter-zero/OmegaSpiral.csproj]
     1>/home/adam/Dev/omega-spiral/chapter-zero/Source/Scripts/field/narrative/NarrativeTerminal.cs(169,17): error CA1031: Modify 'TryLoadSceneData' to catch a more specific allowed exception type, or rethrow the exception (https://docs.microsoft.com/dotnet/fundamentals/code-analysis/quality-rules/ca1031) [/home/adam/Dev/omega-spiral/chapter-zero/OmegaSpiral.csproj]
     1>/home/adam/Dev/omega-spiral/chapter-zero/Tests/SaveLoadTests.cs(112,17): error SA1600: Elements should be documented (https://github.com/DotNetAnalyzers/StyleCopAnalyzers/blob/master/documentation/SA1600.md) [/home/adam/Dev/omega-spiral/chapter-zero/OmegaSpiral.csproj]
     1>/home/adam/Dev/omega-spiral/chapter-zero/Tests/SaveLoadTests.cs(81,17): error SA1600: Elements should be documented (https://github.com/DotNetAnalyzers/StyleCopAnalyzers/blob/master/documentation/SA1600.md) [/home/adam/Dev/omega-spiral/chapter-zero/OmegaSpiral.csproj]
     1>/home/adam/Dev/omega-spiral/chapter-zero/Tests/SaveLoadTests.cs(128,17): error SA1600: Elements should be documented (https://github.com/DotNetAnalyzers/StyleCopAnalyzers/blob/master/documentation/SA1600.md) [/home/adam/Dev/omega-spiral/chapter-zero/OmegaSpiral.csproj]
     1>/home/adam/Dev/omega-spiral/chapter-zero/Tests/SaveLoadTests.cs(156,17): error SA1600: Elements should be documented (https://github.com/DotNetAnalyzers/StyleCopAnalyzers/blob/master/documentation/SA1600.md) [/home/adam/Dev/omega-spiral/chapter-zero/OmegaSpiral.csproj]
     1>/home/adam/Dev/omega-spiral/chapter-zero/Tests/SaveLoadTests.cs(176,17): error SA1600: Elements should be documented (https://github.com/DotNetAnalyzers/StyleCopAnalyzers/blob/master/documentation/SA1600.md) [/home/adam/Dev/omega-spiral/chapter-zero/OmegaSpiral.csproj]
     1>/home/adam/Dev/omega-spiral/chapter-zero/Tests/SaveLoadTests.cs(196,17): error SA1600: Elements should be documented (https://github.com/DotNetAnalyzers/StyleCopAnalyzers/blob/master/documentation/SA1600.md) [/home/adam/Dev/omega-spiral/chapter-zero/OmegaSpiral.csproj]
     1>/home/adam/Dev/omega-spiral/chapter-zero/Tests/SaveLoadTests.cs(227,17): error SA1600: Elements should be documented (https://github.com/DotNetAnalyzers/StyleCopAnalyzers/blob/master/documentation/SA1600.md) [/home/adam/Dev/omega-spiral/chapter-zero/OmegaSpiral.csproj]
     1>/home/adam/Dev/omega-spiral/chapter-zero/Tests/SaveLoadTests.cs(248,17): error CA1063: Modify 'SaveLoadTests.Dispose' so that it calls Dispose(true), then calls GC.SuppressFinalize on the current object instance ('this' or 'Me' in Visual Basic), and then returns (https://docs.microsoft.com/dotnet/fundamentals/code-analysis/quality-rules/ca1063) [/home/adam/Dev/omega-spiral/chapter-zero/OmegaSpiral.csproj]
     1>/home/adam/Dev/omega-spiral/chapter-zero/Tests/SaveLoadTests.cs(250,9): error CA1065: Dispose creates an exception of type NotImplementedException. Exceptions should not be raised in this type of method. If this exception instance might be raised, change this method's logic so it no longer raises an exception. (https://docs.microsoft.com/dotnet/fundamentals/code-analysis/quality-rules/ca1065) [/home/adam/Dev/omega-spiral/chapter-zero/OmegaSpiral.csproj]
     1>/home/adam/Dev/omega-spiral/chapter-zero/Tests/SaveLoadTests.cs(248,17): error CA1816: Change SaveLoadTests.Dispose() to call GC.SuppressFinalize(object). This will prevent derived types that introduce a finalizer from needing to re-implement 'IDisposable' to call it. (https://docs.microsoft.com/dotnet/fundamentals/code-analysis/quality-rules/ca1816) [/home/adam/Dev/omega-spiral/chapter-zero/OmegaSpiral.csproj]
     1>/home/adam/Dev/omega-spiral/chapter-zero/Source/Scripts/combat/ui/UICombatLog.cs(139,27): error CA1062: In externally visible method 'void UICombatLog.AddDamageEntry(Battler battler, int damageAmount)', validate parameter 'battler' is non-null before using it. If appropriate, throw an ArgumentNullException when the argument is null or add a Code Contract precondition asserting non-null argument. (https://docs.microsoft.com/dotnet/fundamentals/code-analysis/quality-rules/ca1062) [/home/adam/Dev/omega-spiral/chapter-zero/OmegaSpiral.csproj]
     1>/home/adam/Dev/omega-spiral/chapter-zero/Source/Scripts/combat/ui/UICombatLog.cs(150,27): error CA1062: In externally visible method 'void UICombatLog.AddHealEntry(Battler battler, int healAmount)', validate parameter 'battler' is non-null before using it. If appropriate, throw an ArgumentNullException when the argument is null or add a Code Contract precondition asserting non-null argument. (https://docs.microsoft.com/dotnet/fundamentals/code-analysis/quality-rules/ca1062) [/home/adam/Dev/omega-spiral/chapter-zero/OmegaSpiral.csproj]
     1>/home/adam/Dev/omega-spiral/chapter-zero/Source/Scripts/combat/ui/UICombatLog.cs(160,27): error CA1062: In externally visible method 'void UICombatLog.AddMissEntry(Battler battler)', validate parameter 'battler' is non-null before using it. If appropriate, throw an ArgumentNullException when the argument is null or add a Code Contract precondition asserting non-null argument. (https://docs.microsoft.com/dotnet/fundamentals/code-analysis/quality-rules/ca1062) [/home/adam/Dev/omega-spiral/chapter-zero/OmegaSpiral.csproj]
     1>/home/adam/Dev/omega-spiral/chapter-zero/Source/Scripts/field/narrative/NarrativeTerminal.cs(570,25): error CA2000: Call System.IDisposable.Dispose on object created by 'new Godot.Timer { WaitTime = 2.5f, OneShot = true }' before all references to it are out of scope (https://docs.microsoft.com/dotnet/fundamentals/code-analysis/quality-rules/ca2000) [/home/adam/Dev/omega-spiral/chapter-zero/OmegaSpiral.csproj]
     1>/home/adam/Dev/omega-spiral/chapter-zero/Source/Scripts/common/DialogicIntegration.cs(43,22): error SA1651: Do not use placeholder elements (https://github.com/DotNetAnalyzers/StyleCopAnalyzers/blob/master/documentation/SA1651.md) [/home/adam/Dev/omega-spiral/chapter-zero/OmegaSpiral.csproj]
     1>/home/adam/Dev/omega-spiral/chapter-zero/Source/Scripts/common/DialogicIntegration.cs(60,22): error SA1651: Do not use placeholder elements (https://github.com/DotNetAnalyzers/StyleCopAnalyzers/blob/master/documentation/SA1651.md) [/home/adam/Dev/omega-spiral/chapter-zero/OmegaSpiral.csproj]
     1>/home/adam/Dev/omega-spiral/chapter-zero/Source/Scripts/common/DialogicIntegration.cs(69,19): error SA1101: Prefix local calls with this (https://github.com/DotNetAnalyzers/StyleCopAnalyzers/blob/master/documentation/SA1101.md) [/home/adam/Dev/omega-spiral/chapter-zero/OmegaSpiral.csproj]
     1>/home/adam/Dev/omega-spiral/chapter-zero/Source/Scripts/combat/ui/UICombatLog.cs(184,27): error CA1062: In externally visible method 'void UICombatLog.AddStatusEffectEntry(Battler battler, string statusEffect)', validate parameter 'battler' is non-null before using it. If appropriate, throw an ArgumentNullException when the argument is null or add a Code Contract precondition asserting non-null argument. (https://docs.microsoft.com/dotnet/fundamentals/code-analysis/quality-rules/ca1062) [/home/adam/Dev/omega-spiral/chapter-zero/OmegaSpiral.csproj]
     1>/home/adam/Dev/omega-spiral/chapter-zero/Source/Scripts/combat/ui/UICombatLog.cs(194,27): error CA1062: In externally visible method 'void UICombatLog.AddBattlerDefeatedEntry(Battler battler)', validate parameter 'battler' is non-null before using it. If appropriate, throw an ArgumentNullException when the argument is null or add a Code Contract precondition asserting non-null argument. (https://docs.microsoft.com/dotnet/fundamentals/code-analysis/quality-rules/ca1062) [/home/adam/Dev/omega-spiral/chapter-zero/OmegaSpiral.csproj]
     1>/home/adam/Dev/omega-spiral/chapter-zero/Source/Scripts/combat/ui/UICombatLog.cs(205,27): error CA1062: In externally visible method 'void UICombatLog.AddCriticalHitEntry(Battler battler, int damageAmount)', validate parameter 'battler' is non-null before using it. If appropriate, throw an ArgumentNullException when the argument is null or add a Code Contract precondition asserting non-null argument. (https://docs.microsoft.com/dotnet/fundamentals/code-analysis/quality-rules/ca1062) [/home/adam/Dev/omega-spiral/chapter-zero/OmegaSpiral.csproj]
     1>/home/adam/Dev/omega-spiral/chapter-zero/Source/Scripts/common/DialogicIntegration.cs(64,33): error CA1062: In externally visible method 'Task DialogicIntegration.StartTimelineWithVariablesAsync(string timelinePath, Dictionary variables)', validate parameter 'variables' is non-null before using it. If appropriate, throw an ArgumentNullException when the argument is null or add a Code Contract precondition asserting non-null argument. (https://docs.microsoft.com/dotnet/fundamentals/code-analysis/quality-rules/ca1062) [/home/adam/Dev/omega-spiral/chapter-zero/OmegaSpiral.csproj]
     1>/home/adam/Dev/omega-spiral/chapter-zero/Source/Scripts/combat/ui/UICombatLog.cs(237,27): error CA1062: In externally visible method 'void UICombatLog.AddTurnStartEntry(Battler battler)', validate parameter 'battler' is non-null before using it. If appropriate, throw an ArgumentNullException when the argument is null or add a Code Contract precondition asserting non-null argument. (https://docs.microsoft.com/dotnet/fundamentals/code-analysis/quality-rules/ca1062) [/home/adam/Dev/omega-spiral/chapter-zero/OmegaSpiral.csproj]
     1>/home/adam/Dev/omega-spiral/chapter-zero/Source/Scripts/combat/ui/UICombatLog.cs(216,27): error CA1062: In externally visible method 'void UICombatLog.AddBuffEntry(Battler battler, string buffName)', validate parameter 'battler' is non-null before using it. If appropriate, throw an ArgumentNullException when the argument is null or add a Code Contract precondition asserting non-null argument. (https://docs.microsoft.com/dotnet/fundamentals/code-analysis/quality-rules/ca1062) [/home/adam/Dev/omega-spiral/chapter-zero/OmegaSpiral.csproj]
     1>/home/adam/Dev/omega-spiral/chapter-zero/Source/Scripts/combat/ui/UICombatLog.cs(227,27): error CA1062: In externally visible method 'void UICombatLog.AddDebuffEntry(Battler battler, string debuffName)', validate parameter 'battler' is non-null before using it. If appropriate, throw an ArgumentNullException when the argument is null or add a Code Contract precondition asserting non-null argument. (https://docs.microsoft.com/dotnet/fundamentals/code-analysis/quality-rules/ca1062) [/home/adam/Dev/omega-spiral/chapter-zero/OmegaSpiral.csproj]
     1>/home/adam/Dev/omega-spiral/chapter-zero/Source/Scripts/combat/ui/UICombatLog.cs(247,27): error CA1062: In externally visible method 'void UICombatLog.AddTurnEndEntry(Battler battler)', validate parameter 'battler' is non-null before using it. If appropriate, throw an ArgumentNullException when the argument is null or add a Code Contract precondition asserting non-null argument. (https://docs.microsoft.com/dotnet/fundamentals/code-analysis/quality-rules/ca1062) [/home/adam/Dev/omega-spiral/chapter-zero/OmegaSpiral.csproj]
     1>/home/adam/Dev/omega-spiral/chapter-zero/Source/Scripts/common/DialogicIntegration.cs(154,67): error SA1611: The documentation for parameter 'choices' is missing (https://github.com/DotNetAnalyzers/StyleCopAnalyzers/blob/master/documentation/SA1611.md) [/home/adam/Dev/omega-spiral/chapter-zero/OmegaSpiral.csproj]
     1>/home/adam/Dev/omega-spiral/chapter-zero/Source/Scripts/common/DialogicIntegration.cs(154,83): error SA1611: The documentation for parameter 'timelinePath' is missing (https://github.com/DotNetAnalyzers/StyleCopAnalyzers/blob/master/documentation/SA1611.md) [/home/adam/Dev/omega-spiral/chapter-zero/OmegaSpiral.csproj]
     1>/home/adam/Dev/omega-spiral/chapter-zero/Source/Scripts/common/DialogicIntegration.cs(153,22): error SA1651: Do not use placeholder elements (https://github.com/DotNetAnalyzers/StyleCopAnalyzers/blob/master/documentation/SA1651.md) [/home/adam/Dev/omega-spiral/chapter-zero/OmegaSpiral.csproj]
     1>/home/adam/Dev/omega-spiral/chapter-zero/Source/Scripts/common/DialogicIntegration.cs(163,19): error SA1101: Prefix local calls with this (https://github.com/DotNetAnalyzers/StyleCopAnalyzers/blob/master/documentation/SA1101.md) [/home/adam/Dev/omega-spiral/chapter-zero/OmegaSpiral.csproj]
     1>/home/adam/Dev/omega-spiral/chapter-zero/Source/Scripts/combat/ui/UICombatLog.cs(365,22): error CA1062: In externally visible method 'void UICombatLog.AddFleeAttemptEntry(Battler battler, bool success)', validate parameter 'battler' is non-null before using it. If appropriate, throw an ArgumentNullException when the argument is null or add a Code Contract precondition asserting non-null argument. (https://docs.microsoft.com/dotnet/fundamentals/code-analysis/quality-rules/ca1062) [/home/adam/Dev/omega-spiral/chapter-zero/OmegaSpiral.csproj]
     1>/home/adam/Dev/omega-spiral/chapter-zero/Source/Scripts/combat/ui/UICombatLog.cs(340,27): error CA1062: In externally visible method 'void UICombatLog.AddSpecialAbilityEntry(Battler battler, string abilityName, List<Battler> targets)', validate parameter 'battler' is non-null before using it. If appropriate, throw an ArgumentNullException when the argument is null or add a Code Contract precondition asserting non-null argument. (https://docs.microsoft.com/dotnet/fundamentals/code-analysis/quality-rules/ca1062) [/home/adam/Dev/omega-spiral/chapter-zero/OmegaSpiral.csproj]
     1>/home/adam/Dev/omega-spiral/chapter-zero/Source/Scripts/combat/ui/UICombatLog.cs(339,49): error CA1062: In externally visible method 'void UICombatLog.AddSpecialAbilityEntry(Battler battler, string abilityName, List<Battler> targets)', validate parameter 'targets' is non-null before using it. If appropriate, throw an ArgumentNullException when the argument is null or add a Code Contract precondition asserting non-null argument. (https://docs.microsoft.com/dotnet/fundamentals/code-analysis/quality-rules/ca1062) [/home/adam/Dev/omega-spiral/chapter-zero/OmegaSpiral.csproj]
     1>/home/adam/Dev/omega-spiral/chapter-zero/Source/Scripts/combat/ui/UICombatLog.cs(353,27): error CA1062: In externally visible method 'void UICombatLog.AddItemUsageEntry(Battler battler, string itemName, List<Battler> targets)', validate parameter 'battler' is non-null before using it. If appropriate, throw an ArgumentNullException when the argument is null or add a Code Contract precondition asserting non-null argument. (https://docs.microsoft.com/dotnet/fundamentals/code-analysis/quality-rules/ca1062) [/home/adam/Dev/omega-spiral/chapter-zero/OmegaSpiral.csproj]
     1>/home/adam/Dev/omega-spiral/chapter-zero/Source/Scripts/combat/ui/UICombatLog.cs(352,49): error CA1062: In externally visible method 'void UICombatLog.AddItemUsageEntry(Battler battler, string itemName, List<Battler> targets)', validate parameter 'targets' is non-null before using it. If appropriate, throw an ArgumentNullException when the argument is null or add a Code Contract precondition asserting non-null argument. (https://docs.microsoft.com/dotnet/fundamentals/code-analysis/quality-rules/ca1062) [/home/adam/Dev/omega-spiral/chapter-zero/OmegaSpiral.csproj]
     1>/home/adam/Dev/omega-spiral/chapter-zero/Source/Scripts/common/DialogicIntegration.cs(158,33): error CA1062: In externally visible method 'Task DialogicIntegration.PresentChoiceWithDialogicAsync(string[] choices, string timelinePath)', validate parameter 'choices' is non-null before using it. If appropriate, throw an ArgumentNullException when the argument is null or add a Code Contract precondition asserting non-null argument. (https://docs.microsoft.com/dotnet/fundamentals/code-analysis/quality-rules/ca1062) [/home/adam/Dev/omega-spiral/chapter-zero/OmegaSpiral.csproj]
     1>/home/adam/Dev/omega-spiral/chapter-zero/Source/Scripts/common/DialogicIntegration.cs(157,30): error CA2000: Call System.IDisposable.Dispose on object created by 'new Godot.Collections.Dictionary()' before all references to it are out of scope (https://docs.microsoft.com/dotnet/fundamentals/code-analysis/quality-rules/ca2000) [/home/adam/Dev/omega-spiral/chapter-zero/OmegaSpiral.csproj]
     1>/home/adam/Dev/omega-spiral/chapter-zero/Source/Scripts/field/narrative/DreamweaverSystem.cs(200,40): error SA1611: The documentation for parameter 'personaId' is missing (https://github.com/DotNetAnalyzers/StyleCopAnalyzers/blob/master/documentation/SA1611.md) [/home/adam/Dev/omega-spiral/chapter-zero/OmegaSpiral.csproj]
     1>/home/adam/Dev/omega-spiral/chapter-zero/Source/Scripts/common/PartyData.cs(51,31): error CA1062: In externally visible method 'bool PartyData.AddMember(Character character)', validate parameter 'character' is non-null before using it. If appropriate, throw an ArgumentNullException when the argument is null or add a Code Contract precondition asserting non-null argument. (https://docs.microsoft.com/dotnet/fundamentals/code-analysis/quality-rules/ca1062) [/home/adam/Dev/omega-spiral/chapter-zero/OmegaSpiral.csproj]
     1>/home/adam/Dev/omega-spiral/chapter-zero/Source/Scripts/field/narrative/DreamweaverSystem.cs(252,65): error CA1801: Parameter personaId of method GetFallbackChoices is never used. Remove the parameter or use it in the method body. (https://docs.microsoft.com/dotnet/fundamentals/code-analysis/quality-rules/ca1801) [/home/adam/Dev/omega-spiral/chapter-zero/OmegaSpiral.csproj]
     1>/home/adam/Dev/omega-spiral/chapter-zero/Source/Scripts/common/PartyData.cs(241,17): error CA1062: In externally visible method 'PartyData PartyData.FromDictionary(Dictionary<string, Variant> dict)', validate parameter 'dict' is non-null before using it. If appropriate, throw an ArgumentNullException when the argument is null or add a Code Contract precondition asserting non-null argument. (https://docs.microsoft.com/dotnet/fundamentals/code-analysis/quality-rules/ca1062) [/home/adam/Dev/omega-spiral/chapter-zero/OmegaSpiral.csproj]
     1>/home/adam/Dev/omega-spiral/chapter-zero/Source/Scripts/field/narrative/DreamweaverPersona.cs(394,52): error CA1801: Parameter context of method GenerateFromJsonFallback is never used. Remove the parameter or use it in the method body. (https://docs.microsoft.com/dotnet/fundamentals/code-analysis/quality-rules/ca1801) [/home/adam/Dev/omega-spiral/chapter-zero/OmegaSpiral.csproj]
     1>/home/adam/Dev/omega-spiral/chapter-zero/Source/Scripts/field/Field.cs(11,22): error CA1724: The type name Field conflicts in whole or in part with the namespace name 'OmegaSpiral.Scripts.Field'. Change either name to eliminate the conflict. (https://docs.microsoft.com/dotnet/fundamentals/code-analysis/quality-rules/ca1724) [/home/adam/Dev/omega-spiral/chapter-zero/OmegaSpiral.csproj]
         CompilerServer: server - server processed compilation - OmegaSpiral (net10.0)
     1>Done Building Project "/home/adam/Dev/omega-spiral/chapter-zero/OmegaSpiral.csproj" (default targets) -- FAILED.

Build FAILED.

       "/home/adam/Dev/omega-spiral/chapter-zero/OmegaSpiral.csproj" (default target) (1:7) ->
       (CoreCompile target) ->
         /home/adam/Dev/omega-spiral/chapter-zero/Source/overworld/maps/town/FanInteraction.cs(59,62): error CS1061: 'Variant?' does not contain a definition for 'AsInt32' and no accessible extension method 'AsInt32' accepting a first argument of type 'Variant?' could be found (are you missing a using directive or an assembly reference?) [/home/adam/Dev/omega-spiral/chapter-zero/OmegaSpiral.csproj]
         /home/adam/Dev/omega-spiral/chapter-zero/Source/Scripts/combat/battlers/Battler.cs(132,41): error CS8625: Cannot convert null literal to non-nullable reference type. [/home/adam/Dev/omega-spiral/chapter-zero/OmegaSpiral.csproj]
         /home/adam/Dev/omega-spiral/chapter-zero/Source/Scripts/combat/actors/ActiveTurnQueue.cs(175,40): error CS1503: Argument 2: cannot convert from 'System.Collections.Generic.List<Battler>' to 'Battler[]' [/home/adam/Dev/omega-spiral/chapter-zero/OmegaSpiral.csproj]
         /home/adam/Dev/omega-spiral/chapter-zero/Source/Scripts/combat/battlers/Battler.cs(168,40): error CS8625: Cannot convert null literal to non-nullable reference type. [/home/adam/Dev/omega-spiral/chapter-zero/OmegaSpiral.csproj]
         /home/adam/Dev/omega-spiral/chapter-zero/Source/Scripts/combat/battlers/BattlerAnim.cs(124,13): error CS8602: Dereference of a possibly null reference. [/home/adam/Dev/omega-spiral/chapter-zero/OmegaSpiral.csproj]
         /home/adam/Dev/omega-spiral/chapter-zero/Source/Scripts/combat/battlers/BattlerAnim.cs(131,17): error CS8602: Dereference of a possibly null reference. [/home/adam/Dev/omega-spiral/chapter-zero/OmegaSpiral.csproj]
         /home/adam/Dev/omega-spiral/chapter-zero/Source/Scripts/combat/battlers/BattlerStats.cs(334,26): error CS0173: Type of conditional expression cannot be determined because there is no implicit conversion between 'System.Collections.Generic.Dictionary<string, System.Collections.Generic.Dictionary<int, int>>' and 'System.Collections.Generic.Dictionary<string, System.Collections.Generic.Dictionary<int, float>>' [/home/adam/Dev/omega-spiral/chapter-zero/OmegaSpiral.csproj]
         /home/adam/Dev/omega-spiral/chapter-zero/Source/Scripts/combat/Combat.cs(63,26): error CS1061: 'CombatArena' does not contain a definition for 'TurnQueue' and no accessible extension method 'TurnQueue' accepting a first argument of type 'CombatArena' could be found (are you missing a using directive or an assembly reference?) [/home/adam/Dev/omega-spiral/chapter-zero/OmegaSpiral.csproj]
         /home/adam/Dev/omega-spiral/chapter-zero/Source/Scripts/combat/Combat.cs(75,32): error CS8625: Cannot convert null literal to non-nullable reference type. [/home/adam/Dev/omega-spiral/chapter-zero/OmegaSpiral.csproj]
         /home/adam/Dev/omega-spiral/chapter-zero/Source/Scripts/combat/Combat.cs(79,39): error CS8625: Cannot convert null literal to non-nullable reference type. [/home/adam/Dev/omega-spiral/chapter-zero/OmegaSpiral.csproj]
         /home/adam/Dev/omega-spiral/chapter-zero/Tests/Scene1LoadTests.cs(29,20): error CS0117: 'Assert' does not contain a definition for 'IsTrue' [/home/adam/Dev/omega-spiral/chapter-zero/OmegaSpiral.csproj]
         /home/adam/Dev/omega-spiral/chapter-zero/Tests/Scene1LoadTests.cs(42,20): error CS0117: 'Assert' does not contain a definition for 'IsTrue' [/home/adam/Dev/omega-spiral/chapter-zero/OmegaSpiral.csproj]
         /home/adam/Dev/omega-spiral/chapter-zero/Tests/Scene1LoadTests.cs(55,20): error CS0117: 'Assert' does not contain a definition for 'IsTrue' [/home/adam/Dev/omega-spiral/chapter-zero/OmegaSpiral.csproj]
         /home/adam/Dev/omega-spiral/chapter-zero/Tests/Scene1LoadTests.cs(68,20): error CS0117: 'Assert' does not contain a definition for 'IsTrue' [/home/adam/Dev/omega-spiral/chapter-zero/OmegaSpiral.csproj]
         /home/adam/Dev/omega-spiral/chapter-zero/Source/Scripts/combat/Combat.cs(123,57): error CS1061: 'CombatArena' does not contain a definition for 'TurnQueue' and no accessible extension method 'TurnQueue' accepting a first argument of type 'CombatArena' could be found (are you missing a using directive or an assembly reference?) [/home/adam/Dev/omega-spiral/chapter-zero/OmegaSpiral.csproj]
         /home/adam/Dev/omega-spiral/chapter-zero/Source/Scripts/combat/Combat.cs(135,41): error CS0246: The type or namespace name 'DialogicTimeline' could not be found (are you missing a using directive or an assembly reference?) [/home/adam/Dev/omega-spiral/chapter-zero/OmegaSpiral.csproj]
         /home/adam/Dev/omega-spiral/chapter-zero/Tests/Scene1LoadTests.cs(92,20): error CS0117: 'Assert' does not contain a definition for 'IsNull' [/home/adam/Dev/omega-spiral/chapter-zero/OmegaSpiral.csproj]
         /home/adam/Dev/omega-spiral/chapter-zero/Tests/Scene1LoadTests.cs(93,20): error CS0117: 'Assert' does not contain a definition for 'IsNotNull' [/home/adam/Dev/omega-spiral/chapter-zero/OmegaSpiral.csproj]
         /home/adam/Dev/omega-spiral/chapter-zero/Tests/Scene1LoadTests.cs(98,24): error CS0117: 'Assert' does not contain a definition for 'IsTrue' [/home/adam/Dev/omega-spiral/chapter-zero/OmegaSpiral.csproj]
         /home/adam/Dev/omega-spiral/chapter-zero/Tests/Scene1LoadTests.cs(99,24): error CS0117: 'Assert' does not contain a definition for 'AreEqual' [/home/adam/Dev/omega-spiral/chapter-zero/OmegaSpiral.csproj]
         /home/adam/Dev/omega-spiral/chapter-zero/Tests/Scene1LoadTests.cs(101,24): error CS0117: 'Assert' does not contain a definition for 'IsTrue' [/home/adam/Dev/omega-spiral/chapter-zero/OmegaSpiral.csproj]
         /home/adam/Dev/omega-spiral/chapter-zero/Tests/Scene1LoadTests.cs(102,24): error CS0117: 'Assert' does not contain a definition for 'IsTrue' [/home/adam/Dev/omega-spiral/chapter-zero/OmegaSpiral.csproj]
         /home/adam/Dev/omega-spiral/chapter-zero/Tests/Scene1LoadTests.cs(119,20): error CS0117: 'Assert' does not contain a definition for 'IsNotNull' [/home/adam/Dev/omega-spiral/chapter-zero/OmegaSpiral.csproj]
         /home/adam/Dev/omega-spiral/chapter-zero/Tests/Scene1LoadTests.cs(120,20): error CS0117: 'Assert' does not contain a definition for 'IsNotNull' [/home/adam/Dev/omega-spiral/chapter-zero/OmegaSpiral.csproj]
         /home/adam/Dev/omega-spiral/chapter-zero/Tests/Scene1LoadTests.cs(129,20): error CS0117: 'Assert' does not contain a definition for 'IsNotNull' [/home/adam/Dev/omega-spiral/chapter-zero/OmegaSpiral.csproj]
         /home/adam/Dev/omega-spiral/chapter-zero/Tests/Scene1LoadTests.cs(148,20): error CS0117: 'Assert' does not contain a definition for 'IsNull' [/home/adam/Dev/omega-spiral/chapter-zero/OmegaSpiral.csproj]
         /home/adam/Dev/omega-spiral/chapter-zero/Tests/Scene1LoadTests.cs(149,20): error CS0117: 'Assert' does not contain a definition for 'IsNotNull' [/home/adam/Dev/omega-spiral/chapter-zero/OmegaSpiral.csproj]
         /home/adam/Dev/omega-spiral/chapter-zero/Tests/Scene1LoadTests.cs(153,24): error CS0117: 'Assert' does not contain a definition for 'AreEqual' [/home/adam/Dev/omega-spiral/chapter-zero/OmegaSpiral.csproj]
         /home/adam/Dev/omega-spiral/chapter-zero/Tests/Scene1LoadTests.cs(170,20): error CS0117: 'Assert' does not contain a definition for 'IsTrue' [/home/adam/Dev/omega-spiral/chapter-zero/OmegaSpiral.csproj]
         /home/adam/Dev/omega-spiral/chapter-zero/Source/Scripts/combat/ui/action_menu/UIActionButton.cs(40,38): error CS0019: Operator '<' cannot be applied to operands of type 'method group' and 'string' [/home/adam/Dev/omega-spiral/chapter-zero/OmegaSpiral.csproj]
         /home/adam/Dev/omega-spiral/chapter-zero/Source/Scripts/combat/ui/action_menu/UIActionButton.cs(40,86): error CS1061: 'string' does not contain a definition for 'Size' and no accessible extension method 'Size' accepting a first argument of type 'string' could be found (are you missing a using directive or an assembly reference?) [/home/adam/Dev/omega-spiral/chapter-zero/OmegaSpiral.csproj]
         /home/adam/Dev/omega-spiral/chapter-zero/Source/Scripts/combat/ui/action_menu/UIActionButton.cs(55,38): error CS0019: Operator '<' cannot be applied to operands of type 'method group' and 'string' [/home/adam/Dev/omega-spiral/chapter-zero/OmegaSpiral.csproj]
         /home/adam/Dev/omega-spiral/chapter-zero/Source/Scripts/combat/ui/action_menu/UIActionButton.cs(55,86): error CS1061: 'string' does not contain a definition for 'Size' and no accessible extension method 'Size' accepting a first argument of type 'string' could be found (are you missing a using directive or an assembly reference?) [/home/adam/Dev/omega-spiral/chapter-zero/OmegaSpiral.csproj]
         /home/adam/Dev/omega-spiral/chapter-zero/Tests/Scene1LoadTests.cs(193,32): error CS0117: 'Assert' does not contain a definition for 'IsTrue' [/home/adam/Dev/omega-spiral/chapter-zero/OmegaSpiral.csproj]
         /home/adam/Dev/omega-spiral/chapter-zero/Tests/Scene1LoadTests.cs(194,32): error CS0117: 'Assert' does not contain a definition for 'AreEqual' [/home/adam/Dev/omega-spiral/chapter-zero/OmegaSpiral.csproj]
         /home/adam/Dev/omega-spiral/chapter-zero/Tests/Scene1LoadTests.cs(196,32): error CS0117: 'Assert' does not contain a definition for 'IsTrue' [/home/adam/Dev/omega-spiral/chapter-zero/OmegaSpiral.csproj]
         /home/adam/Dev/omega-spiral/chapter-zero/Tests/Scene1LoadTests.cs(197,32): error CS0117: 'Assert' does not contain a definition for 'AreEqual' [/home/adam/Dev/omega-spiral/chapter-zero/OmegaSpiral.csproj]
         /home/adam/Dev/omega-spiral/chapter-zero/Tests/Scene1LoadTests.cs(205,20): error CS0117: 'Assert' does not contain a definition for 'IsTrue' [/home/adam/Dev/omega-spiral/chapter-zero/OmegaSpiral.csproj]
         /home/adam/Dev/omega-spiral/chapter-zero/Tests/Scene1LoadTests.cs(224,24): error CS0117: 'Assert' does not contain a definition for 'IsTrue' [/home/adam/Dev/omega-spiral/chapter-zero/OmegaSpiral.csproj]
         /home/adam/Dev/omega-spiral/chapter-zero/Tests/Scene1LoadTests.cs(227,24): error CS0117: 'Assert' does not contain a definition for 'AreEqual' [/home/adam/Dev/omega-spiral/chapter-zero/OmegaSpiral.csproj]
         /home/adam/Dev/omega-spiral/chapter-zero/Tests/Scene1LoadTests.cs(230,24): error CS0117: 'Assert' does not contain a definition for 'IsTrue' [/home/adam/Dev/omega-spiral/chapter-zero/OmegaSpiral.csproj]
         /home/adam/Dev/omega-spiral/chapter-zero/Tests/Scene1LoadTests.cs(233,24): error CS0117: 'Assert' does not contain a definition for 'IsTrue' [/home/adam/Dev/omega-spiral/chapter-zero/OmegaSpiral.csproj]
         /home/adam/Dev/omega-spiral/chapter-zero/Tests/Scene1LoadTests.cs(237,24): error CS0117: 'Assert' does not contain a definition for 'IsTrue' [/home/adam/Dev/omega-spiral/chapter-zero/OmegaSpiral.csproj]
         /home/adam/Dev/omega-spiral/chapter-zero/Tests/Scene1LoadTests.cs(240,24): error CS0117: 'Assert' does not contain a definition for 'IsTrue' [/home/adam/Dev/omega-spiral/chapter-zero/OmegaSpiral.csproj]
         /home/adam/Dev/omega-spiral/chapter-zero/Tests/Scene1LoadTests.cs(243,24): error CS0117: 'Assert' does not contain a definition for 'IsTrue' [/home/adam/Dev/omega-spiral/chapter-zero/OmegaSpiral.csproj]
         /home/adam/Dev/omega-spiral/chapter-zero/Tests/Scene1LoadTests.cs(246,24): error CS0117: 'Assert' does not contain a definition for 'IsTrue' [/home/adam/Dev/omega-spiral/chapter-zero/OmegaSpiral.csproj]
         /home/adam/Dev/omega-spiral/chapter-zero/Source/Scripts/combat/CombatArena.cs(18,24): error CS8618: Non-nullable property 'Music' must contain a non-null value when exiting constructor. Consider adding the 'required' modifier or declaring the property as nullable. [/home/adam/Dev/omega-spiral/chapter-zero/OmegaSpiral.csproj]
         /home/adam/Dev/omega-spiral/chapter-zero/Source/Scripts/combat/CombatArena.cs(21,29): error CS8618: Non-nullable field 'turnQueue' must contain a non-null value when exiting constructor. Consider adding the 'required' modifier or declaring the field as nullable. [/home/adam/Dev/omega-spiral/chapter-zero/OmegaSpiral.csproj]
         /home/adam/Dev/omega-spiral/chapter-zero/Source/Scripts/combat/CombatArena.cs(24,29): error CS8618: Non-nullable field 'uiAnimation' must contain a non-null value when exiting constructor. Consider adding the 'required' modifier or declaring the field as nullable. [/home/adam/Dev/omega-spiral/chapter-zero/OmegaSpiral.csproj]
         /home/adam/Dev/omega-spiral/chapter-zero/Source/Scripts/combat/CombatArena.cs(25,23): error CS8618: Non-nullable field 'uiTurnBar' must contain a non-null value when exiting constructor. Consider adding the 'required' modifier or declaring the field as nullable. [/home/adam/Dev/omega-spiral/chapter-zero/OmegaSpiral.csproj]
         /home/adam/Dev/omega-spiral/chapter-zero/Source/Scripts/combat/CombatArena.cs(26,34): error CS8618: Non-nullable field 'uiEffectLabelBuilder' must contain a non-null value when exiting constructor. Consider adding the 'required' modifier or declaring the field as nullable. [/home/adam/Dev/omega-spiral/chapter-zero/OmegaSpiral.csproj]
         /home/adam/Dev/omega-spiral/chapter-zero/Source/Scripts/combat/CombatArena.cs(27,27): error CS8618: Non-nullable field 'uiPlayerMenus' must contain a non-null value when exiting constructor. Consider adding the 'required' modifier or declaring the field as nullable. [/home/adam/Dev/omega-spiral/chapter-zero/OmegaSpiral.csproj]
         /home/adam/Dev/omega-spiral/chapter-zero/Source/Scripts/combat/ui/battler_entry/UIBattlerEntry.cs(50,45): error CS8625: Cannot convert null literal to non-nullable reference type. [/home/adam/Dev/omega-spiral/chapter-zero/OmegaSpiral.csproj]
         /home/adam/Dev/omega-spiral/chapter-zero/Source/Scripts/combat/ui/battler_entry/UIBattlerEntry.cs(58,41): error CS8625: Cannot convert null literal to non-nullable reference type. [/home/adam/Dev/omega-spiral/chapter-zero/OmegaSpiral.csproj]
         /home/adam/Dev/omega-spiral/chapter-zero/Source/Scripts/combat/ui/battler_entry/UIBattlerEntry.cs(99,9): error CS0120: An object reference is required for the non-static field, method, or property 'CombatEvents.ActionSelected' [/home/adam/Dev/omega-spiral/chapter-zero/OmegaSpiral.csproj]
         /home/adam/Dev/omega-spiral/chapter-zero/Source/Scripts/combat/ui/battler_entry/UIBattlerEntry.cs(85,45): error CS8625: Cannot convert null literal to non-nullable reference type. [/home/adam/Dev/omega-spiral/chapter-zero/OmegaSpiral.csproj]
         /home/adam/Dev/omega-spiral/chapter-zero/Source/Scripts/combat/ui/battler_entry/UIBattlerEntry.cs(93,41): error CS8625: Cannot convert null literal to non-nullable reference type. [/home/adam/Dev/omega-spiral/chapter-zero/OmegaSpiral.csproj]
         /home/adam/Dev/omega-spiral/chapter-zero/Source/Scripts/combat/ui/battler_entry/UIBattlerEntry.cs(105,45): error CS8604: Possible null reference argument for parameter 'texture' in 'void UIBattlerLifeBar.SetActionIcon(Texture2D texture)'. [/home/adam/Dev/omega-spiral/chapter-zero/OmegaSpiral.csproj]
         /home/adam/Dev/omega-spiral/chapter-zero/Source/Scripts/combat/ui/battler_entry/UIBattlerEntry.cs(109,45): error CS8625: Cannot convert null literal to non-nullable reference type. [/home/adam/Dev/omega-spiral/chapter-zero/OmegaSpiral.csproj]
         /home/adam/Dev/omega-spiral/chapter-zero/Source/Scripts/combat/ui/action_menu/UIActionMenu.cs(50,17): error CS4008: Cannot await 'void' [/home/adam/Dev/omega-spiral/chapter-zero/OmegaSpiral.csproj]
         /home/adam/Dev/omega-spiral/chapter-zero/Source/Scripts/combat/ui/action_menu/UIActionMenu.cs(51,17): error CS0120: An object reference is required for the non-static field, method, or property 'CombatEvents.PlayerBattlerSelected' [/home/adam/Dev/omega-spiral/chapter-zero/OmegaSpiral.csproj]
         /home/adam/Dev/omega-spiral/chapter-zero/Source/Scripts/combat/ui/action_menu/UIActionMenu.cs(97,9): error CS4008: Cannot await 'void' [/home/adam/Dev/omega-spiral/chapter-zero/OmegaSpiral.csproj]
         /home/adam/Dev/omega-spiral/chapter-zero/Source/Scripts/combat/ui/action_menu/UIActionMenu.cs(98,9): error CS0120: An object reference is required for the non-static field, method, or property 'CombatEvents.PlayerBattlerSelected' [/home/adam/Dev/omega-spiral/chapter-zero/OmegaSpiral.csproj]
         /home/adam/Dev/omega-spiral/chapter-zero/Source/Scripts/combat/ui/action_menu/UIActionMenu.cs(120,9): error CS4008: Cannot await 'void' [/home/adam/Dev/omega-spiral/chapter-zero/OmegaSpiral.csproj]
         /home/adam/Dev/omega-spiral/chapter-zero/Source/Scripts/combat/ui/action_menu/UIActionMenu.cs(127,9): error CS4008: Cannot await 'void' [/home/adam/Dev/omega-spiral/chapter-zero/OmegaSpiral.csproj]
         /home/adam/Dev/omega-spiral/chapter-zero/Source/Scripts/combat/ui/action_menu/UIActionMenu.cs(139,13): error CS8602: Dereference of a possibly null reference. [/home/adam/Dev/omega-spiral/chapter-zero/OmegaSpiral.csproj]
         /home/adam/Dev/omega-spiral/chapter-zero/Source/Scripts/combat/ui/action_menu/UIActionDescription.cs(16,19): error CS8618: Non-nullable field 'descriptionLabel' must contain a non-null value when exiting constructor. Consider adding the 'required' modifier or declaring the field as nullable. [/home/adam/Dev/omega-spiral/chapter-zero/OmegaSpiral.csproj]
         /home/adam/Dev/omega-spiral/chapter-zero/Source/Scripts/combat/ui/battler_entry/UIPlayerBattlerList.cs(54,28): error CS0103: The name '_CreateEntry' does not exist in the current context [/home/adam/Dev/omega-spiral/chapter-zero/OmegaSpiral.csproj]
         /home/adam/Dev/omega-spiral/chapter-zero/Source/Scripts/combat/ui/battler_entry/UIPlayerBattlerList.cs(58,9): error CS0103: The name '_LoopFirstAndLastEntries' does not exist in the current context [/home/adam/Dev/omega-spiral/chapter-zero/OmegaSpiral.csproj]
         /home/adam/Dev/omega-spiral/chapter-zero/Source/Scripts/combat/ui/action_menu/UIActionMenu.cs(163,13): error CS0019: Operator '==' cannot be applied to operands of type 'method group' and 'int' [/home/adam/Dev/omega-spiral/chapter-zero/OmegaSpiral.csproj]
         /home/adam/Dev/omega-spiral/chapter-zero/Source/Scripts/combat/ui/action_menu/UIActionMenu.cs(159,22): error CS8602: Dereference of a possibly null reference. [/home/adam/Dev/omega-spiral/chapter-zero/OmegaSpiral.csproj]
         /home/adam/Dev/omega-spiral/chapter-zero/Source/Scripts/combat/ui/action_menu/UIActionMenu.cs(179,9): error CS4008: Cannot await 'void' [/home/adam/Dev/omega-spiral/chapter-zero/OmegaSpiral.csproj]
         /home/adam/Dev/omega-spiral/chapter-zero/Source/Scripts/combat/ui/action_menu/UIActionButton.cs(13,25): error CS8618: Non-nullable field 'icon' must contain a non-null value when exiting constructor. Consider adding the 'required' modifier or declaring the field as nullable. [/home/adam/Dev/omega-spiral/chapter-zero/OmegaSpiral.csproj]
         /home/adam/Dev/omega-spiral/chapter-zero/Source/Scripts/combat/ui/action_menu/UIActionButton.cs(14,19): error CS8618: Non-nullable field 'nameLabel' must contain a non-null value when exiting constructor. Consider adding the 'required' modifier or declaring the field as nullable. [/home/adam/Dev/omega-spiral/chapter-zero/OmegaSpiral.csproj]
         /home/adam/Dev/omega-spiral/chapter-zero/Source/Scripts/combat/ui/action_menu/UIActionButton.cs(16,27): error CS8618: Non-nullable field 'action' must contain a non-null value when exiting constructor. Consider adding the 'required' modifier or declaring the field as nullable. [/home/adam/Dev/omega-spiral/chapter-zero/OmegaSpiral.csproj]
         /home/adam/Dev/omega-spiral/chapter-zero/Source/Scripts/combat/ui/battler_entry/UIPlayerBattlerList.cs(71,9): error CS0120: An object reference is required for the non-static field, method, or property 'CombatEvents.PlayerBattlerSelected' [/home/adam/Dev/omega-spiral/chapter-zero/OmegaSpiral.csproj]
         /home/adam/Dev/omega-spiral/chapter-zero/Source/Scripts/combat/Combat.cs(22,25): error CS8618: Non-nullable field 'activeArena' must contain a non-null value when exiting constructor. Consider adding the 'required' modifier or declaring the field as nullable. [/home/adam/Dev/omega-spiral/chapter-zero/OmegaSpiral.csproj]
         /home/adam/Dev/omega-spiral/chapter-zero/Source/Scripts/combat/Combat.cs(25,25): error CS8618: Non-nullable field 'previousMusicTrack' must contain a non-null value when exiting constructor. Consider adding the 'required' modifier or declaring the field as nullable. [/home/adam/Dev/omega-spiral/chapter-zero/OmegaSpiral.csproj]
         /home/adam/Dev/omega-spiral/chapter-zero/Source/Scripts/combat/Combat.cs(27,29): error CS8618: Non-nullable field 'combatContainer' must contain a non-null value when exiting constructor. Consider adding the 'required' modifier or declaring the field as nullable. [/home/adam/Dev/omega-spiral/chapter-zero/OmegaSpiral.csproj]
         /home/adam/Dev/omega-spiral/chapter-zero/Source/Scripts/combat/Combat.cs(28,25): error CS8618: Non-nullable field 'transitionDelayTimer' must contain a non-null value when exiting constructor. Consider adding the 'required' modifier or declaring the field as nullable. [/home/adam/Dev/omega-spiral/chapter-zero/OmegaSpiral.csproj]
         /home/adam/Dev/omega-spiral/chapter-zero/Tests/NarrativeTerminalSchemaTests.cs(29,20): error CS0117: 'Assert' does not contain a definition for 'IsNotNull' [/home/adam/Dev/omega-spiral/chapter-zero/OmegaSpiral.csproj]
         /home/adam/Dev/omega-spiral/chapter-zero/Tests/NarrativeTerminalSchemaTests.cs(69,20): error CS0117: 'Assert' does not contain a definition for 'IsTrue' [/home/adam/Dev/omega-spiral/chapter-zero/OmegaSpiral.csproj]
         /home/adam/Dev/omega-spiral/chapter-zero/Source/Scripts/combat/ui/cursors/UIMenuCursor.cs(63,16): error CS0266: Cannot implicitly convert type 'double' to 'float'. An explicit conversion exists (are you missing a cast?) [/home/adam/Dev/omega-spiral/chapter-zero/OmegaSpiral.csproj]
         /home/adam/Dev/omega-spiral/chapter-zero/Source/Scripts/combat/ui/battler_entry/UIBattlerEntry.cs(14,32): error CS8618: Non-nullable field 'energy' must contain a non-null value when exiting constructor. Consider adding the 'required' modifier or declaring the field as nullable. [/home/adam/Dev/omega-spiral/chapter-zero/OmegaSpiral.csproj]
         /home/adam/Dev/omega-spiral/chapter-zero/Source/Scripts/combat/ui/battler_entry/UIBattlerEntry.cs(15,30): error CS8618: Non-nullable field 'life' must contain a non-null value when exiting constructor. Consider adding the 'required' modifier or declaring the field as nullable. [/home/adam/Dev/omega-spiral/chapter-zero/OmegaSpiral.csproj]
         /home/adam/Dev/omega-spiral/chapter-zero/Source/Scripts/combat/ui/battler_entry/UIBattlerEntry.cs(17,21): error CS8618: Non-nullable field 'battler' must contain a non-null value when exiting constructor. Consider adding the 'required' modifier or declaring the field as nullable. [/home/adam/Dev/omega-spiral/chapter-zero/OmegaSpiral.csproj]
         /home/adam/Dev/omega-spiral/chapter-zero/Source/Scripts/combat/ui/battler_entry/UIPlayerBattlerList.cs(108,17): error CS0120: An object reference is required for the non-static field, method, or property 'CombatEvents.PlayerBattlerSelected' [/home/adam/Dev/omega-spiral/chapter-zero/OmegaSpiral.csproj]
         /home/adam/Dev/omega-spiral/chapter-zero/Source/Scripts/combat/ui/battler_entry/UIPlayerBattlerList.cs(106,17): error CS8602: Dereference of a possibly null reference. [/home/adam/Dev/omega-spiral/chapter-zero/OmegaSpiral.csproj]
         /home/adam/Dev/omega-spiral/chapter-zero/Tests/NarrativeTerminalSchemaTests.cs(75,20): error CS0117: 'Assert' does not contain a definition for 'IsNotNull' [/home/adam/Dev/omega-spiral/chapter-zero/OmegaSpiral.csproj]
         /home/adam/Dev/omega-spiral/chapter-zero/Tests/NarrativeTerminalSchemaTests.cs(89,20): error CS0117: 'Assert' does not contain a definition for 'IsFalse' [/home/adam/Dev/omega-spiral/chapter-zero/OmegaSpiral.csproj]
         /home/adam/Dev/omega-spiral/chapter-zero/Source/Scripts/combat/ui/battler_entry/UIBattlerLifeBar.cs(62,19): error CS8618: Non-nullable field 'tween' must contain a non-null value when exiting constructor. Consider adding the 'required' modifier or declaring the field as nullable. [/home/adam/Dev/omega-spiral/chapter-zero/OmegaSpiral.csproj]
         /home/adam/Dev/omega-spiral/chapter-zero/Source/Scripts/combat/ui/battler_entry/UIBattlerLifeBar.cs(63,29): error CS8618: Non-nullable field 'anim' must contain a non-null value when exiting constructor. Consider adding the 'required' modifier or declaring the field as nullable. [/home/adam/Dev/omega-spiral/chapter-zero/OmegaSpiral.csproj]
         /home/adam/Dev/omega-spiral/chapter-zero/Source/Scripts/combat/ui/battler_entry/UIBattlerLifeBar.cs(64,19): error CS8618: Non-nullable field 'nameLabel' must contain a non-null value when exiting constructor. Consider adding the 'required' modifier or declaring the field as nullable. [/home/adam/Dev/omega-spiral/chapter-zero/OmegaSpiral.csproj]
         /home/adam/Dev/omega-spiral/chapter-zero/Source/Scripts/combat/ui/battler_entry/UIBattlerLifeBar.cs(65,25): error CS8618: Non-nullable field 'queuedActionIcon' must contain a non-null value when exiting constructor. Consider adding the 'required' modifier or declaring the field as nullable. [/home/adam/Dev/omega-spiral/chapter-zero/OmegaSpiral.csproj]
         /home/adam/Dev/omega-spiral/chapter-zero/Source/Scripts/combat/ui/battler_entry/UIBattlerLifeBar.cs(66,19): error CS8618: Non-nullable field 'valueLabel' must contain a non-null value when exiting constructor. Consider adding the 'required' modifier or declaring the field as nullable. [/home/adam/Dev/omega-spiral/chapter-zero/OmegaSpiral.csproj]
         /home/adam/Dev/omega-spiral/chapter-zero/Tests/NarrativeTerminalSchemaTests.cs(95,20): error CS0117: 'Assert' does not contain a definition for 'IsNotNull' [/home/adam/Dev/omega-spiral/chapter-zero/OmegaSpiral.csproj]
         /home/adam/Dev/omega-spiral/chapter-zero/Tests/NarrativeTerminalSchemaTests.cs(113,20): error CS0117: 'Assert' does not contain a definition for 'IsFalse' [/home/adam/Dev/omega-spiral/chapter-zero/OmegaSpiral.csproj]
         /home/adam/Dev/omega-spiral/chapter-zero/Tests/NarrativeTerminalSchemaTests.cs(119,20): error CS0117: 'Assert' does not contain a definition for 'IsNotNull' [/home/adam/Dev/omega-spiral/chapter-zero/OmegaSpiral.csproj]
         /home/adam/Dev/omega-spiral/chapter-zero/Tests/NarrativeTerminalSchemaTests.cs(128,20): error CS0117: 'Assert' does not contain a definition for 'IsFalse' [/home/adam/Dev/omega-spiral/chapter-zero/OmegaSpiral.csproj]
         /home/adam/Dev/omega-spiral/chapter-zero/Source/Scripts/combat/ui/effect_labels/UIEffectLabelBuilder.cs(34,23): error CS1061: 'Node' does not contain a definition for 'GlobalPosition' and no accessible extension method 'GlobalPosition' accepting a first argument of type 'Node' could be found (are you missing a using directive or an assembly reference?) [/home/adam/Dev/omega-spiral/chapter-zero/OmegaSpiral.csproj]
         /home/adam/Dev/omega-spiral/chapter-zero/Source/Scripts/combat/ui/effect_labels/UIEffectLabelBuilder.cs(34,53): error CS1061: 'BattlerAnim' does not contain a definition for 'Top' and no accessible extension method 'Top' accepting a first argument of type 'BattlerAnim' could be found (are you missing a using directive or an assembly reference?) [/home/adam/Dev/omega-spiral/chapter-zero/OmegaSpiral.csproj]
         /home/adam/Dev/omega-spiral/chapter-zero/Source/Scripts/combat/ui/effect_labels/UIEffectLabelBuilder.cs(43,46): error CS1061: 'BattlerAnim' does not contain a definition for 'Top' and no accessible extension method 'Top' accepting a first argument of type 'BattlerAnim' could be found (are you missing a using directive or an assembly reference?) [/home/adam/Dev/omega-spiral/chapter-zero/OmegaSpiral.csproj]
         /home/adam/Dev/omega-spiral/chapter-zero/Source/Scripts/combat/ui/battler_entry/UIEnergyPoint.cs(28,19): error CS8618: Non-nullable field 'colorTween' must contain a non-null value when exiting constructor. Consider adding the 'required' modifier or declaring the field as nullable. [/home/adam/Dev/omega-spiral/chapter-zero/OmegaSpiral.csproj]
         /home/adam/Dev/omega-spiral/chapter-zero/Source/Scripts/combat/ui/battler_entry/UIEnergyPoint.cs(29,19): error CS8618: Non-nullable field 'offsetTween' must contain a non-null value when exiting constructor. Consider adding the 'required' modifier or declaring the field as nullable. [/home/adam/Dev/omega-spiral/chapter-zero/OmegaSpiral.csproj]
         /home/adam/Dev/omega-spiral/chapter-zero/Source/Scripts/combat/ui/battler_entry/UIEnergyPoint.cs(31,25): error CS8618: Non-nullable field 'fill' must contain a non-null value when exiting constructor. Consider adding the 'required' modifier or declaring the field as nullable. [/home/adam/Dev/omega-spiral/chapter-zero/OmegaSpiral.csproj]
         /home/adam/Dev/omega-spiral/chapter-zero/Tests/NarrativeTerminalIntegrationTests.cs(36,26): error CS0103: The name 'DreamweaverThread' does not exist in the current context [/home/adam/Dev/omega-spiral/chapter-zero/OmegaSpiral.csproj]
         /home/adam/Dev/omega-spiral/chapter-zero/Tests/NarrativeTerminalIntegrationTests.cs(37,49): error CS0246: The type or namespace name 'DreamweaverType' could not be found (are you missing a using directive or an assembly reference?) [/home/adam/Dev/omega-spiral/chapter-zero/OmegaSpiral.csproj]
         /home/adam/Dev/omega-spiral/chapter-zero/Tests/NarrativeTerminalIntegrationTests.cs(39,22): error CS0103: The name 'DreamweaverType' does not exist in the current context [/home/adam/Dev/omega-spiral/chapter-zero/OmegaSpiral.csproj]
         /home/adam/Dev/omega-spiral/chapter-zero/Tests/NarrativeTerminalIntegrationTests.cs(40,22): error CS0103: The name 'DreamweaverType' does not exist in the current context [/home/adam/Dev/omega-spiral/chapter-zero/OmegaSpiral.csproj]
         /home/adam/Dev/omega-spiral/chapter-zero/Tests/NarrativeTerminalIntegrationTests.cs(41,22): error CS0103: The name 'DreamweaverType' does not exist in the current context [/home/adam/Dev/omega-spiral/chapter-zero/OmegaSpiral.csproj]
         /home/adam/Dev/omega-spiral/chapter-zero/Tests/NarrativeTerminalIntegrationTests.cs(53,29): error CS0103: The name 'DreamweaverThread' does not exist in the current context [/home/adam/Dev/omega-spiral/chapter-zero/OmegaSpiral.csproj]
         /home/adam/Dev/omega-spiral/chapter-zero/Tests/NarrativeTerminalIntegrationTests.cs(53,20): error CS0117: 'Assert' does not contain a definition for 'AreEqual' [/home/adam/Dev/omega-spiral/chapter-zero/OmegaSpiral.csproj]
         /home/adam/Dev/omega-spiral/chapter-zero/Tests/NarrativeTerminalIntegrationTests.cs(54,65): error CS0103: The name 'DreamweaverType' does not exist in the current context [/home/adam/Dev/omega-spiral/chapter-zero/OmegaSpiral.csproj]
         /home/adam/Dev/omega-spiral/chapter-zero/Tests/NarrativeTerminalIntegrationTests.cs(54,20): error CS0117: 'Assert' does not contain a definition for 'AreEqual' [/home/adam/Dev/omega-spiral/chapter-zero/OmegaSpiral.csproj]
         /home/adam/Dev/omega-spiral/chapter-zero/Tests/NarrativeTerminalIntegrationTests.cs(55,65): error CS0103: The name 'DreamweaverType' does not exist in the current context [/home/adam/Dev/omega-spiral/chapter-zero/OmegaSpiral.csproj]
         /home/adam/Dev/omega-spiral/chapter-zero/Tests/NarrativeTerminalIntegrationTests.cs(55,20): error CS0117: 'Assert' does not contain a definition for 'AreEqual' [/home/adam/Dev/omega-spiral/chapter-zero/OmegaSpiral.csproj]
         /home/adam/Dev/omega-spiral/chapter-zero/Tests/NarrativeTerminalIntegrationTests.cs(56,65): error CS0103: The name 'DreamweaverType' does not exist in the current context [/home/adam/Dev/omega-spiral/chapter-zero/OmegaSpiral.csproj]
         /home/adam/Dev/omega-spiral/chapter-zero/Tests/NarrativeTerminalIntegrationTests.cs(56,20): error CS0117: 'Assert' does not contain a definition for 'AreEqual' [/home/adam/Dev/omega-spiral/chapter-zero/OmegaSpiral.csproj]
         /home/adam/Dev/omega-spiral/chapter-zero/Source/Scripts/combat/ui/cursors/UIBattlerTargetCursor.cs(106,38): error CS8625: Cannot convert null literal to non-nullable reference type. [/home/adam/Dev/omega-spiral/chapter-zero/OmegaSpiral.csproj]
         /home/adam/Dev/omega-spiral/chapter-zero/Source/Scripts/combat/ui/cursors/UIBattlerTargetCursor.cs(127,60): error CS1061: 'BattlerAnim' does not contain a definition for 'Top' and no accessible extension method 'Top' accepting a first argument of type 'BattlerAnim' could be found (are you missing a using directive or an assembly reference?) [/home/adam/Dev/omega-spiral/chapter-zero/OmegaSpiral.csproj]
         /home/adam/Dev/omega-spiral/chapter-zero/Source/Scripts/combat/ui/effect_labels/UIDamageLabel.cs(133,24): error CS0117: 'GD' does not contain a definition for 'RandfRange' [/home/adam/Dev/omega-spiral/chapter-zero/OmegaSpiral.csproj]
         /home/adam/Dev/omega-spiral/chapter-zero/Source/Scripts/combat/ui/effect_labels/UIDamageLabel.cs(151,34): error CS1503: Argument 1: cannot convert from 'method group' to 'Godot.Callable' [/home/adam/Dev/omega-spiral/chapter-zero/OmegaSpiral.csproj]
         /home/adam/Dev/omega-spiral/chapter-zero/Source/Scripts/combat/ui/cursors/UIBattlerTargetCursor.cs(156,9): error CS0120: An object reference is required for the non-static field, method, or property 'CombatEvents.PlayerBattlerSelected' [/home/adam/Dev/omega-spiral/chapter-zero/OmegaSpiral.csproj]
         /home/adam/Dev/omega-spiral/chapter-zero/Tests/NarrativeTerminalIntegrationTests.cs(67,26): error CS0103: The name 'DreamweaverThread' does not exist in the current context [/home/adam/Dev/omega-spiral/chapter-zero/OmegaSpiral.csproj]
         /home/adam/Dev/omega-spiral/chapter-zero/Tests/NarrativeTerminalIntegrationTests.cs(68,49): error CS0246: The type or namespace name 'DreamweaverType' could not be found (are you missing a using directive or an assembly reference?) [/home/adam/Dev/omega-spiral/chapter-zero/OmegaSpiral.csproj]
         /home/adam/Dev/omega-spiral/chapter-zero/Tests/NarrativeTerminalIntegrationTests.cs(70,22): error CS0103: The name 'DreamweaverType' does not exist in the current context [/home/adam/Dev/omega-spiral/chapter-zero/OmegaSpiral.csproj]
         /home/adam/Dev/omega-spiral/chapter-zero/Tests/NarrativeTerminalIntegrationTests.cs(71,22): error CS0103: The name 'DreamweaverType' does not exist in the current context [/home/adam/Dev/omega-spiral/chapter-zero/OmegaSpiral.csproj]
         /home/adam/Dev/omega-spiral/chapter-zero/Tests/NarrativeTerminalIntegrationTests.cs(72,22): error CS0103: The name 'DreamweaverType' does not exist in the current context [/home/adam/Dev/omega-spiral/chapter-zero/OmegaSpiral.csproj]
         /home/adam/Dev/omega-spiral/chapter-zero/Tests/NarrativeTerminalIntegrationTests.cs(84,29): error CS0103: The name 'DreamweaverThread' does not exist in the current context [/home/adam/Dev/omega-spiral/chapter-zero/OmegaSpiral.csproj]
         /home/adam/Dev/omega-spiral/chapter-zero/Tests/NarrativeTerminalIntegrationTests.cs(84,20): error CS0117: 'Assert' does not contain a definition for 'AreEqual' [/home/adam/Dev/omega-spiral/chapter-zero/OmegaSpiral.csproj]
         /home/adam/Dev/omega-spiral/chapter-zero/Tests/NarrativeTerminalIntegrationTests.cs(85,65): error CS0103: The name 'DreamweaverType' does not exist in the current context [/home/adam/Dev/omega-spiral/chapter-zero/OmegaSpiral.csproj]
         /home/adam/Dev/omega-spiral/chapter-zero/Tests/NarrativeTerminalIntegrationTests.cs(85,20): error CS0117: 'Assert' does not contain a definition for 'AreEqual' [/home/adam/Dev/omega-spiral/chapter-zero/OmegaSpiral.csproj]
         /home/adam/Dev/omega-spiral/chapter-zero/Tests/NarrativeTerminalIntegrationTests.cs(86,65): error CS0103: The name 'DreamweaverType' does not exist in the current context [/home/adam/Dev/omega-spiral/chapter-zero/OmegaSpiral.csproj]
         /home/adam/Dev/omega-spiral/chapter-zero/Tests/NarrativeTerminalIntegrationTests.cs(86,20): error CS0117: 'Assert' does not contain a definition for 'AreEqual' [/home/adam/Dev/omega-spiral/chapter-zero/OmegaSpiral.csproj]
         /home/adam/Dev/omega-spiral/chapter-zero/Tests/NarrativeTerminalIntegrationTests.cs(87,65): error CS0103: The name 'DreamweaverType' does not exist in the current context [/home/adam/Dev/omega-spiral/chapter-zero/OmegaSpiral.csproj]
         /home/adam/Dev/omega-spiral/chapter-zero/Tests/NarrativeTerminalIntegrationTests.cs(87,20): error CS0117: 'Assert' does not contain a definition for 'AreEqual' [/home/adam/Dev/omega-spiral/chapter-zero/OmegaSpiral.csproj]
         /home/adam/Dev/omega-spiral/chapter-zero/Source/Scripts/combat/ui/list_menu/UIListMenu.cs(115,9): error CS8602: Dereference of a possibly null reference. [/home/adam/Dev/omega-spiral/chapter-zero/OmegaSpiral.csproj]
         /home/adam/Dev/omega-spiral/chapter-zero/Tests/NarrativeTerminalIntegrationTests.cs(98,26): error CS0103: The name 'DreamweaverThread' does not exist in the current context [/home/adam/Dev/omega-spiral/chapter-zero/OmegaSpiral.csproj]
         /home/adam/Dev/omega-spiral/chapter-zero/Tests/NarrativeTerminalIntegrationTests.cs(99,49): error CS0246: The type or namespace name 'DreamweaverType' could not be found (are you missing a using directive or an assembly reference?) [/home/adam/Dev/omega-spiral/chapter-zero/OmegaSpiral.csproj]
         /home/adam/Dev/omega-spiral/chapter-zero/Tests/NarrativeTerminalIntegrationTests.cs(101,22): error CS0103: The name 'DreamweaverType' does not exist in the current context [/home/adam/Dev/omega-spiral/chapter-zero/OmegaSpiral.csproj]
         /home/adam/Dev/omega-spiral/chapter-zero/Tests/NarrativeTerminalIntegrationTests.cs(102,22): error CS0103: The name 'DreamweaverType' does not exist in the current context [/home/adam/Dev/omega-spiral/chapter-zero/OmegaSpiral.csproj]
         /home/adam/Dev/omega-spiral/chapter-zero/Tests/NarrativeTerminalIntegrationTests.cs(103,22): error CS0103: The name 'DreamweaverType' does not exist in the current context [/home/adam/Dev/omega-spiral/chapter-zero/OmegaSpiral.csproj]
         /home/adam/Dev/omega-spiral/chapter-zero/Tests/NarrativeTerminalIntegrationTests.cs(115,29): error CS0103: The name 'DreamweaverThread' does not exist in the current context [/home/adam/Dev/omega-spiral/chapter-zero/OmegaSpiral.csproj]
         /home/adam/Dev/omega-spiral/chapter-zero/Tests/NarrativeTerminalIntegrationTests.cs(115,20): error CS0117: 'Assert' does not contain a definition for 'AreEqual' [/home/adam/Dev/omega-spiral/chapter-zero/OmegaSpiral.csproj]
         /home/adam/Dev/omega-spiral/chapter-zero/Tests/NarrativeTerminalIntegrationTests.cs(116,65): error CS0103: The name 'DreamweaverType' does not exist in the current context [/home/adam/Dev/omega-spiral/chapter-zero/OmegaSpiral.csproj]
         /home/adam/Dev/omega-spiral/chapter-zero/Tests/NarrativeTerminalIntegrationTests.cs(116,20): error CS0117: 'Assert' does not contain a definition for 'AreEqual' [/home/adam/Dev/omega-spiral/chapter-zero/OmegaSpiral.csproj]
         /home/adam/Dev/omega-spiral/chapter-zero/Tests/NarrativeTerminalIntegrationTests.cs(117,65): error CS0103: The name 'DreamweaverType' does not exist in the current context [/home/adam/Dev/omega-spiral/chapter-zero/OmegaSpiral.csproj]
         /home/adam/Dev/omega-spiral/chapter-zero/Tests/NarrativeTerminalIntegrationTests.cs(117,20): error CS0117: 'Assert' does not contain a definition for 'AreEqual' [/home/adam/Dev/omega-spiral/chapter-zero/OmegaSpiral.csproj]
         /home/adam/Dev/omega-spiral/chapter-zero/Tests/NarrativeTerminalIntegrationTests.cs(118,65): error CS0103: The name 'DreamweaverType' does not exist in the current context [/home/adam/Dev/omega-spiral/chapter-zero/OmegaSpiral.csproj]
         /home/adam/Dev/omega-spiral/chapter-zero/Tests/NarrativeTerminalIntegrationTests.cs(118,20): error CS0117: 'Assert' does not contain a definition for 'AreEqual' [/home/adam/Dev/omega-spiral/chapter-zero/OmegaSpiral.csproj]
         /home/adam/Dev/omega-spiral/chapter-zero/Source/Scripts/combat/ui/cursors/UIMenuCursor.cs(19,19): error CS8618: Non-nullable field 'slideTween' must contain a non-null value when exiting constructor. Consider adding the 'required' modifier or declaring the field as nullable. [/home/adam/Dev/omega-spiral/chapter-zero/OmegaSpiral.csproj]
         /home/adam/Dev/omega-spiral/chapter-zero/Source/Scripts/combat/ui/cursors/UIMenuCursor.cs(21,29): error CS8618: Non-nullable field 'anim' must contain a non-null value when exiting constructor. Consider adding the 'required' modifier or declaring the field as nullable. [/home/adam/Dev/omega-spiral/chapter-zero/OmegaSpiral.csproj]
         /home/adam/Dev/omega-spiral/chapter-zero/Source/Scripts/combat/ui/UICombatMenus.cs(58,39): error CS8625: Cannot convert null literal to non-nullable reference type. [/home/adam/Dev/omega-spiral/chapter-zero/OmegaSpiral.csproj]
         /home/adam/Dev/omega-spiral/chapter-zero/Source/Scripts/combat/ui/turn_bar/UITurnBar.cs(55,13): error CS8602: Dereference of a possibly null reference. [/home/adam/Dev/omega-spiral/chapter-zero/OmegaSpiral.csproj]
         /home/adam/Dev/omega-spiral/chapter-zero/Source/Scripts/combat/ui/turn_bar/UITurnBar.cs(55,32): error CS8602: Dereference of a possibly null reference. [/home/adam/Dev/omega-spiral/chapter-zero/OmegaSpiral.csproj]
         /home/adam/Dev/omega-spiral/chapter-zero/Source/Scripts/combat/ui/cursors/UIBattlerTargetCursor.cs(240,48): error CS1061: 'BattlerAnim' does not contain a definition for 'Top' and no accessible extension method 'Top' accepting a first argument of type 'BattlerAnim' could be found (are you missing a using directive or an assembly reference?) [/home/adam/Dev/omega-spiral/chapter-zero/OmegaSpiral.csproj]
         /home/adam/Dev/omega-spiral/chapter-zero/Source/Scripts/combat/ui/cursors/UIBattlerTargetCursor.cs(239,9): error CS8602: Dereference of a possibly null reference. [/home/adam/Dev/omega-spiral/chapter-zero/OmegaSpiral.csproj]
         /home/adam/Dev/omega-spiral/chapter-zero/Tests/NarrativeTerminalIntegrationTests.cs(131,20): error CS0117: 'Assert' does not contain a definition for 'AreEqual' [/home/adam/Dev/omega-spiral/chapter-zero/OmegaSpiral.csproj]
         /home/adam/Dev/omega-spiral/chapter-zero/Tests/NarrativeTerminalIntegrationTests.cs(144,20): error CS0117: 'Assert' does not contain a definition for 'AreEqual' [/home/adam/Dev/omega-spiral/chapter-zero/OmegaSpiral.csproj]
         /home/adam/Dev/omega-spiral/chapter-zero/Source/Scripts/combat/ui/cursors/UIBattlerTargetCursor.cs(256,20): error CS8603: Possible null reference return. [/home/adam/Dev/omega-spiral/chapter-zero/OmegaSpiral.csproj]
         /home/adam/Dev/omega-spiral/chapter-zero/Source/Scripts/combat/ui/cursors/UIBattlerTargetCursor.cs(259,29): error CS8600: Converting null literal or possible null value to non-nullable type. [/home/adam/Dev/omega-spiral/chapter-zero/OmegaSpiral.csproj]
         /home/adam/Dev/omega-spiral/chapter-zero/Source/Scripts/combat/ui/cursors/UIBattlerTargetCursor.cs(294,16): error CS8603: Possible null reference return. [/home/adam/Dev/omega-spiral/chapter-zero/OmegaSpiral.csproj]
         /home/adam/Dev/omega-spiral/chapter-zero/Source/Scripts/common/CollisionFinder.cs(40,46): error CS0266: Cannot implicitly convert type 'int' to 'uint'. An explicit conversion exists (are you missing a cast?) [/home/adam/Dev/omega-spiral/chapter-zero/OmegaSpiral.csproj]
         /home/adam/Dev/omega-spiral/chapter-zero/Source/Scripts/common/CollisionFinder.cs(58,61): error CS1503: Argument 2: cannot convert from 'int' to 'Godot.Vector2' [/home/adam/Dev/omega-spiral/chapter-zero/OmegaSpiral.csproj]
         /home/adam/Dev/omega-spiral/chapter-zero/Source/Scripts/common/CollisionFinder.cs(58,76): error CS1503: Argument 4: cannot convert from 'float' to 'Godot.Vector2' [/home/adam/Dev/omega-spiral/chapter-zero/OmegaSpiral.csproj]
         /home/adam/Dev/omega-spiral/chapter-zero/Source/Scripts/combat/battlers/BattlerAnim.cs(51,22): error CS8618: Non-nullable property 'BattlerIcon' must contain a non-null value when exiting constructor. Consider adding the 'required' modifier or declaring the property as nullable. [/home/adam/Dev/omega-spiral/chapter-zero/OmegaSpiral.csproj]
         /home/adam/Dev/omega-spiral/chapter-zero/Tests/NarrativeTerminalIntegrationTests.cs(153,49): error CS0246: The type or namespace name 'DreamweaverType' could not be found (are you missing a using directive or an assembly reference?) [/home/adam/Dev/omega-spiral/chapter-zero/OmegaSpiral.csproj]
         /home/adam/Dev/omega-spiral/chapter-zero/Tests/NarrativeTerminalIntegrationTests.cs(155,22): error CS0103: The name 'DreamweaverType' does not exist in the current context [/home/adam/Dev/omega-spiral/chapter-zero/OmegaSpiral.csproj]
         /home/adam/Dev/omega-spiral/chapter-zero/Tests/NarrativeTerminalIntegrationTests.cs(156,22): error CS0103: The name 'DreamweaverType' does not exist in the current context [/home/adam/Dev/omega-spiral/chapter-zero/OmegaSpiral.csproj]
         /home/adam/Dev/omega-spiral/chapter-zero/Tests/NarrativeTerminalIntegrationTests.cs(157,22): error CS0103: The name 'DreamweaverType' does not exist in the current context [/home/adam/Dev/omega-spiral/chapter-zero/OmegaSpiral.csproj]
         /home/adam/Dev/omega-spiral/chapter-zero/Tests/NarrativeTerminalIntegrationTests.cs(163,49): error CS0246: The type or namespace name 'DreamweaverType' could not be found (are you missing a using directive or an assembly reference?) [/home/adam/Dev/omega-spiral/chapter-zero/OmegaSpiral.csproj]
         /home/adam/Dev/omega-spiral/chapter-zero/Tests/NarrativeTerminalIntegrationTests.cs(165,22): error CS0103: The name 'DreamweaverType' does not exist in the current context [/home/adam/Dev/omega-spiral/chapter-zero/OmegaSpiral.csproj]
         /home/adam/Dev/omega-spiral/chapter-zero/Tests/NarrativeTerminalIntegrationTests.cs(166,22): error CS0103: The name 'DreamweaverType' does not exist in the current context [/home/adam/Dev/omega-spiral/chapter-zero/OmegaSpiral.csproj]
         /home/adam/Dev/omega-spiral/chapter-zero/Tests/NarrativeTerminalIntegrationTests.cs(167,22): error CS0103: The name 'DreamweaverType' does not exist in the current context [/home/adam/Dev/omega-spiral/chapter-zero/OmegaSpiral.csproj]
         /home/adam/Dev/omega-spiral/chapter-zero/Tests/NarrativeTerminalIntegrationTests.cs(183,65): error CS0103: The name 'DreamweaverType' does not exist in the current context [/home/adam/Dev/omega-spiral/chapter-zero/OmegaSpiral.csproj]
         /home/adam/Dev/omega-spiral/chapter-zero/Tests/NarrativeTerminalIntegrationTests.cs(183,20): error CS0117: 'Assert' does not contain a definition for 'AreEqual' [/home/adam/Dev/omega-spiral/chapter-zero/OmegaSpiral.csproj]
         /home/adam/Dev/omega-spiral/chapter-zero/Tests/NarrativeTerminalIntegrationTests.cs(184,65): error CS0103: The name 'DreamweaverType' does not exist in the current context [/home/adam/Dev/omega-spiral/chapter-zero/OmegaSpiral.csproj]
         /home/adam/Dev/omega-spiral/chapter-zero/Tests/NarrativeTerminalIntegrationTests.cs(184,20): error CS0117: 'Assert' does not contain a definition for 'AreEqual' [/home/adam/Dev/omega-spiral/chapter-zero/OmegaSpiral.csproj]
         /home/adam/Dev/omega-spiral/chapter-zero/Tests/NarrativeTerminalIntegrationTests.cs(185,65): error CS0103: The name 'DreamweaverType' does not exist in the current context [/home/adam/Dev/omega-spiral/chapter-zero/OmegaSpiral.csproj]
         /home/adam/Dev/omega-spiral/chapter-zero/Tests/NarrativeTerminalIntegrationTests.cs(185,20): error CS0117: 'Assert' does not contain a definition for 'AreEqual' [/home/adam/Dev/omega-spiral/chapter-zero/OmegaSpiral.csproj]
         /home/adam/Dev/omega-spiral/chapter-zero/Source/Scripts/combat/ui/UICombatHud.cs(389,20): error CS8603: Possible null reference return. [/home/adam/Dev/omega-spiral/chapter-zero/OmegaSpiral.csproj]
         /home/adam/Dev/omega-spiral/chapter-zero/Source/Scripts/combat/ui/UICombatHud.cs(392,16): error CS8620: Argument of type 'Dictionary<Battler, Control>' cannot be used for parameter 'dictionary' of type 'IReadOnlyDictionary<Battler, Control?>' in 'Control? CollectionExtensions.GetValueOrDefault<Battler, Control?>(IReadOnlyDictionary<Battler, Control?> dictionary, Battler key, Control? defaultValue)' due to differences in the nullability of reference types. [/home/adam/Dev/omega-spiral/chapter-zero/OmegaSpiral.csproj]
         /home/adam/Dev/omega-spiral/chapter-zero/Source/Scripts/combat/ui/UICombatHud.cs(392,16): error CS8603: Possible null reference return. [/home/adam/Dev/omega-spiral/chapter-zero/OmegaSpiral.csproj]
         /home/adam/Dev/omega-spiral/chapter-zero/Source/Scripts/combat/ui/UICombatHud.cs(442,62): error CS0104: 'Timer' is an ambiguous reference between 'Godot.Timer' and 'System.Threading.Timer' [/home/adam/Dev/omega-spiral/chapter-zero/OmegaSpiral.csproj]
         /home/adam/Dev/omega-spiral/chapter-zero/Source/Scripts/combat/ui/UICombatMenus.cs(98,9): error CS0120: An object reference is required for the non-static field, method, or property 'CombatEvents.PlayerBattlerSelected' [/home/adam/Dev/omega-spiral/chapter-zero/OmegaSpiral.csproj]
         /home/adam/Dev/omega-spiral/chapter-zero/Source/Scripts/combat/ui/UICombatMenus.cs(113,17): error CS0120: An object reference is required for the non-static field, method, or property 'CombatEvents.ActionSelected' [/home/adam/Dev/omega-spiral/chapter-zero/OmegaSpiral.csproj]
         /home/adam/Dev/omega-spiral/chapter-zero/Source/Scripts/combat/ui/UICombatMenus.cs(113,81): error CS1503: Argument 3: cannot convert from 'System.Collections.Generic.List<Battler>' to 'Battler[]' [/home/adam/Dev/omega-spiral/chapter-zero/OmegaSpiral.csproj]
         /home/adam/Dev/omega-spiral/chapter-zero/Source/Scripts/combat/ui/UICombatMenus.cs(128,13): error CS1593: Delegate 'Battler.HealthDepletedEventHandler' does not take 1 arguments [/home/adam/Dev/omega-spiral/chapter-zero/OmegaSpiral.csproj]
         /home/adam/Dev/omega-spiral/chapter-zero/Source/Scripts/combat/ui/UICombatMenus.cs(148,9): error CS8602: Dereference of a possibly null reference. [/home/adam/Dev/omega-spiral/chapter-zero/OmegaSpiral.csproj]
         /home/adam/Dev/omega-spiral/chapter-zero/Source/Scripts/combat/ui/turn_bar/UIBattlerIcon.cs(51,23): error CS8618: Non-nullable field 'iconTexture' must contain a non-null value when exiting constructor. Consider adding the 'required' modifier or declaring the field as nullable. [/home/adam/Dev/omega-spiral/chapter-zero/OmegaSpiral.csproj]
         /home/adam/Dev/omega-spiral/chapter-zero/Source/Scripts/combat/ui/turn_bar/UIBattlerIcon.cs(100,29): error CS8618: Non-nullable field 'anim' must contain a non-null value when exiting constructor. Consider adding the 'required' modifier or declaring the field as nullable. [/home/adam/Dev/omega-spiral/chapter-zero/OmegaSpiral.csproj]
         /home/adam/Dev/omega-spiral/chapter-zero/Source/Scripts/combat/ui/turn_bar/UIBattlerIcon.cs(101,25): error CS8618: Non-nullable field 'icon' must contain a non-null value when exiting constructor. Consider adding the 'required' modifier or declaring the field as nullable. [/home/adam/Dev/omega-spiral/chapter-zero/OmegaSpiral.csproj]
         /home/adam/Dev/omega-spiral/chapter-zero/Source/Scripts/combat/ui/turn_bar/UITurnBar.cs(16,29): error CS8618: Non-nullable field 'anim' must contain a non-null value when exiting constructor. Consider adding the 'required' modifier or declaring the field as nullable. [/home/adam/Dev/omega-spiral/chapter-zero/OmegaSpiral.csproj]
         /home/adam/Dev/omega-spiral/chapter-zero/Source/Scripts/combat/ui/turn_bar/UITurnBar.cs(17,25): error CS8618: Non-nullable field 'background' must contain a non-null value when exiting constructor. Consider adding the 'required' modifier or declaring the field as nullable. [/home/adam/Dev/omega-spiral/chapter-zero/OmegaSpiral.csproj]
         /home/adam/Dev/omega-spiral/chapter-zero/Source/Scripts/combat/ui/turn_bar/UITurnBar.cs(18,21): error CS8618: Non-nullable field 'icons' must contain a non-null value when exiting constructor. Consider adding the 'required' modifier or declaring the field as nullable. [/home/adam/Dev/omega-spiral/chapter-zero/OmegaSpiral.csproj]
         /home/adam/Dev/omega-spiral/chapter-zero/Source/Scripts/combat/ui/action_menu/UIActionMenu.cs(31,21): error CS8618: Non-nullable field 'battler' must contain a non-null value when exiting constructor. Consider adding the 'required' modifier or declaring the field as nullable. [/home/adam/Dev/omega-spiral/chapter-zero/OmegaSpiral.csproj]
         /home/adam/Dev/omega-spiral/chapter-zero/Source/Scripts/combat/ui/action_menu/UIActionMenu.cs(68,25): error CS8618: Non-nullable field 'battlerList' must contain a non-null value when exiting constructor. Consider adding the 'required' modifier or declaring the field as nullable. [/home/adam/Dev/omega-spiral/chapter-zero/OmegaSpiral.csproj]
         /home/adam/Dev/omega-spiral/chapter-zero/Source/Scripts/common/Inventory.cs(77,13): error CS0104: 'FileAccess' is an ambiguous reference between 'Godot.FileAccess' and 'System.IO.FileAccess' [/home/adam/Dev/omega-spiral/chapter-zero/OmegaSpiral.csproj]
         /home/adam/Dev/omega-spiral/chapter-zero/Source/Scripts/common/Inventory.cs(74,20): error CS8603: Possible null reference return. [/home/adam/Dev/omega-spiral/chapter-zero/OmegaSpiral.csproj]
         /home/adam/Dev/omega-spiral/chapter-zero/Source/Scripts/combat/ui/UICombatMenus.cs(180,31): error CS0029: Cannot implicitly convert type 'Battler[]' to 'System.Collections.Generic.List<Battler>' [/home/adam/Dev/omega-spiral/chapter-zero/OmegaSpiral.csproj]
         /home/adam/Dev/omega-spiral/chapter-zero/Source/Scripts/combat/ui/UICombatMenus.cs(196,17): error CS0120: An object reference is required for the non-static field, method, or property 'CombatEvents.ActionSelected' [/home/adam/Dev/omega-spiral/chapter-zero/OmegaSpiral.csproj]
         /home/adam/Dev/omega-spiral/chapter-zero/Source/Scripts/combat/ui/UICombatMenus.cs(200,17): error CS0120: An object reference is required for the non-static field, method, or property 'CombatEvents.PlayerBattlerSelected' [/home/adam/Dev/omega-spiral/chapter-zero/OmegaSpiral.csproj]
         /home/adam/Dev/omega-spiral/chapter-zero/Source/Scripts/combat/ui/UICombatMenus.cs(178,23): error CS8601: Possible null reference assignment. [/home/adam/Dev/omega-spiral/chapter-zero/OmegaSpiral.csproj]
         /home/adam/Dev/omega-spiral/chapter-zero/Source/Scripts/combat/ui/UICombatMenus.cs(179,9): error CS8602: Dereference of a possibly null reference. [/home/adam/Dev/omega-spiral/chapter-zero/OmegaSpiral.csproj]
         /home/adam/Dev/omega-spiral/chapter-zero/Source/Scripts/combat/ui/UICombatMenus.cs(190,27): error CS8625: Cannot convert null literal to non-nullable reference type. [/home/adam/Dev/omega-spiral/chapter-zero/OmegaSpiral.csproj]
         /home/adam/Dev/omega-spiral/chapter-zero/Source/Scripts/combat/ui/UICombatMenus.cs(204,39): error CS8625: Cannot convert null literal to non-nullable reference type. [/home/adam/Dev/omega-spiral/chapter-zero/OmegaSpiral.csproj]
         /home/adam/Dev/omega-spiral/chapter-zero/Source/Scripts/common/Inventory.cs(103,44): error CS1503: Argument 2: cannot convert from 'Inventory.ItemTypes' to 'Godot.Variant' [/home/adam/Dev/omega-spiral/chapter-zero/OmegaSpiral.csproj]
         /home/adam/Dev/omega-spiral/chapter-zero/Source/Scripts/combat/ui/UICombatMenus.cs(214,35): error CS0029: Cannot implicitly convert type 'Battler[]' to 'System.Collections.Generic.List<Battler>' [/home/adam/Dev/omega-spiral/chapter-zero/OmegaSpiral.csproj]
         /home/adam/Dev/omega-spiral/chapter-zero/Source/Scripts/common/Inventory.cs(131,16): error CS8620: Argument of type 'Dictionary<Inventory.ItemTypes, AtlasTexture>' cannot be used for parameter 'dictionary' of type 'IReadOnlyDictionary<Inventory.ItemTypes, AtlasTexture?>' in 'AtlasTexture? CollectionExtensions.GetValueOrDefault<ItemTypes, AtlasTexture?>(IReadOnlyDictionary<ItemTypes, AtlasTexture?> dictionary, ItemTypes key, AtlasTexture? defaultValue)' due to differences in the nullability of reference types. [/home/adam/Dev/omega-spiral/chapter-zero/OmegaSpiral.csproj]
         /home/adam/Dev/omega-spiral/chapter-zero/Source/Scripts/common/Inventory.cs(131,16): error CS8603: Possible null reference return. [/home/adam/Dev/omega-spiral/chapter-zero/OmegaSpiral.csproj]
         /home/adam/Dev/omega-spiral/chapter-zero/Source/Scripts/combat/ui/list_menu/UIListMenu.cs(24,24): error CS8618: Non-nullable property 'EntryScene' must contain a non-null value when exiting constructor. Consider adding the 'required' modifier or declaring the property as nullable. [/home/adam/Dev/omega-spiral/chapter-zero/OmegaSpiral.csproj]
         /home/adam/Dev/omega-spiral/chapter-zero/Source/Scripts/combat/ui/list_menu/UIListMenu.cs(51,29): error CS8618: Non-nullable field 'anim' must contain a non-null value when exiting constructor. Consider adding the 'required' modifier or declaring the field as nullable. [/home/adam/Dev/omega-spiral/chapter-zero/OmegaSpiral.csproj]
         /home/adam/Dev/omega-spiral/chapter-zero/Source/Scripts/combat/ui/list_menu/UIListMenu.cs(52,26): error CS8618: Non-nullable field 'menuCursor' must contain a non-null value when exiting constructor. Consider adding the 'required' modifier or declaring the field as nullable. [/home/adam/Dev/omega-spiral/chapter-zero/OmegaSpiral.csproj]
         /home/adam/Dev/omega-spiral/chapter-zero/Source/Scripts/common/PartyCreator.cs(82,72): error CS0246: The type or namespace name 'CharacterClass' could not be found (are you missing a using directive or an assembly reference?) [/home/adam/Dev/omega-spiral/chapter-zero/OmegaSpiral.csproj]
         /home/adam/Dev/omega-spiral/chapter-zero/Source/Scripts/common/PartyCreator.cs(82,18): error CS0246: The type or namespace name 'CharacterClass' could not be found (are you missing a using directive or an assembly reference?) [/home/adam/Dev/omega-spiral/chapter-zero/OmegaSpiral.csproj]
         /home/adam/Dev/omega-spiral/chapter-zero/Source/Scripts/common/PartyCreator.cs(100,69): error CS0246: The type or namespace name 'CharacterRace' could not be found (are you missing a using directive or an assembly reference?) [/home/adam/Dev/omega-spiral/chapter-zero/OmegaSpiral.csproj]
         /home/adam/Dev/omega-spiral/chapter-zero/Source/Scripts/common/PartyCreator.cs(100,18): error CS0246: The type or namespace name 'CharacterRace' could not be found (are you missing a using directive or an assembly reference?) [/home/adam/Dev/omega-spiral/chapter-zero/OmegaSpiral.csproj]
         /home/adam/Dev/omega-spiral/chapter-zero/Source/Scripts/common/screen_transitions/ScreenTransition.cs(61,9): error CS4014: Because this call is not awaited, execution of the current method continues before the call is completed. Consider applying the 'await' operator to the result of the call. [/home/adam/Dev/omega-spiral/chapter-zero/OmegaSpiral.csproj]
         /home/adam/Dev/omega-spiral/chapter-zero/Source/Scripts/combat/ui/cursors/UIBattlerTargetCursor.cs(112,21): error CS8618: Non-nullable field 'currentTarget' must contain a non-null value when exiting constructor. Consider adding the 'required' modifier or declaring the field as nullable. [/home/adam/Dev/omega-spiral/chapter-zero/OmegaSpiral.csproj]
         /home/adam/Dev/omega-spiral/chapter-zero/Source/Scripts/combat/ui/cursors/UIBattlerTargetCursor.cs(133,26): error CS8618: Non-nullable field 'cursor' must contain a non-null value when exiting constructor. Consider adding the 'required' modifier or declaring the field as nullable. [/home/adam/Dev/omega-spiral/chapter-zero/OmegaSpiral.csproj]
         /home/adam/Dev/omega-spiral/chapter-zero/Source/Scripts/common/screen_transitions/ScreenTransition.cs(74,26): error CS8625: Cannot convert null literal to non-nullable reference type. [/home/adam/Dev/omega-spiral/chapter-zero/OmegaSpiral.csproj]
         /home/adam/Dev/omega-spiral/chapter-zero/Source/Scripts/common/PartyCreator.cs(123,30): error CS0246: The type or namespace name 'CharacterClass' could not be found (are you missing a using directive or an assembly reference?) [/home/adam/Dev/omega-spiral/chapter-zero/OmegaSpiral.csproj]
         /home/adam/Dev/omega-spiral/chapter-zero/Source/Scripts/common/PartyCreator.cs(124,29): error CS0246: The type or namespace name 'CharacterRace' could not be found (are you missing a using directive or an assembly reference?) [/home/adam/Dev/omega-spiral/chapter-zero/OmegaSpiral.csproj]
         /home/adam/Dev/omega-spiral/chapter-zero/Source/Scripts/common/PartyCreator.cs(153,30): error CS0246: The type or namespace name 'CharacterClass' could not be found (are you missing a using directive or an assembly reference?) [/home/adam/Dev/omega-spiral/chapter-zero/OmegaSpiral.csproj]
         /home/adam/Dev/omega-spiral/chapter-zero/Source/Scripts/common/PartyCreator.cs(154,29): error CS0246: The type or namespace name 'CharacterRace' could not be found (are you missing a using directive or an assembly reference?) [/home/adam/Dev/omega-spiral/chapter-zero/OmegaSpiral.csproj]
         /home/adam/Dev/omega-spiral/chapter-zero/Source/Scripts/combat/battlers/Battler.cs(84,25): error CS8618: Non-nullable field 'battlerAnimScene' must contain a non-null value when exiting constructor. Consider adding the 'required' modifier or declaring the field as nullable. [/home/adam/Dev/omega-spiral/chapter-zero/OmegaSpiral.csproj]
         /home/adam/Dev/omega-spiral/chapter-zero/Source/Scripts/combat/battlers/Battler.cs(142,25): error CS8618: Non-nullable field 'aiScene' must contain a non-null value when exiting constructor. Consider adding the 'required' modifier or declaring the field as nullable. [/home/adam/Dev/omega-spiral/chapter-zero/OmegaSpiral.csproj]
         /home/adam/Dev/omega-spiral/chapter-zero/Source/Scripts/combat/battlers/Battler.cs(189,25): error CS8618: Non-nullable field 'actorScene' must contain a non-null value when exiting constructor. Consider adding the 'required' modifier or declaring the field as nullable. [/home/adam/Dev/omega-spiral/chapter-zero/OmegaSpiral.csproj]
         /home/adam/Dev/omega-spiral/chapter-zero/Source/Scripts/combat/ui/effect_labels/UIDamageLabel.cs(92,19): error CS8618: Non-nullable field 'tween' must contain a non-null value when exiting constructor. Consider adding the 'required' modifier or declaring the field as nullable. [/home/adam/Dev/omega-spiral/chapter-zero/OmegaSpiral.csproj]
         /home/adam/Dev/omega-spiral/chapter-zero/Source/Scripts/combat/ui/effect_labels/UIDamageLabel.cs(94,19): error CS8618: Non-nullable field 'label' must contain a non-null value when exiting constructor. Consider adding the 'required' modifier or declaring the field as nullable. [/home/adam/Dev/omega-spiral/chapter-zero/OmegaSpiral.csproj]
         /home/adam/Dev/omega-spiral/chapter-zero/Source/Scripts/field/ui/UIDialogue.cs(169,35): error CS8601: Possible null reference assignment. [/home/adam/Dev/omega-spiral/chapter-zero/OmegaSpiral.csproj]
         /home/adam/Dev/omega-spiral/chapter-zero/Source/Scripts/field/ui/UIDialogue.cs(177,39): error CS8604: Possible null reference argument for parameter 'speaker' in 'void UIDialogue.UpdateSpeakerDisplay(Character speaker)'. [/home/adam/Dev/omega-spiral/chapter-zero/OmegaSpiral.csproj]
         /home/adam/Dev/omega-spiral/chapter-zero/Source/Scripts/field/cutscenes/Cutscene.cs(70,9): error CS4008: Cannot await 'void' [/home/adam/Dev/omega-spiral/chapter-zero/OmegaSpiral.csproj]
         /home/adam/Dev/omega-spiral/chapter-zero/Source/Scripts/field/ui/UIDialogue.cs(245,35): error CS8625: Cannot convert null literal to non-nullable reference type. [/home/adam/Dev/omega-spiral/chapter-zero/OmegaSpiral.csproj]
         /home/adam/Dev/omega-spiral/chapter-zero/Source/Scripts/common/screen_transitions/ScreenTransition.cs(106,26): error CS8625: Cannot convert null literal to non-nullable reference type. [/home/adam/Dev/omega-spiral/chapter-zero/OmegaSpiral.csproj]
         /home/adam/Dev/omega-spiral/chapter-zero/Source/Scripts/common/music/MusicPlayer.cs(11,29): error CS8618: Non-nullable field 'anim' must contain a non-null value when exiting constructor. Consider adding the 'required' modifier or declaring the field as nullable. [/home/adam/Dev/omega-spiral/chapter-zero/OmegaSpiral.csproj]
         /home/adam/Dev/omega-spiral/chapter-zero/Source/Scripts/common/music/MusicPlayer.cs(12,31): error CS8618: Non-nullable field 'track' must contain a non-null value when exiting constructor. Consider adding the 'required' modifier or declaring the field as nullable. [/home/adam/Dev/omega-spiral/chapter-zero/OmegaSpiral.csproj]
         /home/adam/Dev/omega-spiral/chapter-zero/Source/Scripts/field/cutscenes/popups/InteractionPopup.cs(84,14): error CS8602: Dereference of a possibly null reference. [/home/adam/Dev/omega-spiral/chapter-zero/OmegaSpiral.csproj]
         /home/adam/Dev/omega-spiral/chapter-zero/Source/Scripts/field/ui/UIDialogue.cs(363,63): error CS1061: 'Character' does not contain a definition for 'Portrait' and no accessible extension method 'Portrait' accepting a first argument of type 'Character' could be found (are you missing a using directive or an assembly reference?) [/home/adam/Dev/omega-spiral/chapter-zero/OmegaSpiral.csproj]
         /home/adam/Dev/omega-spiral/chapter-zero/Source/Scripts/field/ui/UIDialogue.cs(365,62): error CS1061: 'Character' does not contain a definition for 'Portrait' and no accessible extension method 'Portrait' accepting a first argument of type 'Character' could be found (are you missing a using directive or an assembly reference?) [/home/adam/Dev/omega-spiral/chapter-zero/OmegaSpiral.csproj]
         /home/adam/Dev/omega-spiral/chapter-zero/Source/Scripts/field/cutscenes/popups/MovingInteractionPopup.cs(50,23): error CS8601: Possible null reference assignment. [/home/adam/Dev/omega-spiral/chapter-zero/OmegaSpiral.csproj]
         /home/adam/Dev/omega-spiral/chapter-zero/Source/Scripts/field/cutscenes/popups/MovingInteractionPopup.cs(64,37): error CS1061: 'Gamepiece' does not contain a definition for 'Follower' and no accessible extension method 'Follower' accepting a first argument of type 'Gamepiece' could be found (are you missing a using directive or an assembly reference?) [/home/adam/Dev/omega-spiral/chapter-zero/OmegaSpiral.csproj]
         /home/adam/Dev/omega-spiral/chapter-zero/Source/Scripts/field/cutscenes/templates/combat/CombatTrigger.cs(28,25): error CS0104: 'Timer' is an ambiguous reference between 'Godot.Timer' and 'System.Threading.Timer' [/home/adam/Dev/omega-spiral/chapter-zero/OmegaSpiral.csproj]
         /home/adam/Dev/omega-spiral/chapter-zero/Source/Scripts/field/cutscenes/templates/combat/CombatTrigger.cs(46,13): error CS4008: Cannot await 'void' [/home/adam/Dev/omega-spiral/chapter-zero/OmegaSpiral.csproj]
         /home/adam/Dev/omega-spiral/chapter-zero/Source/Scripts/field/cutscenes/templates/combat/CombatTrigger.cs(50,13): error CS4008: Cannot await 'void' [/home/adam/Dev/omega-spiral/chapter-zero/OmegaSpiral.csproj]
         /home/adam/Dev/omega-spiral/chapter-zero/Source/Scripts/field/cutscenes/popups/MovingInteractionPopup.cs(72,19): error CS8601: Possible null reference assignment. [/home/adam/Dev/omega-spiral/chapter-zero/OmegaSpiral.csproj]
         /home/adam/Dev/omega-spiral/chapter-zero/Source/Scripts/field/ui/UIDialogue.cs(413,21): error CS0123: No overload for 'OnChoiceButtonPressed' matches delegate 'Action' [/home/adam/Dev/omega-spiral/chapter-zero/OmegaSpiral.csproj]
         /home/adam/Dev/omega-spiral/chapter-zero/Source/Scripts/field/cutscenes/templates/area_transitions/AreaTransition.cs(112,15): error CS0103: The name 'Transition' does not exist in the current context [/home/adam/Dev/omega-spiral/chapter-zero/OmegaSpiral.csproj]
         /home/adam/Dev/omega-spiral/chapter-zero/Source/Scripts/field/cutscenes/templates/area_transitions/AreaTransition.cs(122,27): error CS0120: An object reference is required for the non-static field, method, or property 'Gameboard.PixelToCell(Vector2)' [/home/adam/Dev/omega-spiral/chapter-zero/OmegaSpiral.csproj]
         /home/adam/Dev/omega-spiral/chapter-zero/Source/Scripts/field/cutscenes/templates/area_transitions/AreaTransition.cs(126,13): error CS0103: The name 'Camera' does not exist in the current context [/home/adam/Dev/omega-spiral/chapter-zero/OmegaSpiral.csproj]
         /home/adam/Dev/omega-spiral/chapter-zero/Source/Scripts/field/cutscenes/templates/area_transitions/AreaTransition.cs(139,15): error CS0103: The name 'Transition' does not exist in the current context [/home/adam/Dev/omega-spiral/chapter-zero/OmegaSpiral.csproj]
         /home/adam/Dev/omega-spiral/chapter-zero/Source/Scripts/field/cutscenes/templates/area_transitions/AreaTransition.cs(152,13): error CS0103: The name 'Music' does not exist in the current context [/home/adam/Dev/omega-spiral/chapter-zero/OmegaSpiral.csproj]
         /home/adam/Dev/omega-spiral/chapter-zero/Source/Scripts/field/cutscenes/templates/area_transitions/AreaTransition.cs(147,34): error CS1998: This async method lacks 'await' operators and will run synchronously. Consider using the 'await' operator to await non-blocking API calls, or 'await Task.Run(...)' to do CPU-bound work on a background thread. [/home/adam/Dev/omega-spiral/chapter-zero/OmegaSpiral.csproj]
         /home/adam/Dev/omega-spiral/chapter-zero/Source/Scripts/common/Player.cs(29,23): error CS8618: Non-nullable field 'gamepiece' must contain a non-null value when exiting constructor. Consider adding the 'required' modifier or declaring the field as nullable. [/home/adam/Dev/omega-spiral/chapter-zero/OmegaSpiral.csproj]
         /home/adam/Dev/omega-spiral/chapter-zero/Source/Scripts/field/cutscenes/templates/combat/RoamingCombatTrigger.cs(14,35): error CS1998: This async method lacks 'await' operators and will run synchronously. Consider using the 'await' operator to await non-blocking API calls, or 'await Task.Run(...)' to do CPU-bound work on a background thread. [/home/adam/Dev/omega-spiral/chapter-zero/OmegaSpiral.csproj]
         /home/adam/Dev/omega-spiral/chapter-zero/Source/Scripts/combat/ui/UICombatMenus.cs(31,24): error CS8618: Non-nullable property 'ActionMenuScene' must contain a non-null value when exiting constructor. Consider adding the 'required' modifier or declaring the property as nullable. [/home/adam/Dev/omega-spiral/chapter-zero/OmegaSpiral.csproj]
         /home/adam/Dev/omega-spiral/chapter-zero/Source/Scripts/combat/ui/UICombatMenus.cs(37,24): error CS8618: Non-nullable property 'TargetCursorScene' must contain a non-null value when exiting constructor. Consider adding the 'required' modifier or declaring the property as nullable. [/home/adam/Dev/omega-spiral/chapter-zero/OmegaSpiral.csproj]
         /home/adam/Dev/omega-spiral/chapter-zero/Source/Scripts/combat/ui/UICombatMenus.cs(41,25): error CS8618: Non-nullable field 'battlers' must contain a non-null value when exiting constructor. Consider adding the 'required' modifier or declaring the field as nullable. [/home/adam/Dev/omega-spiral/chapter-zero/OmegaSpiral.csproj]
         /home/adam/Dev/omega-spiral/chapter-zero/Source/Scripts/combat/ui/UICombatMenus.cs(48,21): error CS8618: Non-nullable field 'selectedBattler' must contain a non-null value when exiting constructor. Consider adding the 'required' modifier or declaring the field as nullable. [/home/adam/Dev/omega-spiral/chapter-zero/OmegaSpiral.csproj]
         /home/adam/Dev/omega-spiral/chapter-zero/Source/Scripts/combat/ui/UICombatMenus.cs(65,27): error CS8618: Non-nullable field 'selectedAction' must contain a non-null value when exiting constructor. Consider adding the 'required' modifier or declaring the field as nullable. [/home/adam/Dev/omega-spiral/chapter-zero/OmegaSpiral.csproj]
         /home/adam/Dev/omega-spiral/chapter-zero/Source/Scripts/combat/ui/UICombatMenus.cs(69,38): error CS8618: Non-nullable field 'cursor' must contain a non-null value when exiting constructor. Consider adding the 'required' modifier or declaring the field as nullable. [/home/adam/Dev/omega-spiral/chapter-zero/OmegaSpiral.csproj]
         /home/adam/Dev/omega-spiral/chapter-zero/Source/Scripts/combat/ui/UICombatMenus.cs(71,33): error CS8618: Non-nullable field 'actionDescription' must contain a non-null value when exiting constructor. Consider adding the 'required' modifier or declaring the field as nullable. [/home/adam/Dev/omega-spiral/chapter-zero/OmegaSpiral.csproj]
         /home/adam/Dev/omega-spiral/chapter-zero/Source/Scripts/combat/ui/UICombatMenus.cs(72,21): error CS8618: Non-nullable field 'actionMenuAnchor' must contain a non-null value when exiting constructor. Consider adding the 'required' modifier or declaring the field as nullable. [/home/adam/Dev/omega-spiral/chapter-zero/OmegaSpiral.csproj]
         /home/adam/Dev/omega-spiral/chapter-zero/Source/Scripts/combat/ui/UICombatMenus.cs(73,33): error CS8618: Non-nullable field 'battlerList' must contain a non-null value when exiting constructor. Consider adding the 'required' modifier or declaring the field as nullable. [/home/adam/Dev/omega-spiral/chapter-zero/OmegaSpiral.csproj]
         /home/adam/Dev/omega-spiral/chapter-zero/Source/Scripts/field/cutscenes/popups/MovingInteractionPopup.cs(19,23): error CS8618: Non-nullable field 'gp' must contain a non-null value when exiting constructor. Consider adding the 'required' modifier or declaring the field as nullable. [/home/adam/Dev/omega-spiral/chapter-zero/OmegaSpiral.csproj]
         /home/adam/Dev/omega-spiral/chapter-zero/Source/Scripts/field/cutscenes/templates/doors/Door.cs(104,32): error CS8625: Cannot convert null literal to non-nullable reference type. [/home/adam/Dev/omega-spiral/chapter-zero/OmegaSpiral.csproj]
         /home/adam/Dev/omega-spiral/chapter-zero/Source/Scripts/field/cutscenes/templates/conversations/ConversationTemplate.cs(75,9): error CS4008: Cannot await 'void' [/home/adam/Dev/omega-spiral/chapter-zero/OmegaSpiral.csproj]
         /home/adam/Dev/omega-spiral/chapter-zero/Source/Scripts/common/screen_transitions/ScreenTransition.cs(41,19): error CS8618: Non-nullable field 'tween' must contain a non-null value when exiting constructor. Consider adding the 'required' modifier or declaring the field as nullable. [/home/adam/Dev/omega-spiral/chapter-zero/OmegaSpiral.csproj]
         /home/adam/Dev/omega-spiral/chapter-zero/Source/Scripts/common/screen_transitions/ScreenTransition.cs(42,23): error CS8618: Non-nullable field 'colorRect' must contain a non-null value when exiting constructor. Consider adding the 'required' modifier or declaring the field as nullable. [/home/adam/Dev/omega-spiral/chapter-zero/OmegaSpiral.csproj]
         /home/adam/Dev/omega-spiral/chapter-zero/Source/Scripts/field/cutscenes/templates/combat/CombatTrigger.cs(13,24): error CS8618: Non-nullable property 'CombatArena' must contain a non-null value when exiting constructor. Consider adding the 'required' modifier or declaring the property as nullable. [/home/adam/Dev/omega-spiral/chapter-zero/OmegaSpiral.csproj]
         /home/adam/Dev/omega-spiral/chapter-zero/Source/Scripts/field/cutscenes/templates/doors/Door.cs(165,13): error CS0103: The name 'Music' does not exist in the current context [/home/adam/Dev/omega-spiral/chapter-zero/OmegaSpiral.csproj]
         /home/adam/Dev/omega-spiral/chapter-zero/Source/Scripts/field/ui/UIDialogue.cs(645,25): error CS0123: No overload for 'OnChoiceButtonPressed' matches delegate 'Action' [/home/adam/Dev/omega-spiral/chapter-zero/OmegaSpiral.csproj]
         /home/adam/Dev/omega-spiral/chapter-zero/Source/Scripts/combat/ui/UICombatHud.cs(28,24): error CS8618: Non-nullable property 'Battlers' must contain a non-null value when exiting constructor. Consider adding the 'required' modifier or declaring the property as nullable. [/home/adam/Dev/omega-spiral/chapter-zero/OmegaSpiral.csproj]
         /home/adam/Dev/omega-spiral/chapter-zero/Source/Scripts/combat/ui/UICombatHud.cs(58,21): error CS8618: Non-nullable field 'playerBattlersContainer' must contain a non-null value when exiting constructor. Consider adding the 'required' modifier or declaring the field as nullable. [/home/adam/Dev/omega-spiral/chapter-zero/OmegaSpiral.csproj]
         /home/adam/Dev/omega-spiral/chapter-zero/Source/Scripts/combat/ui/UICombatHud.cs(63,21): error CS8618: Non-nullable field 'enemyBattlersContainer' must contain a non-null value when exiting constructor. Consider adding the 'required' modifier or declaring the field as nullable. [/home/adam/Dev/omega-spiral/chapter-zero/OmegaSpiral.csproj]
         /home/adam/Dev/omega-spiral/chapter-zero/Source/Scripts/combat/ui/UICombatHud.cs(68,21): error CS8618: Non-nullable field 'battlerInfoPanel' must contain a non-null value when exiting constructor. Consider adding the 'required' modifier or declaring the field as nullable. [/home/adam/Dev/omega-spiral/chapter-zero/OmegaSpiral.csproj]
         /home/adam/Dev/omega-spiral/chapter-zero/Source/Scripts/combat/ui/UICombatHud.cs(78,21): error CS8618: Non-nullable field 'selectedBattler' must contain a non-null value when exiting constructor. Consider adding the 'required' modifier or declaring the field as nullable. [/home/adam/Dev/omega-spiral/chapter-zero/OmegaSpiral.csproj]
         /home/adam/Dev/omega-spiral/chapter-zero/Source/Scripts/field/ui/UIDialogue.cs(764,35): error CS8625: Cannot convert null literal to non-nullable reference type. [/home/adam/Dev/omega-spiral/chapter-zero/OmegaSpiral.csproj]
         /home/adam/Dev/omega-spiral/chapter-zero/Source/Scripts/field/cutscenes/templates/pickups/Pickup.cs(47,29): error CS8618: Non-nullable field 'anim' must contain a non-null value when exiting constructor. Consider adding the 'required' modifier or declaring the field as nullable. [/home/adam/Dev/omega-spiral/chapter-zero/OmegaSpiral.csproj]
         /home/adam/Dev/omega-spiral/chapter-zero/Source/Scripts/field/cutscenes/templates/pickups/Pickup.cs(48,22): error CS8618: Non-nullable field 'sprite' must contain a non-null value when exiting constructor. Consider adding the 'required' modifier or declaring the field as nullable. [/home/adam/Dev/omega-spiral/chapter-zero/OmegaSpiral.csproj]
         /home/adam/Dev/omega-spiral/chapter-zero/Source/Scripts/field/cutscenes/popups/InteractionPopup.cs(117,20): error CS8618: Non-nullable field 'area' must contain a non-null value when exiting constructor. Consider adding the 'required' modifier or declaring the field as nullable. [/home/adam/Dev/omega-spiral/chapter-zero/OmegaSpiral.csproj]
         /home/adam/Dev/omega-spiral/chapter-zero/Source/Scripts/field/cutscenes/popups/InteractionPopup.cs(118,30): error CS8618: Non-nullable field 'collisionShape' must contain a non-null value when exiting constructor. Consider adding the 'required' modifier or declaring the field as nullable. [/home/adam/Dev/omega-spiral/chapter-zero/OmegaSpiral.csproj]
         /home/adam/Dev/omega-spiral/chapter-zero/Source/Scripts/field/cutscenes/templates/doors/DoorTrigger.cs(38,23): error CS1998: This async method lacks 'await' operators and will run synchronously. Consider using the 'await' operator to await non-blocking API calls, or 'await Task.Run(...)' to do CPU-bound work on a background thread. [/home/adam/Dev/omega-spiral/chapter-zero/OmegaSpiral.csproj]
         /home/adam/Dev/omega-spiral/chapter-zero/Source/Scripts/field/FieldCamera.cs(47,32): error CS1061: 'Gamepiece' does not contain a definition for 'AnimationTransform' and no accessible extension method 'AnimationTransform' accepting a first argument of type 'Gamepiece' could be found (are you missing a using directive or an assembly reference?) [/home/adam/Dev/omega-spiral/chapter-zero/OmegaSpiral.csproj]
         /home/adam/Dev/omega-spiral/chapter-zero/Source/Scripts/field/FieldCamera.cs(53,32): error CS1061: 'Gamepiece' does not contain a definition for 'AnimationTransform' and no accessible extension method 'AnimationTransform' accepting a first argument of type 'Gamepiece' could be found (are you missing a using directive or an assembly reference?) [/home/adam/Dev/omega-spiral/chapter-zero/OmegaSpiral.csproj]
         /home/adam/Dev/omega-spiral/chapter-zero/Source/Scripts/field/FieldCamera.cs(54,36): error CS1061: 'Gamepiece' does not contain a definition for 'AnimationTransform' and no accessible extension method 'AnimationTransform' accepting a first argument of type 'Gamepiece' could be found (are you missing a using directive or an assembly reference?) [/home/adam/Dev/omega-spiral/chapter-zero/OmegaSpiral.csproj]
         /home/adam/Dev/omega-spiral/chapter-zero/Source/Scripts/field/cutscenes/templates/area_transitions/AreaTransition.cs(48,24): error CS8618: Non-nullable property 'NewMusic' must contain a non-null value when exiting constructor. Consider adding the 'required' modifier or declaring the property as nullable. [/home/adam/Dev/omega-spiral/chapter-zero/OmegaSpiral.csproj]
         /home/adam/Dev/omega-spiral/chapter-zero/Source/Scripts/field/cutscenes/templates/area_transitions/AreaTransition.cs(54,19): error CS8618: Non-nullable field 'blackoutTimer' must contain a non-null value when exiting constructor. Consider adding the 'required' modifier or declaring the field as nullable. [/home/adam/Dev/omega-spiral/chapter-zero/OmegaSpiral.csproj]
         /home/adam/Dev/omega-spiral/chapter-zero/Source/Scripts/field/cutscenes/templates/treasure_chests/TreasureChest.cs(26,25): error CS8618: Non-nullable field 'interaction' must contain a non-null value when exiting constructor. Consider adding the 'required' modifier or declaring the field as nullable. [/home/adam/Dev/omega-spiral/chapter-zero/OmegaSpiral.csproj]
         /home/adam/Dev/omega-spiral/chapter-zero/Source/Scripts/field/gameboard/Gameboard.cs(146,52): error CS0411: The type arguments for method 'CollectionExtensions.GetValueOrDefault<TKey, TValue>(IReadOnlyDictionary<TKey, TValue>, TKey, TValue)' cannot be inferred from the usage. Try specifying the type arguments explicitly. [/home/adam/Dev/omega-spiral/chapter-zero/OmegaSpiral.csproj]
         /home/adam/Dev/omega-spiral/chapter-zero/Source/Scripts/field/gameboard/Gameboard.cs(162,53): error CS0117: 'Directions.Points' does not contain a definition for 'Values' [/home/adam/Dev/omega-spiral/chapter-zero/OmegaSpiral.csproj]
         /home/adam/Dev/omega-spiral/chapter-zero/Source/Scripts/field/gameboard/Gameboard.cs(185,9): error CS0123: No overload for 'OnGameboardLayerCellsChanged' matches delegate 'GameboardLayer.CellsChangedEventHandler' [/home/adam/Dev/omega-spiral/chapter-zero/OmegaSpiral.csproj]
         /home/adam/Dev/omega-spiral/chapter-zero/Source/Scripts/field/gameboard/Gameboard.cs(200,34): error CS0308: The non-generic type 'Array' cannot be used with type arguments [/home/adam/Dev/omega-spiral/chapter-zero/OmegaSpiral.csproj]
         /home/adam/Dev/omega-spiral/chapter-zero/Source/Scripts/field/gameboard/Gameboard.cs(201,36): error CS0308: The non-generic type 'Array' cannot be used with type arguments [/home/adam/Dev/omega-spiral/chapter-zero/OmegaSpiral.csproj]
         /home/adam/Dev/omega-spiral/chapter-zero/Source/Scripts/field/gameboard/Gameboard.cs(229,21): error CS0120: An object reference is required for the non-static field, method, or property 'GamepieceRegistry.GetGamepiece(Vector2I)' [/home/adam/Dev/omega-spiral/chapter-zero/OmegaSpiral.csproj]
         /home/adam/Dev/omega-spiral/chapter-zero/Source/Scripts/field/gameboard/GameboardLayer.cs(149,49): error CS1503: Argument 2: cannot convert from 'System.Collections.Generic.List<Godot.Vector2I>' to 'Godot.Variant' [/home/adam/Dev/omega-spiral/chapter-zero/OmegaSpiral.csproj]
         /home/adam/Dev/omega-spiral/chapter-zero/Source/Scripts/field/gameboard/GameboardLayer.cs(149,61): error CS1503: Argument 3: cannot convert from 'System.Collections.Generic.List<Godot.Vector2I>' to 'Godot.Variant' [/home/adam/Dev/omega-spiral/chapter-zero/OmegaSpiral.csproj]
         /home/adam/Dev/omega-spiral/chapter-zero/Source/Scripts/field/cutscenes/Trigger.cs(72,76): error CS1061: 'Signal' does not contain a definition for 'GetOwner' and no accessible extension method 'GetOwner' accepting a first argument of type 'Signal' could be found (are you missing a using directive or an assembly reference?) [/home/adam/Dev/omega-spiral/chapter-zero/OmegaSpiral.csproj]
         /home/adam/Dev/omega-spiral/chapter-zero/Source/Scripts/field/cutscenes/Trigger.cs(77,34): error CS8602: Dereference of a possibly null reference. [/home/adam/Dev/omega-spiral/chapter-zero/OmegaSpiral.csproj]
         /home/adam/Dev/omega-spiral/chapter-zero/Source/Scripts/field/cutscenes/Trigger.cs(82,34): error CS8602: Dereference of a possibly null reference. [/home/adam/Dev/omega-spiral/chapter-zero/OmegaSpiral.csproj]
         /home/adam/Dev/omega-spiral/chapter-zero/Source/Scripts/field/gameboard/GameboardLayer.cs(173,45): error CS1503: Argument 2: cannot convert from 'System.Collections.Generic.List<Godot.Vector2I>' to 'Godot.Variant' [/home/adam/Dev/omega-spiral/chapter-zero/OmegaSpiral.csproj]
         /home/adam/Dev/omega-spiral/chapter-zero/Source/Scripts/field/gameboard/GameboardLayer.cs(173,59): error CS1503: Argument 3: cannot convert from 'System.Collections.Generic.List<Godot.Vector2I>' to 'Godot.Variant' [/home/adam/Dev/omega-spiral/chapter-zero/OmegaSpiral.csproj]
         /home/adam/Dev/omega-spiral/chapter-zero/Source/Scripts/field/gameboard/GameboardLayer.cs(185,45): error CS1503: Argument 2: cannot convert from 'System.Collections.Generic.List<Godot.Vector2I>' to 'Godot.Variant' [/home/adam/Dev/omega-spiral/chapter-zero/OmegaSpiral.csproj]
         /home/adam/Dev/omega-spiral/chapter-zero/Source/Scripts/field/gameboard/GameboardLayer.cs(185,59): error CS1503: Argument 3: cannot convert from 'System.Collections.Generic.List<Godot.Vector2I>' to 'Godot.Variant' [/home/adam/Dev/omega-spiral/chapter-zero/OmegaSpiral.csproj]
         /home/adam/Dev/omega-spiral/chapter-zero/Source/Scripts/field/cutscenes/Trigger.cs(138,68): error CS1061: 'Signal' does not contain a definition for 'GetOwner' and no accessible extension method 'GetOwner' accepting a first argument of type 'Signal' could be found (are you missing a using directive or an assembly reference?) [/home/adam/Dev/omega-spiral/chapter-zero/OmegaSpiral.csproj]
         /home/adam/Dev/omega-spiral/chapter-zero/Source/Scripts/field/cutscenes/templates/treasure_chests/TreasureChestInteraction.cs(19,28): error CS8618: Non-nullable property 'Anim' must contain a non-null value when exiting constructor. Consider adding the 'required' modifier or declaring the property as nullable. [/home/adam/Dev/omega-spiral/chapter-zero/OmegaSpiral.csproj]
         /home/adam/Dev/omega-spiral/chapter-zero/Source/Scripts/field/cutscenes/templates/treasure_chests/TreasureChestInteraction.cs(25,17): error CS8618: Non-nullable property 'Popup' must contain a non-null value when exiting constructor. Consider adding the 'required' modifier or declaring the property as nullable. [/home/adam/Dev/omega-spiral/chapter-zero/OmegaSpiral.csproj]
         /home/adam/Dev/omega-spiral/chapter-zero/Source/Scripts/field/Field.cs(39,9): error CS0120: An object reference is required for the non-static field, method, or property 'Player.GamepieceChanged' [/home/adam/Dev/omega-spiral/chapter-zero/OmegaSpiral.csproj]
         /home/adam/Dev/omega-spiral/chapter-zero/Source/Scripts/field/Field.cs(41,31): error CS0120: An object reference is required for the non-static field, method, or property 'Player.Gamepiece' [/home/adam/Dev/omega-spiral/chapter-zero/OmegaSpiral.csproj]
         /home/adam/Dev/omega-spiral/chapter-zero/Source/Scripts/field/Field.cs(42,13): error CS0103: The name 'Camera' does not exist in the current context [/home/adam/Dev/omega-spiral/chapter-zero/OmegaSpiral.csproj]
         /home/adam/Dev/omega-spiral/chapter-zero/Source/Scripts/field/Field.cs(45,94): error CS1061: 'PackedScene' does not contain a definition for 'Group' and no accessible extension method 'Group' accepting a first argument of type 'PackedScene' could be found (are you missing a using directive or an assembly reference?) [/home/adam/Dev/omega-spiral/chapter-zero/OmegaSpiral.csproj]
         /home/adam/Dev/omega-spiral/chapter-zero/Source/Scripts/field/Field.cs(53,20): error CS0117: 'GD' does not contain a definition for 'Assert' [/home/adam/Dev/omega-spiral/chapter-zero/OmegaSpiral.csproj]
         /home/adam/Dev/omega-spiral/chapter-zero/Source/Scripts/field/Field.cs(61,9): error CS0120: An object reference is required for the non-static field, method, or property 'Player.Gamepiece' [/home/adam/Dev/omega-spiral/chapter-zero/OmegaSpiral.csproj]
         /home/adam/Dev/omega-spiral/chapter-zero/Source/Scripts/field/Field.cs(66,9): error CS0120: An object reference is required for the non-static field, method, or property 'CombatEvents.CombatInitiated' [/home/adam/Dev/omega-spiral/chapter-zero/OmegaSpiral.csproj]
         /home/adam/Dev/omega-spiral/chapter-zero/Source/Scripts/field/Field.cs(66,9): error CS1593: Delegate 'CombatEvents.CombatInitiatedEventHandler' does not take 0 arguments [/home/adam/Dev/omega-spiral/chapter-zero/OmegaSpiral.csproj]
         /home/adam/Dev/omega-spiral/chapter-zero/Source/Scripts/field/Field.cs(67,9): error CS0120: An object reference is required for the non-static field, method, or property 'CombatEvents.CombatFinished' [/home/adam/Dev/omega-spiral/chapter-zero/OmegaSpiral.csproj]
         /home/adam/Dev/omega-spiral/chapter-zero/Source/Scripts/field/Field.cs(69,9): error CS0103: The name 'Camera' does not exist in the current context [/home/adam/Dev/omega-spiral/chapter-zero/OmegaSpiral.csproj]
         /home/adam/Dev/omega-spiral/chapter-zero/Source/Scripts/field/Field.cs(70,9): error CS0103: The name 'Camera' does not exist in the current context [/home/adam/Dev/omega-spiral/chapter-zero/OmegaSpiral.csproj]
         /home/adam/Dev/omega-spiral/chapter-zero/Source/Scripts/field/Field.cs(71,9): error CS0103: The name 'Camera' does not exist in the current context [/home/adam/Dev/omega-spiral/chapter-zero/OmegaSpiral.csproj]
         /home/adam/Dev/omega-spiral/chapter-zero/Source/Scripts/field/Field.cs(75,34): error CS0119: 'Cutscene.Run()' is a method, which is not valid in the given context [/home/adam/Dev/omega-spiral/chapter-zero/OmegaSpiral.csproj]
         /home/adam/Dev/omega-spiral/chapter-zero/Source/Scripts/field/cutscenes/Trigger.cs(157,44): error CS1955: Non-invocable member 'Gamepiece.IsMoving' cannot be used like a method. [/home/adam/Dev/omega-spiral/chapter-zero/OmegaSpiral.csproj]
         /home/adam/Dev/omega-spiral/chapter-zero/Source/Scripts/field/cutscenes/Trigger.cs(160,23): error CS1061: 'Gamepiece' does not contain a definition for 'Arrived' and no accessible extension method 'Arrived' accepting a first argument of type 'Gamepiece' could be found (are you missing a using directive or an assembly reference?) [/home/adam/Dev/omega-spiral/chapter-zero/OmegaSpiral.csproj]
         /home/adam/Dev/omega-spiral/chapter-zero/Source/Scripts/field/cutscenes/Trigger.cs(159,58): error CS8604: Possible null reference argument for parameter 'from' in 'Variant.implicit operator Variant(GodotObject from)'. [/home/adam/Dev/omega-spiral/chapter-zero/OmegaSpiral.csproj]
         /home/adam/Dev/omega-spiral/chapter-zero/Source/Scripts/field/gamepieces/animation/GamepieceAnimation.cs(170,40): error CS0266: Cannot implicitly convert type 'double' to 'float'. An explicit conversion exists (are you missing a cast?) [/home/adam/Dev/omega-spiral/chapter-zero/OmegaSpiral.csproj]
         /home/adam/Dev/omega-spiral/chapter-zero/Source/Scripts/field/cutscenes/templates/doors/Door.cs(51,23): error CS8618: Non-nullable field 'dummyGp' must contain a non-null value when exiting constructor. Consider adding the 'required' modifier or declaring the field as nullable. [/home/adam/Dev/omega-spiral/chapter-zero/OmegaSpiral.csproj]
         /home/adam/Dev/omega-spiral/chapter-zero/Source/Scripts/field/cutscenes/templates/doors/Door.cs(56,29): error CS8618: Non-nullable field 'anim' must contain a non-null value when exiting constructor. Consider adding the 'required' modifier or declaring the field as nullable. [/home/adam/Dev/omega-spiral/chapter-zero/OmegaSpiral.csproj]
         /home/adam/Dev/omega-spiral/chapter-zero/Source/Scripts/field/cutscenes/templates/doors/Door.cs(61,22): error CS8618: Non-nullable field 'closedDoor' must contain a non-null value when exiting constructor. Consider adding the 'required' modifier or declaring the field as nullable. [/home/adam/Dev/omega-spiral/chapter-zero/OmegaSpiral.csproj]
         /home/adam/Dev/omega-spiral/chapter-zero/Source/Scripts/field/cutscenes/templates/doors/DoorTrigger.cs(19,28): error CS8618: Non-nullable property 'Anim' must contain a non-null value when exiting constructor. Consider adding the 'required' modifier or declaring the property as nullable. [/home/adam/Dev/omega-spiral/chapter-zero/OmegaSpiral.csproj]
         /home/adam/Dev/omega-spiral/chapter-zero/Source/Scripts/field/gamepieces/controllers/GamepieceController.cs(55,20): error CS8603: Possible null reference return. [/home/adam/Dev/omega-spiral/chapter-zero/OmegaSpiral.csproj]
         /home/adam/Dev/omega-spiral/chapter-zero/Source/Scripts/field/gamepieces/controllers/cursor/FieldCursor.cs(103,30): error CS0120: An object reference is required for the non-static field, method, or property 'Gameboard.PixelToCell(Vector2)' [/home/adam/Dev/omega-spiral/chapter-zero/OmegaSpiral.csproj]
         /home/adam/Dev/omega-spiral/chapter-zero/Source/Scripts/field/gamepieces/controllers/cursor/FieldCursor.cs(105,24): error CS0117: 'Gameboard' does not contain a definition for 'Pathfinder' [/home/adam/Dev/omega-spiral/chapter-zero/OmegaSpiral.csproj]
         /home/adam/Dev/omega-spiral/chapter-zero/Source/Scripts/field/FieldCamera.cs(18,33): error CS8618: Non-nullable field 'gameboardProperties' must contain a non-null value when exiting constructor. Consider adding the 'required' modifier or declaring the field as nullable. [/home/adam/Dev/omega-spiral/chapter-zero/OmegaSpiral.csproj]
         /home/adam/Dev/omega-spiral/chapter-zero/Source/Scripts/field/FieldCamera.cs(34,23): error CS8618: Non-nullable field 'gamepiece' must contain a non-null value when exiting constructor. Consider adding the 'required' modifier or declaring the field as nullable. [/home/adam/Dev/omega-spiral/chapter-zero/OmegaSpiral.csproj]
         /home/adam/Dev/omega-spiral/chapter-zero/Source/Scripts/field/gamepieces/controllers/PathLoopAIController.cs(59,30): error CS0104: 'Timer' is an ambiguous reference between 'Godot.Timer' and 'System.Threading.Timer' [/home/adam/Dev/omega-spiral/chapter-zero/OmegaSpiral.csproj]
         /home/adam/Dev/omega-spiral/chapter-zero/Source/Scripts/field/gamepieces/controllers/PathLoopAIController.cs(61,35): error CS0407: 'float PathLoopAIController.MoveToNextWaypoint()' has the wrong return type [/home/adam/Dev/omega-spiral/chapter-zero/OmegaSpiral.csproj]
         /home/adam/Dev/omega-spiral/chapter-zero/Source/Scripts/field/gamepieces/controllers/PathLoopAIController.cs(75,16): error CS0122: 'GamepieceController.isActive' is inaccessible due to its protection level [/home/adam/Dev/omega-spiral/chapter-zero/OmegaSpiral.csproj]
         /home/adam/Dev/omega-spiral/chapter-zero/Source/Scripts/field/Field.cs(18,24): error CS8618: Non-nullable property 'PlayerController' must contain a non-null value when exiting constructor. Consider adding the 'required' modifier or declaring the property as nullable. [/home/adam/Dev/omega-spiral/chapter-zero/OmegaSpiral.csproj]
         /home/adam/Dev/omega-spiral/chapter-zero/Source/Scripts/field/Field.cs(25,22): error CS8618: Non-nullable property 'PlayerDefaultGamepiece' must contain a non-null value when exiting constructor. Consider adding the 'required' modifier or declaring the property as nullable. [/home/adam/Dev/omega-spiral/chapter-zero/OmegaSpiral.csproj]
         /home/adam/Dev/omega-spiral/chapter-zero/Source/Scripts/field/Field.cs(31,21): error CS8618: Non-nullable property 'OpeningCutscene' must contain a non-null value when exiting constructor. Consider adding the 'required' modifier or declaring the property as nullable. [/home/adam/Dev/omega-spiral/chapter-zero/OmegaSpiral.csproj]
         /home/adam/Dev/omega-spiral/chapter-zero/Source/Scripts/field/gamepieces/controllers/PathLoopAIController.cs(78,26): error CS0122: 'GamepieceController.isActive' is inaccessible due to its protection level [/home/adam/Dev/omega-spiral/chapter-zero/OmegaSpiral.csproj]
         /home/adam/Dev/omega-spiral/chapter-zero/Source/Scripts/field/gamepieces/controllers/PathLoopAIController.cs(80,17): error CS0122: 'GamepieceController.isActive' is inaccessible due to its protection level [/home/adam/Dev/omega-spiral/chapter-zero/OmegaSpiral.csproj]
         /home/adam/Dev/omega-spiral/chapter-zero/Source/Scripts/field/gamepieces/controllers/PathLoopAIController.cs(85,42): error CS0122: 'GamepieceController.isActive' is inaccessible due to its protection level [/home/adam/Dev/omega-spiral/chapter-zero/OmegaSpiral.csproj]
         /home/adam/Dev/omega-spiral/chapter-zero/Source/Scripts/field/gamepieces/controllers/PathLoopAIController.cs(89,21): error CS0122: 'GamepieceController.isActive' is inaccessible due to its protection level [/home/adam/Dev/omega-spiral/chapter-zero/OmegaSpiral.csproj]
         /home/adam/Dev/omega-spiral/chapter-zero/Source/Scripts/field/gamepieces/controllers/PlayerController.cs(88,53): error CS0120: An object reference is required for the non-static field, method, or property 'Gameboard.CellToPixel(Vector2I)' [/home/adam/Dev/omega-spiral/chapter-zero/OmegaSpiral.csproj]
         /home/adam/Dev/omega-spiral/chapter-zero/Source/Scripts/field/gamepieces/controllers/PlayerController.cs(99,25): error CS0117: 'FieldEvents' does not contain a definition for 'Instance' [/home/adam/Dev/omega-spiral/chapter-zero/OmegaSpiral.csproj]
         /home/adam/Dev/omega-spiral/chapter-zero/Source/Scripts/field/gamepieces/controllers/PlayerController.cs(99,50): error CS0103: The name '_OnCellSelected' does not exist in the current context [/home/adam/Dev/omega-spiral/chapter-zero/OmegaSpiral.csproj]
         /home/adam/Dev/omega-spiral/chapter-zero/Source/Scripts/field/gamepieces/controllers/PlayerController.cs(100,25): error CS0117: 'FieldEvents' does not contain a definition for 'Instance' [/home/adam/Dev/omega-spiral/chapter-zero/OmegaSpiral.csproj]
         /home/adam/Dev/omega-spiral/chapter-zero/Source/Scripts/field/gamepieces/controllers/PlayerController.cs(100,57): error CS0103: The name '_OnInteractionSelected' does not exist in the current context [/home/adam/Dev/omega-spiral/chapter-zero/OmegaSpiral.csproj]
         /home/adam/Dev/omega-spiral/chapter-zero/Source/Scripts/field/gamepieces/controllers/cursor/PlayerPathDestinationMarker.cs(69,33): error CS8625: Cannot convert null literal to non-nullable reference type. [/home/adam/Dev/omega-spiral/chapter-zero/OmegaSpiral.csproj]
         /home/adam/Dev/omega-spiral/chapter-zero/Source/Scripts/field/gamepieces/Gamepiece.cs(106,61): error CS0117: 'Directions.Points' does not contain a definition for 'Down' [/home/adam/Dev/omega-spiral/chapter-zero/OmegaSpiral.csproj]
         /home/adam/Dev/omega-spiral/chapter-zero/Source/Scripts/field/gamepieces/Gamepiece.cs(66,57): error CS1503: Argument 2: cannot convert from 'Directions.Points' to 'Godot.Variant' [/home/adam/Dev/omega-spiral/chapter-zero/OmegaSpiral.csproj]
         /home/adam/Dev/omega-spiral/chapter-zero/Source/Scripts/field/gamepieces/Gamepiece.cs(126,33): error CS0120: An object reference is required for the non-static field, method, or property 'Gameboard.PixelToCell(Vector2)' [/home/adam/Dev/omega-spiral/chapter-zero/OmegaSpiral.csproj]
         /home/adam/Dev/omega-spiral/chapter-zero/Source/Scripts/field/gamepieces/controllers/cursor/PlayerPathDestinationMarker.cs(14,23): error CS8618: Non-nullable field 'trackedGamepiece' must contain a non-null value when exiting constructor. Consider adding the 'required' modifier or declaring the field as nullable. [/home/adam/Dev/omega-spiral/chapter-zero/OmegaSpiral.csproj]
         /home/adam/Dev/omega-spiral/chapter-zero/Source/Scripts/field/gamepieces/controllers/GamepieceController.cs(257,33): error CS0117: 'Gameboard' does not contain a definition for 'Pathfinder' [/home/adam/Dev/omega-spiral/chapter-zero/OmegaSpiral.csproj]
         /home/adam/Dev/omega-spiral/chapter-zero/Source/Scripts/field/gamepieces/Gamepiece.cs(156,33): error CS0120: An object reference is required for the non-static field, method, or property 'Gameboard.PixelToCell(Vector2)' [/home/adam/Dev/omega-spiral/chapter-zero/OmegaSpiral.csproj]
         /home/adam/Dev/omega-spiral/chapter-zero/Source/Scripts/field/Interaction.cs(77,9): error CS0123: No overload for 'OnInputEvent' matches delegate 'CollisionObject2D.InputEventEventHandler' [/home/adam/Dev/omega-spiral/chapter-zero/OmegaSpiral.csproj]
         /home/adam/Dev/omega-spiral/chapter-zero/Source/Scripts/field/gamepieces/controllers/PathLoopAIController.cs(129,26): error CS0120: An object reference is required for the non-static field, method, or property 'Gameboard.PixelToCell(Vector2)' [/home/adam/Dev/omega-spiral/chapter-zero/OmegaSpiral.csproj]
         /home/adam/Dev/omega-spiral/chapter-zero/Source/Scripts/field/gamepieces/controllers/PathLoopAIController.cs(134,26): error CS0120: An object reference is required for the non-static field, method, or property 'Gameboard.PixelToCell(Vector2)' [/home/adam/Dev/omega-spiral/chapter-zero/OmegaSpiral.csproj]
         /home/adam/Dev/omega-spiral/chapter-zero/Source/Scripts/field/gamepieces/controllers/PathLoopAIController.cs(135,26): error CS0120: An object reference is required for the non-static field, method, or property 'Gameboard.PixelToCell(Vector2)' [/home/adam/Dev/omega-spiral/chapter-zero/OmegaSpiral.csproj]
         /home/adam/Dev/omega-spiral/chapter-zero/Source/Scripts/field/gamepieces/controllers/PathLoopAIController.cs(137,41): error CS0117: 'Gameboard' does not contain a definition for 'Pathfinder' [/home/adam/Dev/omega-spiral/chapter-zero/OmegaSpiral.csproj]
         /home/adam/Dev/omega-spiral/chapter-zero/Source/Scripts/field/gamepieces/controllers/PathLoopAIController.cs(140,28): error CS0117: 'Pathfinder' does not contain a definition for 'Flags' [/home/adam/Dev/omega-spiral/chapter-zero/OmegaSpiral.csproj]
         /home/adam/Dev/omega-spiral/chapter-zero/Source/Scripts/field/gamepieces/controllers/PathLoopAIController.cs(140,67): error CS0117: 'Pathfinder' does not contain a definition for 'Flags' [/home/adam/Dev/omega-spiral/chapter-zero/OmegaSpiral.csproj]
         /home/adam/Dev/omega-spiral/chapter-zero/Source/Scripts/field/gamepieces/controllers/PathLoopAIController.cs(153,24): error CS0120: An object reference is required for the non-static field, method, or property 'Gameboard.PixelToCell(Vector2)' [/home/adam/Dev/omega-spiral/chapter-zero/OmegaSpiral.csproj]
         /home/adam/Dev/omega-spiral/chapter-zero/Source/Scripts/field/gamepieces/controllers/PathLoopAIController.cs(154,25): error CS0120: An object reference is required for the non-static field, method, or property 'Gameboard.PixelToCell(Vector2)' [/home/adam/Dev/omega-spiral/chapter-zero/OmegaSpiral.csproj]
         /home/adam/Dev/omega-spiral/chapter-zero/Source/Scripts/field/gamepieces/controllers/PathLoopAIController.cs(159,41): error CS0117: 'Gameboard' does not contain a definition for 'Pathfinder' [/home/adam/Dev/omega-spiral/chapter-zero/OmegaSpiral.csproj]
         /home/adam/Dev/omega-spiral/chapter-zero/Source/Scripts/field/gamepieces/controllers/PathLoopAIController.cs(162,28): error CS0117: 'Pathfinder' does not contain a definition for 'Flags' [/home/adam/Dev/omega-spiral/chapter-zero/OmegaSpiral.csproj]
         /home/adam/Dev/omega-spiral/chapter-zero/Source/Scripts/field/gamepieces/controllers/PathLoopAIController.cs(162,67): error CS0117: 'Pathfinder' does not contain a definition for 'Flags' [/home/adam/Dev/omega-spiral/chapter-zero/OmegaSpiral.csproj]
         /home/adam/Dev/omega-spiral/chapter-zero/Source/Scripts/field/gamepieces/controllers/PathLoopAIController.cs(129,48): error CS8602: Dereference of a possibly null reference. [/home/adam/Dev/omega-spiral/chapter-zero/OmegaSpiral.csproj]
         /home/adam/Dev/omega-spiral/chapter-zero/Source/Scripts/field/gamepieces/controllers/PathLoopAIController.cs(196,27): error CS0117: 'Gameboard' does not contain a definition for 'Pathfinder' [/home/adam/Dev/omega-spiral/chapter-zero/OmegaSpiral.csproj]
         /home/adam/Dev/omega-spiral/chapter-zero/Source/Scripts/field/gamepieces/controllers/PathLoopAIController.cs(200,35): error CS0120: An object reference is required for the non-static field, method, or property 'Gameboard.CellToPixel(Vector2I)' [/home/adam/Dev/omega-spiral/chapter-zero/OmegaSpiral.csproj]
         /home/adam/Dev/omega-spiral/chapter-zero/Source/Scripts/field/gamepieces/controllers/PathLoopAIController.cs(202,32): error CS1061: 'Gamepiece' does not contain a definition for 'MoveTo' and no accessible extension method 'MoveTo' accepting a first argument of type 'Gamepiece' could be found (are you missing a using directive or an assembly reference?) [/home/adam/Dev/omega-spiral/chapter-zero/OmegaSpiral.csproj]
         /home/adam/Dev/omega-spiral/chapter-zero/Source/Scripts/field/gamepieces/controllers/PathLoopAIController.cs(226,32): error CS0117: 'Gameboard' does not contain a definition for 'Pathfinder' [/home/adam/Dev/omega-spiral/chapter-zero/OmegaSpiral.csproj]
         /home/adam/Dev/omega-spiral/chapter-zero/Source/Scripts/field/gamepieces/controllers/PlayerController.cs(173,16): error CS0117: 'Player' does not contain a definition for 'Instance' [/home/adam/Dev/omega-spiral/chapter-zero/OmegaSpiral.csproj]
         /home/adam/Dev/omega-spiral/chapter-zero/Source/Scripts/field/gamepieces/Gamepiece.cs(205,31): error CS0120: An object reference is required for the non-static field, method, or property 'Gameboard.CellToPixel(Vector2I)' [/home/adam/Dev/omega-spiral/chapter-zero/OmegaSpiral.csproj]
         /home/adam/Dev/omega-spiral/chapter-zero/Source/Scripts/field/gamepieces/controllers/PlayerController.cs(192,41): error CS0117: 'Gameboard' does not contain a definition for 'Instance' [/home/adam/Dev/omega-spiral/chapter-zero/OmegaSpiral.csproj]
         /home/adam/Dev/omega-spiral/chapter-zero/Source/Scripts/field/Map.cs(37,13): error CS0103: The name '_debugBoundaries' does not exist in the current context [/home/adam/Dev/omega-spiral/chapter-zero/OmegaSpiral.csproj]
         /home/adam/Dev/omega-spiral/chapter-zero/Source/Scripts/field/gamepieces/controllers/PlayerController.cs(212,34): error CS8625: Cannot convert null literal to non-nullable reference type. [/home/adam/Dev/omega-spiral/chapter-zero/OmegaSpiral.csproj]
         /home/adam/Dev/omega-spiral/chapter-zero/Source/Scripts/field/Map.cs(53,13): error CS0103: The name 'Camera' does not exist in the current context [/home/adam/Dev/omega-spiral/chapter-zero/OmegaSpiral.csproj]
         /home/adam/Dev/omega-spiral/chapter-zero/Source/Scripts/field/Map.cs(54,13): error CS0120: An object reference is required for the non-static field, method, or property 'Gameboard.Properties' [/home/adam/Dev/omega-spiral/chapter-zero/OmegaSpiral.csproj]
         /home/adam/Dev/omega-spiral/chapter-zero/Source/Scripts/field/gamepieces/Gamepiece.cs(269,14): error CS0120: An object reference is required for the non-static field, method, or property 'Gameboard.Properties' [/home/adam/Dev/omega-spiral/chapter-zero/OmegaSpiral.csproj]
         /home/adam/Dev/omega-spiral/chapter-zero/Source/Scripts/field/gamepieces/Gamepiece.cs(275,24): error CS0122: 'Gameboard.IsCellClear(Vector2I)' is inaccessible due to its protection level [/home/adam/Dev/omega-spiral/chapter-zero/OmegaSpiral.csproj]
         /home/adam/Dev/omega-spiral/chapter-zero/Source/Scripts/field/gamepieces/controllers/PlayerController.cs(255,34): error CS8625: Cannot convert null literal to non-nullable reference type. [/home/adam/Dev/omega-spiral/chapter-zero/OmegaSpiral.csproj]
         /home/adam/Dev/omega-spiral/chapter-zero/Source/Scripts/field/gamepieces/controllers/PlayerController.cs(267,38): error CS8625: Cannot convert null literal to non-nullable reference type. [/home/adam/Dev/omega-spiral/chapter-zero/OmegaSpiral.csproj]
         /home/adam/Dev/omega-spiral/chapter-zero/Source/Scripts/field/gamepieces/controllers/PlayerController.cs(312,30): error CS0120: An object reference is required for the non-static field, method, or property 'Gameboard.PixelToCell(Vector2)' [/home/adam/Dev/omega-spiral/chapter-zero/OmegaSpiral.csproj]
         /home/adam/Dev/omega-spiral/chapter-zero/Source/Scripts/field/gamepieces/controllers/PlayerController.cs(325,37): error CS0117: 'Gameboard' does not contain a definition for 'Instance' [/home/adam/Dev/omega-spiral/chapter-zero/OmegaSpiral.csproj]
         /home/adam/Dev/omega-spiral/chapter-zero/Source/Scripts/field/gamepieces/controllers/PlayerController.cs(342,30): error CS0120: An object reference is required for the non-static field, method, or property 'Gameboard.PixelToCell(Vector2)' [/home/adam/Dev/omega-spiral/chapter-zero/OmegaSpiral.csproj]
         /home/adam/Dev/omega-spiral/chapter-zero/Source/Scripts/field/gamepieces/controllers/PlayerController.cs(343,30): error CS0120: An object reference is required for the non-static field, method, or property 'Gameboard.PixelToCell(Vector2)' [/home/adam/Dev/omega-spiral/chapter-zero/OmegaSpiral.csproj]
         /home/adam/Dev/omega-spiral/chapter-zero/Source/Scripts/field/gamepieces/controllers/PlayerController.cs(359,41): error CS0117: 'Gameboard' does not contain a definition for 'Instance' [/home/adam/Dev/omega-spiral/chapter-zero/OmegaSpiral.csproj]
         /home/adam/Dev/omega-spiral/chapter-zero/Source/Scripts/field/gameboard/Gameboard.cs(60,33): error CS8618: Non-nullable field 'properties' must contain a non-null value when exiting constructor. Consider adding the 'required' modifier or declaring the field as nullable. [/home/adam/Dev/omega-spiral/chapter-zero/OmegaSpiral.csproj]
         /home/adam/Dev/omega-spiral/chapter-zero/Source/Scripts/field/Map.cs(16,33): error CS8618: Non-nullable field 'gameboardProperties' must contain a non-null value when exiting constructor. Consider adding the 'required' modifier or declaring the field as nullable. [/home/adam/Dev/omega-spiral/chapter-zero/OmegaSpiral.csproj]
         /home/adam/Dev/omega-spiral/chapter-zero/Source/Scripts/field/gamepieces/GamepieceRegistry.cs(132,16): error CS8620: Argument of type 'Dictionary<Vector2I, Gamepiece>' cannot be used for parameter 'dictionary' of type 'IReadOnlyDictionary<Vector2I, Gamepiece?>' in 'Gamepiece? CollectionExtensions.GetValueOrDefault<Vector2I, Gamepiece?>(IReadOnlyDictionary<Vector2I, Gamepiece?> dictionary, Vector2I key, Gamepiece? defaultValue)' due to differences in the nullability of reference types. [/home/adam/Dev/omega-spiral/chapter-zero/OmegaSpiral.csproj]
         /home/adam/Dev/omega-spiral/chapter-zero/Source/Scripts/field/gamepieces/GamepieceRegistry.cs(132,16): error CS8603: Possible null reference return. [/home/adam/Dev/omega-spiral/chapter-zero/OmegaSpiral.csproj]
         /home/adam/Dev/omega-spiral/chapter-zero/Source/Scripts/field/TileDungeonController.cs(180,36): error CS0103: The name 'TileType' does not exist in the current context [/home/adam/Dev/omega-spiral/chapter-zero/OmegaSpiral.csproj]
         /home/adam/Dev/omega-spiral/chapter-zero/Source/Scripts/field/gamepieces/GamepieceRegistry.cs(252,37): error CS0120: An object reference is required for the non-static field, method, or property 'Gameboard.CellToPixel(Vector2I)' [/home/adam/Dev/omega-spiral/chapter-zero/OmegaSpiral.csproj]
         /home/adam/Dev/omega-spiral/chapter-zero/Source/Scripts/field/gamepieces/GamepieceRegistry.cs(244,29): error CS8600: Converting null literal or possible null value to non-nullable type. [/home/adam/Dev/omega-spiral/chapter-zero/OmegaSpiral.csproj]
         /home/adam/Dev/omega-spiral/chapter-zero/Source/Scripts/field/gamepieces/GamepieceRegistry.cs(262,16): error CS8603: Possible null reference return. [/home/adam/Dev/omega-spiral/chapter-zero/OmegaSpiral.csproj]
         /home/adam/Dev/omega-spiral/chapter-zero/Source/Scripts/field/gamepieces/animation/GamepieceAnimation.cs(58,29): error CS8618: Non-nullable field 'anim' must contain a non-null value when exiting constructor. Consider adding the 'required' modifier or declaring the field as nullable. [/home/adam/Dev/omega-spiral/chapter-zero/OmegaSpiral.csproj]
         /home/adam/Dev/omega-spiral/chapter-zero/Source/Scripts/field/ui/DialogueWindow.cs(24,70): error CS0103: The name 'Show' does not exist in the current context [/home/adam/Dev/omega-spiral/chapter-zero/OmegaSpiral.csproj]
         /home/adam/Dev/omega-spiral/chapter-zero/Source/Scripts/field/ui/DialogueWindow.cs(25,68): error CS0103: The name 'Hide' does not exist in the current context [/home/adam/Dev/omega-spiral/chapter-zero/OmegaSpiral.csproj]
         /home/adam/Dev/omega-spiral/chapter-zero/Source/Scripts/field/ui/DialogueWindow.cs(28,9): error CS0103: The name 'Hide' does not exist in the current context [/home/adam/Dev/omega-spiral/chapter-zero/OmegaSpiral.csproj]
         /home/adam/Dev/omega-spiral/chapter-zero/Source/Scripts/field/ui/inventory/UIInventory.cs(69,16): error CS8603: Possible null reference return. [/home/adam/Dev/omega-spiral/chapter-zero/OmegaSpiral.csproj]
         /home/adam/Dev/omega-spiral/chapter-zero/Source/Scripts/field/ui/UIDialogue.cs(57,31): error CS8618: Non-nullable field 'dialogueText' must contain a non-null value when exiting constructor. Consider adding the 'required' modifier or declaring the field as nullable. [/home/adam/Dev/omega-spiral/chapter-zero/OmegaSpiral.csproj]
         /home/adam/Dev/omega-spiral/chapter-zero/Source/Scripts/field/ui/UIDialogue.cs(62,23): error CS8618: Non-nullable field 'characterNameLabel' must contain a non-null value when exiting constructor. Consider adding the 'required' modifier or declaring the field as nullable. [/home/adam/Dev/omega-spiral/chapter-zero/OmegaSpiral.csproj]
         /home/adam/Dev/omega-spiral/chapter-zero/Source/Scripts/field/ui/UIDialogue.cs(67,29): error CS8618: Non-nullable field 'characterPortrait' must contain a non-null value when exiting constructor. Consider adding the 'required' modifier or declaring the field as nullable. [/home/adam/Dev/omega-spiral/chapter-zero/OmegaSpiral.csproj]
         /home/adam/Dev/omega-spiral/chapter-zero/Source/Scripts/field/ui/UIDialogue.cs(72,31): error CS8618: Non-nullable field 'choicesContainer' must contain a non-null value when exiting constructor. Consider adding the 'required' modifier or declaring the field as nullable. [/home/adam/Dev/omega-spiral/chapter-zero/OmegaSpiral.csproj]
         /home/adam/Dev/omega-spiral/chapter-zero/Source/Scripts/field/ui/UIDialogue.cs(77,25): error CS8618: Non-nullable field 'continueIndicator' must contain a non-null value when exiting constructor. Consider adding the 'required' modifier or declaring the field as nullable. [/home/adam/Dev/omega-spiral/chapter-zero/OmegaSpiral.csproj]
         /home/adam/Dev/omega-spiral/chapter-zero/Source/Scripts/field/ui/UIDialogue.cs(87,27): error CS8618: Non-nullable field 'currentSpeaker' must contain a non-null value when exiting constructor. Consider adding the 'required' modifier or declaring the field as nullable. [/home/adam/Dev/omega-spiral/chapter-zero/OmegaSpiral.csproj]
         /home/adam/Dev/omega-spiral/chapter-zero/Source/Scripts/field/ui/UIDialogue.cs(118,29): error CS8618: Non-nullable field 'typewriterTimer' must contain a non-null value when exiting constructor. Consider adding the 'required' modifier or declaring the field as nullable. [/home/adam/Dev/omega-spiral/chapter-zero/OmegaSpiral.csproj]
         /home/adam/Dev/omega-spiral/chapter-zero/Source/Scripts/field/PixelCombatController.cs(257,9): error CS0246: The type or namespace name 'DreamweaverType' could not be found (are you missing a using directive or an assembly reference?) [/home/adam/Dev/omega-spiral/chapter-zero/OmegaSpiral.csproj]
         /home/adam/Dev/omega-spiral/chapter-zero/Source/Scripts/field/PixelCombatController.cs(257,36): error CS0103: The name 'DreamweaverType' does not exist in the current context [/home/adam/Dev/omega-spiral/chapter-zero/OmegaSpiral.csproj]
         /home/adam/Dev/omega-spiral/chapter-zero/Source/Scripts/field/PixelCombatController.cs(274,13): error CS0103: The name 'DreamweaverType' does not exist in the current context [/home/adam/Dev/omega-spiral/chapter-zero/OmegaSpiral.csproj]
         /home/adam/Dev/omega-spiral/chapter-zero/Source/Scripts/field/PixelCombatController.cs(274,38): error CS0103: The name 'DreamweaverThread' does not exist in the current context [/home/adam/Dev/omega-spiral/chapter-zero/OmegaSpiral.csproj]
         /home/adam/Dev/omega-spiral/chapter-zero/Source/Scripts/field/PixelCombatController.cs(275,13): error CS0103: The name 'DreamweaverType' does not exist in the current context [/home/adam/Dev/omega-spiral/chapter-zero/OmegaSpiral.csproj]
         /home/adam/Dev/omega-spiral/chapter-zero/Source/Scripts/field/PixelCombatController.cs(275,41): error CS0103: The name 'DreamweaverThread' does not exist in the current context [/home/adam/Dev/omega-spiral/chapter-zero/OmegaSpiral.csproj]
         /home/adam/Dev/omega-spiral/chapter-zero/Source/Scripts/field/PixelCombatController.cs(276,13): error CS0103: The name 'DreamweaverType' does not exist in the current context [/home/adam/Dev/omega-spiral/chapter-zero/OmegaSpiral.csproj]
         /home/adam/Dev/omega-spiral/chapter-zero/Source/Scripts/field/PixelCombatController.cs(276,38): error CS0103: The name 'DreamweaverThread' does not exist in the current context [/home/adam/Dev/omega-spiral/chapter-zero/OmegaSpiral.csproj]
         /home/adam/Dev/omega-spiral/chapter-zero/Source/Scripts/field/PixelCombatController.cs(277,18): error CS0103: The name 'DreamweaverThread' does not exist in the current context [/home/adam/Dev/omega-spiral/chapter-zero/OmegaSpiral.csproj]
         /home/adam/Dev/omega-spiral/chapter-zero/Source/Scripts/field/gamepieces/controllers/PlayerController.cs(27,25): error CS8618: Non-nullable field 'targetInteraction' must contain a non-null value when exiting constructor. Consider adding the 'required' modifier or declaring the field as nullable. [/home/adam/Dev/omega-spiral/chapter-zero/OmegaSpiral.csproj]
         /home/adam/Dev/omega-spiral/chapter-zero/Source/Scripts/field/gamepieces/controllers/PlayerController.cs(32,21): error CS8618: Non-nullable field 'activeTrigger' must contain a non-null value when exiting constructor. Consider adding the 'required' modifier or declaring the field as nullable. [/home/adam/Dev/omega-spiral/chapter-zero/OmegaSpiral.csproj]
         /home/adam/Dev/omega-spiral/chapter-zero/Source/Scripts/field/gamepieces/controllers/PlayerController.cs(45,20): error CS8618: Non-nullable field 'interactionSearcher' must contain a non-null value when exiting constructor. Consider adding the 'required' modifier or declaring the field as nullable. [/home/adam/Dev/omega-spiral/chapter-zero/OmegaSpiral.csproj]
         /home/adam/Dev/omega-spiral/chapter-zero/Source/Scripts/field/gamepieces/controllers/PlayerController.cs(50,30): error CS8618: Non-nullable field 'interactionShape' must contain a non-null value when exiting constructor. Consider adding the 'required' modifier or declaring the field as nullable. [/home/adam/Dev/omega-spiral/chapter-zero/OmegaSpiral.csproj]
         /home/adam/Dev/omega-spiral/chapter-zero/Source/Scripts/field/gamepieces/controllers/PlayerController.cs(56,20): error CS8618: Non-nullable field 'playerCollision' must contain a non-null value when exiting constructor. Consider adding the 'required' modifier or declaring the field as nullable. [/home/adam/Dev/omega-spiral/chapter-zero/OmegaSpiral.csproj]
         /home/adam/Dev/omega-spiral/chapter-zero/Tests/StatePersistenceTests.cs(31,44): error CS0103: The name 'DreamweaverThread' does not exist in the current context [/home/adam/Dev/omega-spiral/chapter-zero/OmegaSpiral.csproj]
         /home/adam/Dev/omega-spiral/chapter-zero/Tests/StatePersistenceTests.cs(57,16): error CS0117: 'Assert' does not contain a definition for 'AreEqual' [/home/adam/Dev/omega-spiral/chapter-zero/OmegaSpiral.csproj]
         /home/adam/Dev/omega-spiral/chapter-zero/Tests/StatePersistenceTests.cs(58,16): error CS0117: 'Assert' does not contain a definition for 'AreEqual' [/home/adam/Dev/omega-spiral/chapter-zero/OmegaSpiral.csproj]
         /home/adam/Dev/omega-spiral/chapter-zero/Tests/StatePersistenceTests.cs(59,25): error CS0103: The name 'DreamweaverThread' does not exist in the current context [/home/adam/Dev/omega-spiral/chapter-zero/OmegaSpiral.csproj]
         /home/adam/Dev/omega-spiral/chapter-zero/Tests/StatePersistenceTests.cs(59,16): error CS0117: 'Assert' does not contain a definition for 'AreEqual' [/home/adam/Dev/omega-spiral/chapter-zero/OmegaSpiral.csproj]
         /home/adam/Dev/omega-spiral/chapter-zero/Tests/StatePersistenceTests.cs(75,27): error CS1061: 'SceneManager' does not contain a definition for 'AddShard' and no accessible extension method 'AddShard' accepting a first argument of type 'SceneManager' could be found (are you missing a using directive or an assembly reference?) [/home/adam/Dev/omega-spiral/chapter-zero/OmegaSpiral.csproj]
         /home/adam/Dev/omega-spiral/chapter-zero/Tests/StatePersistenceTests.cs(78,16): error CS0117: 'Assert' does not contain a definition for 'AreEqual' [/home/adam/Dev/omega-spiral/chapter-zero/OmegaSpiral.csproj]
         /home/adam/Dev/omega-spiral/chapter-zero/Tests/StatePersistenceTests.cs(79,16): error CS1501: No overload for method 'Contains' takes 3 arguments [/home/adam/Dev/omega-spiral/chapter-zero/OmegaSpiral.csproj]
         /home/adam/Dev/omega-spiral/chapter-zero/Tests/StatePersistenceTests.cs(99,16): error CS0117: 'Assert' does not contain a definition for 'AreEqual' [/home/adam/Dev/omega-spiral/chapter-zero/OmegaSpiral.csproj]
         /home/adam/Dev/omega-spiral/chapter-zero/Tests/SaveLoadTests.cs(36,44): error CS0103: The name 'DreamweaverThread' does not exist in the current context [/home/adam/Dev/omega-spiral/chapter-zero/OmegaSpiral.csproj]
         /home/adam/Dev/omega-spiral/chapter-zero/Tests/SaveLoadTests.cs(42,42): error CS0103: The name 'DreamweaverType' does not exist in the current context [/home/adam/Dev/omega-spiral/chapter-zero/OmegaSpiral.csproj]
         /home/adam/Dev/omega-spiral/chapter-zero/Tests/SaveLoadTests.cs(43,42): error CS0103: The name 'DreamweaverType' does not exist in the current context [/home/adam/Dev/omega-spiral/chapter-zero/OmegaSpiral.csproj]
         /home/adam/Dev/omega-spiral/chapter-zero/Tests/SaveLoadTests.cs(44,42): error CS0103: The name 'DreamweaverType' does not exist in the current context [/home/adam/Dev/omega-spiral/chapter-zero/OmegaSpiral.csproj]
         /home/adam/Dev/omega-spiral/chapter-zero/Tests/SaveLoadTests.cs(45,46): error CS0103: The name 'DreamweaverType' does not exist in the current context [/home/adam/Dev/omega-spiral/chapter-zero/OmegaSpiral.csproj]
         /home/adam/Dev/omega-spiral/chapter-zero/Tests/SaveLoadTests.cs(49,51): error CS0103: The name 'CharacterClass' does not exist in the current context [/home/adam/Dev/omega-spiral/chapter-zero/OmegaSpiral.csproj]
         /home/adam/Dev/omega-spiral/chapter-zero/Tests/SaveLoadTests.cs(49,75): error CS0103: The name 'CharacterRace' does not exist in the current context [/home/adam/Dev/omega-spiral/chapter-zero/OmegaSpiral.csproj]
         /home/adam/Dev/omega-spiral/chapter-zero/Tests/SaveLoadTests.cs(77,16): error CS0117: 'Assert' does not contain a definition for 'IsTrue' [/home/adam/Dev/omega-spiral/chapter-zero/OmegaSpiral.csproj]
         /home/adam/Dev/omega-spiral/chapter-zero/Source/Scripts/field/gamepieces/controllers/PathLoopAIController.cs(32,20): error CS8618: Non-nullable field 'pathToFollow' must contain a non-null value when exiting constructor. Consider adding the 'required' modifier or declaring the field as nullable. [/home/adam/Dev/omega-spiral/chapter-zero/OmegaSpiral.csproj]
         /home/adam/Dev/omega-spiral/chapter-zero/Source/Scripts/field/gamepieces/controllers/PathLoopAIController.cs(41,25): error CS8618: Non-nullable field 'timer' must contain a non-null value when exiting constructor. Consider adding the 'required' modifier or declaring the field as nullable. [/home/adam/Dev/omega-spiral/chapter-zero/OmegaSpiral.csproj]
         /home/adam/Dev/omega-spiral/chapter-zero/Tests/StatePersistenceTests.cs(116,31): error CS1061: 'SceneManager' does not contain a definition for 'ValidateStateForTransition' and no accessible extension method 'ValidateStateForTransition' accepting a first argument of type 'SceneManager' could be found (are you missing a using directive or an assembly reference?) [/home/adam/Dev/omega-spiral/chapter-zero/OmegaSpiral.csproj]
         /home/adam/Dev/omega-spiral/chapter-zero/Tests/StatePersistenceTests.cs(115,16): error CS0117: 'Assert' does not contain a definition for 'IsFalse' [/home/adam/Dev/omega-spiral/chapter-zero/OmegaSpiral.csproj]
         /home/adam/Dev/omega-spiral/chapter-zero/Tests/StatePersistenceTests.cs(124,31): error CS1061: 'SceneManager' does not contain a definition for 'ValidateStateForTransition' and no accessible extension method 'ValidateStateForTransition' accepting a first argument of type 'SceneManager' could be found (are you missing a using directive or an assembly reference?) [/home/adam/Dev/omega-spiral/chapter-zero/OmegaSpiral.csproj]
         /home/adam/Dev/omega-spiral/chapter-zero/Tests/StatePersistenceTests.cs(123,16): error CS0117: 'Assert' does not contain a definition for 'IsTrue' [/home/adam/Dev/omega-spiral/chapter-zero/OmegaSpiral.csproj]
         /home/adam/Dev/omega-spiral/chapter-zero/Tests/StatePersistenceTests.cs(139,55): error CS0103: The name 'CharacterClass' does not exist in the current context [/home/adam/Dev/omega-spiral/chapter-zero/OmegaSpiral.csproj]
         /home/adam/Dev/omega-spiral/chapter-zero/Tests/StatePersistenceTests.cs(139,79): error CS0103: The name 'CharacterRace' does not exist in the current context [/home/adam/Dev/omega-spiral/chapter-zero/OmegaSpiral.csproj]
         /home/adam/Dev/omega-spiral/chapter-zero/Tests/StatePersistenceTests.cs(146,16): error CS0117: 'Assert' does not contain a definition for 'AreEqual' [/home/adam/Dev/omega-spiral/chapter-zero/OmegaSpiral.csproj]
         /home/adam/Dev/omega-spiral/chapter-zero/Tests/StatePersistenceTests.cs(147,16): error CS0117: 'Assert' does not contain a definition for 'AreEqual' [/home/adam/Dev/omega-spiral/chapter-zero/OmegaSpiral.csproj]
         /home/adam/Dev/omega-spiral/chapter-zero/Tests/SaveLoadTests.cs(93,16): error CS0117: 'Assert' does not contain a definition for 'IsTrue' [/home/adam/Dev/omega-spiral/chapter-zero/OmegaSpiral.csproj]
         /home/adam/Dev/omega-spiral/chapter-zero/Tests/SaveLoadTests.cs(99,16): error CS0117: 'Assert' does not contain a definition for 'IsNotNull' [/home/adam/Dev/omega-spiral/chapter-zero/OmegaSpiral.csproj]
         /home/adam/Dev/omega-spiral/chapter-zero/Tests/SaveLoadTests.cs(100,16): error CS0117: 'Assert' does not contain a definition for 'IsInstanceOf' [/home/adam/Dev/omega-spiral/chapter-zero/OmegaSpiral.csproj]
         /home/adam/Dev/omega-spiral/chapter-zero/Tests/SaveLoadTests.cs(103,16): error CS0117: 'Assert' does not contain a definition for 'IsTrue' [/home/adam/Dev/omega-spiral/chapter-zero/OmegaSpiral.csproj]
         /home/adam/Dev/omega-spiral/chapter-zero/Tests/SaveLoadTests.cs(106,16): error CS0117: 'Assert' does not contain a definition for 'AreEqual' [/home/adam/Dev/omega-spiral/chapter-zero/OmegaSpiral.csproj]
         /home/adam/Dev/omega-spiral/chapter-zero/Tests/SaveLoadTests.cs(107,16): error CS0117: 'Assert' does not contain a definition for 'AreEqual' [/home/adam/Dev/omega-spiral/chapter-zero/OmegaSpiral.csproj]
         /home/adam/Dev/omega-spiral/chapter-zero/Tests/SaveLoadTests.cs(108,16): error CS0117: 'Assert' does not contain a definition for 'AreEqual' [/home/adam/Dev/omega-spiral/chapter-zero/OmegaSpiral.csproj]
         /home/adam/Dev/omega-spiral/chapter-zero/Tests/SaveLoadTests.cs(124,16): error CS0117: 'Assert' does not contain a definition for 'IsFalse' [/home/adam/Dev/omega-spiral/chapter-zero/OmegaSpiral.csproj]
         /home/adam/Dev/omega-spiral/chapter-zero/Source/Scripts/field/ui/popups/UIPopup.cs(79,31): error CS8618: Non-nullable field 'anim' must contain a non-null value when exiting constructor. Consider adding the 'required' modifier or declaring the field as nullable. [/home/adam/Dev/omega-spiral/chapter-zero/OmegaSpiral.csproj]
         /home/adam/Dev/omega-spiral/chapter-zero/Source/Scripts/field/ui/popups/UIPopup.cs(80,24): error CS8618: Non-nullable field 'sprite' must contain a non-null value when exiting constructor. Consider adding the 'required' modifier or declaring the field as nullable. [/home/adam/Dev/omega-spiral/chapter-zero/OmegaSpiral.csproj]
         /home/adam/Dev/omega-spiral/chapter-zero/Tests/SaveLoadTests.cs(138,16): error CS0117: 'Assert' does not contain a definition for 'IsTrue' [/home/adam/Dev/omega-spiral/chapter-zero/OmegaSpiral.csproj]
         /home/adam/Dev/omega-spiral/chapter-zero/Tests/SaveLoadTests.cs(147,16): error CS0117: 'Assert' does not contain a definition for 'IsTrue' [/home/adam/Dev/omega-spiral/chapter-zero/OmegaSpiral.csproj]
         /home/adam/Dev/omega-spiral/chapter-zero/Tests/SaveLoadTests.cs(148,16): error CS0117: 'Assert' does not contain a definition for 'AreEqual' [/home/adam/Dev/omega-spiral/chapter-zero/OmegaSpiral.csproj]
         /home/adam/Dev/omega-spiral/chapter-zero/Tests/SaveLoadTests.cs(149,16): error CS0117: 'Assert' does not contain a definition for 'AreEqual' [/home/adam/Dev/omega-spiral/chapter-zero/OmegaSpiral.csproj]
         /home/adam/Dev/omega-spiral/chapter-zero/Tests/SaveLoadTests.cs(150,16): error CS0117: 'Assert' does not contain a definition for 'AreEqual' [/home/adam/Dev/omega-spiral/chapter-zero/OmegaSpiral.csproj]
         /home/adam/Dev/omega-spiral/chapter-zero/Tests/SaveLoadTests.cs(151,16): error CS0117: 'Assert' does not contain a definition for 'AreEqual' [/home/adam/Dev/omega-spiral/chapter-zero/OmegaSpiral.csproj]
         /home/adam/Dev/omega-spiral/chapter-zero/Tests/SaveLoadTests.cs(152,16): error CS0117: 'Assert' does not contain a definition for 'AreEqual' [/home/adam/Dev/omega-spiral/chapter-zero/OmegaSpiral.csproj]
         /home/adam/Dev/omega-spiral/chapter-zero/Tests/SaveLoadTests.cs(172,16): error CS0117: 'Assert' does not contain a definition for 'IsFalse' [/home/adam/Dev/omega-spiral/chapter-zero/OmegaSpiral.csproj]
         /home/adam/Dev/omega-spiral/chapter-zero/Tests/SaveLoadTests.cs(192,16): error CS0117: 'Assert' does not contain a definition for 'Greater' [/home/adam/Dev/omega-spiral/chapter-zero/OmegaSpiral.csproj]
         /home/adam/Dev/omega-spiral/chapter-zero/Source/Scripts/field/ui/inventory/UIInventory.cs(22,25): error CS8618: Non-nullable field 'itemScene' must contain a non-null value when exiting constructor. Consider adding the 'required' modifier or declaring the field as nullable. [/home/adam/Dev/omega-spiral/chapter-zero/OmegaSpiral.csproj]
         /home/adam/Dev/omega-spiral/chapter-zero/Source/Scripts/field/gamepieces/controllers/GamepieceController.cs(143,23): error CS8618: Non-nullable field 'gamepiece' must contain a non-null value when exiting constructor. Consider adding the 'required' modifier or declaring the field as nullable. [/home/adam/Dev/omega-spiral/chapter-zero/OmegaSpiral.csproj]
         /home/adam/Dev/omega-spiral/chapter-zero/Tests/SaveLoadTests.cs(213,46): error CS0103: The name 'DreamweaverType' does not exist in the current context [/home/adam/Dev/omega-spiral/chapter-zero/OmegaSpiral.csproj]
         /home/adam/Dev/omega-spiral/chapter-zero/Tests/SaveLoadTests.cs(214,47): error CS0103: The name 'DreamweaverType' does not exist in the current context [/home/adam/Dev/omega-spiral/chapter-zero/OmegaSpiral.csproj]
         /home/adam/Dev/omega-spiral/chapter-zero/Tests/SaveLoadTests.cs(212,16): error CS0117: 'Assert' does not contain a definition for 'AreEqual' [/home/adam/Dev/omega-spiral/chapter-zero/OmegaSpiral.csproj]
         /home/adam/Dev/omega-spiral/chapter-zero/Tests/SaveLoadTests.cs(217,46): error CS0103: The name 'DreamweaverType' does not exist in the current context [/home/adam/Dev/omega-spiral/chapter-zero/OmegaSpiral.csproj]
         /home/adam/Dev/omega-spiral/chapter-zero/Tests/SaveLoadTests.cs(218,47): error CS0103: The name 'DreamweaverType' does not exist in the current context [/home/adam/Dev/omega-spiral/chapter-zero/OmegaSpiral.csproj]
         /home/adam/Dev/omega-spiral/chapter-zero/Tests/SaveLoadTests.cs(216,16): error CS0117: 'Assert' does not contain a definition for 'AreEqual' [/home/adam/Dev/omega-spiral/chapter-zero/OmegaSpiral.csproj]
         /home/adam/Dev/omega-spiral/chapter-zero/Tests/SaveLoadTests.cs(221,46): error CS0103: The name 'DreamweaverType' does not exist in the current context [/home/adam/Dev/omega-spiral/chapter-zero/OmegaSpiral.csproj]
         /home/adam/Dev/omega-spiral/chapter-zero/Tests/SaveLoadTests.cs(222,47): error CS0103: The name 'DreamweaverType' does not exist in the current context [/home/adam/Dev/omega-spiral/chapter-zero/OmegaSpiral.csproj]
         /home/adam/Dev/omega-spiral/chapter-zero/Tests/SaveLoadTests.cs(220,16): error CS0117: 'Assert' does not contain a definition for 'AreEqual' [/home/adam/Dev/omega-spiral/chapter-zero/OmegaSpiral.csproj]
         /home/adam/Dev/omega-spiral/chapter-zero/Tests/SaveLoadTests.cs(243,16): error CS0117: 'Assert' does not contain a definition for 'AreEqual' [/home/adam/Dev/omega-spiral/chapter-zero/OmegaSpiral.csproj]
         /home/adam/Dev/omega-spiral/chapter-zero/Tests/SaveLoadTests.cs(244,16): error CS0117: 'Assert' does not contain a definition for 'AreEqual' [/home/adam/Dev/omega-spiral/chapter-zero/OmegaSpiral.csproj]
         /home/adam/Dev/omega-spiral/chapter-zero/Source/Scripts/field/gamepieces/GamepieceRegistry.cs(39,37): error CS8618: Non-nullable property 'Instance' must contain a non-null value when exiting constructor. Consider adding the 'required' modifier or declaring the property as nullable. [/home/adam/Dev/omega-spiral/chapter-zero/OmegaSpiral.csproj]
         /home/adam/Dev/omega-spiral/chapter-zero/Source/Scripts/field/ui/inventory/UIInventoryItem.cs(21,19): error CS8618: Non-nullable field 'countLabel' must contain a non-null value when exiting constructor. Consider adding the 'required' modifier or declaring the field as nullable. [/home/adam/Dev/omega-spiral/chapter-zero/OmegaSpiral.csproj]
         /home/adam/Dev/omega-spiral/chapter-zero/Source/Scripts/combat/ui/UICombatLog.cs(173,54): error CS1061: 'BattlerAction' does not contain a definition for 'Name' and no accessible extension method 'Name' accepting a first argument of type 'BattlerAction' could be found (are you missing a using directive or an assembly reference?) [/home/adam/Dev/omega-spiral/chapter-zero/OmegaSpiral.csproj]
         /home/adam/Dev/omega-spiral/chapter-zero/Source/Scripts/common/DialogicIntegration.cs(80,17): error CS0019: Operator '!=' cannot be applied to operands of type 'Variant' and '<null>' [/home/adam/Dev/omega-spiral/chapter-zero/OmegaSpiral.csproj]
         /home/adam/Dev/omega-spiral/chapter-zero/Source/Scripts/common/DialogicIntegration.cs(82,36): error CS1061: 'Variant' does not contain a definition for 'Call' and no accessible extension method 'Call' accepting a first argument of type 'Variant' could be found (are you missing a using directive or an assembly reference?) [/home/adam/Dev/omega-spiral/chapter-zero/OmegaSpiral.csproj]
         /home/adam/Dev/omega-spiral/chapter-zero/Source/Scripts/common/DialogicIntegration.cs(94,17): error CS0019: Operator '!=' cannot be applied to operands of type 'Variant' and '<null>' [/home/adam/Dev/omega-spiral/chapter-zero/OmegaSpiral.csproj]
         /home/adam/Dev/omega-spiral/chapter-zero/Source/Scripts/common/DialogicIntegration.cs(96,43): error CS1061: 'Variant' does not contain a definition for 'Call' and no accessible extension method 'Call' accepting a first argument of type 'Variant' could be found (are you missing a using directive or an assembly reference?) [/home/adam/Dev/omega-spiral/chapter-zero/OmegaSpiral.csproj]
         /home/adam/Dev/omega-spiral/chapter-zero/Source/Scripts/common/DialogicIntegration.cs(177,35): error CS1998: This async method lacks 'await' operators and will run synchronously. Consider using the 'await' operator to await non-blocking API calls, or 'await Task.Run(...)' to do CPU-bound work on a background thread. [/home/adam/Dev/omega-spiral/chapter-zero/OmegaSpiral.csproj]
         /home/adam/Dev/omega-spiral/chapter-zero/Source/Scripts/common/Music.cs(210,20): error CS8603: Possible null reference return. [/home/adam/Dev/omega-spiral/chapter-zero/OmegaSpiral.csproj]
         /home/adam/Dev/omega-spiral/chapter-zero/Source/Scripts/common/Music.cs(281,17): error CS0266: Cannot implicitly convert type 'double' to 'float'. An explicit conversion exists (are you missing a cast?) [/home/adam/Dev/omega-spiral/chapter-zero/OmegaSpiral.csproj]
         /home/adam/Dev/omega-spiral/chapter-zero/Source/Scripts/combat/ui/UICombatLog.cs(27,31): error CS8618: Non-nullable field 'logContainer' must contain a non-null value when exiting constructor. Consider adding the 'required' modifier or declaring the field as nullable. [/home/adam/Dev/omega-spiral/chapter-zero/OmegaSpiral.csproj]
         /home/adam/Dev/omega-spiral/chapter-zero/Source/Scripts/common/Music.cs(57,35): error CS8618: Non-nullable field 'currentMusicPlayer' must contain a non-null value when exiting constructor. Consider adding the 'required' modifier or declaring the field as nullable. [/home/adam/Dev/omega-spiral/chapter-zero/OmegaSpiral.csproj]
         /home/adam/Dev/omega-spiral/chapter-zero/Source/Scripts/common/Music.cs(62,35): error CS8618: Non-nullable field 'nextMusicPlayer' must contain a non-null value when exiting constructor. Consider adding the 'required' modifier or declaring the field as nullable. [/home/adam/Dev/omega-spiral/chapter-zero/OmegaSpiral.csproj]
         /home/adam/Dev/omega-spiral/chapter-zero/Source/Scripts/common/Music.cs(67,35): error CS8618: Non-nullable field 'sfxPlayer' must contain a non-null value when exiting constructor. Consider adding the 'required' modifier or declaring the field as nullable. [/home/adam/Dev/omega-spiral/chapter-zero/OmegaSpiral.csproj]
         /home/adam/Dev/omega-spiral/chapter-zero/Source/Scripts/common/Music.cs(77,29): error CS8618: Non-nullable field 'crossfadeTimer' must contain a non-null value when exiting constructor. Consider adding the 'required' modifier or declaring the field as nullable. [/home/adam/Dev/omega-spiral/chapter-zero/OmegaSpiral.csproj]
         /home/adam/Dev/omega-spiral/chapter-zero/Source/Scripts/common/Music.cs(22,29): error CS8618: Non-nullable property 'Instance' must contain a non-null value when exiting constructor. Consider adding the 'required' modifier or declaring the property as nullable. [/home/adam/Dev/omega-spiral/chapter-zero/OmegaSpiral.csproj]
         /home/adam/Dev/omega-spiral/chapter-zero/Source/Scripts/field/narrative/DreamweaverPersona.cs(369,57): error CS1503: Argument 2: cannot convert from 'System.StringComparison' to 'int' [/home/adam/Dev/omega-spiral/chapter-zero/OmegaSpiral.csproj]
         /home/adam/Dev/omega-spiral/chapter-zero/Source/Scripts/field/narrative/DreamweaverPersona.cs(373,35): error CS0246: The type or namespace name 'JsonSerializerOptions' could not be found (are you missing a using directive or an assembly reference?) [/home/adam/Dev/omega-spiral/chapter-zero/OmegaSpiral.csproj]
         /home/adam/Dev/omega-spiral/chapter-zero/Source/Scripts/field/narrative/DreamweaverPersona.cs(374,37): error CS0103: The name 'JsonSerializer' does not exist in the current context [/home/adam/Dev/omega-spiral/chapter-zero/OmegaSpiral.csproj]
         CSC : error CA9998: FxCopAnalyzers package has been deprecated in favor of 'Microsoft.CodeAnalysis.NetAnalyzers', that ships with the .NET SDK. Please refer to https://docs.microsoft.com/visualstudio/code-quality/migrate-from-fxcop-analyzers-to-net-analyzers to migrate to .NET analyzers. (https://docs.microsoft.com/visualstudio/code-quality/migrate-from-fxcop-analyzers-to-net-analyzers) [/home/adam/Dev/omega-spiral/chapter-zero/OmegaSpiral.csproj]
         CSC : error CA1016: Mark assemblies with assembly version (https://docs.microsoft.com/dotnet/fundamentals/code-analysis/quality-rules/ca1016) [/home/adam/Dev/omega-spiral/chapter-zero/OmegaSpiral.csproj]
         CSC : error CA9998: FxCopAnalyzers package has been deprecated in favor of 'Microsoft.CodeAnalysis.NetAnalyzers', that ships with the .NET SDK. Please refer to https://docs.microsoft.com/visualstudio/code-quality/migrate-from-fxcop-analyzers-to-net-analyzers to migrate to .NET analyzers. (https://docs.microsoft.com/visualstudio/code-quality/migrate-from-fxcop-analyzers-to-net-analyzers) [/home/adam/Dev/omega-spiral/chapter-zero/OmegaSpiral.csproj]
         CSC : error CA9998: FxCopAnalyzers package has been deprecated in favor of 'Microsoft.CodeAnalysis.NetAnalyzers', that ships with the .NET SDK. Please refer to https://docs.microsoft.com/visualstudio/code-quality/migrate-from-fxcop-analyzers-to-net-analyzers to migrate to .NET analyzers. (https://docs.microsoft.com/visualstudio/code-quality/migrate-from-fxcop-analyzers-to-net-analyzers) [/home/adam/Dev/omega-spiral/chapter-zero/OmegaSpiral.csproj]
         /home/adam/Dev/omega-spiral/chapter-zero/Source/Scripts/field/DungeonSequenceData.cs(116,22): error CA2227: Change 'YamlPlayerStartPosition' to be read-only by removing the property setter (https://docs.microsoft.com/dotnet/fundamentals/code-analysis/quality-rules/ca2227) [/home/adam/Dev/omega-spiral/chapter-zero/OmegaSpiral.csproj]
         /home/adam/Dev/omega-spiral/chapter-zero/Source/Scripts/common/music/MusicPlayer.cs(9,22): error SA1601: Partial elements should be documented (https://github.com/DotNetAnalyzers/StyleCopAnalyzers/blob/master/documentation/SA1601.md) [/home/adam/Dev/omega-spiral/chapter-zero/OmegaSpiral.csproj]
         /home/adam/Dev/omega-spiral/chapter-zero/Source/Scripts/combat/ui/battler_entry/UIEnergyBar.cs(35,17): error SA1201: A field should not follow a property (https://github.com/DotNetAnalyzers/StyleCopAnalyzers/blob/master/documentation/SA1201.md) [/home/adam/Dev/omega-spiral/chapter-zero/OmegaSpiral.csproj]
         /home/adam/Dev/omega-spiral/chapter-zero/Source/Scripts/combat/ui/battler_entry/UIEnergyBar.cs(69,17): error SA1201: A field should not follow a property (https://github.com/DotNetAnalyzers/StyleCopAnalyzers/blob/master/documentation/SA1201.md) [/home/adam/Dev/omega-spiral/chapter-zero/OmegaSpiral.csproj]
         /home/adam/Dev/omega-spiral/chapter-zero/Source/Scripts/field/narrative/DreamweaverPersona.cs(5,1): error SA1200: Using directive should appear within a namespace declaration (https://github.com/DotNetAnalyzers/StyleCopAnalyzers/blob/master/documentation/SA1200.md) [/home/adam/Dev/omega-spiral/chapter-zero/OmegaSpiral.csproj]
         /home/adam/Dev/omega-spiral/chapter-zero/Source/Scripts/field/narrative/DreamweaverPersona.cs(6,1): error SA1200: Using directive should appear within a namespace declaration (https://github.com/DotNetAnalyzers/StyleCopAnalyzers/blob/master/documentation/SA1200.md) [/home/adam/Dev/omega-spiral/chapter-zero/OmegaSpiral.csproj]
         /home/adam/Dev/omega-spiral/chapter-zero/Source/Scripts/field/narrative/DreamweaverPersona.cs(7,1): error SA1200: Using directive should appear within a namespace declaration (https://github.com/DotNetAnalyzers/StyleCopAnalyzers/blob/master/documentation/SA1200.md) [/home/adam/Dev/omega-spiral/chapter-zero/OmegaSpiral.csproj]
         /home/adam/Dev/omega-spiral/chapter-zero/Source/Scripts/field/narrative/DreamweaverPersona.cs(8,1): error SA1200: Using directive should appear within a namespace declaration (https://github.com/DotNetAnalyzers/StyleCopAnalyzers/blob/master/documentation/SA1200.md) [/home/adam/Dev/omega-spiral/chapter-zero/OmegaSpiral.csproj]
         /home/adam/Dev/omega-spiral/chapter-zero/Source/Scripts/field/narrative/DreamweaverPersona.cs(9,1): error SA1200: Using directive should appear within a namespace declaration (https://github.com/DotNetAnalyzers/StyleCopAnalyzers/blob/master/documentation/SA1200.md) [/home/adam/Dev/omega-spiral/chapter-zero/OmegaSpiral.csproj]
         /home/adam/Dev/omega-spiral/chapter-zero/Source/Scripts/field/narrative/DreamweaverPersona.cs(10,1): error SA1200: Using directive should appear within a namespace declaration (https://github.com/DotNetAnalyzers/StyleCopAnalyzers/blob/master/documentation/SA1200.md) [/home/adam/Dev/omega-spiral/chapter-zero/OmegaSpiral.csproj]
         /home/adam/Dev/omega-spiral/chapter-zero/Source/Scripts/field/narrative/DreamweaverPersona.cs(11,1): error SA1200: Using directive should appear within a namespace declaration (https://github.com/DotNetAnalyzers/StyleCopAnalyzers/blob/master/documentation/SA1200.md) [/home/adam/Dev/omega-spiral/chapter-zero/OmegaSpiral.csproj]
         /home/adam/Dev/omega-spiral/chapter-zero/Source/Scripts/field/DungeonSequenceData.cs(184,22): error CA2227: Change 'YamlPosition' to be read-only by removing the property setter (https://docs.microsoft.com/dotnet/fundamentals/code-analysis/quality-rules/ca2227) [/home/adam/Dev/omega-spiral/chapter-zero/OmegaSpiral.csproj]
         /home/adam/Dev/omega-spiral/chapter-zero/Source/Scripts/field/narrative/DreamweaverSystem.cs(5,1): error SA1200: Using directive should appear within a namespace declaration (https://github.com/DotNetAnalyzers/StyleCopAnalyzers/blob/master/documentation/SA1200.md) [/home/adam/Dev/omega-spiral/chapter-zero/OmegaSpiral.csproj]
         /home/adam/Dev/omega-spiral/chapter-zero/Source/Scripts/field/narrative/DreamweaverSystem.cs(6,1): error SA1200: Using directive should appear within a namespace declaration (https://github.com/DotNetAnalyzers/StyleCopAnalyzers/blob/master/documentation/SA1200.md) [/home/adam/Dev/omega-spiral/chapter-zero/OmegaSpiral.csproj]
         /home/adam/Dev/omega-spiral/chapter-zero/Source/Scripts/field/narrative/DreamweaverSystem.cs(7,1): error SA1200: Using directive should appear within a namespace declaration (https://github.com/DotNetAnalyzers/StyleCopAnalyzers/blob/master/documentation/SA1200.md) [/home/adam/Dev/omega-spiral/chapter-zero/OmegaSpiral.csproj]
         /home/adam/Dev/omega-spiral/chapter-zero/Source/Scripts/field/narrative/DreamweaverSystem.cs(8,1): error SA1200: Using directive should appear within a namespace declaration (https://github.com/DotNetAnalyzers/StyleCopAnalyzers/blob/master/documentation/SA1200.md) [/home/adam/Dev/omega-spiral/chapter-zero/OmegaSpiral.csproj]
         /home/adam/Dev/omega-spiral/chapter-zero/Source/Scripts/field/narrative/DreamweaverSystem.cs(9,1): error SA1200: Using directive should appear within a namespace declaration (https://github.com/DotNetAnalyzers/StyleCopAnalyzers/blob/master/documentation/SA1200.md) [/home/adam/Dev/omega-spiral/chapter-zero/OmegaSpiral.csproj]
         /home/adam/Dev/omega-spiral/chapter-zero/Source/Scripts/field/narrative/DreamweaverSystem.cs(10,1): error SA1200: Using directive should appear within a namespace declaration (https://github.com/DotNetAnalyzers/StyleCopAnalyzers/blob/master/documentation/SA1200.md) [/home/adam/Dev/omega-spiral/chapter-zero/OmegaSpiral.csproj]
         /home/adam/Dev/omega-spiral/chapter-zero/Source/Scripts/field/narrative/DreamweaverSystem.cs(11,1): error SA1200: Using directive should appear within a namespace declaration (https://github.com/DotNetAnalyzers/StyleCopAnalyzers/blob/master/documentation/SA1200.md) [/home/adam/Dev/omega-spiral/chapter-zero/OmegaSpiral.csproj]
         /home/adam/Dev/omega-spiral/chapter-zero/Source/overworld/maps/forest/GameEndTrigger.cs(28,24): error SA1201: A field should not follow a property (https://github.com/DotNetAnalyzers/StyleCopAnalyzers/blob/master/documentation/SA1201.md) [/home/adam/Dev/omega-spiral/chapter-zero/OmegaSpiral.csproj]
         /home/adam/Dev/omega-spiral/chapter-zero/Source/Scripts/combat/ui/battler_entry/UIEnergyPoint.cs(21,25): error SA1203: Constant fields should appear before non-constant fields (https://github.com/DotNetAnalyzers/StyleCopAnalyzers/blob/master/documentation/SA1203.md) [/home/adam/Dev/omega-spiral/chapter-zero/OmegaSpiral.csproj]
         /home/adam/Dev/omega-spiral/chapter-zero/Source/overworld/maps/house/WandPedestalInteraction.cs(56,17): error SA1201: A field should not follow a property (https://github.com/DotNetAnalyzers/StyleCopAnalyzers/blob/master/documentation/SA1201.md) [/home/adam/Dev/omega-spiral/chapter-zero/OmegaSpiral.csproj]
         /home/adam/Dev/omega-spiral/chapter-zero/Source/Scripts/combat/actors/CombatTurnQueue.cs(10,22): error SA1601: Partial elements should be documented (https://github.com/DotNetAnalyzers/StyleCopAnalyzers/blob/master/documentation/SA1601.md) [/home/adam/Dev/omega-spiral/chapter-zero/OmegaSpiral.csproj]
         /home/adam/Dev/omega-spiral/chapter-zero/Source/Scripts/combat/actors/CombatTurnQueue.cs(24,17): error SA1201: A field should not follow a property (https://github.com/DotNetAnalyzers/StyleCopAnalyzers/blob/master/documentation/SA1201.md) [/home/adam/Dev/omega-spiral/chapter-zero/OmegaSpiral.csproj]
         /home/adam/Dev/omega-spiral/chapter-zero/Source/Scripts/combat/actors/CombatTurnQueue.cs(141,28): error SA1202: 'public' members should come before 'private' members (https://github.com/DotNetAnalyzers/StyleCopAnalyzers/blob/master/documentation/SA1202.md) [/home/adam/Dev/omega-spiral/chapter-zero/OmegaSpiral.csproj]
         /home/adam/Dev/omega-spiral/chapter-zero/Source/Scripts/combat/ui/battler_entry/UIPlayerBattlerList.cs(64,26): error SA1202: 'public' members should come before 'private' members (https://github.com/DotNetAnalyzers/StyleCopAnalyzers/blob/master/documentation/SA1202.md) [/home/adam/Dev/omega-spiral/chapter-zero/OmegaSpiral.csproj]
         /home/adam/Dev/omega-spiral/chapter-zero/Source/Scripts/combat/ui/battler_entry/UIPlayerBattlerList.cs(22,26): error CA2227: Change 'Battlers' to be read-only by removing the property setter (https://docs.microsoft.com/dotnet/fundamentals/code-analysis/quality-rules/ca2227) [/home/adam/Dev/omega-spiral/chapter-zero/OmegaSpiral.csproj]
         /home/adam/Dev/omega-spiral/chapter-zero/Source/Scripts/combat/actors/CombatTurnQueue.cs(16,52): error SA1611: The documentation for parameter 'hasPlayerWon' is missing (https://github.com/DotNetAnalyzers/StyleCopAnalyzers/blob/master/documentation/SA1611.md) [/home/adam/Dev/omega-spiral/chapter-zero/OmegaSpiral.csproj]
         /home/adam/Dev/omega-spiral/chapter-zero/Source/Scripts/field/FieldCamera.cs(34,23): error SA1201: A field should not follow a property (https://github.com/DotNetAnalyzers/StyleCopAnalyzers/blob/master/documentation/SA1201.md) [/home/adam/Dev/omega-spiral/chapter-zero/OmegaSpiral.csproj]
         /home/adam/Dev/omega-spiral/chapter-zero/Source/Scripts/field/Interaction.cs(207,28): error SA1202: 'protected' members should come before 'private' members (https://github.com/DotNetAnalyzers/StyleCopAnalyzers/blob/master/documentation/SA1202.md) [/home/adam/Dev/omega-spiral/chapter-zero/OmegaSpiral.csproj]
         /home/adam/Dev/omega-spiral/chapter-zero/Source/Scripts/combat/CombatSceneData.cs(55,18): error SA1402: File may only contain a single type (https://github.com/DotNetAnalyzers/StyleCopAnalyzers/blob/master/documentation/SA1402.md) [/home/adam/Dev/omega-spiral/chapter-zero/OmegaSpiral.csproj]
         /home/adam/Dev/omega-spiral/chapter-zero/Source/Scripts/combat/CombatSceneData.cs(103,18): error SA1402: File may only contain a single type (https://github.com/DotNetAnalyzers/StyleCopAnalyzers/blob/master/documentation/SA1402.md) [/home/adam/Dev/omega-spiral/chapter-zero/OmegaSpiral.csproj]
         /home/adam/Dev/omega-spiral/chapter-zero/Source/Scripts/combat/ui/cursors/UIBattlerTargetCursor.cs(40,27): error SA1201: A field should not follow a property (https://github.com/DotNetAnalyzers/StyleCopAnalyzers/blob/master/documentation/SA1201.md) [/home/adam/Dev/omega-spiral/chapter-zero/OmegaSpiral.csproj]
         /home/adam/Dev/omega-spiral/chapter-zero/Source/Scripts/combat/ui/cursors/UIBattlerTargetCursor.cs(112,21): error SA1201: A field should not follow a property (https://github.com/DotNetAnalyzers/StyleCopAnalyzers/blob/master/documentation/SA1201.md) [/home/adam/Dev/omega-spiral/chapter-zero/OmegaSpiral.csproj]
         /home/adam/Dev/omega-spiral/chapter-zero/Source/Scripts/combat/ui/cursors/UIBattlerTargetCursor.cs(133,26): error SA1201: A field should not follow a property (https://github.com/DotNetAnalyzers/StyleCopAnalyzers/blob/master/documentation/SA1201.md) [/home/adam/Dev/omega-spiral/chapter-zero/OmegaSpiral.csproj]
         /home/adam/Dev/omega-spiral/chapter-zero/Source/Scripts/combat/ui/cursors/UIBattlerTargetCursor.cs(45,26): error CA2227: Change 'Targets' to be read-only by removing the property setter (https://docs.microsoft.com/dotnet/fundamentals/code-analysis/quality-rules/ca2227) [/home/adam/Dev/omega-spiral/chapter-zero/OmegaSpiral.csproj]
         /home/adam/Dev/omega-spiral/chapter-zero/Source/Scripts/combat/ui/cursors/UIBattlerTargetCursor.cs(114,20): error SA1600: Elements should be documented (https://github.com/DotNetAnalyzers/StyleCopAnalyzers/blob/master/documentation/SA1600.md) [/home/adam/Dev/omega-spiral/chapter-zero/OmegaSpiral.csproj]
         /home/adam/Dev/omega-spiral/chapter-zero/Source/Scripts/combat/ui/cursors/UIBattlerTargetCursor.cs(31,87): error SA1611: The documentation for parameter 'selection' is missing (https://github.com/DotNetAnalyzers/StyleCopAnalyzers/blob/master/documentation/SA1611.md) [/home/adam/Dev/omega-spiral/chapter-zero/OmegaSpiral.csproj]
         /home/adam/Dev/omega-spiral/chapter-zero/Source/overworld/maps/town/ConversationEncounter.cs(99,32): error SA1202: 'public' members should come before 'protected' members (https://github.com/DotNetAnalyzers/StyleCopAnalyzers/blob/master/documentation/SA1202.md) [/home/adam/Dev/omega-spiral/chapter-zero/OmegaSpiral.csproj]
         /home/adam/Dev/omega-spiral/chapter-zero/Source/Scripts/field/FieldEvents.cs(24,63): error SA1611: The documentation for parameter 'cell' is missing (https://github.com/DotNetAnalyzers/StyleCopAnalyzers/blob/master/documentation/SA1611.md) [/home/adam/Dev/omega-spiral/chapter-zero/OmegaSpiral.csproj]
         /home/adam/Dev/omega-spiral/chapter-zero/Source/Scripts/field/FieldEvents.cs(23,96): error SA1404: Code analysis suppression should have justification (https://github.com/DotNetAnalyzers/StyleCopAnalyzers/blob/master/documentation/SA1404.md) [/home/adam/Dev/omega-spiral/chapter-zero/OmegaSpiral.csproj]
         /home/adam/Dev/omega-spiral/chapter-zero/Source/Scripts/field/FieldEvents.cs(31,60): error SA1611: The documentation for parameter 'cell' is missing (https://github.com/DotNetAnalyzers/StyleCopAnalyzers/blob/master/documentation/SA1611.md) [/home/adam/Dev/omega-spiral/chapter-zero/OmegaSpiral.csproj]
         /home/adam/Dev/omega-spiral/chapter-zero/Source/Scripts/field/FieldEvents.cs(30,96): error SA1404: Code analysis suppression should have justification (https://github.com/DotNetAnalyzers/StyleCopAnalyzers/blob/master/documentation/SA1404.md) [/home/adam/Dev/omega-spiral/chapter-zero/OmegaSpiral.csproj]
         /home/adam/Dev/omega-spiral/chapter-zero/Source/Scripts/field/FieldEvents.cs(38,70): error SA1611: The documentation for parameter 'interaction' is missing (https://github.com/DotNetAnalyzers/StyleCopAnalyzers/blob/master/documentation/SA1611.md) [/home/adam/Dev/omega-spiral/chapter-zero/OmegaSpiral.csproj]
         /home/adam/Dev/omega-spiral/chapter-zero/Source/Scripts/field/FieldEvents.cs(37,96): error SA1404: Code analysis suppression should have justification (https://github.com/DotNetAnalyzers/StyleCopAnalyzers/blob/master/documentation/SA1404.md) [/home/adam/Dev/omega-spiral/chapter-zero/OmegaSpiral.csproj]
         /home/adam/Dev/omega-spiral/chapter-zero/Source/Scripts/field/Map.cs(48,26): error SA1202: 'public' members should come before 'private' members (https://github.com/DotNetAnalyzers/StyleCopAnalyzers/blob/master/documentation/SA1202.md) [/home/adam/Dev/omega-spiral/chapter-zero/OmegaSpiral.csproj]
         /home/adam/Dev/omega-spiral/chapter-zero/Source/Scripts/field/FieldEvents.cs(46,66): error SA1611: The documentation for parameter 'arena' is missing (https://github.com/DotNetAnalyzers/StyleCopAnalyzers/blob/master/documentation/SA1611.md) [/home/adam/Dev/omega-spiral/chapter-zero/OmegaSpiral.csproj]
         /home/adam/Dev/omega-spiral/chapter-zero/Source/Scripts/field/FieldEvents.cs(45,96): error SA1404: Code analysis suppression should have justification (https://github.com/DotNetAnalyzers/StyleCopAnalyzers/blob/master/documentation/SA1404.md) [/home/adam/Dev/omega-spiral/chapter-zero/OmegaSpiral.csproj]
         /home/adam/Dev/omega-spiral/chapter-zero/Source/Scripts/combat/battlers/Battler.cs(69,25): error SA1201: A field should not follow a delegate (https://github.com/DotNetAnalyzers/StyleCopAnalyzers/blob/master/documentation/SA1201.md) [/home/adam/Dev/omega-spiral/chapter-zero/OmegaSpiral.csproj]
         /home/adam/Dev/omega-spiral/chapter-zero/Source/Scripts/combat/battlers/Battler.cs(84,25): error SA1201: A field should not follow a property (https://github.com/DotNetAnalyzers/StyleCopAnalyzers/blob/master/documentation/SA1201.md) [/home/adam/Dev/omega-spiral/chapter-zero/OmegaSpiral.csproj]
         /home/adam/Dev/omega-spiral/chapter-zero/Source/Scripts/combat/battlers/Battler.cs(142,25): error SA1201: A field should not follow a method (https://github.com/DotNetAnalyzers/StyleCopAnalyzers/blob/master/documentation/SA1201.md) [/home/adam/Dev/omega-spiral/chapter-zero/OmegaSpiral.csproj]
         /home/adam/Dev/omega-spiral/chapter-zero/Source/Scripts/combat/battlers/Battler.cs(189,25): error SA1201: A field should not follow a property (https://github.com/DotNetAnalyzers/StyleCopAnalyzers/blob/master/documentation/SA1201.md) [/home/adam/Dev/omega-spiral/chapter-zero/OmegaSpiral.csproj]
         /home/adam/Dev/omega-spiral/chapter-zero/Source/Scripts/combat/battlers/Battler.cs(239,18): error SA1201: A field should not follow a method (https://github.com/DotNetAnalyzers/StyleCopAnalyzers/blob/master/documentation/SA1201.md) [/home/adam/Dev/omega-spiral/chapter-zero/OmegaSpiral.csproj]
         /home/adam/Dev/omega-spiral/chapter-zero/Source/Scripts/combat/battlers/Battler.cs(276,18): error SA1201: A field should not follow a property (https://github.com/DotNetAnalyzers/StyleCopAnalyzers/blob/master/documentation/SA1201.md) [/home/adam/Dev/omega-spiral/chapter-zero/OmegaSpiral.csproj]
         /home/adam/Dev/omega-spiral/chapter-zero/Source/Scripts/combat/battlers/Battler.cs(291,19): error SA1201: A field should not follow a property (https://github.com/DotNetAnalyzers/StyleCopAnalyzers/blob/master/documentation/SA1201.md) [/home/adam/Dev/omega-spiral/chapter-zero/OmegaSpiral.csproj]
         /home/adam/Dev/omega-spiral/chapter-zero/Source/Scripts/combat/battlers/Battler.cs(302,18): error SA1201: A field should not follow a property (https://github.com/DotNetAnalyzers/StyleCopAnalyzers/blob/master/documentation/SA1201.md) [/home/adam/Dev/omega-spiral/chapter-zero/OmegaSpiral.csproj]
         /home/adam/Dev/omega-spiral/chapter-zero/Source/Scripts/combat/battlers/Battler.cs(322,18): error SA1201: A field should not follow a property (https://github.com/DotNetAnalyzers/StyleCopAnalyzers/blob/master/documentation/SA1201.md) [/home/adam/Dev/omega-spiral/chapter-zero/OmegaSpiral.csproj]
         /home/adam/Dev/omega-spiral/chapter-zero/Source/Scripts/combat/battlers/Battler.cs(340,19): error SA1201: A field should not follow a property (https://github.com/DotNetAnalyzers/StyleCopAnalyzers/blob/master/documentation/SA1201.md) [/home/adam/Dev/omega-spiral/chapter-zero/OmegaSpiral.csproj]
         /home/adam/Dev/omega-spiral/chapter-zero/Source/Scripts/combat/battlers/Battler.cs(427,17): error SA1202: 'public' members should come before 'private' members (https://github.com/DotNetAnalyzers/StyleCopAnalyzers/blob/master/documentation/SA1202.md) [/home/adam/Dev/omega-spiral/chapter-zero/OmegaSpiral.csproj]
         /home/adam/Dev/omega-spiral/chapter-zero/Source/Scripts/field/FieldEvents.cs(53,96): error SA1404: Code analysis suppression should have justification (https://github.com/DotNetAnalyzers/StyleCopAnalyzers/blob/master/documentation/SA1404.md) [/home/adam/Dev/omega-spiral/chapter-zero/OmegaSpiral.csproj]
         /home/adam/Dev/omega-spiral/chapter-zero/Source/Scripts/combat/battlers/Battler.cs(82,28): error CA1819: Properties should not return arrays (https://docs.microsoft.com/dotnet/fundamentals/code-analysis/quality-rules/ca1819) [/home/adam/Dev/omega-spiral/chapter-zero/OmegaSpiral.csproj]
         /home/adam/Dev/omega-spiral/chapter-zero/Source/Scripts/field/FieldEvents.cs(60,96): error SA1404: Code analysis suppression should have justification (https://github.com/DotNetAnalyzers/StyleCopAnalyzers/blob/master/documentation/SA1404.md) [/home/adam/Dev/omega-spiral/chapter-zero/OmegaSpiral.csproj]
         /home/adam/Dev/omega-spiral/chapter-zero/Source/Scripts/field/FieldEvents.cs(69,55): error SA1611: The documentation for parameter 'isPaused' is missing (https://github.com/DotNetAnalyzers/StyleCopAnalyzers/blob/master/documentation/SA1611.md) [/home/adam/Dev/omega-spiral/chapter-zero/OmegaSpiral.csproj]
         /home/adam/Dev/omega-spiral/chapter-zero/Source/Scripts/field/FieldEvents.cs(68,96): error SA1404: Code analysis suppression should have justification (https://github.com/DotNetAnalyzers/StyleCopAnalyzers/blob/master/documentation/SA1404.md) [/home/adam/Dev/omega-spiral/chapter-zero/OmegaSpiral.csproj]
         /home/adam/Dev/omega-spiral/chapter-zero/Source/Scripts/field/narrative/DialogueChoice.cs(37,12): error SA1201: A constructor should not follow a property (https://github.com/DotNetAnalyzers/StyleCopAnalyzers/blob/master/documentation/SA1201.md) [/home/adam/Dev/omega-spiral/chapter-zero/OmegaSpiral.csproj]
         /home/adam/Dev/omega-spiral/chapter-zero/Source/overworld/maps/town/DoorUnlockInteraction.cs(21,30): error SA1201: A field should not follow a property (https://github.com/DotNetAnalyzers/StyleCopAnalyzers/blob/master/documentation/SA1201.md) [/home/adam/Dev/omega-spiral/chapter-zero/OmegaSpiral.csproj]
         /home/adam/Dev/omega-spiral/chapter-zero/Source/Scripts/field/narrative/DreamweaverChoice.cs(45,45): error CA2227: Change 'AlignmentBonus' to be read-only by removing the property setter (https://docs.microsoft.com/dotnet/fundamentals/code-analysis/quality-rules/ca2227) [/home/adam/Dev/omega-spiral/chapter-zero/OmegaSpiral.csproj]
         /home/adam/Dev/omega-spiral/chapter-zero/Source/Scripts/combat/battlers/Battler.cs(39,54): error SA1611: The documentation for parameter 'value' is missing (https://github.com/DotNetAnalyzers/StyleCopAnalyzers/blob/master/documentation/SA1611.md) [/home/adam/Dev/omega-spiral/chapter-zero/OmegaSpiral.csproj]
         /home/adam/Dev/omega-spiral/chapter-zero/Source/Scripts/combat/battlers/Battler.cs(51,61): error SA1611: The documentation for parameter 'newValue' is missing (https://github.com/DotNetAnalyzers/StyleCopAnalyzers/blob/master/documentation/SA1611.md) [/home/adam/Dev/omega-spiral/chapter-zero/OmegaSpiral.csproj]
         /home/adam/Dev/omega-spiral/chapter-zero/Source/Scripts/field/narrative/NarrativeSceneData.cs(25,25): error CA2227: Change 'OpeningLines' to be read-only by removing the property setter (https://docs.microsoft.com/dotnet/fundamentals/code-analysis/quality-rules/ca2227) [/home/adam/Dev/omega-spiral/chapter-zero/OmegaSpiral.csproj]
         /home/adam/Dev/omega-spiral/chapter-zero/Source/Scripts/field/narrative/NarrativeSceneData.cs(37,29): error CA2227: Change 'StoryBlocks' to be read-only by removing the property setter (https://docs.microsoft.com/dotnet/fundamentals/code-analysis/quality-rules/ca2227) [/home/adam/Dev/omega-spiral/chapter-zero/OmegaSpiral.csproj]
         /home/adam/Dev/omega-spiral/chapter-zero/Source/Scripts/combat/battlers/Battler.cs(64,60): error SA1611: The documentation for parameter 'value' is missing (https://github.com/DotNetAnalyzers/StyleCopAnalyzers/blob/master/documentation/SA1611.md) [/home/adam/Dev/omega-spiral/chapter-zero/OmegaSpiral.csproj]
         /home/adam/Dev/omega-spiral/chapter-zero/Source/Scripts/field/narrative/NarrativeSceneData.cs(75,36): error CA2227: Change 'Options' to be read-only by removing the property setter (https://docs.microsoft.com/dotnet/fundamentals/code-analysis/quality-rules/ca2227) [/home/adam/Dev/omega-spiral/chapter-zero/OmegaSpiral.csproj]
         /home/adam/Dev/omega-spiral/chapter-zero/Source/Scripts/field/narrative/NarrativeSceneData.cs(101,31): error CA2227: Change 'Choices' to be read-only by removing the property setter (https://docs.microsoft.com/dotnet/fundamentals/code-analysis/quality-rules/ca2227) [/home/adam/Dev/omega-spiral/chapter-zero/OmegaSpiral.csproj]
         /home/adam/Dev/omega-spiral/chapter-zero/Source/Scripts/combat/battlers/BattlerAnim.cs(14,5): error SA1602: Enumeration items should be documented (https://github.com/DotNetAnalyzers/StyleCopAnalyzers/blob/master/documentation/SA1602.md) [/home/adam/Dev/omega-spiral/chapter-zero/OmegaSpiral.csproj]
         /home/adam/Dev/omega-spiral/chapter-zero/Source/Scripts/combat/battlers/BattlerAnim.cs(13,5): error SA1602: Enumeration items should be documented (https://github.com/DotNetAnalyzers/StyleCopAnalyzers/blob/master/documentation/SA1602.md) [/home/adam/Dev/omega-spiral/chapter-zero/OmegaSpiral.csproj]
         /home/adam/Dev/omega-spiral/chapter-zero/Source/Scripts/field/narrative/NarrativeSceneData.cs(89,25): error CA2227: Change 'Paragraphs' to be read-only by removing the property setter (https://docs.microsoft.com/dotnet/fundamentals/code-analysis/quality-rules/ca2227) [/home/adam/Dev/omega-spiral/chapter-zero/OmegaSpiral.csproj]
         /home/adam/Dev/omega-spiral/chapter-zero/Source/Scripts/combat/ui/effect_labels/UIDamageLabel.cs(57,17): error SA1201: A field should not follow a property (https://github.com/DotNetAnalyzers/StyleCopAnalyzers/blob/master/documentation/SA1201.md) [/home/adam/Dev/omega-spiral/chapter-zero/OmegaSpiral.csproj]
         /home/adam/Dev/omega-spiral/chapter-zero/Source/Scripts/combat/ui/effect_labels/UIDamageLabel.cs(92,19): error SA1201: A field should not follow a property (https://github.com/DotNetAnalyzers/StyleCopAnalyzers/blob/master/documentation/SA1201.md) [/home/adam/Dev/omega-spiral/chapter-zero/OmegaSpiral.csproj]
         /home/adam/Dev/omega-spiral/chapter-zero/Source/Scripts/common/Player.cs(29,23): error SA1201: A field should not follow a delegate (https://github.com/DotNetAnalyzers/StyleCopAnalyzers/blob/master/documentation/SA1201.md) [/home/adam/Dev/omega-spiral/chapter-zero/OmegaSpiral.csproj]
         /home/adam/Dev/omega-spiral/chapter-zero/Source/overworld/maps/town/FanInteraction.cs(20,24): error SA1201: A field should not follow a property (https://github.com/DotNetAnalyzers/StyleCopAnalyzers/blob/master/documentation/SA1201.md) [/home/adam/Dev/omega-spiral/chapter-zero/OmegaSpiral.csproj]
         /home/adam/Dev/omega-spiral/chapter-zero/Source/overworld/maps/town/FanInteraction.cs(119,26): error SA1202: 'public' members should come before 'private' members (https://github.com/DotNetAnalyzers/StyleCopAnalyzers/blob/master/documentation/SA1202.md) [/home/adam/Dev/omega-spiral/chapter-zero/OmegaSpiral.csproj]
         /home/adam/Dev/omega-spiral/chapter-zero/Source/Scripts/field/gameboard/Gameboard.cs(40,37): error SA1201: A field should not follow a delegate (https://github.com/DotNetAnalyzers/StyleCopAnalyzers/blob/master/documentation/SA1201.md) [/home/adam/Dev/omega-spiral/chapter-zero/OmegaSpiral.csproj]
         /home/adam/Dev/omega-spiral/chapter-zero/Source/Scripts/field/gameboard/Gameboard.cs(60,33): error SA1201: A field should not follow a property (https://github.com/DotNetAnalyzers/StyleCopAnalyzers/blob/master/documentation/SA1201.md) [/home/adam/Dev/omega-spiral/chapter-zero/OmegaSpiral.csproj]
         /home/adam/Dev/omega-spiral/chapter-zero/Source/Scripts/field/gameboard/Gameboard.cs(42,22): error SA1203: Constant fields should appear before non-constant fields (https://github.com/DotNetAnalyzers/StyleCopAnalyzers/blob/master/documentation/SA1203.md) [/home/adam/Dev/omega-spiral/chapter-zero/OmegaSpiral.csproj]
         /home/adam/Dev/omega-spiral/chapter-zero/Source/Scripts/field/gameboard/Gameboard.cs(159,34): error SA1204: Static members should appear before non-static members (https://github.com/DotNetAnalyzers/StyleCopAnalyzers/blob/master/documentation/SA1204.md) [/home/adam/Dev/omega-spiral/chapter-zero/OmegaSpiral.csproj]
         /home/adam/Dev/omega-spiral/chapter-zero/Source/Scripts/field/gameboard/Gameboard.cs(42,22): error SA1600: Elements should be documented (https://github.com/DotNetAnalyzers/StyleCopAnalyzers/blob/master/documentation/SA1600.md) [/home/adam/Dev/omega-spiral/chapter-zero/OmegaSpiral.csproj]
         /home/adam/Dev/omega-spiral/chapter-zero/Source/Scripts/common/Player.cs(27,62): error SA1611: The documentation for parameter 'gamepiece' is missing (https://github.com/DotNetAnalyzers/StyleCopAnalyzers/blob/master/documentation/SA1611.md) [/home/adam/Dev/omega-spiral/chapter-zero/OmegaSpiral.csproj]
         /home/adam/Dev/omega-spiral/chapter-zero/Source/Scripts/common/Player.cs(27,82): error SA1611: The documentation for parameter 'destinationCell' is missing (https://github.com/DotNetAnalyzers/StyleCopAnalyzers/blob/master/documentation/SA1611.md) [/home/adam/Dev/omega-spiral/chapter-zero/OmegaSpiral.csproj]
         /home/adam/Dev/omega-spiral/chapter-zero/Source/Scripts/field/gameboard/Gameboard.cs(35,90): error SA1611: The documentation for parameter 'addedCells' is missing (https://github.com/DotNetAnalyzers/StyleCopAnalyzers/blob/master/documentation/SA1611.md) [/home/adam/Dev/omega-spiral/chapter-zero/OmegaSpiral.csproj]
         /home/adam/Dev/omega-spiral/chapter-zero/Source/Scripts/field/gameboard/Gameboard.cs(35,136): error SA1611: The documentation for parameter 'removedCells' is missing (https://github.com/DotNetAnalyzers/StyleCopAnalyzers/blob/master/documentation/SA1611.md) [/home/adam/Dev/omega-spiral/chapter-zero/OmegaSpiral.csproj]
         /home/adam/Dev/omega-spiral/chapter-zero/Source/Scripts/combat/battlers/BattlerAnim.cs(53,30): error SA1201: A field should not follow a property (https://github.com/DotNetAnalyzers/StyleCopAnalyzers/blob/master/documentation/SA1201.md) [/home/adam/Dev/omega-spiral/chapter-zero/OmegaSpiral.csproj]
         /home/adam/Dev/omega-spiral/chapter-zero/Source/Scripts/combat/battlers/BattlerAnim.cs(82,20): error SA1201: A field should not follow a property (https://github.com/DotNetAnalyzers/StyleCopAnalyzers/blob/master/documentation/SA1201.md) [/home/adam/Dev/omega-spiral/chapter-zero/OmegaSpiral.csproj]
         /home/adam/Dev/omega-spiral/chapter-zero/Source/Scripts/combat/ui/effect_labels/UIEffectLabelBuilder.cs(17,24): error SA1600: Elements should be documented (https://github.com/DotNetAnalyzers/StyleCopAnalyzers/blob/master/documentation/SA1600.md) [/home/adam/Dev/omega-spiral/chapter-zero/OmegaSpiral.csproj]
         /home/adam/Dev/omega-spiral/chapter-zero/Source/Scripts/combat/ui/effect_labels/UIEffectLabelBuilder.cs(20,24): error SA1600: Elements should be documented (https://github.com/DotNetAnalyzers/StyleCopAnalyzers/blob/master/documentation/SA1600.md) [/home/adam/Dev/omega-spiral/chapter-zero/OmegaSpiral.csproj]
         /home/adam/Dev/omega-spiral/chapter-zero/Source/Scripts/combat/battlers/BattlerAnim.cs(45,63): error SA1611: The documentation for parameter 'name' is missing (https://github.com/DotNetAnalyzers/StyleCopAnalyzers/blob/master/documentation/SA1611.md) [/home/adam/Dev/omega-spiral/chapter-zero/OmegaSpiral.csproj]
         /home/adam/Dev/omega-spiral/chapter-zero/Source/Scripts/combat/ui/list_menu/UIListMenu.cs(26,18): error SA1201: A field should not follow a property (https://github.com/DotNetAnalyzers/StyleCopAnalyzers/blob/master/documentation/SA1201.md) [/home/adam/Dev/omega-spiral/chapter-zero/OmegaSpiral.csproj]
         /home/adam/Dev/omega-spiral/chapter-zero/Source/Scripts/combat/ui/list_menu/UIListMenu.cs(49,32): error SA1201: A field should not follow a property (https://github.com/DotNetAnalyzers/StyleCopAnalyzers/blob/master/documentation/SA1201.md) [/home/adam/Dev/omega-spiral/chapter-zero/OmegaSpiral.csproj]
         /home/adam/Dev/omega-spiral/chapter-zero/Source/Scripts/combat/ui/list_menu/UIListMenu.cs(49,32): error CA1051: Do not declare visible instance fields (https://docs.microsoft.com/dotnet/fundamentals/code-analysis/quality-rules/ca1051) [/home/adam/Dev/omega-spiral/chapter-zero/OmegaSpiral.csproj]
         /home/adam/Dev/omega-spiral/chapter-zero/Source/Scripts/combat/ui/list_menu/UIListMenu.cs(49,32): error SA1401: Field should be private (https://github.com/DotNetAnalyzers/StyleCopAnalyzers/blob/master/documentation/SA1401.md) [/home/adam/Dev/omega-spiral/chapter-zero/OmegaSpiral.csproj]
         /home/adam/Dev/omega-spiral/chapter-zero/Source/Scripts/combat/ui/list_menu/UIListMenu.cs(49,32): error SA1600: Elements should be documented (https://github.com/DotNetAnalyzers/StyleCopAnalyzers/blob/master/documentation/SA1600.md) [/home/adam/Dev/omega-spiral/chapter-zero/OmegaSpiral.csproj]
         /home/adam/Dev/omega-spiral/chapter-zero/Source/Scripts/common/screen_transitions/ScreenTransition.cs(32,35): error SA1201: A field should not follow a delegate (https://github.com/DotNetAnalyzers/StyleCopAnalyzers/blob/master/documentation/SA1201.md) [/home/adam/Dev/omega-spiral/chapter-zero/OmegaSpiral.csproj]
         /home/adam/Dev/omega-spiral/chapter-zero/Source/Scripts/common/screen_transitions/ScreenTransition.cs(137,23): error SA1202: 'public' members should come before 'private' members (https://github.com/DotNetAnalyzers/StyleCopAnalyzers/blob/master/documentation/SA1202.md) [/home/adam/Dev/omega-spiral/chapter-zero/OmegaSpiral.csproj]
         /home/adam/Dev/omega-spiral/chapter-zero/Source/overworld/maps/town/StrangeTreeInteraction.cs(69,23): error SA1202: 'public' members should come before 'private' members (https://github.com/DotNetAnalyzers/StyleCopAnalyzers/blob/master/documentation/SA1202.md) [/home/adam/Dev/omega-spiral/chapter-zero/OmegaSpiral.csproj]
         /home/adam/Dev/omega-spiral/chapter-zero/Source/Scripts/combat/actions/BattlerAction.cs(14,5): error SA1602: Enumeration items should be documented (https://github.com/DotNetAnalyzers/StyleCopAnalyzers/blob/master/documentation/SA1602.md) [/home/adam/Dev/omega-spiral/chapter-zero/OmegaSpiral.csproj]
         /home/adam/Dev/omega-spiral/chapter-zero/Source/Scripts/combat/actions/BattlerAction.cs(15,5): error CA1720: Identifier 'Single' contains type name (https://docs.microsoft.com/dotnet/fundamentals/code-analysis/quality-rules/ca1720) [/home/adam/Dev/omega-spiral/chapter-zero/OmegaSpiral.csproj]
         /home/adam/Dev/omega-spiral/chapter-zero/Source/Scripts/combat/actions/BattlerAction.cs(15,5): error SA1602: Enumeration items should be documented (https://github.com/DotNetAnalyzers/StyleCopAnalyzers/blob/master/documentation/SA1602.md) [/home/adam/Dev/omega-spiral/chapter-zero/OmegaSpiral.csproj]
         /home/adam/Dev/omega-spiral/chapter-zero/Source/Scripts/combat/actions/BattlerAction.cs(16,5): error SA1602: Enumeration items should be documented (https://github.com/DotNetAnalyzers/StyleCopAnalyzers/blob/master/documentation/SA1602.md) [/home/adam/Dev/omega-spiral/chapter-zero/OmegaSpiral.csproj]
         /home/adam/Dev/omega-spiral/chapter-zero/Source/Scripts/field/gameboard/GameboardLayer.cs(37,85): error SA1611: The documentation for parameter 'clearedCells' is missing (https://github.com/DotNetAnalyzers/StyleCopAnalyzers/blob/master/documentation/SA1611.md) [/home/adam/Dev/omega-spiral/chapter-zero/OmegaSpiral.csproj]
         /home/adam/Dev/omega-spiral/chapter-zero/Source/Scripts/field/gameboard/GameboardLayer.cs(37,133): error SA1611: The documentation for parameter 'blockedCells' is missing (https://github.com/DotNetAnalyzers/StyleCopAnalyzers/blob/master/documentation/SA1611.md) [/home/adam/Dev/omega-spiral/chapter-zero/OmegaSpiral.csproj]
         /home/adam/Dev/omega-spiral/chapter-zero/Source/Scripts/combat/ui/turn_bar/UIBattlerIcon.cs(13,22): error SA1601: Partial elements should be documented (https://github.com/DotNetAnalyzers/StyleCopAnalyzers/blob/master/documentation/SA1601.md) [/home/adam/Dev/omega-spiral/chapter-zero/OmegaSpiral.csproj]
         /home/adam/Dev/omega-spiral/chapter-zero/Source/Scripts/combat/ui/turn_bar/UIBattlerIcon.cs(28,58): error SA1201: A field should not follow a enum (https://github.com/DotNetAnalyzers/StyleCopAnalyzers/blob/master/documentation/SA1201.md) [/home/adam/Dev/omega-spiral/chapter-zero/OmegaSpiral.csproj]
         /home/adam/Dev/omega-spiral/chapter-zero/Source/Scripts/combat/ui/turn_bar/UIBattlerIcon.cs(51,23): error SA1201: A field should not follow a property (https://github.com/DotNetAnalyzers/StyleCopAnalyzers/blob/master/documentation/SA1201.md) [/home/adam/Dev/omega-spiral/chapter-zero/OmegaSpiral.csproj]
         /home/adam/Dev/omega-spiral/chapter-zero/Source/Scripts/combat/ui/turn_bar/UIBattlerIcon.cs(83,19): error SA1201: A field should not follow a property (https://github.com/DotNetAnalyzers/StyleCopAnalyzers/blob/master/documentation/SA1201.md) [/home/adam/Dev/omega-spiral/chapter-zero/OmegaSpiral.csproj]
         /home/adam/Dev/omega-spiral/chapter-zero/Source/Scripts/combat/ui/turn_bar/UIBattlerIcon.cs(100,29): error SA1201: A field should not follow a property (https://github.com/DotNetAnalyzers/StyleCopAnalyzers/blob/master/documentation/SA1201.md) [/home/adam/Dev/omega-spiral/chapter-zero/OmegaSpiral.csproj]
         /home/adam/Dev/omega-spiral/chapter-zero/Source/Scripts/combat/battlers/BattlerList.cs(22,23): error SA1201: A field should not follow a delegate (https://github.com/DotNetAnalyzers/StyleCopAnalyzers/blob/master/documentation/SA1201.md) [/home/adam/Dev/omega-spiral/chapter-zero/OmegaSpiral.csproj]
         /home/adam/Dev/omega-spiral/chapter-zero/Source/Scripts/combat/battlers/BattlerList.cs(54,23): error SA1201: A field should not follow a property (https://github.com/DotNetAnalyzers/StyleCopAnalyzers/blob/master/documentation/SA1201.md) [/home/adam/Dev/omega-spiral/chapter-zero/OmegaSpiral.csproj]
         /home/adam/Dev/omega-spiral/chapter-zero/Source/Scripts/combat/battlers/BattlerList.cs(91,12): error SA1201: A constructor should not follow a property (https://github.com/DotNetAnalyzers/StyleCopAnalyzers/blob/master/documentation/SA1201.md) [/home/adam/Dev/omega-spiral/chapter-zero/OmegaSpiral.csproj]
         /home/adam/Dev/omega-spiral/chapter-zero/Source/Scripts/combat/battlers/BattlerList.cs(113,29): error SA1204: Static members should appear before non-static members (https://github.com/DotNetAnalyzers/StyleCopAnalyzers/blob/master/documentation/SA1204.md) [/home/adam/Dev/omega-spiral/chapter-zero/OmegaSpiral.csproj]
         /home/adam/Dev/omega-spiral/chapter-zero/Source/Scripts/combat/battlers/BattlerList.cs(27,22): error CA1819: Properties should not return arrays (https://docs.microsoft.com/dotnet/fundamentals/code-analysis/quality-rules/ca1819) [/home/adam/Dev/omega-spiral/chapter-zero/OmegaSpiral.csproj]
         /home/adam/Dev/omega-spiral/chapter-zero/Source/Scripts/combat/battlers/BattlerList.cs(59,22): error CA1819: Properties should not return arrays (https://docs.microsoft.com/dotnet/fundamentals/code-analysis/quality-rules/ca1819) [/home/adam/Dev/omega-spiral/chapter-zero/OmegaSpiral.csproj]
         /home/adam/Dev/omega-spiral/chapter-zero/Source/Scripts/combat/ui/turn_bar/UIBattlerIcon.cs(21,17): error CA1717: Only FlagsAttribute enums should have plural names (https://docs.microsoft.com/dotnet/fundamentals/code-analysis/quality-rules/ca1717) [/home/adam/Dev/omega-spiral/chapter-zero/OmegaSpiral.csproj]
         /home/adam/Dev/omega-spiral/chapter-zero/Source/Scripts/combat/ui/turn_bar/UIBattlerIcon.cs(23,9): error SA1602: Enumeration items should be documented (https://github.com/DotNetAnalyzers/StyleCopAnalyzers/blob/master/documentation/SA1602.md) [/home/adam/Dev/omega-spiral/chapter-zero/OmegaSpiral.csproj]
         /home/adam/Dev/omega-spiral/chapter-zero/Source/Scripts/combat/ui/turn_bar/UIBattlerIcon.cs(24,9): error SA1602: Enumeration items should be documented (https://github.com/DotNetAnalyzers/StyleCopAnalyzers/blob/master/documentation/SA1602.md) [/home/adam/Dev/omega-spiral/chapter-zero/OmegaSpiral.csproj]
         /home/adam/Dev/omega-spiral/chapter-zero/Source/Scripts/combat/ui/turn_bar/UIBattlerIcon.cs(25,9): error SA1602: Enumeration items should be documented (https://github.com/DotNetAnalyzers/StyleCopAnalyzers/blob/master/documentation/SA1602.md) [/home/adam/Dev/omega-spiral/chapter-zero/OmegaSpiral.csproj]
         /home/adam/Dev/omega-spiral/chapter-zero/Source/Scripts/combat/actions/BattlerAction.cs(33,23): error SA1600: Elements should be documented (https://github.com/DotNetAnalyzers/StyleCopAnalyzers/blob/master/documentation/SA1600.md) [/home/adam/Dev/omega-spiral/chapter-zero/OmegaSpiral.csproj]
         /home/adam/Dev/omega-spiral/chapter-zero/Source/Scripts/field/gameboard/GameboardProperties.cs(34,12): error SA1201: A constructor should not follow a property (https://github.com/DotNetAnalyzers/StyleCopAnalyzers/blob/master/documentation/SA1201.md) [/home/adam/Dev/omega-spiral/chapter-zero/OmegaSpiral.csproj]
         /home/adam/Dev/omega-spiral/chapter-zero/Source/Scripts/combat/actions/BattlerAction.cs(54,30): error SA1600: Elements should be documented (https://github.com/DotNetAnalyzers/StyleCopAnalyzers/blob/master/documentation/SA1600.md) [/home/adam/Dev/omega-spiral/chapter-zero/OmegaSpiral.csproj]
         /home/adam/Dev/omega-spiral/chapter-zero/Source/Scripts/combat/actions/BattlerAction.cs(76,27): error SA1600: Elements should be documented (https://github.com/DotNetAnalyzers/StyleCopAnalyzers/blob/master/documentation/SA1600.md) [/home/adam/Dev/omega-spiral/chapter-zero/OmegaSpiral.csproj]
         /home/adam/Dev/omega-spiral/chapter-zero/Source/Scripts/field/narrative/NarratorEngine.cs(10,22): error SA1601: Partial elements should be documented (https://github.com/DotNetAnalyzers/StyleCopAnalyzers/blob/master/documentation/SA1601.md) [/home/adam/Dev/omega-spiral/chapter-zero/OmegaSpiral.csproj]
         /home/adam/Dev/omega-spiral/chapter-zero/Source/Scripts/field/narrative/NarratorEngine.cs(113,32): error SA1204: Static members should appear before non-static members (https://github.com/DotNetAnalyzers/StyleCopAnalyzers/blob/master/documentation/SA1204.md) [/home/adam/Dev/omega-spiral/chapter-zero/OmegaSpiral.csproj]
         /home/adam/Dev/omega-spiral/chapter-zero/Source/Scripts/combat/battlers/BattlerRoster.cs(9,22): error SA1601: Partial elements should be documented (https://github.com/DotNetAnalyzers/StyleCopAnalyzers/blob/master/documentation/SA1601.md) [/home/adam/Dev/omega-spiral/chapter-zero/OmegaSpiral.csproj]
         /home/adam/Dev/omega-spiral/chapter-zero/Source/Scripts/combat/battlers/BattlerRoster.cs(40,24): error SA1204: Static members should appear before non-static members (https://github.com/DotNetAnalyzers/StyleCopAnalyzers/blob/master/documentation/SA1204.md) [/home/adam/Dev/omega-spiral/chapter-zero/OmegaSpiral.csproj]
         /home/adam/Dev/omega-spiral/chapter-zero/Source/Scripts/field/DungeonSequenceData.cs(39,22): error SA1402: File may only contain a single type (https://github.com/DotNetAnalyzers/StyleCopAnalyzers/blob/master/documentation/SA1402.md) [/home/adam/Dev/omega-spiral/chapter-zero/OmegaSpiral.csproj]
         /home/adam/Dev/omega-spiral/chapter-zero/Source/Scripts/field/DungeonSequenceData.cs(136,22): error SA1402: File may only contain a single type (https://github.com/DotNetAnalyzers/StyleCopAnalyzers/blob/master/documentation/SA1402.md) [/home/adam/Dev/omega-spiral/chapter-zero/OmegaSpiral.csproj]
         /home/adam/Dev/omega-spiral/chapter-zero/Source/Scripts/combat/actions/BattlerActionAttack.cs(24,16): error SA1600: Elements should be documented (https://github.com/DotNetAnalyzers/StyleCopAnalyzers/blob/master/documentation/SA1600.md) [/home/adam/Dev/omega-spiral/chapter-zero/OmegaSpiral.csproj]
         /home/adam/Dev/omega-spiral/chapter-zero/Source/Scripts/field/gameboard/Pathfinder.cs(42,17): error SA1201: A method should not follow a class (https://github.com/DotNetAnalyzers/StyleCopAnalyzers/blob/master/documentation/SA1201.md) [/home/adam/Dev/omega-spiral/chapter-zero/OmegaSpiral.csproj]
         /home/adam/Dev/omega-spiral/chapter-zero/Source/Scripts/field/gameboard/Pathfinder.cs(279,27): error SA1202: 'public' members should come before 'private' members (https://github.com/DotNetAnalyzers/StyleCopAnalyzers/blob/master/documentation/SA1202.md) [/home/adam/Dev/omega-spiral/chapter-zero/OmegaSpiral.csproj]
         /home/adam/Dev/omega-spiral/chapter-zero/Source/Scripts/field/narrative/Scene1Narrative.cs(8,22): error SA1601: Partial elements should be documented (https://github.com/DotNetAnalyzers/StyleCopAnalyzers/blob/master/documentation/SA1601.md) [/home/adam/Dev/omega-spiral/chapter-zero/OmegaSpiral.csproj]
         /home/adam/Dev/omega-spiral/chapter-zero/Source/Scripts/field/narrative/Scene1Narrative.cs(146,26): error SA1202: 'public' members should come before 'private' members (https://github.com/DotNetAnalyzers/StyleCopAnalyzers/blob/master/documentation/SA1202.md) [/home/adam/Dev/omega-spiral/chapter-zero/OmegaSpiral.csproj]
         /home/adam/Dev/omega-spiral/chapter-zero/Source/Scripts/field/narrative/Scene1Narrative.cs(13,18): error CA1051: Do not declare visible instance fields (https://docs.microsoft.com/dotnet/fundamentals/code-analysis/quality-rules/ca1051) [/home/adam/Dev/omega-spiral/chapter-zero/OmegaSpiral.csproj]
         /home/adam/Dev/omega-spiral/chapter-zero/Source/Scripts/field/narrative/Scene1Narrative.cs(13,18): error SA1401: Field should be private (https://github.com/DotNetAnalyzers/StyleCopAnalyzers/blob/master/documentation/SA1401.md) [/home/adam/Dev/omega-spiral/chapter-zero/OmegaSpiral.csproj]
         /home/adam/Dev/omega-spiral/chapter-zero/Source/Scripts/field/narrative/Scene1Narrative.cs(13,18): error SA1600: Elements should be documented (https://github.com/DotNetAnalyzers/StyleCopAnalyzers/blob/master/documentation/SA1600.md) [/home/adam/Dev/omega-spiral/chapter-zero/OmegaSpiral.csproj]
         /home/adam/Dev/omega-spiral/chapter-zero/Source/Scripts/combat/actions/BattlerActionHeal.cs(17,16): error SA1600: Elements should be documented (https://github.com/DotNetAnalyzers/StyleCopAnalyzers/blob/master/documentation/SA1600.md) [/home/adam/Dev/omega-spiral/chapter-zero/OmegaSpiral.csproj]
         /home/adam/Dev/omega-spiral/chapter-zero/Source/Scripts/field/narrative/Scene1Narrative.cs(11,19): error CA1051: Do not declare visible instance fields (https://docs.microsoft.com/dotnet/fundamentals/code-analysis/quality-rules/ca1051) [/home/adam/Dev/omega-spiral/chapter-zero/OmegaSpiral.csproj]
         /home/adam/Dev/omega-spiral/chapter-zero/Source/Scripts/field/narrative/Scene1Narrative.cs(11,19): error SA1401: Field should be private (https://github.com/DotNetAnalyzers/StyleCopAnalyzers/blob/master/documentation/SA1401.md) [/home/adam/Dev/omega-spiral/chapter-zero/OmegaSpiral.csproj]
         /home/adam/Dev/omega-spiral/chapter-zero/Source/Scripts/field/narrative/Scene1Narrative.cs(11,19): error SA1600: Elements should be documented (https://github.com/DotNetAnalyzers/StyleCopAnalyzers/blob/master/documentation/SA1600.md) [/home/adam/Dev/omega-spiral/chapter-zero/OmegaSpiral.csproj]
         /home/adam/Dev/omega-spiral/chapter-zero/Source/Scripts/combat/battlers/BattlerStats.cs(56,17): error SA1201: A field should not follow a property (https://github.com/DotNetAnalyzers/StyleCopAnalyzers/blob/master/documentation/SA1201.md) [/home/adam/Dev/omega-spiral/chapter-zero/OmegaSpiral.csproj]
         /home/adam/Dev/omega-spiral/chapter-zero/Source/Scripts/combat/battlers/BattlerStats.cs(69,17): error SA1201: A field should not follow a property (https://github.com/DotNetAnalyzers/StyleCopAnalyzers/blob/master/documentation/SA1201.md) [/home/adam/Dev/omega-spiral/chapter-zero/OmegaSpiral.csproj]
         /home/adam/Dev/omega-spiral/chapter-zero/Source/Scripts/combat/battlers/BattlerStats.cs(82,17): error SA1201: A field should not follow a property (https://github.com/DotNetAnalyzers/StyleCopAnalyzers/blob/master/documentation/SA1201.md) [/home/adam/Dev/omega-spiral/chapter-zero/OmegaSpiral.csproj]
         /home/adam/Dev/omega-spiral/chapter-zero/Source/Scripts/combat/battlers/BattlerStats.cs(95,17): error SA1201: A field should not follow a property (https://github.com/DotNetAnalyzers/StyleCopAnalyzers/blob/master/documentation/SA1201.md) [/home/adam/Dev/omega-spiral/chapter-zero/OmegaSpiral.csproj]
         /home/adam/Dev/omega-spiral/chapter-zero/Source/Scripts/combat/battlers/BattlerStats.cs(108,17): error SA1201: A field should not follow a property (https://github.com/DotNetAnalyzers/StyleCopAnalyzers/blob/master/documentation/SA1201.md) [/home/adam/Dev/omega-spiral/chapter-zero/OmegaSpiral.csproj]
         /home/adam/Dev/omega-spiral/chapter-zero/Source/Scripts/combat/battlers/BattlerStats.cs(135,17): error SA1201: A field should not follow a property (https://github.com/DotNetAnalyzers/StyleCopAnalyzers/blob/master/documentation/SA1201.md) [/home/adam/Dev/omega-spiral/chapter-zero/OmegaSpiral.csproj]
         /home/adam/Dev/omega-spiral/chapter-zero/Source/Scripts/combat/battlers/BattlerStats.cs(155,17): error SA1201: A field should not follow a property (https://github.com/DotNetAnalyzers/StyleCopAnalyzers/blob/master/documentation/SA1201.md) [/home/adam/Dev/omega-spiral/chapter-zero/OmegaSpiral.csproj]
         /home/adam/Dev/omega-spiral/chapter-zero/Source/Scripts/combat/battlers/BattlerStats.cs(173,54): error SA1201: A field should not follow a property (https://github.com/DotNetAnalyzers/StyleCopAnalyzers/blob/master/documentation/SA1201.md) [/home/adam/Dev/omega-spiral/chapter-zero/OmegaSpiral.csproj]
         /home/adam/Dev/omega-spiral/chapter-zero/Source/Scripts/combat/battlers/BattlerStats.cs(47,27): error SA1600: Elements should be documented (https://github.com/DotNetAnalyzers/StyleCopAnalyzers/blob/master/documentation/SA1600.md) [/home/adam/Dev/omega-spiral/chapter-zero/OmegaSpiral.csproj]
         /home/adam/Dev/omega-spiral/chapter-zero/Source/Scripts/combat/battlers/BattlerStats.cs(51,16): error SA1600: Elements should be documented (https://github.com/DotNetAnalyzers/StyleCopAnalyzers/blob/master/documentation/SA1600.md) [/home/adam/Dev/omega-spiral/chapter-zero/OmegaSpiral.csproj]
         /home/adam/Dev/omega-spiral/chapter-zero/Source/Scripts/combat/ui/UICombatHud.cs(58,21): error SA1201: A field should not follow a property (https://github.com/DotNetAnalyzers/StyleCopAnalyzers/blob/master/documentation/SA1201.md) [/home/adam/Dev/omega-spiral/chapter-zero/OmegaSpiral.csproj]
         /home/adam/Dev/omega-spiral/chapter-zero/Source/Scripts/combat/ui/UICombatHud.cs(109,17): error SA1202: 'public' members should come before 'private' members (https://github.com/DotNetAnalyzers/StyleCopAnalyzers/blob/master/documentation/SA1202.md) [/home/adam/Dev/omega-spiral/chapter-zero/OmegaSpiral.csproj]
         /home/adam/Dev/omega-spiral/chapter-zero/Source/Scripts/combat/ui/UICombatHud.cs(350,17): error SA1202: 'public' members should come before 'private' members (https://github.com/DotNetAnalyzers/StyleCopAnalyzers/blob/master/documentation/SA1202.md) [/home/adam/Dev/omega-spiral/chapter-zero/OmegaSpiral.csproj]
         /home/adam/Dev/omega-spiral/chapter-zero/Source/Scripts/combat/ui/UICombatHud.cs(209,25): error SA1204: Static members should appear before non-static members (https://github.com/DotNetAnalyzers/StyleCopAnalyzers/blob/master/documentation/SA1204.md) [/home/adam/Dev/omega-spiral/chapter-zero/OmegaSpiral.csproj]
         /home/adam/Dev/omega-spiral/chapter-zero/Source/Scripts/combat/ui/UICombatHud.cs(454,24): error SA1204: Static members should appear before non-static members (https://github.com/DotNetAnalyzers/StyleCopAnalyzers/blob/master/documentation/SA1204.md) [/home/adam/Dev/omega-spiral/chapter-zero/OmegaSpiral.csproj]
         /home/adam/Dev/omega-spiral/chapter-zero/Source/Scripts/combat/battlers/BattlerStats.cs(54,16): error SA1600: Elements should be documented (https://github.com/DotNetAnalyzers/StyleCopAnalyzers/blob/master/documentation/SA1600.md) [/home/adam/Dev/omega-spiral/chapter-zero/OmegaSpiral.csproj]
         /home/adam/Dev/omega-spiral/chapter-zero/Source/Scripts/combat/battlers/BattlerStats.cs(59,16): error SA1600: Elements should be documented (https://github.com/DotNetAnalyzers/StyleCopAnalyzers/blob/master/documentation/SA1600.md) [/home/adam/Dev/omega-spiral/chapter-zero/OmegaSpiral.csproj]
         /home/adam/Dev/omega-spiral/chapter-zero/Source/Scripts/combat/battlers/BattlerStats.cs(72,16): error SA1600: Elements should be documented (https://github.com/DotNetAnalyzers/StyleCopAnalyzers/blob/master/documentation/SA1600.md) [/home/adam/Dev/omega-spiral/chapter-zero/OmegaSpiral.csproj]
         /home/adam/Dev/omega-spiral/chapter-zero/Source/Scripts/field/AsciiRoomRenderer.cs(119,26): error SA1202: 'public' members should come before 'private' members (https://github.com/DotNetAnalyzers/StyleCopAnalyzers/blob/master/documentation/SA1202.md) [/home/adam/Dev/omega-spiral/chapter-zero/OmegaSpiral.csproj]
         /home/adam/Dev/omega-spiral/chapter-zero/Source/Scripts/combat/battlers/BattlerStats.cs(85,16): error SA1600: Elements should be documented (https://github.com/DotNetAnalyzers/StyleCopAnalyzers/blob/master/documentation/SA1600.md) [/home/adam/Dev/omega-spiral/chapter-zero/OmegaSpiral.csproj]
         /home/adam/Dev/omega-spiral/chapter-zero/Source/Scripts/combat/battlers/BattlerStats.cs(98,16): error SA1600: Elements should be documented (https://github.com/DotNetAnalyzers/StyleCopAnalyzers/blob/master/documentation/SA1600.md) [/home/adam/Dev/omega-spiral/chapter-zero/OmegaSpiral.csproj]
         /home/adam/Dev/omega-spiral/chapter-zero/Source/Scripts/combat/battlers/BattlerStats.cs(111,16): error SA1600: Elements should be documented (https://github.com/DotNetAnalyzers/StyleCopAnalyzers/blob/master/documentation/SA1600.md) [/home/adam/Dev/omega-spiral/chapter-zero/OmegaSpiral.csproj]
         /home/adam/Dev/omega-spiral/chapter-zero/Source/Scripts/combat/battlers/BattlerStats.cs(121,16): error SA1600: Elements should be documented (https://github.com/DotNetAnalyzers/StyleCopAnalyzers/blob/master/documentation/SA1600.md) [/home/adam/Dev/omega-spiral/chapter-zero/OmegaSpiral.csproj]
         /home/adam/Dev/omega-spiral/chapter-zero/Source/Scripts/combat/battlers/BattlerStats.cs(123,16): error SA1600: Elements should be documented (https://github.com/DotNetAnalyzers/StyleCopAnalyzers/blob/master/documentation/SA1600.md) [/home/adam/Dev/omega-spiral/chapter-zero/OmegaSpiral.csproj]
         /home/adam/Dev/omega-spiral/chapter-zero/Source/Scripts/combat/battlers/BattlerStats.cs(125,16): error SA1600: Elements should be documented (https://github.com/DotNetAnalyzers/StyleCopAnalyzers/blob/master/documentation/SA1600.md) [/home/adam/Dev/omega-spiral/chapter-zero/OmegaSpiral.csproj]
         /home/adam/Dev/omega-spiral/chapter-zero/Source/Scripts/combat/battlers/BattlerStats.cs(127,16): error SA1600: Elements should be documented (https://github.com/DotNetAnalyzers/StyleCopAnalyzers/blob/master/documentation/SA1600.md) [/home/adam/Dev/omega-spiral/chapter-zero/OmegaSpiral.csproj]
         /home/adam/Dev/omega-spiral/chapter-zero/Source/Scripts/combat/battlers/BattlerStats.cs(129,16): error SA1600: Elements should be documented (https://github.com/DotNetAnalyzers/StyleCopAnalyzers/blob/master/documentation/SA1600.md) [/home/adam/Dev/omega-spiral/chapter-zero/OmegaSpiral.csproj]
         /home/adam/Dev/omega-spiral/chapter-zero/Source/Scripts/combat/ui/UICombatHud.cs(23,62): error SA1611: The documentation for parameter 'battler' is missing (https://github.com/DotNetAnalyzers/StyleCopAnalyzers/blob/master/documentation/SA1611.md) [/home/adam/Dev/omega-spiral/chapter-zero/OmegaSpiral.csproj]
         /home/adam/Dev/omega-spiral/chapter-zero/Source/Scripts/combat/battlers/BattlerStats.cs(131,16): error SA1600: Elements should be documented (https://github.com/DotNetAnalyzers/StyleCopAnalyzers/blob/master/documentation/SA1600.md) [/home/adam/Dev/omega-spiral/chapter-zero/OmegaSpiral.csproj]
         /home/adam/Dev/omega-spiral/chapter-zero/Source/Scripts/combat/battlers/BattlerStats.cs(133,16): error SA1600: Elements should be documented (https://github.com/DotNetAnalyzers/StyleCopAnalyzers/blob/master/documentation/SA1600.md) [/home/adam/Dev/omega-spiral/chapter-zero/OmegaSpiral.csproj]
         /home/adam/Dev/omega-spiral/chapter-zero/Source/Scripts/combat/battlers/BattlerStats.cs(137,16): error SA1600: Elements should be documented (https://github.com/DotNetAnalyzers/StyleCopAnalyzers/blob/master/documentation/SA1600.md) [/home/adam/Dev/omega-spiral/chapter-zero/OmegaSpiral.csproj]
         /home/adam/Dev/omega-spiral/chapter-zero/Source/Scripts/combat/battlers/BattlerStats.cs(157,16): error SA1600: Elements should be documented (https://github.com/DotNetAnalyzers/StyleCopAnalyzers/blob/master/documentation/SA1600.md) [/home/adam/Dev/omega-spiral/chapter-zero/OmegaSpiral.csproj]
         /home/adam/Dev/omega-spiral/chapter-zero/Source/Scripts/field/cutscenes/Cutscene.cs(38,27): error CA1707: Remove the underscores from member name Cutscene.Is_cutscene_in_progress (https://docs.microsoft.com/dotnet/fundamentals/code-analysis/quality-rules/ca1707) [/home/adam/Dev/omega-spiral/chapter-zero/OmegaSpiral.csproj]
         /home/adam/Dev/omega-spiral/chapter-zero/Source/Scripts/field/cutscenes/Cutscene.cs(38,27): error SA1600: Elements should be documented (https://github.com/DotNetAnalyzers/StyleCopAnalyzers/blob/master/documentation/SA1600.md) [/home/adam/Dev/omega-spiral/chapter-zero/OmegaSpiral.csproj]
         /home/adam/Dev/omega-spiral/chapter-zero/Source/Scripts/combat/actions/BattlerActionProjectile.cs(15,18): error SA1600: Elements should be documented (https://github.com/DotNetAnalyzers/StyleCopAnalyzers/blob/master/documentation/SA1600.md) [/home/adam/Dev/omega-spiral/chapter-zero/OmegaSpiral.csproj]
         /home/adam/Dev/omega-spiral/chapter-zero/Source/Scripts/combat/actions/BattlerActionProjectile.cs(18,18): error SA1600: Elements should be documented (https://github.com/DotNetAnalyzers/StyleCopAnalyzers/blob/master/documentation/SA1600.md) [/home/adam/Dev/omega-spiral/chapter-zero/OmegaSpiral.csproj]
         /home/adam/Dev/omega-spiral/chapter-zero/Source/Scripts/combat/actions/BattlerActionProjectile.cs(21,18): error SA1600: Elements should be documented (https://github.com/DotNetAnalyzers/StyleCopAnalyzers/blob/master/documentation/SA1600.md) [/home/adam/Dev/omega-spiral/chapter-zero/OmegaSpiral.csproj]
         /home/adam/Dev/omega-spiral/chapter-zero/Source/Scripts/combat/actions/BattlerActionProjectile.cs(31,16): error SA1600: Elements should be documented (https://github.com/DotNetAnalyzers/StyleCopAnalyzers/blob/master/documentation/SA1600.md) [/home/adam/Dev/omega-spiral/chapter-zero/OmegaSpiral.csproj]
         /home/adam/Dev/omega-spiral/chapter-zero/Source/Scripts/field/gamepieces/controllers/cursor/FieldCursor.cs(28,22): error SA1201: A field should not follow a delegate (https://github.com/DotNetAnalyzers/StyleCopAnalyzers/blob/master/documentation/SA1201.md) [/home/adam/Dev/omega-spiral/chapter-zero/OmegaSpiral.csproj]
         /home/adam/Dev/omega-spiral/chapter-zero/Source/Scripts/combat/ui/UICombatMenus.cs(50,20): error SA1600: Elements should be documented (https://github.com/DotNetAnalyzers/StyleCopAnalyzers/blob/master/documentation/SA1600.md) [/home/adam/Dev/omega-spiral/chapter-zero/OmegaSpiral.csproj]
         /home/adam/Dev/omega-spiral/chapter-zero/Source/Scripts/combat/actions/BattlerHit.cs(16,18): error SA1600: Elements should be documented (https://github.com/DotNetAnalyzers/StyleCopAnalyzers/blob/master/documentation/SA1600.md) [/home/adam/Dev/omega-spiral/chapter-zero/OmegaSpiral.csproj]
         /home/adam/Dev/omega-spiral/chapter-zero/Source/Scripts/combat/actions/BattlerHit.cs(18,12): error SA1201: A constructor should not follow a property (https://github.com/DotNetAnalyzers/StyleCopAnalyzers/blob/master/documentation/SA1201.md) [/home/adam/Dev/omega-spiral/chapter-zero/OmegaSpiral.csproj]
         /home/adam/Dev/omega-spiral/chapter-zero/Source/Scripts/combat/Combat.cs(143,29): error SA1204: Static members should appear before non-static members (https://github.com/DotNetAnalyzers/StyleCopAnalyzers/blob/master/documentation/SA1204.md) [/home/adam/Dev/omega-spiral/chapter-zero/OmegaSpiral.csproj]
         /home/adam/Dev/omega-spiral/chapter-zero/Source/Scripts/combat/actions/BattlerHit.cs(14,16): error SA1600: Elements should be documented (https://github.com/DotNetAnalyzers/StyleCopAnalyzers/blob/master/documentation/SA1600.md) [/home/adam/Dev/omega-spiral/chapter-zero/OmegaSpiral.csproj]
         /home/adam/Dev/omega-spiral/chapter-zero/Source/Scripts/field/gamepieces/controllers/cursor/FieldCursor.cs(26,56): error SA1611: The documentation for parameter 'selectedCell' is missing (https://github.com/DotNetAnalyzers/StyleCopAnalyzers/blob/master/documentation/SA1611.md) [/home/adam/Dev/omega-spiral/chapter-zero/OmegaSpiral.csproj]
         /home/adam/Dev/omega-spiral/chapter-zero/Source/Scripts/field/gamepieces/controllers/cursor/FieldCursor.cs(20,60): error SA1611: The documentation for parameter 'oldFocus' is missing (https://github.com/DotNetAnalyzers/StyleCopAnalyzers/blob/master/documentation/SA1611.md) [/home/adam/Dev/omega-spiral/chapter-zero/OmegaSpiral.csproj]
         /home/adam/Dev/omega-spiral/chapter-zero/Source/Scripts/field/gamepieces/controllers/cursor/FieldCursor.cs(20,79): error SA1611: The documentation for parameter 'newFocus' is missing (https://github.com/DotNetAnalyzers/StyleCopAnalyzers/blob/master/documentation/SA1611.md) [/home/adam/Dev/omega-spiral/chapter-zero/OmegaSpiral.csproj]
         /home/adam/Dev/omega-spiral/chapter-zero/Source/Scripts/field/PixelCombatController.cs(11,22): error SA1601: Partial elements should be documented (https://github.com/DotNetAnalyzers/StyleCopAnalyzers/blob/master/documentation/SA1601.md) [/home/adam/Dev/omega-spiral/chapter-zero/OmegaSpiral.csproj]
         /home/adam/Dev/omega-spiral/chapter-zero/Source/Scripts/field/PixelCombatController.cs(188,24): error SA1204: Static members should appear before non-static members (https://github.com/DotNetAnalyzers/StyleCopAnalyzers/blob/master/documentation/SA1204.md) [/home/adam/Dev/omega-spiral/chapter-zero/OmegaSpiral.csproj]
         /home/adam/Dev/omega-spiral/chapter-zero/Source/Scripts/combat/CombatArena.cs(21,29): error SA1201: A field should not follow a property (https://github.com/DotNetAnalyzers/StyleCopAnalyzers/blob/master/documentation/SA1201.md) [/home/adam/Dev/omega-spiral/chapter-zero/OmegaSpiral.csproj]
         /home/adam/Dev/omega-spiral/chapter-zero/Source/Scripts/combat/actors/ActiveTurnQueue.cs(63,18): error SA1201: A field should not follow a property (https://github.com/DotNetAnalyzers/StyleCopAnalyzers/blob/master/documentation/SA1201.md) [/home/adam/Dev/omega-spiral/chapter-zero/OmegaSpiral.csproj]
         /home/adam/Dev/omega-spiral/chapter-zero/Source/Scripts/common/CollisionFinder.cs(29,39): error SA1201: A field should not follow a property (https://github.com/DotNetAnalyzers/StyleCopAnalyzers/blob/master/documentation/SA1201.md) [/home/adam/Dev/omega-spiral/chapter-zero/OmegaSpiral.csproj]
         /home/adam/Dev/omega-spiral/chapter-zero/Source/Scripts/combat/actors/ActiveTurnQueue.cs(32,58): error SA1611: The documentation for parameter 'isPlayerVictory' is missing (https://github.com/DotNetAnalyzers/StyleCopAnalyzers/blob/master/documentation/SA1611.md) [/home/adam/Dev/omega-spiral/chapter-zero/OmegaSpiral.csproj]
         /home/adam/Dev/omega-spiral/chapter-zero/Source/Scripts/combat/ui/UICombatMenus.cs(41,25): error SA1201: A field should not follow a property (https://github.com/DotNetAnalyzers/StyleCopAnalyzers/blob/master/documentation/SA1201.md) [/home/adam/Dev/omega-spiral/chapter-zero/OmegaSpiral.csproj]
         /home/adam/Dev/omega-spiral/chapter-zero/Source/Scripts/combat/ui/UICombatMenus.cs(65,27): error SA1201: A field should not follow a property (https://github.com/DotNetAnalyzers/StyleCopAnalyzers/blob/master/documentation/SA1201.md) [/home/adam/Dev/omega-spiral/chapter-zero/OmegaSpiral.csproj]
         /home/adam/Dev/omega-spiral/chapter-zero/Source/Scripts/field/TileDungeonController.cs(11,22): error SA1601: Partial elements should be documented (https://github.com/DotNetAnalyzers/StyleCopAnalyzers/blob/master/documentation/SA1601.md) [/home/adam/Dev/omega-spiral/chapter-zero/OmegaSpiral.csproj]
         /home/adam/Dev/omega-spiral/chapter-zero/Source/Scripts/field/TileDungeonController.cs(90,26): error SA1202: 'public' members should come before 'private' members (https://github.com/DotNetAnalyzers/StyleCopAnalyzers/blob/master/documentation/SA1202.md) [/home/adam/Dev/omega-spiral/chapter-zero/OmegaSpiral.csproj]
         /home/adam/Dev/omega-spiral/chapter-zero/Source/Scripts/field/TileDungeonController.cs(60,25): error SA1204: Static members should appear before non-static members (https://github.com/DotNetAnalyzers/StyleCopAnalyzers/blob/master/documentation/SA1204.md) [/home/adam/Dev/omega-spiral/chapter-zero/OmegaSpiral.csproj]
         /home/adam/Dev/omega-spiral/chapter-zero/Source/Scripts/combat/CombatEvents.cs(18,66): error SA1611: The documentation for parameter 'arena' is missing (https://github.com/DotNetAnalyzers/StyleCopAnalyzers/blob/master/documentation/SA1611.md) [/home/adam/Dev/omega-spiral/chapter-zero/OmegaSpiral.csproj]
         /home/adam/Dev/omega-spiral/chapter-zero/Source/Scripts/combat/CombatEvents.cs(26,58): error SA1611: The documentation for parameter 'isPlayerVictory' is missing (https://github.com/DotNetAnalyzers/StyleCopAnalyzers/blob/master/documentation/SA1611.md) [/home/adam/Dev/omega-spiral/chapter-zero/OmegaSpiral.csproj]
         /home/adam/Dev/omega-spiral/chapter-zero/Source/Scripts/field/TileDungeonData.cs(23,25): error CA2227: Change 'Tilemap' to be read-only by removing the property setter (https://docs.microsoft.com/dotnet/fundamentals/code-analysis/quality-rules/ca2227) [/home/adam/Dev/omega-spiral/chapter-zero/OmegaSpiral.csproj]
         /home/adam/Dev/omega-spiral/chapter-zero/Source/Scripts/combat/CombatEvents.cs(32,68): error SA1611: The documentation for parameter 'battler' is missing (https://github.com/DotNetAnalyzers/StyleCopAnalyzers/blob/master/documentation/SA1611.md) [/home/adam/Dev/omega-spiral/chapter-zero/OmegaSpiral.csproj]
         /home/adam/Dev/omega-spiral/chapter-zero/Source/Scripts/combat/CombatEvents.cs(39,67): error SA1611: The documentation for parameter 'action' is missing (https://github.com/DotNetAnalyzers/StyleCopAnalyzers/blob/master/documentation/SA1611.md) [/home/adam/Dev/omega-spiral/chapter-zero/OmegaSpiral.csproj]
         /home/adam/Dev/omega-spiral/chapter-zero/Source/Scripts/combat/CombatEvents.cs(39,83): error SA1611: The documentation for parameter 'source' is missing (https://github.com/DotNetAnalyzers/StyleCopAnalyzers/blob/master/documentation/SA1611.md) [/home/adam/Dev/omega-spiral/chapter-zero/OmegaSpiral.csproj]
         /home/adam/Dev/omega-spiral/chapter-zero/Source/Scripts/combat/CombatEvents.cs(39,101): error SA1611: The documentation for parameter 'targets' is missing (https://github.com/DotNetAnalyzers/StyleCopAnalyzers/blob/master/documentation/SA1611.md) [/home/adam/Dev/omega-spiral/chapter-zero/OmegaSpiral.csproj]
         /home/adam/Dev/omega-spiral/chapter-zero/Source/Scripts/field/TileDungeonData.cs(11,22): error SA1601: Partial elements should be documented (https://github.com/DotNetAnalyzers/StyleCopAnalyzers/blob/master/documentation/SA1601.md) [/home/adam/Dev/omega-spiral/chapter-zero/OmegaSpiral.csproj]
         /home/adam/Dev/omega-spiral/chapter-zero/Source/Scripts/field/TileDungeonData.cs(29,45): error CA2227: Change 'Legend' to be read-only by removing the property setter (https://docs.microsoft.com/dotnet/fundamentals/code-analysis/quality-rules/ca2227) [/home/adam/Dev/omega-spiral/chapter-zero/OmegaSpiral.csproj]
         /home/adam/Dev/omega-spiral/chapter-zero/Source/Scripts/common/Directions.cs(15,17): error CA1717: Only FlagsAttribute enums should have plural names (https://docs.microsoft.com/dotnet/fundamentals/code-analysis/quality-rules/ca1717) [/home/adam/Dev/omega-spiral/chapter-zero/OmegaSpiral.csproj]
         /home/adam/Dev/omega-spiral/chapter-zero/Source/Scripts/common/Directions.cs(17,9): error SA1602: Enumeration items should be documented (https://github.com/DotNetAnalyzers/StyleCopAnalyzers/blob/master/documentation/SA1602.md) [/home/adam/Dev/omega-spiral/chapter-zero/OmegaSpiral.csproj]
         /home/adam/Dev/omega-spiral/chapter-zero/Source/Scripts/common/Directions.cs(19,9): error SA1602: Enumeration items should be documented (https://github.com/DotNetAnalyzers/StyleCopAnalyzers/blob/master/documentation/SA1602.md) [/home/adam/Dev/omega-spiral/chapter-zero/OmegaSpiral.csproj]
         /home/adam/Dev/omega-spiral/chapter-zero/Source/Scripts/common/Directions.cs(26,84): error SA1201: A field should not follow a enum (https://github.com/DotNetAnalyzers/StyleCopAnalyzers/blob/master/documentation/SA1201.md) [/home/adam/Dev/omega-spiral/chapter-zero/OmegaSpiral.csproj]
         /home/adam/Dev/omega-spiral/chapter-zero/Source/Scripts/common/Directions.cs(20,9): error SA1602: Enumeration items should be documented (https://github.com/DotNetAnalyzers/StyleCopAnalyzers/blob/master/documentation/SA1602.md) [/home/adam/Dev/omega-spiral/chapter-zero/OmegaSpiral.csproj]
         /home/adam/Dev/omega-spiral/chapter-zero/Source/Scripts/common/Directions.cs(18,9): error SA1602: Enumeration items should be documented (https://github.com/DotNetAnalyzers/StyleCopAnalyzers/blob/master/documentation/SA1602.md) [/home/adam/Dev/omega-spiral/chapter-zero/OmegaSpiral.csproj]
         /home/adam/Dev/omega-spiral/chapter-zero/Source/Scripts/field/TileDungeonData.cs(35,47): error CA2227: Change 'YamlLegend' to be read-only by removing the property setter (https://docs.microsoft.com/dotnet/fundamentals/code-analysis/quality-rules/ca2227) [/home/adam/Dev/omega-spiral/chapter-zero/OmegaSpiral.csproj]
         /home/adam/Dev/omega-spiral/chapter-zero/Source/Scripts/field/TileDungeonData.cs(80,22): error SA1601: Partial elements should be documented (https://github.com/DotNetAnalyzers/StyleCopAnalyzers/blob/master/documentation/SA1601.md) [/home/adam/Dev/omega-spiral/chapter-zero/OmegaSpiral.csproj]
         /home/adam/Dev/omega-spiral/chapter-zero/Source/Scripts/combat/CombatSceneData.cs(37,29): error CA2227: Change 'Actions' to be read-only by removing the property setter (https://docs.microsoft.com/dotnet/fundamentals/code-analysis/quality-rules/ca2227) [/home/adam/Dev/omega-spiral/chapter-zero/OmegaSpiral.csproj]
         /home/adam/Dev/omega-spiral/chapter-zero/Source/Scripts/combat/actors/CombatActor.cs(37,25): error SA1201: A field should not follow a delegate (https://github.com/DotNetAnalyzers/StyleCopAnalyzers/blob/master/documentation/SA1201.md) [/home/adam/Dev/omega-spiral/chapter-zero/OmegaSpiral.csproj]
         /home/adam/Dev/omega-spiral/chapter-zero/Source/Scripts/field/TileDungeonData.cs(107,22): error SA1601: Partial elements should be documented (https://github.com/DotNetAnalyzers/StyleCopAnalyzers/blob/master/documentation/SA1601.md) [/home/adam/Dev/omega-spiral/chapter-zero/OmegaSpiral.csproj]
         /home/adam/Dev/omega-spiral/chapter-zero/Source/Scripts/field/TileDungeonData.cs(125,25): error CA2227: Change 'ShowStats' to be read-only by removing the property setter (https://docs.microsoft.com/dotnet/fundamentals/code-analysis/quality-rules/ca2227) [/home/adam/Dev/omega-spiral/chapter-zero/OmegaSpiral.csproj]
         /home/adam/Dev/omega-spiral/chapter-zero/Source/Scripts/combat/CombatSceneData.cs(97,29): error CA2227: Change 'AttackPatterns' to be read-only by removing the property setter (https://docs.microsoft.com/dotnet/fundamentals/code-analysis/quality-rules/ca2227) [/home/adam/Dev/omega-spiral/chapter-zero/OmegaSpiral.csproj]
         /home/adam/Dev/omega-spiral/chapter-zero/Source/Scripts/field/cutscenes/popups/InteractionPopup.cs(16,22): error SA1601: Partial elements should be documented (https://github.com/DotNetAnalyzers/StyleCopAnalyzers/blob/master/documentation/SA1601.md) [/home/adam/Dev/omega-spiral/chapter-zero/OmegaSpiral.csproj]
         /home/adam/Dev/omega-spiral/chapter-zero/Source/Scripts/field/cutscenes/popups/InteractionPopup.cs(32,63): error SA1201: A field should not follow a enum (https://github.com/DotNetAnalyzers/StyleCopAnalyzers/blob/master/documentation/SA1201.md) [/home/adam/Dev/omega-spiral/chapter-zero/OmegaSpiral.csproj]
         /home/adam/Dev/omega-spiral/chapter-zero/Source/Scripts/field/cutscenes/popups/InteractionPopup.cs(64,17): error SA1201: A field should not follow a property (https://github.com/DotNetAnalyzers/StyleCopAnalyzers/blob/master/documentation/SA1201.md) [/home/adam/Dev/omega-spiral/chapter-zero/OmegaSpiral.csproj]
         /home/adam/Dev/omega-spiral/chapter-zero/Source/Scripts/field/cutscenes/popups/InteractionPopup.cs(88,18): error SA1201: A field should not follow a property (https://github.com/DotNetAnalyzers/StyleCopAnalyzers/blob/master/documentation/SA1201.md) [/home/adam/Dev/omega-spiral/chapter-zero/OmegaSpiral.csproj]
         /home/adam/Dev/omega-spiral/chapter-zero/Source/Scripts/field/cutscenes/popups/InteractionPopup.cs(117,20): error SA1201: A field should not follow a property (https://github.com/DotNetAnalyzers/StyleCopAnalyzers/blob/master/documentation/SA1201.md) [/home/adam/Dev/omega-spiral/chapter-zero/OmegaSpiral.csproj]
         /home/adam/Dev/omega-spiral/chapter-zero/Source/Scripts/field/cutscenes/popups/InteractionPopup.cs(148,26): error SA1202: 'public' members should come before 'private' members (https://github.com/DotNetAnalyzers/StyleCopAnalyzers/blob/master/documentation/SA1202.md) [/home/adam/Dev/omega-spiral/chapter-zero/OmegaSpiral.csproj]
         /home/adam/Dev/omega-spiral/chapter-zero/Source/Scripts/field/narrative/NarrativeSceneData.cs(63,22): error SA1402: File may only contain a single type (https://github.com/DotNetAnalyzers/StyleCopAnalyzers/blob/master/documentation/SA1402.md) [/home/adam/Dev/omega-spiral/chapter-zero/OmegaSpiral.csproj]
         /home/adam/Dev/omega-spiral/chapter-zero/Source/Scripts/field/narrative/NarrativeSceneData.cs(83,22): error SA1402: File may only contain a single type (https://github.com/DotNetAnalyzers/StyleCopAnalyzers/blob/master/documentation/SA1402.md) [/home/adam/Dev/omega-spiral/chapter-zero/OmegaSpiral.csproj]
         /home/adam/Dev/omega-spiral/chapter-zero/Source/Scripts/field/narrative/NarrativeSceneData.cs(109,22): error SA1402: File may only contain a single type (https://github.com/DotNetAnalyzers/StyleCopAnalyzers/blob/master/documentation/SA1402.md) [/home/adam/Dev/omega-spiral/chapter-zero/OmegaSpiral.csproj]
         /home/adam/Dev/omega-spiral/chapter-zero/Source/Scripts/field/narrative/NarrativeSceneData.cs(141,22): error SA1402: File may only contain a single type (https://github.com/DotNetAnalyzers/StyleCopAnalyzers/blob/master/documentation/SA1402.md) [/home/adam/Dev/omega-spiral/chapter-zero/OmegaSpiral.csproj]
         /home/adam/Dev/omega-spiral/chapter-zero/Source/Scripts/common/GameState.cs(35,25): error CA2227: Change 'Shards' to be read-only by removing the property setter (https://docs.microsoft.com/dotnet/fundamentals/code-analysis/quality-rules/ca2227) [/home/adam/Dev/omega-spiral/chapter-zero/OmegaSpiral.csproj]
         /home/adam/Dev/omega-spiral/chapter-zero/Source/Scripts/common/GameState.cs(317,25): error SA1204: Static members should appear before non-static members (https://github.com/DotNetAnalyzers/StyleCopAnalyzers/blob/master/documentation/SA1204.md) [/home/adam/Dev/omega-spiral/chapter-zero/OmegaSpiral.csproj]
         /home/adam/Dev/omega-spiral/chapter-zero/Source/Scripts/common/GameState.cs(357,25): error SA1204: Static members should appear before non-static members (https://github.com/DotNetAnalyzers/StyleCopAnalyzers/blob/master/documentation/SA1204.md) [/home/adam/Dev/omega-spiral/chapter-zero/OmegaSpiral.csproj]
         /home/adam/Dev/omega-spiral/chapter-zero/Source/Scripts/common/GameState.cs(40,39): error CA2227: Change 'SceneData' to be read-only by removing the property setter (https://docs.microsoft.com/dotnet/fundamentals/code-analysis/quality-rules/ca2227) [/home/adam/Dev/omega-spiral/chapter-zero/OmegaSpiral.csproj]
         /home/adam/Dev/omega-spiral/chapter-zero/Source/Scripts/common/GameState.cs(45,25): error CA2227: Change 'NarratorQueue' to be read-only by removing the property setter (https://docs.microsoft.com/dotnet/fundamentals/code-analysis/quality-rules/ca2227) [/home/adam/Dev/omega-spiral/chapter-zero/OmegaSpiral.csproj]
         /home/adam/Dev/omega-spiral/chapter-zero/Source/Scripts/common/GameState.cs(50,45): error CA2227: Change 'DreamweaverScores' to be read-only by removing the property setter (https://docs.microsoft.com/dotnet/fundamentals/code-analysis/quality-rules/ca2227) [/home/adam/Dev/omega-spiral/chapter-zero/OmegaSpiral.csproj]
         /home/adam/Dev/omega-spiral/chapter-zero/Source/Scripts/field/cutscenes/popups/InteractionPopup.cs(21,17): error CA1717: Only FlagsAttribute enums should have plural names (https://docs.microsoft.com/dotnet/fundamentals/code-analysis/quality-rules/ca1717) [/home/adam/Dev/omega-spiral/chapter-zero/OmegaSpiral.csproj]
         /home/adam/Dev/omega-spiral/chapter-zero/Source/Scripts/field/cutscenes/popups/InteractionPopup.cs(23,9): error SA1602: Enumeration items should be documented (https://github.com/DotNetAnalyzers/StyleCopAnalyzers/blob/master/documentation/SA1602.md) [/home/adam/Dev/omega-spiral/chapter-zero/OmegaSpiral.csproj]
         /home/adam/Dev/omega-spiral/chapter-zero/Source/Scripts/field/cutscenes/popups/InteractionPopup.cs(24,9): error SA1602: Enumeration items should be documented (https://github.com/DotNetAnalyzers/StyleCopAnalyzers/blob/master/documentation/SA1602.md) [/home/adam/Dev/omega-spiral/chapter-zero/OmegaSpiral.csproj]
         /home/adam/Dev/omega-spiral/chapter-zero/Source/Scripts/field/cutscenes/popups/InteractionPopup.cs(25,9): error SA1602: Enumeration items should be documented (https://github.com/DotNetAnalyzers/StyleCopAnalyzers/blob/master/documentation/SA1602.md) [/home/adam/Dev/omega-spiral/chapter-zero/OmegaSpiral.csproj]
         /home/adam/Dev/omega-spiral/chapter-zero/Source/Scripts/field/cutscenes/popups/InteractionPopup.cs(26,9): error SA1602: Enumeration items should be documented (https://github.com/DotNetAnalyzers/StyleCopAnalyzers/blob/master/documentation/SA1602.md) [/home/adam/Dev/omega-spiral/chapter-zero/OmegaSpiral.csproj]
         /home/adam/Dev/omega-spiral/chapter-zero/Source/Scripts/field/gamepieces/controllers/GamepieceController.cs(143,23): error SA1201: A field should not follow a property (https://github.com/DotNetAnalyzers/StyleCopAnalyzers/blob/master/documentation/SA1201.md) [/home/adam/Dev/omega-spiral/chapter-zero/OmegaSpiral.csproj]
         /home/adam/Dev/omega-spiral/chapter-zero/Source/Scripts/field/gamepieces/controllers/GamepieceController.cs(198,25): error SA1202: 'public' members should come before 'protected' members (https://github.com/DotNetAnalyzers/StyleCopAnalyzers/blob/master/documentation/SA1202.md) [/home/adam/Dev/omega-spiral/chapter-zero/OmegaSpiral.csproj]
         /home/adam/Dev/omega-spiral/chapter-zero/Source/Scripts/field/gamepieces/controllers/GamepieceController.cs(346,28): error SA1202: 'protected' members should come before 'private' members (https://github.com/DotNetAnalyzers/StyleCopAnalyzers/blob/master/documentation/SA1202.md) [/home/adam/Dev/omega-spiral/chapter-zero/OmegaSpiral.csproj]
         /home/adam/Dev/omega-spiral/chapter-zero/Source/Scripts/field/gamepieces/controllers/GamepieceController.cs(124,27): error CA2227: Change 'MovePath' to be read-only by removing the property setter (https://docs.microsoft.com/dotnet/fundamentals/code-analysis/quality-rules/ca2227) [/home/adam/Dev/omega-spiral/chapter-zero/OmegaSpiral.csproj]
         /home/adam/Dev/omega-spiral/chapter-zero/Source/Scripts/field/gamepieces/controllers/GamepieceController.cs(41,63): error SA1611: The documentation for parameter 'newWaypoint' is missing (https://github.com/DotNetAnalyzers/StyleCopAnalyzers/blob/master/documentation/SA1611.md) [/home/adam/Dev/omega-spiral/chapter-zero/OmegaSpiral.csproj]
         /home/adam/Dev/omega-spiral/chapter-zero/Source/Scripts/field/gamepieces/controllers/GamepieceController.cs(35,63): error SA1611: The documentation for parameter 'newWaypoint' is missing (https://github.com/DotNetAnalyzers/StyleCopAnalyzers/blob/master/documentation/SA1611.md) [/home/adam/Dev/omega-spiral/chapter-zero/OmegaSpiral.csproj]
         /home/adam/Dev/omega-spiral/chapter-zero/Source/Scripts/combat/ui/UICombatLog.cs(16,26): error SA1601: Partial elements should be documented (https://github.com/DotNetAnalyzers/StyleCopAnalyzers/blob/master/documentation/SA1601.md) [/home/adam/Dev/omega-spiral/chapter-zero/OmegaSpiral.csproj]
         /home/adam/Dev/omega-spiral/chapter-zero/Source/Scripts/combat/ui/UICombatLog.cs(27,31): error SA1201: A field should not follow a property (https://github.com/DotNetAnalyzers/StyleCopAnalyzers/blob/master/documentation/SA1201.md) [/home/adam/Dev/omega-spiral/chapter-zero/OmegaSpiral.csproj]
         /home/adam/Dev/omega-spiral/chapter-zero/Source/Scripts/combat/ui/UICombatLog.cs(121,21): error SA1202: 'public' members should come before 'private' members (https://github.com/DotNetAnalyzers/StyleCopAnalyzers/blob/master/documentation/SA1202.md) [/home/adam/Dev/omega-spiral/chapter-zero/OmegaSpiral.csproj]
         /home/adam/Dev/omega-spiral/chapter-zero/Source/Scripts/combat/ui/action_menu/UIActionMenu.cs(33,20): error SA1600: Elements should be documented (https://github.com/DotNetAnalyzers/StyleCopAnalyzers/blob/master/documentation/SA1600.md) [/home/adam/Dev/omega-spiral/chapter-zero/OmegaSpiral.csproj]
         /home/adam/Dev/omega-spiral/chapter-zero/Source/Scripts/combat/ui/action_menu/UIActionMenu.cs(31,21): error SA1201: A field should not follow a delegate (https://github.com/DotNetAnalyzers/StyleCopAnalyzers/blob/master/documentation/SA1201.md) [/home/adam/Dev/omega-spiral/chapter-zero/OmegaSpiral.csproj]
         /home/adam/Dev/omega-spiral/chapter-zero/Source/Scripts/combat/ui/action_menu/UIActionMenu.cs(68,25): error SA1201: A field should not follow a property (https://github.com/DotNetAnalyzers/StyleCopAnalyzers/blob/master/documentation/SA1201.md) [/home/adam/Dev/omega-spiral/chapter-zero/OmegaSpiral.csproj]
         /home/adam/Dev/omega-spiral/chapter-zero/Source/Scripts/combat/ui/action_menu/UIActionMenu.cs(19,67): error SA1611: The documentation for parameter 'action' is missing (https://github.com/DotNetAnalyzers/StyleCopAnalyzers/blob/master/documentation/SA1611.md) [/home/adam/Dev/omega-spiral/chapter-zero/OmegaSpiral.csproj]
         /home/adam/Dev/omega-spiral/chapter-zero/Source/Scripts/combat/ui/action_menu/UIActionMenu.cs(108,17): error SA1202: 'public' members should come before 'private' members (https://github.com/DotNetAnalyzers/StyleCopAnalyzers/blob/master/documentation/SA1202.md) [/home/adam/Dev/omega-spiral/chapter-zero/OmegaSpiral.csproj]
         /home/adam/Dev/omega-spiral/chapter-zero/Source/Scripts/combat/ui/action_menu/UIActionMenu.cs(156,29): error SA1202: 'protected' members should come before 'private' members (https://github.com/DotNetAnalyzers/StyleCopAnalyzers/blob/master/documentation/SA1202.md) [/home/adam/Dev/omega-spiral/chapter-zero/OmegaSpiral.csproj]
         /home/adam/Dev/omega-spiral/chapter-zero/Source/Scripts/combat/ui/action_menu/UIActionMenu.cs(25,66): error SA1611: The documentation for parameter 'action' is missing (https://github.com/DotNetAnalyzers/StyleCopAnalyzers/blob/master/documentation/SA1611.md) [/home/adam/Dev/omega-spiral/chapter-zero/OmegaSpiral.csproj]
         /home/adam/Dev/omega-spiral/chapter-zero/Source/Scripts/common/Inventory.cs(36,65): error SA1201: A field should not follow a enum (https://github.com/DotNetAnalyzers/StyleCopAnalyzers/blob/master/documentation/SA1201.md) [/home/adam/Dev/omega-spiral/chapter-zero/OmegaSpiral.csproj]
         /home/adam/Dev/omega-spiral/chapter-zero/Source/Scripts/common/Inventory.cs(55,40): error SA1201: A field should not follow a delegate (https://github.com/DotNetAnalyzers/StyleCopAnalyzers/blob/master/documentation/SA1201.md) [/home/adam/Dev/omega-spiral/chapter-zero/OmegaSpiral.csproj]
         /home/adam/Dev/omega-spiral/chapter-zero/Source/Scripts/common/Inventory.cs(46,26): error SA1203: Constant fields should appear before non-constant fields (https://github.com/DotNetAnalyzers/StyleCopAnalyzers/blob/master/documentation/SA1203.md) [/home/adam/Dev/omega-spiral/chapter-zero/OmegaSpiral.csproj]
         /home/adam/Dev/omega-spiral/chapter-zero/Source/Scripts/common/Inventory.cs(129,29): error SA1204: Static members should appear before non-static members (https://github.com/DotNetAnalyzers/StyleCopAnalyzers/blob/master/documentation/SA1204.md) [/home/adam/Dev/omega-spiral/chapter-zero/OmegaSpiral.csproj]
         /home/adam/Dev/omega-spiral/chapter-zero/Source/Scripts/field/cutscenes/popups/MovingInteractionPopup.cs(17,22): error SA1601: Partial elements should be documented (https://github.com/DotNetAnalyzers/StyleCopAnalyzers/blob/master/documentation/SA1601.md) [/home/adam/Dev/omega-spiral/chapter-zero/OmegaSpiral.csproj]
         /home/adam/Dev/omega-spiral/chapter-zero/Source/Scripts/common/Inventory.cs(21,9): error SA1602: Enumeration items should be documented (https://github.com/DotNetAnalyzers/StyleCopAnalyzers/blob/master/documentation/SA1602.md) [/home/adam/Dev/omega-spiral/chapter-zero/OmegaSpiral.csproj]
         /home/adam/Dev/omega-spiral/chapter-zero/Source/Scripts/common/Inventory.cs(19,17): error CA1717: Only FlagsAttribute enums should have plural names (https://docs.microsoft.com/dotnet/fundamentals/code-analysis/quality-rules/ca1717) [/home/adam/Dev/omega-spiral/chapter-zero/OmegaSpiral.csproj]
         /home/adam/Dev/omega-spiral/chapter-zero/Source/Scripts/common/Inventory.cs(22,9): error SA1602: Enumeration items should be documented (https://github.com/DotNetAnalyzers/StyleCopAnalyzers/blob/master/documentation/SA1602.md) [/home/adam/Dev/omega-spiral/chapter-zero/OmegaSpiral.csproj]
         /home/adam/Dev/omega-spiral/chapter-zero/Source/Scripts/common/Inventory.cs(24,9): error SA1602: Enumeration items should be documented (https://github.com/DotNetAnalyzers/StyleCopAnalyzers/blob/master/documentation/SA1602.md) [/home/adam/Dev/omega-spiral/chapter-zero/OmegaSpiral.csproj]
         /home/adam/Dev/omega-spiral/chapter-zero/Source/Scripts/common/Inventory.cs(25,9): error SA1602: Enumeration items should be documented (https://github.com/DotNetAnalyzers/StyleCopAnalyzers/blob/master/documentation/SA1602.md) [/home/adam/Dev/omega-spiral/chapter-zero/OmegaSpiral.csproj]
         /home/adam/Dev/omega-spiral/chapter-zero/Source/Scripts/common/Inventory.cs(26,9): error SA1602: Enumeration items should be documented (https://github.com/DotNetAnalyzers/StyleCopAnalyzers/blob/master/documentation/SA1602.md) [/home/adam/Dev/omega-spiral/chapter-zero/OmegaSpiral.csproj]
         /home/adam/Dev/omega-spiral/chapter-zero/Source/Scripts/common/Inventory.cs(23,9): error SA1602: Enumeration items should be documented (https://github.com/DotNetAnalyzers/StyleCopAnalyzers/blob/master/documentation/SA1602.md) [/home/adam/Dev/omega-spiral/chapter-zero/OmegaSpiral.csproj]
         /home/adam/Dev/omega-spiral/chapter-zero/Source/Scripts/common/Inventory.cs(52,60): error SA1611: The documentation for parameter 'type' is missing (https://github.com/DotNetAnalyzers/StyleCopAnalyzers/blob/master/documentation/SA1611.md) [/home/adam/Dev/omega-spiral/chapter-zero/OmegaSpiral.csproj]
         /home/adam/Dev/omega-spiral/chapter-zero/Source/Scripts/field/gamepieces/controllers/PathLoopAIController.cs(32,20): error SA1201: A field should not follow a property (https://github.com/DotNetAnalyzers/StyleCopAnalyzers/blob/master/documentation/SA1201.md) [/home/adam/Dev/omega-spiral/chapter-zero/OmegaSpiral.csproj]
         /home/adam/Dev/omega-spiral/chapter-zero/Source/Scripts/field/gamepieces/controllers/PathLoopAIController.cs(73,17): error SA1201: A property should not follow a method (https://github.com/DotNetAnalyzers/StyleCopAnalyzers/blob/master/documentation/SA1201.md) [/home/adam/Dev/omega-spiral/chapter-zero/OmegaSpiral.csproj]
         /home/adam/Dev/omega-spiral/chapter-zero/Source/Scripts/field/gamepieces/controllers/PathLoopAIController.cs(218,29): error SA1202: 'protected' members should come before 'private' members (https://github.com/DotNetAnalyzers/StyleCopAnalyzers/blob/master/documentation/SA1202.md) [/home/adam/Dev/omega-spiral/chapter-zero/OmegaSpiral.csproj]
         /home/adam/Dev/omega-spiral/chapter-zero/Source/Scripts/field/gamepieces/controllers/PathLoopAIController.cs(261,29): error SA1202: 'protected' members should come before 'private' members (https://github.com/DotNetAnalyzers/StyleCopAnalyzers/blob/master/documentation/SA1202.md) [/home/adam/Dev/omega-spiral/chapter-zero/OmegaSpiral.csproj]
         /home/adam/Dev/omega-spiral/chapter-zero/Source/Scripts/common/JsonSchemaValidator.cs(12,22): error SA1601: Partial elements should be documented (https://github.com/DotNetAnalyzers/StyleCopAnalyzers/blob/master/documentation/SA1601.md) [/home/adam/Dev/omega-spiral/chapter-zero/OmegaSpiral.csproj]
         /home/adam/Dev/omega-spiral/chapter-zero/Source/Scripts/common/DialogicIntegration.cs(154,27): error SA1202: 'public' members should come before 'private' members (https://github.com/DotNetAnalyzers/StyleCopAnalyzers/blob/master/documentation/SA1202.md) [/home/adam/Dev/omega-spiral/chapter-zero/OmegaSpiral.csproj]
         /home/adam/Dev/omega-spiral/chapter-zero/Source/Scripts/combat/ui/battler_entry/UIBattlerLifeBar.cs(29,19): error SA1201: A field should not follow a property (https://github.com/DotNetAnalyzers/StyleCopAnalyzers/blob/master/documentation/SA1201.md) [/home/adam/Dev/omega-spiral/chapter-zero/OmegaSpiral.csproj]
         /home/adam/Dev/omega-spiral/chapter-zero/Source/Scripts/combat/ui/battler_entry/UIBattlerLifeBar.cs(62,19): error SA1201: A field should not follow a property (https://github.com/DotNetAnalyzers/StyleCopAnalyzers/blob/master/documentation/SA1201.md) [/home/adam/Dev/omega-spiral/chapter-zero/OmegaSpiral.csproj]
         /home/adam/Dev/omega-spiral/chapter-zero/Source/Scripts/field/TileDungeonData.cs(80,22): error SA1402: File may only contain a single type (https://github.com/DotNetAnalyzers/StyleCopAnalyzers/blob/master/documentation/SA1402.md) [/home/adam/Dev/omega-spiral/chapter-zero/OmegaSpiral.csproj]
         /home/adam/Dev/omega-spiral/chapter-zero/Source/Scripts/field/TileDungeonData.cs(107,22): error SA1402: File may only contain a single type (https://github.com/DotNetAnalyzers/StyleCopAnalyzers/blob/master/documentation/SA1402.md) [/home/adam/Dev/omega-spiral/chapter-zero/OmegaSpiral.csproj]
         /home/adam/Dev/omega-spiral/chapter-zero/Source/Scripts/field/cutscenes/templates/area_transitions/AreaTransition.cs(54,19): error SA1201: A field should not follow a property (https://github.com/DotNetAnalyzers/StyleCopAnalyzers/blob/master/documentation/SA1201.md) [/home/adam/Dev/omega-spiral/chapter-zero/OmegaSpiral.csproj]
         /home/adam/Dev/omega-spiral/chapter-zero/Source/Scripts/field/cutscenes/templates/area_transitions/AreaTransition.cs(98,31): error SA1202: 'public' members should come before 'private' members (https://github.com/DotNetAnalyzers/StyleCopAnalyzers/blob/master/documentation/SA1202.md) [/home/adam/Dev/omega-spiral/chapter-zero/OmegaSpiral.csproj]
         /home/adam/Dev/omega-spiral/chapter-zero/Source/Scripts/field/ui/inventory/UIInventoryItem.cs(20,17): error SA1201: A field should not follow a property (https://github.com/DotNetAnalyzers/StyleCopAnalyzers/blob/master/documentation/SA1201.md) [/home/adam/Dev/omega-spiral/chapter-zero/OmegaSpiral.csproj]
         /home/adam/Dev/omega-spiral/chapter-zero/Source/Scripts/common/Music.cs(57,35): error SA1201: A field should not follow a property (https://github.com/DotNetAnalyzers/StyleCopAnalyzers/blob/master/documentation/SA1201.md) [/home/adam/Dev/omega-spiral/chapter-zero/OmegaSpiral.csproj]
         /home/adam/Dev/omega-spiral/chapter-zero/Source/Scripts/common/Music.cs(269,27): error SA1202: 'public' members should come before 'private' members (https://github.com/DotNetAnalyzers/StyleCopAnalyzers/blob/master/documentation/SA1202.md) [/home/adam/Dev/omega-spiral/chapter-zero/OmegaSpiral.csproj]
         /home/adam/Dev/omega-spiral/chapter-zero/Source/Scripts/field/cutscenes/templates/treasure_chests/TreasureChest.cs(26,25): error SA1201: A field should not follow a property (https://github.com/DotNetAnalyzers/StyleCopAnalyzers/blob/master/documentation/SA1201.md) [/home/adam/Dev/omega-spiral/chapter-zero/OmegaSpiral.csproj]
         /home/adam/Dev/omega-spiral/chapter-zero/Source/Scripts/field/ui/popups/UIPopup.cs(79,31): error CA1051: Do not declare visible instance fields (https://docs.microsoft.com/dotnet/fundamentals/code-analysis/quality-rules/ca1051) [/home/adam/Dev/omega-spiral/chapter-zero/OmegaSpiral.csproj]
         /home/adam/Dev/omega-spiral/chapter-zero/Source/Scripts/field/ui/popups/UIPopup.cs(13,22): error SA1601: Partial elements should be documented (https://github.com/DotNetAnalyzers/StyleCopAnalyzers/blob/master/documentation/SA1601.md) [/home/adam/Dev/omega-spiral/chapter-zero/OmegaSpiral.csproj]
         /home/adam/Dev/omega-spiral/chapter-zero/Source/Scripts/field/ui/popups/UIPopup.cs(79,31): error SA1401: Field should be private (https://github.com/DotNetAnalyzers/StyleCopAnalyzers/blob/master/documentation/SA1401.md) [/home/adam/Dev/omega-spiral/chapter-zero/OmegaSpiral.csproj]
         /home/adam/Dev/omega-spiral/chapter-zero/Source/Scripts/field/ui/popups/UIPopup.cs(80,24): error CA1051: Do not declare visible instance fields (https://docs.microsoft.com/dotnet/fundamentals/code-analysis/quality-rules/ca1051) [/home/adam/Dev/omega-spiral/chapter-zero/OmegaSpiral.csproj]
         /home/adam/Dev/omega-spiral/chapter-zero/Source/Scripts/field/ui/popups/UIPopup.cs(79,31): error SA1600: Elements should be documented (https://github.com/DotNetAnalyzers/StyleCopAnalyzers/blob/master/documentation/SA1600.md) [/home/adam/Dev/omega-spiral/chapter-zero/OmegaSpiral.csproj]
         /home/adam/Dev/omega-spiral/chapter-zero/Source/Scripts/field/ui/popups/UIPopup.cs(80,24): error SA1401: Field should be private (https://github.com/DotNetAnalyzers/StyleCopAnalyzers/blob/master/documentation/SA1401.md) [/home/adam/Dev/omega-spiral/chapter-zero/OmegaSpiral.csproj]
         /home/adam/Dev/omega-spiral/chapter-zero/Source/Scripts/field/ui/popups/UIPopup.cs(80,24): error SA1600: Elements should be documented (https://github.com/DotNetAnalyzers/StyleCopAnalyzers/blob/master/documentation/SA1600.md) [/home/adam/Dev/omega-spiral/chapter-zero/OmegaSpiral.csproj]
         /home/adam/Dev/omega-spiral/chapter-zero/Source/Scripts/field/ui/popups/UIPopup.cs(36,18): error SA1201: A field should not follow a enum (https://github.com/DotNetAnalyzers/StyleCopAnalyzers/blob/master/documentation/SA1201.md) [/home/adam/Dev/omega-spiral/chapter-zero/OmegaSpiral.csproj]
         /home/adam/Dev/omega-spiral/chapter-zero/Source/Scripts/field/ui/popups/UIPopup.cs(77,20): error SA1201: A field should not follow a property (https://github.com/DotNetAnalyzers/StyleCopAnalyzers/blob/master/documentation/SA1201.md) [/home/adam/Dev/omega-spiral/chapter-zero/OmegaSpiral.csproj]
         /home/adam/Dev/omega-spiral/chapter-zero/Source/Scripts/field/ui/popups/UIPopup.cs(79,31): error SA1202: 'protected' members should come before 'private' members (https://github.com/DotNetAnalyzers/StyleCopAnalyzers/blob/master/documentation/SA1202.md) [/home/adam/Dev/omega-spiral/chapter-zero/OmegaSpiral.csproj]
         /home/adam/Dev/omega-spiral/chapter-zero/Source/Scripts/field/ui/popups/UIPopup.cs(175,26): error SA1202: 'public' members should come before 'private' members (https://github.com/DotNetAnalyzers/StyleCopAnalyzers/blob/master/documentation/SA1202.md) [/home/adam/Dev/omega-spiral/chapter-zero/OmegaSpiral.csproj]
         /home/adam/Dev/omega-spiral/chapter-zero/Source/Scripts/common/PartyData.cs(17,32): error CA2227: Change 'Members' to be read-only by removing the property setter (https://docs.microsoft.com/dotnet/fundamentals/code-analysis/quality-rules/ca2227) [/home/adam/Dev/omega-spiral/chapter-zero/OmegaSpiral.csproj]
         /home/adam/Dev/omega-spiral/chapter-zero/Source/Scripts/common/PartyData.cs(33,16): error SA1201: A constructor should not follow a property (https://github.com/DotNetAnalyzers/StyleCopAnalyzers/blob/master/documentation/SA1201.md) [/home/adam/Dev/omega-spiral/chapter-zero/OmegaSpiral.csproj]
         /home/adam/Dev/omega-spiral/chapter-zero/Source/Scripts/common/PartyData.cs(237,33): error SA1204: Static members should appear before non-static members (https://github.com/DotNetAnalyzers/StyleCopAnalyzers/blob/master/documentation/SA1204.md) [/home/adam/Dev/omega-spiral/chapter-zero/OmegaSpiral.csproj]
         /home/adam/Dev/omega-spiral/chapter-zero/Source/Scripts/common/PartyData.cs(27,58): error CA2227: Change 'Inventory' to be read-only by removing the property setter (https://docs.microsoft.com/dotnet/fundamentals/code-analysis/quality-rules/ca2227) [/home/adam/Dev/omega-spiral/chapter-zero/OmegaSpiral.csproj]
         /home/adam/Dev/omega-spiral/chapter-zero/Source/Scripts/field/ui/popups/UIPopup.cs(38,20): error CA1707: Remove the underscores from member name UIPopup.Is_shown (https://docs.microsoft.com/dotnet/fundamentals/code-analysis/quality-rules/ca1707) [/home/adam/Dev/omega-spiral/chapter-zero/OmegaSpiral.csproj]
         /home/adam/Dev/omega-spiral/chapter-zero/Source/Scripts/field/ui/popups/UIPopup.cs(38,20): error SA1600: Elements should be documented (https://github.com/DotNetAnalyzers/StyleCopAnalyzers/blob/master/documentation/SA1600.md) [/home/adam/Dev/omega-spiral/chapter-zero/OmegaSpiral.csproj]
         /home/adam/Dev/omega-spiral/chapter-zero/Source/Scripts/field/ui/popups/UIPopup.cs(24,17): error CA1717: Only FlagsAttribute enums should have plural names (https://docs.microsoft.com/dotnet/fundamentals/code-analysis/quality-rules/ca1717) [/home/adam/Dev/omega-spiral/chapter-zero/OmegaSpiral.csproj]
         /home/adam/Dev/omega-spiral/chapter-zero/Source/Scripts/field/ui/popups/UIPopup.cs(27,9): error SA1602: Enumeration items should be documented (https://github.com/DotNetAnalyzers/StyleCopAnalyzers/blob/master/documentation/SA1602.md) [/home/adam/Dev/omega-spiral/chapter-zero/OmegaSpiral.csproj]
         /home/adam/Dev/omega-spiral/chapter-zero/Source/Scripts/field/gamepieces/Gamepiece.cs(52,25): error SA1201: A field should not follow a delegate (https://github.com/DotNetAnalyzers/StyleCopAnalyzers/blob/master/documentation/SA1201.md) [/home/adam/Dev/omega-spiral/chapter-zero/OmegaSpiral.csproj]
         /home/adam/Dev/omega-spiral/chapter-zero/Source/Scripts/field/gamepieces/Gamepiece.cs(106,31): error SA1201: A field should not follow a property (https://github.com/DotNetAnalyzers/StyleCopAnalyzers/blob/master/documentation/SA1201.md) [/home/adam/Dev/omega-spiral/chapter-zero/OmegaSpiral.csproj]
         /home/adam/Dev/omega-spiral/chapter-zero/Source/Scripts/field/gamepieces/Gamepiece.cs(202,17): error SA1202: 'public' members should come before 'private' members (https://github.com/DotNetAnalyzers/StyleCopAnalyzers/blob/master/documentation/SA1202.md) [/home/adam/Dev/omega-spiral/chapter-zero/OmegaSpiral.csproj]
         /home/adam/Dev/omega-spiral/chapter-zero/Source/Scripts/field/ui/popups/UIPopup.cs(28,9): error SA1602: Enumeration items should be documented (https://github.com/DotNetAnalyzers/StyleCopAnalyzers/blob/master/documentation/SA1602.md) [/home/adam/Dev/omega-spiral/chapter-zero/OmegaSpiral.csproj]
         /home/adam/Dev/omega-spiral/chapter-zero/Source/Scripts/field/gamepieces/Gamepiece.cs(266,24): error SA1204: Static members should appear before non-static members (https://github.com/DotNetAnalyzers/StyleCopAnalyzers/blob/master/documentation/SA1204.md) [/home/adam/Dev/omega-spiral/chapter-zero/OmegaSpiral.csproj]
         /home/adam/Dev/omega-spiral/chapter-zero/Source/Scripts/field/ui/popups/UIPopup.cs(29,9): error SA1602: Enumeration items should be documented (https://github.com/DotNetAnalyzers/StyleCopAnalyzers/blob/master/documentation/SA1602.md) [/home/adam/Dev/omega-spiral/chapter-zero/OmegaSpiral.csproj]
         /home/adam/Dev/omega-spiral/chapter-zero/Source/Scripts/field/ui/popups/UIPopup.cs(26,9): error SA1602: Enumeration items should be documented (https://github.com/DotNetAnalyzers/StyleCopAnalyzers/blob/master/documentation/SA1602.md) [/home/adam/Dev/omega-spiral/chapter-zero/OmegaSpiral.csproj]
         /home/adam/Dev/omega-spiral/chapter-zero/Source/Scripts/field/narrative/DreamweaverPersona.cs(42,27): error SA1201: A field should not follow a property (https://github.com/DotNetAnalyzers/StyleCopAnalyzers/blob/master/documentation/SA1201.md) [/home/adam/Dev/omega-spiral/chapter-zero/OmegaSpiral.csproj]
         /home/adam/Dev/omega-spiral/chapter-zero/Source/Scripts/field/narrative/DreamweaverPersona.cs(108,31): error SA1202: 'public' members should come before 'private' members (https://github.com/DotNetAnalyzers/StyleCopAnalyzers/blob/master/documentation/SA1202.md) [/home/adam/Dev/omega-spiral/chapter-zero/OmegaSpiral.csproj]
         /home/adam/Dev/omega-spiral/chapter-zero/Source/Scripts/field/narrative/DreamweaverPersona.cs(361,39): error SA1204: Static members should appear before non-static members (https://github.com/DotNetAnalyzers/StyleCopAnalyzers/blob/master/documentation/SA1204.md) [/home/adam/Dev/omega-spiral/chapter-zero/OmegaSpiral.csproj]
         /home/adam/Dev/omega-spiral/chapter-zero/Source/Scripts/field/narrative/DreamweaverPersona.cs(459,39): error SA1204: Static members should appear before non-static members (https://github.com/DotNetAnalyzers/StyleCopAnalyzers/blob/master/documentation/SA1204.md) [/home/adam/Dev/omega-spiral/chapter-zero/OmegaSpiral.csproj]
         /home/adam/Dev/omega-spiral/chapter-zero/Tests/SaveLoadTests.cs(11,14): error CA1063: Provide an overridable implementation of Dispose(bool) on 'SaveLoadTests' or mark the type as sealed. A call to Dispose(false) should only clean up native resources. A call to Dispose(true) should clean up both managed and native resources. (https://docs.microsoft.com/dotnet/fundamentals/code-analysis/quality-rules/ca1063) [/home/adam/Dev/omega-spiral/chapter-zero/OmegaSpiral.csproj]
         /home/adam/Dev/omega-spiral/chapter-zero/Source/Scripts/field/gamepieces/Gamepiece.cs(23,73): error SA1611: The documentation for parameter 'newDirection' is missing (https://github.com/DotNetAnalyzers/StyleCopAnalyzers/blob/master/documentation/SA1611.md) [/home/adam/Dev/omega-spiral/chapter-zero/OmegaSpiral.csproj]
         /home/adam/Dev/omega-spiral/chapter-zero/Tests/SaveLoadTests.cs(11,14): error SA1600: Elements should be documented (https://github.com/DotNetAnalyzers/StyleCopAnalyzers/blob/master/documentation/SA1600.md) [/home/adam/Dev/omega-spiral/chapter-zero/OmegaSpiral.csproj]
         /home/adam/Dev/omega-spiral/chapter-zero/Source/Scripts/field/cutscenes/templates/treasure_chests/TreasureChestInteraction.cs(37,18): error SA1201: A field should not follow a property (https://github.com/DotNetAnalyzers/StyleCopAnalyzers/blob/master/documentation/SA1201.md) [/home/adam/Dev/omega-spiral/chapter-zero/OmegaSpiral.csproj]
         /home/adam/Dev/omega-spiral/chapter-zero/Source/Scripts/field/cutscenes/templates/treasure_chests/TreasureChestInteraction.cs(97,32): error SA1202: 'public' members should come before 'protected' members (https://github.com/DotNetAnalyzers/StyleCopAnalyzers/blob/master/documentation/SA1202.md) [/home/adam/Dev/omega-spiral/chapter-zero/OmegaSpiral.csproj]
         /home/adam/Dev/omega-spiral/chapter-zero/Source/Scripts/field/gamepieces/Gamepiece.cs(41,63): error SA1611: The documentation for parameter 'newWaypoint' is missing (https://github.com/DotNetAnalyzers/StyleCopAnalyzers/blob/master/documentation/SA1611.md) [/home/adam/Dev/omega-spiral/chapter-zero/OmegaSpiral.csproj]
         /home/adam/Dev/omega-spiral/chapter-zero/Source/Scripts/field/gamepieces/Gamepiece.cs(47,63): error SA1611: The documentation for parameter 'newWaypoint' is missing (https://github.com/DotNetAnalyzers/StyleCopAnalyzers/blob/master/documentation/SA1611.md) [/home/adam/Dev/omega-spiral/chapter-zero/OmegaSpiral.csproj]
         /home/adam/Dev/omega-spiral/chapter-zero/Tests/StatePersistenceTests.cs(11,14): error CA1063: Provide an overridable implementation of Dispose(bool) on 'StatePersistenceTests' or mark the type as sealed. A call to Dispose(false) should only clean up native resources. A call to Dispose(true) should clean up both managed and native resources. (https://docs.microsoft.com/dotnet/fundamentals/code-analysis/quality-rules/ca1063) [/home/adam/Dev/omega-spiral/chapter-zero/OmegaSpiral.csproj]
         /home/adam/Dev/omega-spiral/chapter-zero/Tests/StatePersistenceTests.cs(11,14): error SA1600: Elements should be documented (https://github.com/DotNetAnalyzers/StyleCopAnalyzers/blob/master/documentation/SA1600.md) [/home/adam/Dev/omega-spiral/chapter-zero/OmegaSpiral.csproj]
         /home/adam/Dev/omega-spiral/chapter-zero/Source/Scripts/field/cutscenes/Trigger.cs(38,18): error SA1201: A field should not follow a delegate (https://github.com/DotNetAnalyzers/StyleCopAnalyzers/blob/master/documentation/SA1201.md) [/home/adam/Dev/omega-spiral/chapter-zero/OmegaSpiral.csproj]
         /home/adam/Dev/omega-spiral/chapter-zero/Source/Scripts/field/cutscenes/Trigger.cs(149,20): error SA1202: 'protected' members should come before 'private' members (https://github.com/DotNetAnalyzers/StyleCopAnalyzers/blob/master/documentation/SA1202.md) [/home/adam/Dev/omega-spiral/chapter-zero/OmegaSpiral.csproj]
         /home/adam/Dev/omega-spiral/chapter-zero/Source/Scripts/field/cutscenes/Trigger.cs(24,65): error SA1611: The documentation for parameter 'gamepiece' is missing (https://github.com/DotNetAnalyzers/StyleCopAnalyzers/blob/master/documentation/SA1611.md) [/home/adam/Dev/omega-spiral/chapter-zero/OmegaSpiral.csproj]
         /home/adam/Dev/omega-spiral/chapter-zero/Source/Scripts/field/cutscenes/templates/combat/CombatTrigger.cs(10,22): error SA1601: Partial elements should be documented (https://github.com/DotNetAnalyzers/StyleCopAnalyzers/blob/master/documentation/SA1601.md) [/home/adam/Dev/omega-spiral/chapter-zero/OmegaSpiral.csproj]
         /home/adam/Dev/omega-spiral/chapter-zero/Source/Scripts/field/narrative/DreamweaverSystem.cs(31,52): error SA1201: A field should not follow a delegate (https://github.com/DotNetAnalyzers/StyleCopAnalyzers/blob/master/documentation/SA1201.md) [/home/adam/Dev/omega-spiral/chapter-zero/OmegaSpiral.csproj]
         /home/adam/Dev/omega-spiral/chapter-zero/Source/Scripts/field/narrative/DreamweaverSystem.cs(112,31): error SA1202: 'public' members should come before 'private' members (https://github.com/DotNetAnalyzers/StyleCopAnalyzers/blob/master/documentation/SA1202.md) [/home/adam/Dev/omega-spiral/chapter-zero/OmegaSpiral.csproj]
         /home/adam/Dev/omega-spiral/chapter-zero/Source/Scripts/field/narrative/DreamweaverSystem.cs(74,35): error SA1204: Static members should appear before non-static members (https://github.com/DotNetAnalyzers/StyleCopAnalyzers/blob/master/documentation/SA1204.md) [/home/adam/Dev/omega-spiral/chapter-zero/OmegaSpiral.csproj]
         /home/adam/Dev/omega-spiral/chapter-zero/Source/Scripts/field/narrative/DreamweaverSystem.cs(23,26): error SA1600: Elements should be documented (https://github.com/DotNetAnalyzers/StyleCopAnalyzers/blob/master/documentation/SA1600.md) [/home/adam/Dev/omega-spiral/chapter-zero/OmegaSpiral.csproj]
         /home/adam/Dev/omega-spiral/chapter-zero/Source/Scripts/field/narrative/DreamweaverSystem.cs(26,26): error SA1600: Elements should be documented (https://github.com/DotNetAnalyzers/StyleCopAnalyzers/blob/master/documentation/SA1600.md) [/home/adam/Dev/omega-spiral/chapter-zero/OmegaSpiral.csproj]
         /home/adam/Dev/omega-spiral/chapter-zero/Source/Scripts/field/narrative/DreamweaverSystem.cs(29,26): error SA1600: Elements should be documented (https://github.com/DotNetAnalyzers/StyleCopAnalyzers/blob/master/documentation/SA1600.md) [/home/adam/Dev/omega-spiral/chapter-zero/OmegaSpiral.csproj]
         /home/adam/Dev/omega-spiral/chapter-zero/Source/Scripts/field/cutscenes/templates/combat/CombatTrigger.cs(13,24): error SA1600: Elements should be documented (https://github.com/DotNetAnalyzers/StyleCopAnalyzers/blob/master/documentation/SA1600.md) [/home/adam/Dev/omega-spiral/chapter-zero/OmegaSpiral.csproj]
         /home/adam/Dev/omega-spiral/chapter-zero/Source/Scripts/field/gamepieces/GamepieceRegistry.cs(45,45): error SA1201: A field should not follow a property (https://github.com/DotNetAnalyzers/StyleCopAnalyzers/blob/master/documentation/SA1201.md) [/home/adam/Dev/omega-spiral/chapter-zero/OmegaSpiral.csproj]
         /home/adam/Dev/omega-spiral/chapter-zero/Source/Scripts/field/gamepieces/GamepieceRegistry.cs(221,28): error SA1202: 'public' members should come before 'private' members (https://github.com/DotNetAnalyzers/StyleCopAnalyzers/blob/master/documentation/SA1202.md) [/home/adam/Dev/omega-spiral/chapter-zero/OmegaSpiral.csproj]
         /home/adam/Dev/omega-spiral/chapter-zero/Source/Scripts/field/gamepieces/GamepieceRegistry.cs(22,63): error SA1611: The documentation for parameter 'gamepiece' is missing (https://github.com/DotNetAnalyzers/StyleCopAnalyzers/blob/master/documentation/SA1611.md) [/home/adam/Dev/omega-spiral/chapter-zero/OmegaSpiral.csproj]
         /home/adam/Dev/omega-spiral/chapter-zero/Source/Scripts/field/cutscenes/templates/combat/RoamingCombatTrigger.cs(10,22): error SA1601: Partial elements should be documented (https://github.com/DotNetAnalyzers/StyleCopAnalyzers/blob/master/documentation/SA1601.md) [/home/adam/Dev/omega-spiral/chapter-zero/OmegaSpiral.csproj]
         /home/adam/Dev/omega-spiral/chapter-zero/Source/Scripts/field/gamepieces/GamepieceRegistry.cs(34,63): error SA1611: The documentation for parameter 'gamepiece' is missing (https://github.com/DotNetAnalyzers/StyleCopAnalyzers/blob/master/documentation/SA1611.md) [/home/adam/Dev/omega-spiral/chapter-zero/OmegaSpiral.csproj]
         /home/adam/Dev/omega-spiral/chapter-zero/Source/Scripts/field/gamepieces/GamepieceRegistry.cs(28,65): error SA1611: The documentation for parameter 'gamepiece' is missing (https://github.com/DotNetAnalyzers/StyleCopAnalyzers/blob/master/documentation/SA1611.md) [/home/adam/Dev/omega-spiral/chapter-zero/OmegaSpiral.csproj]
         /home/adam/Dev/omega-spiral/chapter-zero/Source/Scripts/field/gamepieces/GamepieceRegistry.cs(34,83): error SA1611: The documentation for parameter 'oldCell' is missing (https://github.com/DotNetAnalyzers/StyleCopAnalyzers/blob/master/documentation/SA1611.md) [/home/adam/Dev/omega-spiral/chapter-zero/OmegaSpiral.csproj]
         /home/adam/Dev/omega-spiral/chapter-zero/Source/Scripts/field/gamepieces/GamepieceRegistry.cs(34,101): error SA1611: The documentation for parameter 'newCell' is missing (https://github.com/DotNetAnalyzers/StyleCopAnalyzers/blob/master/documentation/SA1611.md) [/home/adam/Dev/omega-spiral/chapter-zero/OmegaSpiral.csproj]
         /home/adam/Dev/omega-spiral/chapter-zero/Source/Scripts/field/cutscenes/templates/conversations/ConversationTemplate.cs(73,32): error SA1202: 'public' members should come before 'private' members (https://github.com/DotNetAnalyzers/StyleCopAnalyzers/blob/master/documentation/SA1202.md) [/home/adam/Dev/omega-spiral/chapter-zero/OmegaSpiral.csproj]
         /home/adam/Dev/omega-spiral/chapter-zero/Source/Scripts/field/narrative/PersonaConfig.cs(38,29): error CA2227: Change 'StoryBlocks' to be read-only by removing the property setter (https://docs.microsoft.com/dotnet/fundamentals/code-analysis/quality-rules/ca2227) [/home/adam/Dev/omega-spiral/chapter-zero/OmegaSpiral.csproj]
         /home/adam/Dev/omega-spiral/chapter-zero/Source/Scripts/field/narrative/PersonaConfig.cs(26,25): error CA2227: Change 'OpeningLines' to be read-only by removing the property setter (https://docs.microsoft.com/dotnet/fundamentals/code-analysis/quality-rules/ca2227) [/home/adam/Dev/omega-spiral/chapter-zero/OmegaSpiral.csproj]
         /home/adam/Dev/omega-spiral/chapter-zero/Source/Scripts/field/narrative/NarrativeTerminal.cs(33,48): error SA1201: A field should not follow a enum (https://github.com/DotNetAnalyzers/StyleCopAnalyzers/blob/master/documentation/SA1201.md) [/home/adam/Dev/omega-spiral/chapter-zero/OmegaSpiral.csproj]
         /home/adam/Dev/omega-spiral/chapter-zero/Source/Scripts/field/narrative/NarrativeTerminal.cs(66,36): error SA1201: A field should not follow a property (https://github.com/DotNetAnalyzers/StyleCopAnalyzers/blob/master/documentation/SA1201.md) [/home/adam/Dev/omega-spiral/chapter-zero/OmegaSpiral.csproj]
         /home/adam/Dev/omega-spiral/chapter-zero/Source/Scripts/field/narrative/NarrativeTerminal.cs(64,21): error SA1600: Elements should be documented (https://github.com/DotNetAnalyzers/StyleCopAnalyzers/blob/master/documentation/SA1600.md) [/home/adam/Dev/omega-spiral/chapter-zero/OmegaSpiral.csproj]
         /home/adam/Dev/omega-spiral/chapter-zero/Source/Scripts/field/narrative/PersonaConfig.cs(74,31): error CA2227: Change 'Options' to be read-only by removing the property setter (https://docs.microsoft.com/dotnet/fundamentals/code-analysis/quality-rules/ca2227) [/home/adam/Dev/omega-spiral/chapter-zero/OmegaSpiral.csproj]
         /home/adam/Dev/omega-spiral/chapter-zero/Source/Scripts/field/cutscenes/templates/doors/Door.cs(51,23): error SA1201: A field should not follow a property (https://github.com/DotNetAnalyzers/StyleCopAnalyzers/blob/master/documentation/SA1201.md) [/home/adam/Dev/omega-spiral/chapter-zero/OmegaSpiral.csproj]
         /home/adam/Dev/omega-spiral/chapter-zero/Source/Scripts/field/cutscenes/templates/doors/Door.cs(112,23): error SA1202: 'public' members should come before 'private' members (https://github.com/DotNetAnalyzers/StyleCopAnalyzers/blob/master/documentation/SA1202.md) [/home/adam/Dev/omega-spiral/chapter-zero/OmegaSpiral.csproj]
         /home/adam/Dev/omega-spiral/chapter-zero/Source/Scripts/field/narrative/PersonaConfig.cs(110,25): error CA2227: Change 'Paragraphs' to be read-only by removing the property setter (https://docs.microsoft.com/dotnet/fundamentals/code-analysis/quality-rules/ca2227) [/home/adam/Dev/omega-spiral/chapter-zero/OmegaSpiral.csproj]
         /home/adam/Dev/omega-spiral/chapter-zero/Source/Scripts/field/narrative/PersonaConfig.cs(122,34): error CA2227: Change 'Choices' to be read-only by removing the property setter (https://docs.microsoft.com/dotnet/fundamentals/code-analysis/quality-rules/ca2227) [/home/adam/Dev/omega-spiral/chapter-zero/OmegaSpiral.csproj]
         /home/adam/Dev/omega-spiral/chapter-zero/Tests/NarrativeTerminalIntegrationTests.cs(13,18): error CA1063: Provide an overridable implementation of Dispose(bool) on 'NarrativeTerminalIntegrationTests' or mark the type as sealed. A call to Dispose(false) should only clean up native resources. A call to Dispose(true) should clean up both managed and native resources. (https://docs.microsoft.com/dotnet/fundamentals/code-analysis/quality-rules/ca1063) [/home/adam/Dev/omega-spiral/chapter-zero/OmegaSpiral.csproj]
         /home/adam/Dev/omega-spiral/chapter-zero/Tests/NarrativeTerminalIntegrationTests.cs(13,18): error SA1600: Elements should be documented (https://github.com/DotNetAnalyzers/StyleCopAnalyzers/blob/master/documentation/SA1600.md) [/home/adam/Dev/omega-spiral/chapter-zero/OmegaSpiral.csproj]
         /home/adam/Dev/omega-spiral/chapter-zero/Source/Scripts/field/cutscenes/Trigger.cs(30,64): error SA1611: The documentation for parameter 'gamepiece' is missing (https://github.com/DotNetAnalyzers/StyleCopAnalyzers/blob/master/documentation/SA1611.md) [/home/adam/Dev/omega-spiral/chapter-zero/OmegaSpiral.csproj]
         /home/adam/Dev/omega-spiral/chapter-zero/Source/Scripts/field/cutscenes/Trigger.cs(36,58): error SA1611: The documentation for parameter 'gamepiece' is missing (https://github.com/DotNetAnalyzers/StyleCopAnalyzers/blob/master/documentation/SA1611.md) [/home/adam/Dev/omega-spiral/chapter-zero/OmegaSpiral.csproj]
         /home/adam/Dev/omega-spiral/chapter-zero/Source/Scripts/field/narrative/PersonaConfig.cs(158,25): error CA2227: Change 'Options' to be read-only by removing the property setter (https://docs.microsoft.com/dotnet/fundamentals/code-analysis/quality-rules/ca2227) [/home/adam/Dev/omega-spiral/chapter-zero/OmegaSpiral.csproj]
         /home/adam/Dev/omega-spiral/chapter-zero/Source/Scripts/field/ui/UIDialogue.cs(57,31): error SA1201: A field should not follow a property (https://github.com/DotNetAnalyzers/StyleCopAnalyzers/blob/master/documentation/SA1201.md) [/home/adam/Dev/omega-spiral/chapter-zero/OmegaSpiral.csproj]
         /home/adam/Dev/omega-spiral/chapter-zero/Source/Scripts/field/ui/UIDialogue.cs(113,23): error SA1201: A field should not follow a property (https://github.com/DotNetAnalyzers/StyleCopAnalyzers/blob/master/documentation/SA1201.md) [/home/adam/Dev/omega-spiral/chapter-zero/OmegaSpiral.csproj]
         /home/adam/Dev/omega-spiral/chapter-zero/Source/Scripts/field/ui/UIDialogue.cs(159,27): error SA1202: 'public' members should come before 'private' members (https://github.com/DotNetAnalyzers/StyleCopAnalyzers/blob/master/documentation/SA1202.md) [/home/adam/Dev/omega-spiral/chapter-zero/OmegaSpiral.csproj]
         /home/adam/Dev/omega-spiral/chapter-zero/Source/Scripts/field/ui/UIDialogue.cs(463,30): error SA1202: 'public' members should come before 'private' members (https://github.com/DotNetAnalyzers/StyleCopAnalyzers/blob/master/documentation/SA1202.md) [/home/adam/Dev/omega-spiral/chapter-zero/OmegaSpiral.csproj]
         /home/adam/Dev/omega-spiral/chapter-zero/Source/Scripts/field/ui/UIDialogue.cs(513,27): error SA1202: 'public' members should come before 'private' members (https://github.com/DotNetAnalyzers/StyleCopAnalyzers/blob/master/documentation/SA1202.md) [/home/adam/Dev/omega-spiral/chapter-zero/OmegaSpiral.csproj]
         /home/adam/Dev/omega-spiral/chapter-zero/Source/Scripts/field/ui/UIDialogue.cs(542,28): error SA1204: Static members should appear before non-static members (https://github.com/DotNetAnalyzers/StyleCopAnalyzers/blob/master/documentation/SA1204.md) [/home/adam/Dev/omega-spiral/chapter-zero/OmegaSpiral.csproj]
         /home/adam/Dev/omega-spiral/chapter-zero/Source/Scripts/field/ui/UIDialogue.cs(32,61): error SA1611: The documentation for parameter 'choiceIndex' is missing (https://github.com/DotNetAnalyzers/StyleCopAnalyzers/blob/master/documentation/SA1611.md) [/home/adam/Dev/omega-spiral/chapter-zero/OmegaSpiral.csproj]
         /home/adam/Dev/omega-spiral/chapter-zero/Source/Scripts/field/cutscenes/templates/pickups/Pickup.cs(46,33): error SA1201: A field should not follow a property (https://github.com/DotNetAnalyzers/StyleCopAnalyzers/blob/master/documentation/SA1201.md) [/home/adam/Dev/omega-spiral/chapter-zero/OmegaSpiral.csproj]
         /home/adam/Dev/omega-spiral/chapter-zero/Source/Scripts/field/cutscenes/templates/pickups/Pickup.cs(80,35): error SA1202: 'protected' members should come before 'private' members (https://github.com/DotNetAnalyzers/StyleCopAnalyzers/blob/master/documentation/SA1202.md) [/home/adam/Dev/omega-spiral/chapter-zero/OmegaSpiral.csproj]
         /home/adam/Dev/omega-spiral/chapter-zero/Tests/NarrativeTerminalSchemaTests.cs(14,18): error SA1600: Elements should be documented (https://github.com/DotNetAnalyzers/StyleCopAnalyzers/blob/master/documentation/SA1600.md) [/home/adam/Dev/omega-spiral/chapter-zero/OmegaSpiral.csproj]
         /home/adam/Dev/omega-spiral/chapter-zero/Source/Scripts/combat/Elements.cs(19,9): error SA1602: Enumeration items should be documented (https://github.com/DotNetAnalyzers/StyleCopAnalyzers/blob/master/documentation/SA1602.md) [/home/adam/Dev/omega-spiral/chapter-zero/OmegaSpiral.csproj]
         /home/adam/Dev/omega-spiral/chapter-zero/Source/Scripts/combat/Elements.cs(17,17): error CA1717: Only FlagsAttribute enums should have plural names (https://docs.microsoft.com/dotnet/fundamentals/code-analysis/quality-rules/ca1717) [/home/adam/Dev/omega-spiral/chapter-zero/OmegaSpiral.csproj]
         /home/adam/Dev/omega-spiral/chapter-zero/Source/Scripts/combat/Elements.cs(31,55): error SA1201: A field should not follow a enum (https://github.com/DotNetAnalyzers/StyleCopAnalyzers/blob/master/documentation/SA1201.md) [/home/adam/Dev/omega-spiral/chapter-zero/OmegaSpiral.csproj]
         /home/adam/Dev/omega-spiral/chapter-zero/Source/Scripts/combat/Elements.cs(21,9): error SA1602: Enumeration items should be documented (https://github.com/DotNetAnalyzers/StyleCopAnalyzers/blob/master/documentation/SA1602.md) [/home/adam/Dev/omega-spiral/chapter-zero/OmegaSpiral.csproj]
         /home/adam/Dev/omega-spiral/chapter-zero/Source/Scripts/combat/Elements.cs(22,9): error SA1602: Enumeration items should be documented (https://github.com/DotNetAnalyzers/StyleCopAnalyzers/blob/master/documentation/SA1602.md) [/home/adam/Dev/omega-spiral/chapter-zero/OmegaSpiral.csproj]
         /home/adam/Dev/omega-spiral/chapter-zero/Source/Scripts/combat/Elements.cs(20,9): error SA1602: Enumeration items should be documented (https://github.com/DotNetAnalyzers/StyleCopAnalyzers/blob/master/documentation/SA1602.md) [/home/adam/Dev/omega-spiral/chapter-zero/OmegaSpiral.csproj]
         /home/adam/Dev/omega-spiral/chapter-zero/Source/overworld/maps/forest/GameEndTrigger.cs(97,45): error SA1611: The documentation for parameter 'area' is missing (https://github.com/DotNetAnalyzers/StyleCopAnalyzers/blob/master/documentation/SA1611.md) [/home/adam/Dev/omega-spiral/chapter-zero/OmegaSpiral.csproj]
         /home/adam/Dev/omega-spiral/chapter-zero/Source/overworld/maps/forest/GameEndTrigger.cs(101,30): error CA1062: In externally visible method 'void GameEndTrigger.OnAreaEntered(Area2D area)', validate parameter 'area' is non-null before using it. If appropriate, throw an ArgumentNullException when the argument is null or add a Code Contract precondition asserting non-null argument. (https://docs.microsoft.com/dotnet/fundamentals/code-analysis/quality-rules/ca1062) [/home/adam/Dev/omega-spiral/chapter-zero/OmegaSpiral.csproj]
         /home/adam/Dev/omega-spiral/chapter-zero/Source/overworld/maps/house/WandPedestalInteraction.cs(157,56): error CA1304: The behavior of 'string.ToUpper()' could vary based on the current user's locale settings. Replace this call in 'WandPedestalInteraction.OnDialogicSignalEvent(string)' with a call to 'string.ToUpper(CultureInfo)'. (https://docs.microsoft.com/dotnet/fundamentals/code-analysis/quality-rules/ca1304) [/home/adam/Dev/omega-spiral/chapter-zero/OmegaSpiral.csproj]
         /home/adam/Dev/omega-spiral/chapter-zero/Source/overworld/maps/house/WandPedestalInteraction.cs(159,37): error CA1304: The behavior of 'string.ToUpper()' could vary based on the current user's locale settings. Replace this call in 'WandPedestalInteraction.OnDialogicSignalEvent(string)' with a call to 'string.ToUpper(CultureInfo)'. (https://docs.microsoft.com/dotnet/fundamentals/code-analysis/quality-rules/ca1304) [/home/adam/Dev/omega-spiral/chapter-zero/OmegaSpiral.csproj]
         /home/adam/Dev/omega-spiral/chapter-zero/Source/overworld/maps/house/WandPedestalInteraction.cs(168,31): error CA1304: The behavior of 'string.ToUpper()' could vary based on the current user's locale settings. Replace this call in 'WandPedestalInteraction.OnDialogicSignalEvent(string)' with a call to 'string.ToUpper(CultureInfo)'. (https://docs.microsoft.com/dotnet/fundamentals/code-analysis/quality-rules/ca1304) [/home/adam/Dev/omega-spiral/chapter-zero/OmegaSpiral.csproj]
         /home/adam/Dev/omega-spiral/chapter-zero/Source/overworld/maps/town/StrangeTreeInteraction.cs(68,18): error SA1651: Do not use placeholder elements (https://github.com/DotNetAnalyzers/StyleCopAnalyzers/blob/master/documentation/SA1651.md) [/home/adam/Dev/omega-spiral/chapter-zero/OmegaSpiral.csproj]
         /home/adam/Dev/omega-spiral/chapter-zero/Source/Scripts/combat/actions/BattlerAction.cs(96,44): error SA1611: The documentation for parameter 'source' is missing (https://github.com/DotNetAnalyzers/StyleCopAnalyzers/blob/master/documentation/SA1611.md) [/home/adam/Dev/omega-spiral/chapter-zero/OmegaSpiral.csproj]
         /home/adam/Dev/omega-spiral/chapter-zero/Source/Scripts/combat/actions/BattlerAction.cs(96,62): error SA1611: The documentation for parameter 'targets' is missing (https://github.com/DotNetAnalyzers/StyleCopAnalyzers/blob/master/documentation/SA1611.md) [/home/adam/Dev/omega-spiral/chapter-zero/OmegaSpiral.csproj]
         /home/adam/Dev/omega-spiral/chapter-zero/Source/Scripts/combat/actions/BattlerAction.cs(95,9): error SA1616: Element return value documentation should have text (https://github.com/DotNetAnalyzers/StyleCopAnalyzers/blob/master/documentation/SA1616.md) [/home/adam/Dev/omega-spiral/chapter-zero/OmegaSpiral.csproj]
         /home/adam/Dev/omega-spiral/chapter-zero/Source/Scripts/combat/actions/BattlerAction.cs(121,47): error SA1611: The documentation for parameter 'target' is missing (https://github.com/DotNetAnalyzers/StyleCopAnalyzers/blob/master/documentation/SA1611.md) [/home/adam/Dev/omega-spiral/chapter-zero/OmegaSpiral.csproj]
         /home/adam/Dev/omega-spiral/chapter-zero/Source/Scripts/combat/actions/BattlerAction.cs(120,9): error SA1616: Element return value documentation should have text (https://github.com/DotNetAnalyzers/StyleCopAnalyzers/blob/master/documentation/SA1616.md) [/home/adam/Dev/omega-spiral/chapter-zero/OmegaSpiral.csproj]
         /home/adam/Dev/omega-spiral/chapter-zero/Source/Scripts/combat/actions/BattlerAction.cs(123,13): error CA1062: In externally visible method 'bool BattlerAction.IsTargetValid(Battler target)', validate parameter 'target' is non-null before using it. If appropriate, throw an ArgumentNullException when the argument is null or add a Code Contract precondition asserting non-null argument. (https://docs.microsoft.com/dotnet/fundamentals/code-analysis/quality-rules/ca1062) [/home/adam/Dev/omega-spiral/chapter-zero/OmegaSpiral.csproj]
         /home/adam/Dev/omega-spiral/chapter-zero/Source/Scripts/combat/actions/BattlerAction.cs(138,47): error SA1611: The documentation for parameter 'source' is missing (https://github.com/DotNetAnalyzers/StyleCopAnalyzers/blob/master/documentation/SA1611.md) [/home/adam/Dev/omega-spiral/chapter-zero/OmegaSpiral.csproj]
         /home/adam/Dev/omega-spiral/chapter-zero/Source/Scripts/combat/actions/BattlerAction.cs(138,65): error SA1611: The documentation for parameter 'targets' is missing (https://github.com/DotNetAnalyzers/StyleCopAnalyzers/blob/master/documentation/SA1611.md) [/home/adam/Dev/omega-spiral/chapter-zero/OmegaSpiral.csproj]
         /home/adam/Dev/omega-spiral/chapter-zero/Source/Scripts/combat/actions/BattlerAction.cs(137,18): error SA1651: Do not use placeholder elements (https://github.com/DotNetAnalyzers/StyleCopAnalyzers/blob/master/documentation/SA1651.md) [/home/adam/Dev/omega-spiral/chapter-zero/OmegaSpiral.csproj]
         /home/adam/Dev/omega-spiral/chapter-zero/Source/Scripts/combat/actions/BattlerAction.cs(154,57): error SA1611: The documentation for parameter 'source' is missing (https://github.com/DotNetAnalyzers/StyleCopAnalyzers/blob/master/documentation/SA1611.md) [/home/adam/Dev/omega-spiral/chapter-zero/OmegaSpiral.csproj]
         /home/adam/Dev/omega-spiral/chapter-zero/Source/Scripts/combat/actions/BattlerAction.cs(154,77): error SA1611: The documentation for parameter 'battlers' is missing (https://github.com/DotNetAnalyzers/StyleCopAnalyzers/blob/master/documentation/SA1611.md) [/home/adam/Dev/omega-spiral/chapter-zero/OmegaSpiral.csproj]
         /home/adam/Dev/omega-spiral/chapter-zero/Source/Scripts/combat/actions/BattlerAction.cs(153,9): error SA1616: Element return value documentation should have text (https://github.com/DotNetAnalyzers/StyleCopAnalyzers/blob/master/documentation/SA1616.md) [/home/adam/Dev/omega-spiral/chapter-zero/OmegaSpiral.csproj]
         /home/adam/Dev/omega-spiral/chapter-zero/Source/Scripts/combat/actions/BattlerAction.cs(192,25): error SA1600: Elements should be documented (https://github.com/DotNetAnalyzers/StyleCopAnalyzers/blob/master/documentation/SA1600.md) [/home/adam/Dev/omega-spiral/chapter-zero/OmegaSpiral.csproj]
         /home/adam/Dev/omega-spiral/chapter-zero/Source/Scripts/combat/actions/BattlerAction.cs(202,25): error SA1600: Elements should be documented (https://github.com/DotNetAnalyzers/StyleCopAnalyzers/blob/master/documentation/SA1600.md) [/home/adam/Dev/omega-spiral/chapter-zero/OmegaSpiral.csproj]
         /home/adam/Dev/omega-spiral/chapter-zero/Source/Scripts/combat/actions/BattlerAction.cs(145,15): error CA1062: In externally visible method 'Task BattlerAction.Execute(Battler source, Battler[] targets = null)', validate parameter 'source' is non-null before using it. If appropriate, throw an ArgumentNullException when the argument is null or add a Code Contract precondition asserting non-null argument. (https://docs.microsoft.com/dotnet/fundamentals/code-analysis/quality-rules/ca1062) [/home/adam/Dev/omega-spiral/chapter-zero/OmegaSpiral.csproj]
         /home/adam/Dev/omega-spiral/chapter-zero/Source/Scripts/combat/actions/BattlerAction.cs(194,13): error CA1062: In externally visible method 'bool BattlerAction.CanTargetBattler(Battler target)', validate parameter 'target' is non-null before using it. If appropriate, throw an ArgumentNullException when the argument is null or add a Code Contract precondition asserting non-null argument. (https://docs.microsoft.com/dotnet/fundamentals/code-analysis/quality-rules/ca1062) [/home/adam/Dev/omega-spiral/chapter-zero/OmegaSpiral.csproj]
         /home/adam/Dev/omega-spiral/chapter-zero/Source/Scripts/combat/actions/BattlerAction.cs(168,42): error CA1062: In externally visible method 'Battler[] BattlerAction.GetPossibleTargets(Battler source, BattlerList battlers)', validate parameter 'battlers' is non-null before using it. If appropriate, throw an ArgumentNullException when the argument is null or add a Code Contract precondition asserting non-null argument. (https://docs.microsoft.com/dotnet/fundamentals/code-analysis/quality-rules/ca1062) [/home/adam/Dev/omega-spiral/chapter-zero/OmegaSpiral.csproj]
         /home/adam/Dev/omega-spiral/chapter-zero/Source/Scripts/combat/actions/BattlerAction.cs(164,18): error CA1062: In externally visible method 'Battler[] BattlerAction.GetPossibleTargets(Battler source, BattlerList battlers)', validate parameter 'source' is non-null before using it. If appropriate, throw an ArgumentNullException when the argument is null or add a Code Contract precondition asserting non-null argument. (https://docs.microsoft.com/dotnet/fundamentals/code-analysis/quality-rules/ca1062) [/home/adam/Dev/omega-spiral/chapter-zero/OmegaSpiral.csproj]
         /home/adam/Dev/omega-spiral/chapter-zero/Source/Scripts/combat/actions/BattlerHit.cs(18,12): error SA1600: Elements should be documented (https://github.com/DotNetAnalyzers/StyleCopAnalyzers/blob/master/documentation/SA1600.md) [/home/adam/Dev/omega-spiral/chapter-zero/OmegaSpiral.csproj]
         /home/adam/Dev/omega-spiral/chapter-zero/Source/Scripts/combat/actions/BattlerHit.cs(24,17): error SA1600: Elements should be documented (https://github.com/DotNetAnalyzers/StyleCopAnalyzers/blob/master/documentation/SA1600.md) [/home/adam/Dev/omega-spiral/chapter-zero/OmegaSpiral.csproj]
         /home/adam/Dev/omega-spiral/chapter-zero/Source/Scripts/combat/actions/BattlerActionAttack.cs(42,21): error CA1062: In externally visible method 'Task AttackBattlerAction.Execute(Battler source, Battler[] targets = null)', validate parameter 'source' is non-null before using it. If appropriate, throw an ArgumentNullException when the argument is null or add a Code Contract precondition asserting non-null argument. (https://docs.microsoft.com/dotnet/fundamentals/code-analysis/quality-rules/ca1062) [/home/adam/Dev/omega-spiral/chapter-zero/OmegaSpiral.csproj]
         /home/adam/Dev/omega-spiral/chapter-zero/Source/Scripts/combat/actions/BattlerActionProjectile.cs(49,21): error CA1062: In externally visible method 'Task RangedBattlerAction.Execute(Battler source, Battler[] targets = null)', validate parameter 'source' is non-null before using it. If appropriate, throw an ArgumentNullException when the argument is null or add a Code Contract precondition asserting non-null argument. (https://docs.microsoft.com/dotnet/fundamentals/code-analysis/quality-rules/ca1062) [/home/adam/Dev/omega-spiral/chapter-zero/OmegaSpiral.csproj]
         /home/adam/Dev/omega-spiral/chapter-zero/Source/Scripts/combat/actors/CombatActor.cs(65,24): error SA1600: Elements should be documented (https://github.com/DotNetAnalyzers/StyleCopAnalyzers/blob/master/documentation/SA1600.md) [/home/adam/Dev/omega-spiral/chapter-zero/OmegaSpiral.csproj]
         /home/adam/Dev/omega-spiral/chapter-zero/Source/Scripts/combat/actions/BattlerActionAttack.cs(70,30): error CA2000: Use recommended dispose pattern to ensure that object created by 'new BattlerHit((int)damageDealt, toHit)' is disposed on all paths. If possible, wrap the creation within a 'using' statement or a 'using' declaration. Otherwise, use a try-finally pattern, with a dedicated local variable declared before the try region and an unconditional Dispose invocation on non-null value in the 'finally' region, say 'x?.Dispose()'. If the object is explicitly disposed within the try region or the dispose ownership is transfered to another object or method, assign 'null' to the local variable just after such an operation to prevent double dispose in 'finally'. (https://docs.microsoft.com/dotnet/fundamentals/code-analysis/quality-rules/ca2000) [/home/adam/Dev/omega-spiral/chapter-zero/OmegaSpiral.csproj]
         /home/adam/Dev/omega-spiral/chapter-zero/Source/Scripts/combat/actors/CombatActor.cs(67,31): error CA1062: In externally visible method 'bool CombatActor.Sort(CombatActor a, CombatActor b)', validate parameter 'b' is non-null before using it. If appropriate, throw an ArgumentNullException when the argument is null or add a Code Contract precondition asserting non-null argument. (https://docs.microsoft.com/dotnet/fundamentals/code-analysis/quality-rules/ca1062) [/home/adam/Dev/omega-spiral/chapter-zero/OmegaSpiral.csproj]
         /home/adam/Dev/omega-spiral/chapter-zero/Source/Scripts/combat/actors/CombatActor.cs(67,16): error CA1062: In externally visible method 'bool CombatActor.Sort(CombatActor a, CombatActor b)', validate parameter 'a' is non-null before using it. If appropriate, throw an ArgumentNullException when the argument is null or add a Code Contract precondition asserting non-null argument. (https://docs.microsoft.com/dotnet/fundamentals/code-analysis/quality-rules/ca1062) [/home/adam/Dev/omega-spiral/chapter-zero/OmegaSpiral.csproj]
         /home/adam/Dev/omega-spiral/chapter-zero/Source/Scripts/combat/actions/BattlerActionHeal.cs(33,21): error CA1062: In externally visible method 'Task HealBattlerAction.Execute(Battler source, Battler[] targets = null)', validate parameter 'source' is non-null before using it. If appropriate, throw an ArgumentNullException when the argument is null or add a Code Contract precondition asserting non-null argument. (https://docs.microsoft.com/dotnet/fundamentals/code-analysis/quality-rules/ca1062) [/home/adam/Dev/omega-spiral/chapter-zero/OmegaSpiral.csproj]
         /home/adam/Dev/omega-spiral/chapter-zero/Source/Scripts/combat/actions/BattlerActionProjectile.cs(69,30): error CA2000: Use recommended dispose pattern to ensure that object created by 'new BattlerHit(this.BaseDamage, this.HitChance)' is disposed on all paths. If possible, wrap the creation within a 'using' statement or a 'using' declaration. Otherwise, use a try-finally pattern, with a dedicated local variable declared before the try region and an unconditional Dispose invocation on non-null value in the 'finally' region, say 'x?.Dispose()'. If the object is explicitly disposed within the try region or the dispose ownership is transfered to another object or method, assign 'null' to the local variable just after such an operation to prevent double dispose in 'finally'. (https://docs.microsoft.com/dotnet/fundamentals/code-analysis/quality-rules/ca2000) [/home/adam/Dev/omega-spiral/chapter-zero/OmegaSpiral.csproj]
         /home/adam/Dev/omega-spiral/chapter-zero/Source/Scripts/combat/actors/CombatActor.cs(92,25): error SA1600: Elements should be documented (https://github.com/DotNetAnalyzers/StyleCopAnalyzers/blob/master/documentation/SA1600.md) [/home/adam/Dev/omega-spiral/chapter-zero/OmegaSpiral.csproj]
         /home/adam/Dev/omega-spiral/chapter-zero/Source/Scripts/combat/actors/CombatActor.cs(97,31): error SA1600: Elements should be documented (https://github.com/DotNetAnalyzers/StyleCopAnalyzers/blob/master/documentation/SA1600.md) [/home/adam/Dev/omega-spiral/chapter-zero/OmegaSpiral.csproj]
         /home/adam/Dev/omega-spiral/chapter-zero/Source/overworld/maps/town/FanInteraction.cs(61,23): error SA1101: Prefix local calls with this (https://github.com/DotNetAnalyzers/StyleCopAnalyzers/blob/master/documentation/SA1101.md) [/home/adam/Dev/omega-spiral/chapter-zero/OmegaSpiral.csproj]
         /home/adam/Dev/omega-spiral/chapter-zero/Source/overworld/maps/town/StrangeTreeInteraction.cs(46,47): error CA1801: Parameter argument of method OnDialogicSignalEvent is never used. Remove the parameter or use it in the method body. (https://docs.microsoft.com/dotnet/fundamentals/code-analysis/quality-rules/ca1801) [/home/adam/Dev/omega-spiral/chapter-zero/OmegaSpiral.csproj]
         /home/adam/Dev/omega-spiral/chapter-zero/Source/Scripts/combat/actions/BattlerActionHeal.cs(51,26): error CA2000: Use recommended dispose pattern to ensure that object created by 'new BattlerHit(-this.HealAmount, 100.0f)' is disposed on all paths. If possible, wrap the creation within a 'using' statement or a 'using' declaration. Otherwise, use a try-finally pattern, with a dedicated local variable declared before the try region and an unconditional Dispose invocation on non-null value in the 'finally' region, say 'x?.Dispose()'. If the object is explicitly disposed within the try region or the dispose ownership is transfered to another object or method, assign 'null' to the local variable just after such an operation to prevent double dispose in 'finally'. (https://docs.microsoft.com/dotnet/fundamentals/code-analysis/quality-rules/ca2000) [/home/adam/Dev/omega-spiral/chapter-zero/OmegaSpiral.csproj]
         /home/adam/Dev/omega-spiral/chapter-zero/Source/Scripts/combat/actors/CombatAI.cs(44,39): error SA1611: The documentation for parameter 'controlledBattler' is missing (https://github.com/DotNetAnalyzers/StyleCopAnalyzers/blob/master/documentation/SA1611.md) [/home/adam/Dev/omega-spiral/chapter-zero/OmegaSpiral.csproj]
         /home/adam/Dev/omega-spiral/chapter-zero/Source/Scripts/combat/actors/CombatAI.cs(44,70): error SA1611: The documentation for parameter 'battlers' is missing (https://github.com/DotNetAnalyzers/StyleCopAnalyzers/blob/master/documentation/SA1611.md) [/home/adam/Dev/omega-spiral/chapter-zero/OmegaSpiral.csproj]
         /home/adam/Dev/omega-spiral/chapter-zero/Source/Scripts/combat/actors/ActiveTurnQueue.cs(121,42): error SA1611: The documentation for parameter 'delta' is missing (https://github.com/DotNetAnalyzers/StyleCopAnalyzers/blob/master/documentation/SA1611.md) [/home/adam/Dev/omega-spiral/chapter-zero/OmegaSpiral.csproj]
         /home/adam/Dev/omega-spiral/chapter-zero/Source/Scripts/combat/actions/BattlerActionModifyStats.cs(37,21): error CA1062: In externally visible method 'Task StatsBattlerAction.Execute(Battler source, Battler[] targets = null)', validate parameter 'source' is non-null before using it. If appropriate, throw an ArgumentNullException when the argument is null or add a Code Contract precondition asserting non-null argument. (https://docs.microsoft.com/dotnet/fundamentals/code-analysis/quality-rules/ca1062) [/home/adam/Dev/omega-spiral/chapter-zero/OmegaSpiral.csproj]
         /home/adam/Dev/omega-spiral/chapter-zero/Source/Scripts/combat/actors/CombatTurnQueue.cs(46,17): error SA1600: Elements should be documented (https://github.com/DotNetAnalyzers/StyleCopAnalyzers/blob/master/documentation/SA1600.md) [/home/adam/Dev/omega-spiral/chapter-zero/OmegaSpiral.csproj]
         /home/adam/Dev/omega-spiral/chapter-zero/Source/Scripts/combat/actors/CombatAI.cs(55,18): error SA1651: Do not use placeholder elements (https://github.com/DotNetAnalyzers/StyleCopAnalyzers/blob/master/documentation/SA1651.md) [/home/adam/Dev/omega-spiral/chapter-zero/OmegaSpiral.csproj]
         /home/adam/Dev/omega-spiral/chapter-zero/Source/Scripts/combat/actors/CombatAI.cs(66,51): error SA1101: Prefix local calls with this (https://github.com/DotNetAnalyzers/StyleCopAnalyzers/blob/master/documentation/SA1101.md) [/home/adam/Dev/omega-spiral/chapter-zero/OmegaSpiral.csproj]
         /home/adam/Dev/omega-spiral/chapter-zero/Source/Scripts/combat/actors/CombatTurnQueue.cs(52,26): error SA1600: Elements should be documented (https://github.com/DotNetAnalyzers/StyleCopAnalyzers/blob/master/documentation/SA1600.md) [/home/adam/Dev/omega-spiral/chapter-zero/OmegaSpiral.csproj]
         /home/adam/Dev/omega-spiral/chapter-zero/Source/Scripts/combat/actors/CombatAI.cs(71,73): error CA1825: Avoid unnecessary zero-length array allocations.  Use Array.Empty<Battler>() instead. (https://docs.microsoft.com/dotnet/fundamentals/code-analysis/quality-rules/ca1825) [/home/adam/Dev/omega-spiral/chapter-zero/OmegaSpiral.csproj]
         /home/adam/Dev/omega-spiral/chapter-zero/Source/Scripts/combat/actors/CombatAI.cs(118,9): error SA1616: Element return value documentation should have text (https://github.com/DotNetAnalyzers/StyleCopAnalyzers/blob/master/documentation/SA1616.md) [/home/adam/Dev/omega-spiral/chapter-zero/OmegaSpiral.csproj]
         /home/adam/Dev/omega-spiral/chapter-zero/Source/Scripts/combat/battlers/BattlerRoster.cs(13,12): error SA1600: Elements should be documented (https://github.com/DotNetAnalyzers/StyleCopAnalyzers/blob/master/documentation/SA1600.md) [/home/adam/Dev/omega-spiral/chapter-zero/OmegaSpiral.csproj]
         /home/adam/Dev/omega-spiral/chapter-zero/Source/Scripts/combat/actors/CombatAI.cs(82,104): error CA2000: Call System.IDisposable.Dispose on object created by 'new BattlerList(Array.Empty<Battler>(), Array.Empty<Battler>())' before all references to it are out of scope (https://docs.microsoft.com/dotnet/fundamentals/code-analysis/quality-rules/ca2000) [/home/adam/Dev/omega-spiral/chapter-zero/OmegaSpiral.csproj]
         /home/adam/Dev/omega-spiral/chapter-zero/Source/Scripts/combat/battlers/BattlerRoster.cs(18,22): error SA1600: Elements should be documented (https://github.com/DotNetAnalyzers/StyleCopAnalyzers/blob/master/documentation/SA1600.md) [/home/adam/Dev/omega-spiral/chapter-zero/OmegaSpiral.csproj]
         /home/adam/Dev/omega-spiral/chapter-zero/Source/Scripts/combat/actors/CombatAI.cs(161,58): error SA1611: The documentation for parameter 'action' is missing (https://github.com/DotNetAnalyzers/StyleCopAnalyzers/blob/master/documentation/SA1611.md) [/home/adam/Dev/omega-spiral/chapter-zero/OmegaSpiral.csproj]
         /home/adam/Dev/omega-spiral/chapter-zero/Source/Scripts/combat/actors/CombatAI.cs(161,80): error SA1611: The documentation for parameter 'targets' is missing (https://github.com/DotNetAnalyzers/StyleCopAnalyzers/blob/master/documentation/SA1611.md) [/home/adam/Dev/omega-spiral/chapter-zero/OmegaSpiral.csproj]
         /home/adam/Dev/omega-spiral/chapter-zero/Source/Scripts/combat/actors/CombatAI.cs(160,9): error SA1616: Element return value documentation should have text (https://github.com/DotNetAnalyzers/StyleCopAnalyzers/blob/master/documentation/SA1616.md) [/home/adam/Dev/omega-spiral/chapter-zero/OmegaSpiral.csproj]
         /home/adam/Dev/omega-spiral/chapter-zero/Source/Scripts/combat/battlers/BattlerStats.cs(176,12): error SA1600: Elements should be documented (https://github.com/DotNetAnalyzers/StyleCopAnalyzers/blob/master/documentation/SA1600.md) [/home/adam/Dev/omega-spiral/chapter-zero/OmegaSpiral.csproj]
         /home/adam/Dev/omega-spiral/chapter-zero/Source/Scripts/combat/battlers/BattlerList.cs(91,12): error SA1600: Elements should be documented (https://github.com/DotNetAnalyzers/StyleCopAnalyzers/blob/master/documentation/SA1600.md) [/home/adam/Dev/omega-spiral/chapter-zero/OmegaSpiral.csproj]
         /home/adam/Dev/omega-spiral/chapter-zero/Source/Scripts/combat/battlers/BattlerStats.cs(193,17): error SA1600: Elements should be documented (https://github.com/DotNetAnalyzers/StyleCopAnalyzers/blob/master/documentation/SA1600.md) [/home/adam/Dev/omega-spiral/chapter-zero/OmegaSpiral.csproj]
         /home/adam/Dev/omega-spiral/chapter-zero/Source/Scripts/combat/battlers/BattlerStats.cs(202,35): error SA1611: The documentation for parameter 'statName' is missing (https://github.com/DotNetAnalyzers/StyleCopAnalyzers/blob/master/documentation/SA1611.md) [/home/adam/Dev/omega-spiral/chapter-zero/OmegaSpiral.csproj]
         /home/adam/Dev/omega-spiral/chapter-zero/Source/Scripts/combat/battlers/BattlerStats.cs(202,49): error SA1611: The documentation for parameter 'value' is missing (https://github.com/DotNetAnalyzers/StyleCopAnalyzers/blob/master/documentation/SA1611.md) [/home/adam/Dev/omega-spiral/chapter-zero/OmegaSpiral.csproj]
         /home/adam/Dev/omega-spiral/chapter-zero/Source/Scripts/combat/battlers/BattlerStats.cs(201,9): error SA1616: Element return value documentation should have text (https://github.com/DotNetAnalyzers/StyleCopAnalyzers/blob/master/documentation/SA1616.md) [/home/adam/Dev/omega-spiral/chapter-zero/OmegaSpiral.csproj]
         /home/adam/Dev/omega-spiral/chapter-zero/Source/Scripts/combat/battlers/BattlerList.cs(100,9): error SA1616: Element return value documentation should have text (https://github.com/DotNetAnalyzers/StyleCopAnalyzers/blob/master/documentation/SA1616.md) [/home/adam/Dev/omega-spiral/chapter-zero/OmegaSpiral.csproj]
         /home/adam/Dev/omega-spiral/chapter-zero/Source/Scripts/combat/battlers/BattlerStats.cs(219,37): error SA1611: The documentation for parameter 'statName' is missing (https://github.com/DotNetAnalyzers/StyleCopAnalyzers/blob/master/documentation/SA1611.md) [/home/adam/Dev/omega-spiral/chapter-zero/OmegaSpiral.csproj]
         /home/adam/Dev/omega-spiral/chapter-zero/Source/Scripts/combat/battlers/BattlerStats.cs(219,53): error SA1611: The documentation for parameter 'value' is missing (https://github.com/DotNetAnalyzers/StyleCopAnalyzers/blob/master/documentation/SA1611.md) [/home/adam/Dev/omega-spiral/chapter-zero/OmegaSpiral.csproj]
         /home/adam/Dev/omega-spiral/chapter-zero/Source/Scripts/combat/battlers/BattlerStats.cs(218,9): error SA1616: Element return value documentation should have text (https://github.com/DotNetAnalyzers/StyleCopAnalyzers/blob/master/documentation/SA1616.md) [/home/adam/Dev/omega-spiral/chapter-zero/OmegaSpiral.csproj]
         /home/adam/Dev/omega-spiral/chapter-zero/Source/overworld/maps/town/FanInteraction.cs(99,47): error CA1801: Parameter argument of method OnDialogicSignalEvent is never used. Remove the parameter or use it in the method body. (https://docs.microsoft.com/dotnet/fundamentals/code-analysis/quality-rules/ca1801) [/home/adam/Dev/omega-spiral/chapter-zero/OmegaSpiral.csproj]
         /home/adam/Dev/omega-spiral/chapter-zero/Source/Scripts/combat/battlers/BattlerStats.cs(233,39): error SA1611: The documentation for parameter 'statName' is missing (https://github.com/DotNetAnalyzers/StyleCopAnalyzers/blob/master/documentation/SA1611.md) [/home/adam/Dev/omega-spiral/chapter-zero/OmegaSpiral.csproj]
         /home/adam/Dev/omega-spiral/chapter-zero/Source/Scripts/combat/battlers/BattlerStats.cs(233,53): error SA1611: The documentation for parameter 'id' is missing (https://github.com/DotNetAnalyzers/StyleCopAnalyzers/blob/master/documentation/SA1611.md) [/home/adam/Dev/omega-spiral/chapter-zero/OmegaSpiral.csproj]
         /home/adam/Dev/omega-spiral/chapter-zero/Source/Scripts/combat/battlers/BattlerStats.cs(241,17): error SA1600: Elements should be documented (https://github.com/DotNetAnalyzers/StyleCopAnalyzers/blob/master/documentation/SA1600.md) [/home/adam/Dev/omega-spiral/chapter-zero/OmegaSpiral.csproj]
         /home/adam/Dev/omega-spiral/chapter-zero/Source/Scripts/combat/battlers/Battler.cs(314,17): error SA1405: Debug.Assert should provide message text (https://github.com/DotNetAnalyzers/StyleCopAnalyzers/blob/master/documentation/SA1405.md) [/home/adam/Dev/omega-spiral/chapter-zero/OmegaSpiral.csproj]
         /home/adam/Dev/omega-spiral/chapter-zero/Source/Scripts/combat/battlers/BattlerList.cs(113,55): error SA1611: The documentation for parameter 'battlers' is missing (https://github.com/DotNetAnalyzers/StyleCopAnalyzers/blob/master/documentation/SA1611.md) [/home/adam/Dev/omega-spiral/chapter-zero/OmegaSpiral.csproj]
         /home/adam/Dev/omega-spiral/chapter-zero/Source/Scripts/combat/battlers/BattlerList.cs(112,9): error SA1616: Element return value documentation should have text (https://github.com/DotNetAnalyzers/StyleCopAnalyzers/blob/master/documentation/SA1616.md) [/home/adam/Dev/omega-spiral/chapter-zero/OmegaSpiral.csproj]
         /home/adam/Dev/omega-spiral/chapter-zero/Source/Scripts/combat/battlers/BattlerRoster.cs(30,22): error SA1600: Elements should be documented (https://github.com/DotNetAnalyzers/StyleCopAnalyzers/blob/master/documentation/SA1600.md) [/home/adam/Dev/omega-spiral/chapter-zero/OmegaSpiral.csproj]
         /home/adam/Dev/omega-spiral/chapter-zero/Source/Scripts/combat/battlers/BattlerRoster.cs(35,22): error SA1600: Elements should be documented (https://github.com/DotNetAnalyzers/StyleCopAnalyzers/blob/master/documentation/SA1600.md) [/home/adam/Dev/omega-spiral/chapter-zero/OmegaSpiral.csproj]
         /home/adam/Dev/omega-spiral/chapter-zero/Source/Scripts/combat/battlers/BattlerRoster.cs(40,24): error SA1600: Elements should be documented (https://github.com/DotNetAnalyzers/StyleCopAnalyzers/blob/master/documentation/SA1600.md) [/home/adam/Dev/omega-spiral/chapter-zero/OmegaSpiral.csproj]
         /home/adam/Dev/omega-spiral/chapter-zero/Source/Scripts/combat/battlers/BattlerAnim.cs(107,31): error SA1611: The documentation for parameter 'battler' is missing (https://github.com/DotNetAnalyzers/StyleCopAnalyzers/blob/master/documentation/SA1611.md) [/home/adam/Dev/omega-spiral/chapter-zero/OmegaSpiral.csproj]
         /home/adam/Dev/omega-spiral/chapter-zero/Source/Scripts/combat/battlers/BattlerAnim.cs(107,57): error SA1611: The documentation for parameter 'facing' is missing (https://github.com/DotNetAnalyzers/StyleCopAnalyzers/blob/master/documentation/SA1611.md) [/home/adam/Dev/omega-spiral/chapter-zero/OmegaSpiral.csproj]
         /home/adam/Dev/omega-spiral/chapter-zero/Source/Scripts/combat/battlers/BattlerStats.cs(261,23): error CA1305: The behavior of 'Convert.ToSingle(object)' could vary based on the current user's locale settings. Replace this call in 'BattlerStats.RecalculateAndUpdate(string)' with a call to 'Convert.ToSingle(object, IFormatProvider)'. (https://docs.microsoft.com/dotnet/fundamentals/code-analysis/quality-rules/ca1305) [/home/adam/Dev/omega-spiral/chapter-zero/OmegaSpiral.csproj]
         /home/adam/Dev/omega-spiral/chapter-zero/Source/Scripts/combat/battlers/BattlerRoster.cs(42,37): error CA1062: In externally visible method 'bool BattlerRoster.AreBattlersDefeated(Battler[] battlers)', validate parameter 'battlers' is non-null before using it. If appropriate, throw an ArgumentNullException when the argument is null or add a Code Contract precondition asserting non-null argument. (https://docs.microsoft.com/dotnet/fundamentals/code-analysis/quality-rules/ca1062) [/home/adam/Dev/omega-spiral/chapter-zero/OmegaSpiral.csproj]
         /home/adam/Dev/omega-spiral/chapter-zero/Source/Scripts/combat/battlers/BattlerAnim.cs(152,29): error SA1611: The documentation for parameter 'animName' is missing (https://github.com/DotNetAnalyzers/StyleCopAnalyzers/blob/master/documentation/SA1611.md) [/home/adam/Dev/omega-spiral/chapter-zero/OmegaSpiral.csproj]
         /home/adam/Dev/omega-spiral/chapter-zero/Source/Scripts/combat/battlers/BattlerAnim.cs(162,9): error SA1616: Element return value documentation should have text (https://github.com/DotNetAnalyzers/StyleCopAnalyzers/blob/master/documentation/SA1616.md) [/home/adam/Dev/omega-spiral/chapter-zero/OmegaSpiral.csproj]
         /home/adam/Dev/omega-spiral/chapter-zero/Source/Scripts/combat/battlers/BattlerAnim.cs(171,39): error SA1611: The documentation for parameter 'animName' is missing (https://github.com/DotNetAnalyzers/StyleCopAnalyzers/blob/master/documentation/SA1611.md) [/home/adam/Dev/omega-spiral/chapter-zero/OmegaSpiral.csproj]
         /home/adam/Dev/omega-spiral/chapter-zero/Source/Scripts/combat/battlers/BattlerAnim.cs(122,9): error CA1062: In externally visible method 'void BattlerAnim.Setup(Battler battler, BattlerDirection facing)', validate parameter 'battler' is non-null before using it. If appropriate, throw an ArgumentNullException when the argument is null or add a Code Contract precondition asserting non-null argument. (https://docs.microsoft.com/dotnet/fundamentals/code-analysis/quality-rules/ca1062) [/home/adam/Dev/omega-spiral/chapter-zero/OmegaSpiral.csproj]
         /home/adam/Dev/omega-spiral/chapter-zero/Source/Scripts/combat/battlers/BattlerAnim.cs(185,35): error SA1611: The documentation for parameter 'duration' is missing (https://github.com/DotNetAnalyzers/StyleCopAnalyzers/blob/master/documentation/SA1611.md) [/home/adam/Dev/omega-spiral/chapter-zero/OmegaSpiral.csproj]
         /home/adam/Dev/omega-spiral/chapter-zero/Source/Scripts/combat/battlers/Battler.cs(396,23): error SA1600: Elements should be documented (https://github.com/DotNetAnalyzers/StyleCopAnalyzers/blob/master/documentation/SA1600.md) [/home/adam/Dev/omega-spiral/chapter-zero/OmegaSpiral.csproj]
         /home/adam/Dev/omega-spiral/chapter-zero/Source/Scripts/combat/actors/CombatRandomAI.cs(34,18): error SA1651: Do not use placeholder elements (https://github.com/DotNetAnalyzers/StyleCopAnalyzers/blob/master/documentation/SA1651.md) [/home/adam/Dev/omega-spiral/chapter-zero/OmegaSpiral.csproj]
         /home/adam/Dev/omega-spiral/chapter-zero/Source/Scripts/combat/actors/CombatRandomAI.cs(145,9): error SA1616: Element return value documentation should have text (https://github.com/DotNetAnalyzers/StyleCopAnalyzers/blob/master/documentation/SA1616.md) [/home/adam/Dev/omega-spiral/chapter-zero/OmegaSpiral.csproj]
         /home/adam/Dev/omega-spiral/chapter-zero/Source/Scripts/combat/actors/CombatRandomAI.cs(45,51): error SA1101: Prefix local calls with this (https://github.com/DotNetAnalyzers/StyleCopAnalyzers/blob/master/documentation/SA1101.md) [/home/adam/Dev/omega-spiral/chapter-zero/OmegaSpiral.csproj]
         /home/adam/Dev/omega-spiral/chapter-zero/Source/Scripts/combat/battlers/Battler.cs(405,30): error CA1062: In externally visible method 'Task Battler.ActAsync(BattlerAction action, Battler[] targets = null)', validate parameter 'action' is non-null before using it. If appropriate, throw an ArgumentNullException when the argument is null or add a Code Contract precondition asserting non-null argument. (https://docs.microsoft.com/dotnet/fundamentals/code-analysis/quality-rules/ca1062) [/home/adam/Dev/omega-spiral/chapter-zero/OmegaSpiral.csproj]
         /home/adam/Dev/omega-spiral/chapter-zero/Source/Scripts/combat/actors/CombatRandomAI.cs(157,59): error SA1611: The documentation for parameter 'action' is missing (https://github.com/DotNetAnalyzers/StyleCopAnalyzers/blob/master/documentation/SA1611.md) [/home/adam/Dev/omega-spiral/chapter-zero/OmegaSpiral.csproj]
         /home/adam/Dev/omega-spiral/chapter-zero/Source/Scripts/combat/actors/CombatRandomAI.cs(157,81): error SA1611: The documentation for parameter 'targets' is missing (https://github.com/DotNetAnalyzers/StyleCopAnalyzers/blob/master/documentation/SA1611.md) [/home/adam/Dev/omega-spiral/chapter-zero/OmegaSpiral.csproj]
         /home/adam/Dev/omega-spiral/chapter-zero/Source/Scripts/combat/actors/CombatRandomAI.cs(156,9): error SA1616: Element return value documentation should have text (https://github.com/DotNetAnalyzers/StyleCopAnalyzers/blob/master/documentation/SA1616.md) [/home/adam/Dev/omega-spiral/chapter-zero/OmegaSpiral.csproj]
         /home/adam/Dev/omega-spiral/chapter-zero/Source/Scripts/combat/Combat.cs(49,46): error SA1611: The documentation for parameter 'arena' is missing (https://github.com/DotNetAnalyzers/StyleCopAnalyzers/blob/master/documentation/SA1611.md) [/home/adam/Dev/omega-spiral/chapter-zero/OmegaSpiral.csproj]
         /home/adam/Dev/omega-spiral/chapter-zero/Source/Scripts/combat/Combat.cs(48,18): error SA1651: Do not use placeholder elements (https://github.com/DotNetAnalyzers/StyleCopAnalyzers/blob/master/documentation/SA1651.md) [/home/adam/Dev/omega-spiral/chapter-zero/OmegaSpiral.csproj]
         /home/adam/Dev/omega-spiral/chapter-zero/Tests/Scene1LoadTests.cs(20,21): error CA1707: Remove the underscores from member name OmegaSpiral.Tests.Scene1LoadTests.Scene1_SceneFileExists() (https://docs.microsoft.com/dotnet/fundamentals/code-analysis/quality-rules/ca1707) [/home/adam/Dev/omega-spiral/chapter-zero/OmegaSpiral.csproj]
         /home/adam/Dev/omega-spiral/chapter-zero/Source/Scripts/combat/battlers/BattlerAnim.cs(203,34): error SA1611: The documentation for parameter 'duration' is missing (https://github.com/DotNetAnalyzers/StyleCopAnalyzers/blob/master/documentation/SA1611.md) [/home/adam/Dev/omega-spiral/chapter-zero/OmegaSpiral.csproj]
         /home/adam/Dev/omega-spiral/chapter-zero/Tests/Scene1LoadTests.cs(20,21): error SA1600: Elements should be documented (https://github.com/DotNetAnalyzers/StyleCopAnalyzers/blob/master/documentation/SA1600.md) [/home/adam/Dev/omega-spiral/chapter-zero/OmegaSpiral.csproj]
         /home/adam/Dev/omega-spiral/chapter-zero/Source/Scripts/combat/Combat.cs(65,19): error SA1101: Prefix local calls with this (https://github.com/DotNetAnalyzers/StyleCopAnalyzers/blob/master/documentation/SA1101.md) [/home/adam/Dev/omega-spiral/chapter-zero/OmegaSpiral.csproj]
         /home/adam/Dev/omega-spiral/chapter-zero/Tests/Scene1LoadTests.cs(33,21): error CA1707: Remove the underscores from member name OmegaSpiral.Tests.Scene1LoadTests.Scene1_HeroDataFileExists() (https://docs.microsoft.com/dotnet/fundamentals/code-analysis/quality-rules/ca1707) [/home/adam/Dev/omega-spiral/chapter-zero/OmegaSpiral.csproj]
         /home/adam/Dev/omega-spiral/chapter-zero/Tests/Scene1LoadTests.cs(33,21): error SA1600: Elements should be documented (https://github.com/DotNetAnalyzers/StyleCopAnalyzers/blob/master/documentation/SA1600.md) [/home/adam/Dev/omega-spiral/chapter-zero/OmegaSpiral.csproj]
         /home/adam/Dev/omega-spiral/chapter-zero/Tests/Scene1LoadTests.cs(46,21): error CA1707: Remove the underscores from member name OmegaSpiral.Tests.Scene1LoadTests.Scene1_ShadowDataFileExists() (https://docs.microsoft.com/dotnet/fundamentals/code-analysis/quality-rules/ca1707) [/home/adam/Dev/omega-spiral/chapter-zero/OmegaSpiral.csproj]
         /home/adam/Dev/omega-spiral/chapter-zero/Tests/Scene1LoadTests.cs(46,21): error SA1600: Elements should be documented (https://github.com/DotNetAnalyzers/StyleCopAnalyzers/blob/master/documentation/SA1600.md) [/home/adam/Dev/omega-spiral/chapter-zero/OmegaSpiral.csproj]
         /home/adam/Dev/omega-spiral/chapter-zero/Tests/Scene1LoadTests.cs(59,21): error CA1707: Remove the underscores from member name OmegaSpiral.Tests.Scene1LoadTests.Scene1_AmbitionDataFileExists() (https://docs.microsoft.com/dotnet/fundamentals/code-analysis/quality-rules/ca1707) [/home/adam/Dev/omega-spiral/chapter-zero/OmegaSpiral.csproj]
         /home/adam/Dev/omega-spiral/chapter-zero/Tests/Scene1LoadTests.cs(59,21): error SA1600: Elements should be documented (https://github.com/DotNetAnalyzers/StyleCopAnalyzers/blob/master/documentation/SA1600.md) [/home/adam/Dev/omega-spiral/chapter-zero/OmegaSpiral.csproj]
         /home/adam/Dev/omega-spiral/chapter-zero/Source/Scripts/combat/battlers/Battler.cs(427,17): error SA1600: Elements should be documented (https://github.com/DotNetAnalyzers/StyleCopAnalyzers/blob/master/documentation/SA1600.md) [/home/adam/Dev/omega-spiral/chapter-zero/OmegaSpiral.csproj]
         /home/adam/Dev/omega-spiral/chapter-zero/Source/Scripts/combat/battlers/Battler.cs(440,17): error SA1600: Elements should be documented (https://github.com/DotNetAnalyzers/StyleCopAnalyzers/blob/master/documentation/SA1600.md) [/home/adam/Dev/omega-spiral/chapter-zero/OmegaSpiral.csproj]
         /home/adam/Dev/omega-spiral/chapter-zero/Source/Scripts/combat/battlers/Battler.cs(429,13): error CA1062: In externally visible method 'void Battler.TakeHit(BattlerHit hit)', validate parameter 'hit' is non-null before using it. If appropriate, throw an ArgumentNullException when the argument is null or add a Code Contract precondition asserting non-null argument. (https://docs.microsoft.com/dotnet/fundamentals/code-analysis/quality-rules/ca1062) [/home/adam/Dev/omega-spiral/chapter-zero/OmegaSpiral.csproj]
         /home/adam/Dev/omega-spiral/chapter-zero/Tests/Scene1LoadTests.cs(72,21): error CA1707: Remove the underscores from member name OmegaSpiral.Tests.Scene1LoadTests.Scene1_HeroDataCanBeParsed() (https://docs.microsoft.com/dotnet/fundamentals/code-analysis/quality-rules/ca1707) [/home/adam/Dev/omega-spiral/chapter-zero/OmegaSpiral.csproj]
         /home/adam/Dev/omega-spiral/chapter-zero/Tests/Scene1LoadTests.cs(72,21): error SA1600: Elements should be documented (https://github.com/DotNetAnalyzers/StyleCopAnalyzers/blob/master/documentation/SA1600.md) [/home/adam/Dev/omega-spiral/chapter-zero/OmegaSpiral.csproj]
         /home/adam/Dev/omega-spiral/chapter-zero/Source/Scripts/combat/actors/CombatRandomAI.cs(84,104): error CA2000: Call System.IDisposable.Dispose on object created by 'new BattlerList(Array.Empty<Battler>(), Array.Empty<Battler>())' before all references to it are out of scope (https://docs.microsoft.com/dotnet/fundamentals/code-analysis/quality-rules/ca2000) [/home/adam/Dev/omega-spiral/chapter-zero/OmegaSpiral.csproj]
         /home/adam/Dev/omega-spiral/chapter-zero/Tests/Scene1LoadTests.cs(124,21): error CA1707: Remove the underscores from member name OmegaSpiral.Tests.Scene1LoadTests.Scene1_SceneCanBeInstantiated() (https://docs.microsoft.com/dotnet/fundamentals/code-analysis/quality-rules/ca1707) [/home/adam/Dev/omega-spiral/chapter-zero/OmegaSpiral.csproj]
         /home/adam/Dev/omega-spiral/chapter-zero/Tests/Scene1LoadTests.cs(109,21): error CA1707: Remove the underscores from member name OmegaSpiral.Tests.Scene1LoadTests.Scene1_SceneCanBeLoaded() (https://docs.microsoft.com/dotnet/fundamentals/code-analysis/quality-rules/ca1707) [/home/adam/Dev/omega-spiral/chapter-zero/OmegaSpiral.csproj]
         /home/adam/Dev/omega-spiral/chapter-zero/Tests/Scene1LoadTests.cs(109,21): error SA1600: Elements should be documented (https://github.com/DotNetAnalyzers/StyleCopAnalyzers/blob/master/documentation/SA1600.md) [/home/adam/Dev/omega-spiral/chapter-zero/OmegaSpiral.csproj]
         /home/adam/Dev/omega-spiral/chapter-zero/Tests/Scene1LoadTests.cs(161,21): error CA1707: Remove the underscores from member name OmegaSpiral.Tests.Scene1LoadTests.Scene1_NarrativeTerminalScriptExists() (https://docs.microsoft.com/dotnet/fundamentals/code-analysis/quality-rules/ca1707) [/home/adam/Dev/omega-spiral/chapter-zero/OmegaSpiral.csproj]
         /home/adam/Dev/omega-spiral/chapter-zero/Tests/Scene1LoadTests.cs(161,21): error SA1600: Elements should be documented (https://github.com/DotNetAnalyzers/StyleCopAnalyzers/blob/master/documentation/SA1600.md) [/home/adam/Dev/omega-spiral/chapter-zero/OmegaSpiral.csproj]
         /home/adam/Dev/omega-spiral/chapter-zero/Tests/Scene1LoadTests.cs(124,21): error SA1600: Elements should be documented (https://github.com/DotNetAnalyzers/StyleCopAnalyzers/blob/master/documentation/SA1600.md) [/home/adam/Dev/omega-spiral/chapter-zero/OmegaSpiral.csproj]
         /home/adam/Dev/omega-spiral/chapter-zero/Tests/Scene1LoadTests.cs(86,13): error CA1031: Modify 'Scene1_HeroDataCanBeParsed' to catch a more specific allowed exception type, or rethrow the exception (https://docs.microsoft.com/dotnet/fundamentals/code-analysis/quality-rules/ca1031) [/home/adam/Dev/omega-spiral/chapter-zero/OmegaSpiral.csproj]
         /home/adam/Dev/omega-spiral/chapter-zero/Tests/Scene1LoadTests.cs(142,13): error CA1031: Modify 'Scene1_SceneCanBeInstantiated' to catch a more specific allowed exception type, or rethrow the exception (https://docs.microsoft.com/dotnet/fundamentals/code-analysis/quality-rules/ca1031) [/home/adam/Dev/omega-spiral/chapter-zero/OmegaSpiral.csproj]
         /home/adam/Dev/omega-spiral/chapter-zero/Tests/Scene1LoadTests.cs(174,21): error CA1707: Remove the underscores from member name OmegaSpiral.Tests.Scene1LoadTests.Scene1_ManifestReferencesScene1() (https://docs.microsoft.com/dotnet/fundamentals/code-analysis/quality-rules/ca1707) [/home/adam/Dev/omega-spiral/chapter-zero/OmegaSpiral.csproj]
         /home/adam/Dev/omega-spiral/chapter-zero/Tests/Scene1LoadTests.cs(174,21): error SA1600: Elements should be documented (https://github.com/DotNetAnalyzers/StyleCopAnalyzers/blob/master/documentation/SA1600.md) [/home/adam/Dev/omega-spiral/chapter-zero/OmegaSpiral.csproj]
         /home/adam/Dev/omega-spiral/chapter-zero/Tests/Scene1LoadTests.cs(211,21): error CA1707: Remove the underscores from member name OmegaSpiral.Tests.Scene1LoadTests.Scene1_AllThreadDataFilesHaveValidStructure() (https://docs.microsoft.com/dotnet/fundamentals/code-analysis/quality-rules/ca1707) [/home/adam/Dev/omega-spiral/chapter-zero/OmegaSpiral.csproj]
         /home/adam/Dev/omega-spiral/chapter-zero/Tests/Scene1LoadTests.cs(211,21): error SA1600: Elements should be documented (https://github.com/DotNetAnalyzers/StyleCopAnalyzers/blob/master/documentation/SA1600.md) [/home/adam/Dev/omega-spiral/chapter-zero/OmegaSpiral.csproj]
         /home/adam/Dev/omega-spiral/chapter-zero/Tests/Scene1LoadTests.cs(228,21): error SA1117: The parameters should all be placed on the same line or each parameter should be placed on its own line. (https://github.com/DotNetAnalyzers/StyleCopAnalyzers/blob/master/documentation/SA1117.md) [/home/adam/Dev/omega-spiral/chapter-zero/OmegaSpiral.csproj]
         /home/adam/Dev/omega-spiral/chapter-zero/Source/Scripts/combat/ui/action_menu/UIActionMenu.cs(79,5): error SA1514: Element documentation header should be preceded by blank line (https://github.com/DotNetAnalyzers/StyleCopAnalyzers/blob/master/documentation/SA1514.md) [/home/adam/Dev/omega-spiral/chapter-zero/OmegaSpiral.csproj]
         /home/adam/Dev/omega-spiral/chapter-zero/Source/Scripts/combat/ui/action_menu/UIActionMenu.cs(87,13): error CA1062: In externally visible method 'void UIActionMenu._UnhandledInput(InputEvent @event)', validate parameter 'event' is non-null before using it. If appropriate, throw an ArgumentNullException when the argument is null or add a Code Contract precondition asserting non-null argument. (https://docs.microsoft.com/dotnet/fundamentals/code-analysis/quality-rules/ca1062) [/home/adam/Dev/omega-spiral/chapter-zero/OmegaSpiral.csproj]
         /home/adam/Dev/omega-spiral/chapter-zero/Source/Scripts/combat/ui/battler_entry/UIBattlerLifeBar.cs(108,32): error CA1305: The behavior of 'int.ToString()' could vary based on the current user's locale settings. Replace this call in 'UIBattlerLifeBar.OnValueChanged(double)' with a call to 'int.ToString(IFormatProvider)'. (https://docs.microsoft.com/dotnet/fundamentals/code-analysis/quality-rules/ca1305) [/home/adam/Dev/omega-spiral/chapter-zero/OmegaSpiral.csproj]
         /home/adam/Dev/omega-spiral/chapter-zero/Source/Scripts/combat/ui/action_menu/UIActionMenu.cs(118,27): error SA1600: Elements should be documented (https://github.com/DotNetAnalyzers/StyleCopAnalyzers/blob/master/documentation/SA1600.md) [/home/adam/Dev/omega-spiral/chapter-zero/OmegaSpiral.csproj]
         /home/adam/Dev/omega-spiral/chapter-zero/Source/Scripts/combat/ui/action_menu/UIActionMenu.cs(124,23): error SA1600: Elements should be documented (https://github.com/DotNetAnalyzers/StyleCopAnalyzers/blob/master/documentation/SA1600.md) [/home/adam/Dev/omega-spiral/chapter-zero/OmegaSpiral.csproj]
         /home/adam/Dev/omega-spiral/chapter-zero/Tests/NarrativeTerminalSchemaTests.cs(20,21): error SA1600: Elements should be documented (https://github.com/DotNetAnalyzers/StyleCopAnalyzers/blob/master/documentation/SA1600.md) [/home/adam/Dev/omega-spiral/chapter-zero/OmegaSpiral.csproj]
         /home/adam/Dev/omega-spiral/chapter-zero/Source/Scripts/combat/ui/action_menu/UIActionMenu.cs(156,29): error SA1600: Elements should be documented (https://github.com/DotNetAnalyzers/StyleCopAnalyzers/blob/master/documentation/SA1600.md) [/home/adam/Dev/omega-spiral/chapter-zero/OmegaSpiral.csproj]
         /home/adam/Dev/omega-spiral/chapter-zero/Source/Scripts/combat/ui/battler_entry/UIEnergyPoint.cs(72,17): error SA1600: Elements should be documented (https://github.com/DotNetAnalyzers/StyleCopAnalyzers/blob/master/documentation/SA1600.md) [/home/adam/Dev/omega-spiral/chapter-zero/OmegaSpiral.csproj]
         /home/adam/Dev/omega-spiral/chapter-zero/Source/Scripts/combat/ui/action_menu/UIActionMenu.cs(159,22): error CA1062: In externally visible method 'void UIActionMenu.OnEntryPressed(BaseButton entry)', validate parameter 'entry' is non-null before using it. If appropriate, throw an ArgumentNullException when the argument is null or add a Code Contract precondition asserting non-null argument. (https://docs.microsoft.com/dotnet/fundamentals/code-analysis/quality-rules/ca1062) [/home/adam/Dev/omega-spiral/chapter-zero/OmegaSpiral.csproj]
         /home/adam/Dev/omega-spiral/chapter-zero/Source/Scripts/combat/ui/battler_entry/UIEnergyPoint.cs(83,17): error SA1600: Elements should be documented (https://github.com/DotNetAnalyzers/StyleCopAnalyzers/blob/master/documentation/SA1600.md) [/home/adam/Dev/omega-spiral/chapter-zero/OmegaSpiral.csproj]
         /home/adam/Dev/omega-spiral/chapter-zero/Tests/NarrativeTerminalSchemaTests.cs(27,21): error CA1707: Remove the underscores from member name OmegaSpiral.Tests.NarrativeTerminalSchemaTests.ValidateNarrativeTerminalSchema_ValidData_ReturnsTrue() (https://docs.microsoft.com/dotnet/fundamentals/code-analysis/quality-rules/ca1707) [/home/adam/Dev/omega-spiral/chapter-zero/OmegaSpiral.csproj]
         /home/adam/Dev/omega-spiral/chapter-zero/Source/Scripts/combat/ui/battler_entry/UIPlayerBattlerList.cs(95,25): error CA1062: In externally visible method 'void UIPlayerBattlerList.Setup(BattlerList battlerData)', validate parameter 'battlerData' is non-null before using it. If appropriate, throw an ArgumentNullException when the argument is null or add a Code Contract precondition asserting non-null argument. (https://docs.microsoft.com/dotnet/fundamentals/code-analysis/quality-rules/ca1062) [/home/adam/Dev/omega-spiral/chapter-zero/OmegaSpiral.csproj]
         /home/adam/Dev/omega-spiral/chapter-zero/Tests/NarrativeTerminalSchemaTests.cs(27,21): error SA1600: Elements should be documented (https://github.com/DotNetAnalyzers/StyleCopAnalyzers/blob/master/documentation/SA1600.md) [/home/adam/Dev/omega-spiral/chapter-zero/OmegaSpiral.csproj]
         /home/adam/Dev/omega-spiral/chapter-zero/Source/Scripts/combat/actors/ActiveTurnQueue.cs(145,55): error CA1801: Parameter battler of method IsAnyAnimationPlaying is never used. Remove the parameter or use it in the method body. (https://docs.microsoft.com/dotnet/fundamentals/code-analysis/quality-rules/ca1801) [/home/adam/Dev/omega-spiral/chapter-zero/OmegaSpiral.csproj]
         /home/adam/Dev/omega-spiral/chapter-zero/Source/Scripts/combat/ui/effect_labels/UIDamageLabel.cs(77,31): error CA1305: The behavior of 'int.ToString()' could vary based on the current user's locale settings. Replace this call in 'UIDamageLabel.Amount.set' with a call to 'int.ToString(IFormatProvider)'. (https://docs.microsoft.com/dotnet/fundamentals/code-analysis/quality-rules/ca1305) [/home/adam/Dev/omega-spiral/chapter-zero/OmegaSpiral.csproj]
         /home/adam/Dev/omega-spiral/chapter-zero/Source/Scripts/combat/ui/battler_entry/UIPlayerBattlerList.cs(99,29): error SA1600: Elements should be documented (https://github.com/DotNetAnalyzers/StyleCopAnalyzers/blob/master/documentation/SA1600.md) [/home/adam/Dev/omega-spiral/chapter-zero/OmegaSpiral.csproj]
         /home/adam/Dev/omega-spiral/chapter-zero/Tests/NarrativeTerminalSchemaTests.cs(73,21): error CA1707: Remove the underscores from member name OmegaSpiral.Tests.NarrativeTerminalSchemaTests.ValidateNarrativeTerminalSchema_MissingRequiredField_ReturnsFalse() (https://docs.microsoft.com/dotnet/fundamentals/code-analysis/quality-rules/ca1707) [/home/adam/Dev/omega-spiral/chapter-zero/OmegaSpiral.csproj]
         /home/adam/Dev/omega-spiral/chapter-zero/Tests/NarrativeTerminalSchemaTests.cs(73,21): error SA1600: Elements should be documented (https://github.com/DotNetAnalyzers/StyleCopAnalyzers/blob/master/documentation/SA1600.md) [/home/adam/Dev/omega-spiral/chapter-zero/OmegaSpiral.csproj]
         /home/adam/Dev/omega-spiral/chapter-zero/Source/Scripts/combat/ui/effect_labels/UIDamageLabel.cs(104,31): error CA1305: The behavior of 'int.ToString()' could vary based on the current user's locale settings. Replace this call in 'UIDamageLabel._Ready()' with a call to 'int.ToString(IFormatProvider)'. (https://docs.microsoft.com/dotnet/fundamentals/code-analysis/quality-rules/ca1305) [/home/adam/Dev/omega-spiral/chapter-zero/OmegaSpiral.csproj]
         /home/adam/Dev/omega-spiral/chapter-zero/Source/Scripts/combat/ui/battler_entry/UIPlayerBattlerList.cs(106,17): error CA1062: In externally visible method 'void UIPlayerBattlerList.OnEntryPressed(BaseButton entry)', validate parameter 'entry' is non-null before using it. If appropriate, throw an ArgumentNullException when the argument is null or add a Code Contract precondition asserting non-null argument. (https://docs.microsoft.com/dotnet/fundamentals/code-analysis/quality-rules/ca1062) [/home/adam/Dev/omega-spiral/chapter-zero/OmegaSpiral.csproj]
         /home/adam/Dev/omega-spiral/chapter-zero/Tests/NarrativeTerminalSchemaTests.cs(93,21): error CA1707: Remove the underscores from member name OmegaSpiral.Tests.NarrativeTerminalSchemaTests.ValidateNarrativeTerminalSchema_WrongType_ReturnsFalse() (https://docs.microsoft.com/dotnet/fundamentals/code-analysis/quality-rules/ca1707) [/home/adam/Dev/omega-spiral/chapter-zero/OmegaSpiral.csproj]
         /home/adam/Dev/omega-spiral/chapter-zero/Tests/NarrativeTerminalSchemaTests.cs(93,21): error SA1600: Elements should be documented (https://github.com/DotNetAnalyzers/StyleCopAnalyzers/blob/master/documentation/SA1600.md) [/home/adam/Dev/omega-spiral/chapter-zero/OmegaSpiral.csproj]
         /home/adam/Dev/omega-spiral/chapter-zero/Tests/NarrativeTerminalSchemaTests.cs(117,21): error CA1707: Remove the underscores from member name OmegaSpiral.Tests.NarrativeTerminalSchemaTests.ValidateNarrativeTerminalSchema_EmptyData_ReturnsFalse() (https://docs.microsoft.com/dotnet/fundamentals/code-analysis/quality-rules/ca1707) [/home/adam/Dev/omega-spiral/chapter-zero/OmegaSpiral.csproj]
         /home/adam/Dev/omega-spiral/chapter-zero/Tests/NarrativeTerminalSchemaTests.cs(117,21): error SA1600: Elements should be documented (https://github.com/DotNetAnalyzers/StyleCopAnalyzers/blob/master/documentation/SA1600.md) [/home/adam/Dev/omega-spiral/chapter-zero/OmegaSpiral.csproj]
         /home/adam/Dev/omega-spiral/chapter-zero/Tests/NarrativeTerminalIntegrationTests.cs(19,21): error SA1600: Elements should be documented (https://github.com/DotNetAnalyzers/StyleCopAnalyzers/blob/master/documentation/SA1600.md) [/home/adam/Dev/omega-spiral/chapter-zero/OmegaSpiral.csproj]
         /home/adam/Dev/omega-spiral/chapter-zero/Tests/NarrativeTerminalIntegrationTests.cs(29,21): error CA1707: Remove the underscores from member name OmegaSpiral.Tests.NarrativeTerminalIntegrationTests.ProcessDreamweaverChoice_HeroChoice_UpdatesGameStateCorrectly() (https://docs.microsoft.com/dotnet/fundamentals/code-analysis/quality-rules/ca1707) [/home/adam/Dev/omega-spiral/chapter-zero/OmegaSpiral.csproj]
         /home/adam/Dev/omega-spiral/chapter-zero/Tests/NarrativeTerminalIntegrationTests.cs(29,21): error SA1600: Elements should be documented (https://github.com/DotNetAnalyzers/StyleCopAnalyzers/blob/master/documentation/SA1600.md) [/home/adam/Dev/omega-spiral/chapter-zero/OmegaSpiral.csproj]
         /home/adam/Dev/omega-spiral/chapter-zero/Tests/NarrativeTerminalIntegrationTests.cs(60,21): error CA1707: Remove the underscores from member name OmegaSpiral.Tests.NarrativeTerminalIntegrationTests.ProcessDreamweaverChoice_ShadowChoice_UpdatesGameStateCorrectly() (https://docs.microsoft.com/dotnet/fundamentals/code-analysis/quality-rules/ca1707) [/home/adam/Dev/omega-spiral/chapter-zero/OmegaSpiral.csproj]
         /home/adam/Dev/omega-spiral/chapter-zero/Tests/NarrativeTerminalIntegrationTests.cs(60,21): error SA1600: Elements should be documented (https://github.com/DotNetAnalyzers/StyleCopAnalyzers/blob/master/documentation/SA1600.md) [/home/adam/Dev/omega-spiral/chapter-zero/OmegaSpiral.csproj]
         /home/adam/Dev/omega-spiral/chapter-zero/Source/Scripts/combat/ui/list_menu/UIListMenu.cs(105,65): error SA1118: The parameter spans multiple lines (https://github.com/DotNetAnalyzers/StyleCopAnalyzers/blob/master/documentation/SA1118.md) [/home/adam/Dev/omega-spiral/chapter-zero/OmegaSpiral.csproj]
         /home/adam/Dev/omega-spiral/chapter-zero/Tests/NarrativeTerminalIntegrationTests.cs(91,21): error CA1707: Remove the underscores from member name OmegaSpiral.Tests.NarrativeTerminalIntegrationTests.ProcessDreamweaverChoice_AmbitionChoice_UpdatesGameStateCorrectly() (https://docs.microsoft.com/dotnet/fundamentals/code-analysis/quality-rules/ca1707) [/home/adam/Dev/omega-spiral/chapter-zero/OmegaSpiral.csproj]
         /home/adam/Dev/omega-spiral/chapter-zero/Source/Scripts/combat/ui/list_menu/UIListMenu.cs(129,20): error SA1600: Elements should be documented (https://github.com/DotNetAnalyzers/StyleCopAnalyzers/blob/master/documentation/SA1600.md) [/home/adam/Dev/omega-spiral/chapter-zero/OmegaSpiral.csproj]
         /home/adam/Dev/omega-spiral/chapter-zero/Tests/NarrativeTerminalIntegrationTests.cs(91,21): error SA1600: Elements should be documented (https://github.com/DotNetAnalyzers/StyleCopAnalyzers/blob/master/documentation/SA1600.md) [/home/adam/Dev/omega-spiral/chapter-zero/OmegaSpiral.csproj]
         /home/adam/Dev/omega-spiral/chapter-zero/Source/Scripts/combat/ui/list_menu/UIListMenu.cs(155,32): error CA1062: In externally visible method 'void UIListMenu.OnEntryFocused(BaseButton entry)', validate parameter 'entry' is non-null before using it. If appropriate, throw an ArgumentNullException when the argument is null or add a Code Contract precondition asserting non-null argument. (https://docs.microsoft.com/dotnet/fundamentals/code-analysis/quality-rules/ca1062) [/home/adam/Dev/omega-spiral/chapter-zero/OmegaSpiral.csproj]
         /home/adam/Dev/omega-spiral/chapter-zero/Source/Scripts/combat/ui/turn_bar/UITurnBar.cs(50,33): error CA1062: In externally visible method 'void UITurnBar.Setup(BattlerList battlerData)', validate parameter 'battlerData' is non-null before using it. If appropriate, throw an ArgumentNullException when the argument is null or add a Code Contract precondition asserting non-null argument. (https://docs.microsoft.com/dotnet/fundamentals/code-analysis/quality-rules/ca1062) [/home/adam/Dev/omega-spiral/chapter-zero/OmegaSpiral.csproj]
         /home/adam/Dev/omega-spiral/chapter-zero/Tests/NarrativeTerminalIntegrationTests.cs(122,21): error CA1707: Remove the underscores from member name OmegaSpiral.Tests.NarrativeTerminalIntegrationTests.PlayerNameInput_ValidName_UpdatesGameState() (https://docs.microsoft.com/dotnet/fundamentals/code-analysis/quality-rules/ca1707) [/home/adam/Dev/omega-spiral/chapter-zero/OmegaSpiral.csproj]
         /home/adam/Dev/omega-spiral/chapter-zero/Tests/NarrativeTerminalIntegrationTests.cs(122,21): error SA1600: Elements should be documented (https://github.com/DotNetAnalyzers/StyleCopAnalyzers/blob/master/documentation/SA1600.md) [/home/adam/Dev/omega-spiral/chapter-zero/OmegaSpiral.csproj]
         /home/adam/Dev/omega-spiral/chapter-zero/Tests/NarrativeTerminalIntegrationTests.cs(135,21): error CA1707: Remove the underscores from member name OmegaSpiral.Tests.NarrativeTerminalIntegrationTests.SceneProgression_AfterChoice_IncrementsScene() (https://docs.microsoft.com/dotnet/fundamentals/code-analysis/quality-rules/ca1707) [/home/adam/Dev/omega-spiral/chapter-zero/OmegaSpiral.csproj]
         /home/adam/Dev/omega-spiral/chapter-zero/Tests/NarrativeTerminalIntegrationTests.cs(135,21): error SA1600: Elements should be documented (https://github.com/DotNetAnalyzers/StyleCopAnalyzers/blob/master/documentation/SA1600.md) [/home/adam/Dev/omega-spiral/chapter-zero/OmegaSpiral.csproj]
         /home/adam/Dev/omega-spiral/chapter-zero/Source/Scripts/common/CollisionFinder.cs(31,12): error SA1600: Elements should be documented (https://github.com/DotNetAnalyzers/StyleCopAnalyzers/blob/master/documentation/SA1600.md) [/home/adam/Dev/omega-spiral/chapter-zero/OmegaSpiral.csproj]
         /home/adam/Dev/omega-spiral/chapter-zero/Source/Scripts/combat/ui/cursors/UIBattlerTargetCursor.cs(166,13): error CA1062: In externally visible method 'void UIBattlerTargetingCursor._UnhandledInput(InputEvent @event)', validate parameter 'event' is non-null before using it. If appropriate, throw an ArgumentNullException when the argument is null or add a Code Contract precondition asserting non-null argument. (https://docs.microsoft.com/dotnet/fundamentals/code-analysis/quality-rules/ca1062) [/home/adam/Dev/omega-spiral/chapter-zero/OmegaSpiral.csproj]
         /home/adam/Dev/omega-spiral/chapter-zero/Tests/NarrativeTerminalIntegrationTests.cs(148,21): error CA1707: Remove the underscores from member name OmegaSpiral.Tests.NarrativeTerminalIntegrationTests.DreamweaverScoring_MultipleChoices_AccumulatesCorrectly() (https://docs.microsoft.com/dotnet/fundamentals/code-analysis/quality-rules/ca1707) [/home/adam/Dev/omega-spiral/chapter-zero/OmegaSpiral.csproj]
         /home/adam/Dev/omega-spiral/chapter-zero/Tests/NarrativeTerminalIntegrationTests.cs(189,21): error CA1063: Modify 'NarrativeTerminalIntegrationTests.Dispose' so that it calls Dispose(true), then calls GC.SuppressFinalize on the current object instance ('this' or 'Me' in Visual Basic), and then returns (https://docs.microsoft.com/dotnet/fundamentals/code-analysis/quality-rules/ca1063) [/home/adam/Dev/omega-spiral/chapter-zero/OmegaSpiral.csproj]
         /home/adam/Dev/omega-spiral/chapter-zero/Tests/NarrativeTerminalIntegrationTests.cs(191,13): error CA1065: Dispose creates an exception of type NotImplementedException. Exceptions should not be raised in this type of method. If this exception instance might be raised, change this method's logic so it no longer raises an exception. (https://docs.microsoft.com/dotnet/fundamentals/code-analysis/quality-rules/ca1065) [/home/adam/Dev/omega-spiral/chapter-zero/OmegaSpiral.csproj]
         /home/adam/Dev/omega-spiral/chapter-zero/Tests/NarrativeTerminalIntegrationTests.cs(189,21): error CA1816: Change NarrativeTerminalIntegrationTests.Dispose() to call GC.SuppressFinalize(object). This will prevent derived types that introduce a finalizer from needing to re-implement 'IDisposable' to call it. (https://docs.microsoft.com/dotnet/fundamentals/code-analysis/quality-rules/ca1816) [/home/adam/Dev/omega-spiral/chapter-zero/OmegaSpiral.csproj]
         /home/adam/Dev/omega-spiral/chapter-zero/Tests/NarrativeTerminalIntegrationTests.cs(148,21): error SA1600: Elements should be documented (https://github.com/DotNetAnalyzers/StyleCopAnalyzers/blob/master/documentation/SA1600.md) [/home/adam/Dev/omega-spiral/chapter-zero/OmegaSpiral.csproj]
         /home/adam/Dev/omega-spiral/chapter-zero/Source/Scripts/common/JsonSchemaValidator.cs(14,24): error SA1600: Elements should be documented (https://github.com/DotNetAnalyzers/StyleCopAnalyzers/blob/master/documentation/SA1600.md) [/home/adam/Dev/omega-spiral/chapter-zero/OmegaSpiral.csproj]
         /home/adam/Dev/omega-spiral/chapter-zero/Source/Scripts/combat/ui/action_menu/UIActionMenu.cs(31,21): error CA2213: 'UIActionMenu' contains field 'battler' that is of IDisposable type 'Battler', but it is never disposed. Change the Dispose method on 'UIActionMenu' to call Close or Dispose on this field. (https://docs.microsoft.com/dotnet/fundamentals/code-analysis/quality-rules/ca2213) [/home/adam/Dev/omega-spiral/chapter-zero/OmegaSpiral.csproj]
         /home/adam/Dev/omega-spiral/chapter-zero/Source/Scripts/combat/ui/action_menu/UIActionMenu.cs(68,25): error CA2213: 'UIActionMenu' contains field 'battlerList' that is of IDisposable type 'BattlerList', but it is never disposed. Change the Dispose method on 'UIActionMenu' to call Close or Dispose on this field. (https://docs.microsoft.com/dotnet/fundamentals/code-analysis/quality-rules/ca2213) [/home/adam/Dev/omega-spiral/chapter-zero/OmegaSpiral.csproj]
         /home/adam/Dev/omega-spiral/chapter-zero/Source/Scripts/common/JsonSchemaValidator.cs(54,9): error CA1031: Modify 'ValidateSchema' to catch a more specific allowed exception type, or rethrow the exception (https://docs.microsoft.com/dotnet/fundamentals/code-analysis/quality-rules/ca1031) [/home/adam/Dev/omega-spiral/chapter-zero/OmegaSpiral.csproj]
         /home/adam/Dev/omega-spiral/chapter-zero/Source/Scripts/common/Inventory.cs(69,9): error SA1616: Element return value documentation should have text (https://github.com/DotNetAnalyzers/StyleCopAnalyzers/blob/master/documentation/SA1616.md) [/home/adam/Dev/omega-spiral/chapter-zero/OmegaSpiral.csproj]
         /home/adam/Dev/omega-spiral/chapter-zero/Source/Scripts/common/music/MusicPlayer.cs(21,23): error SA1600: Elements should be documented (https://github.com/DotNetAnalyzers/StyleCopAnalyzers/blob/master/documentation/SA1600.md) [/home/adam/Dev/omega-spiral/chapter-zero/OmegaSpiral.csproj]
         /home/adam/Dev/omega-spiral/chapter-zero/Source/Scripts/common/Inventory.cs(57,12): error SA1600: Elements should be documented (https://github.com/DotNetAnalyzers/StyleCopAnalyzers/blob/master/documentation/SA1600.md) [/home/adam/Dev/omega-spiral/chapter-zero/OmegaSpiral.csproj]
         /home/adam/Dev/omega-spiral/chapter-zero/Source/Scripts/common/Inventory.cs(96,31): error SA1611: The documentation for parameter 'itemType' is missing (https://github.com/DotNetAnalyzers/StyleCopAnalyzers/blob/master/documentation/SA1611.md) [/home/adam/Dev/omega-spiral/chapter-zero/OmegaSpiral.csproj]
         /home/adam/Dev/omega-spiral/chapter-zero/Source/Scripts/common/Inventory.cs(96,45): error SA1611: The documentation for parameter 'amount' is missing (https://github.com/DotNetAnalyzers/StyleCopAnalyzers/blob/master/documentation/SA1611.md) [/home/adam/Dev/omega-spiral/chapter-zero/OmegaSpiral.csproj]
         /home/adam/Dev/omega-spiral/chapter-zero/Source/Scripts/common/Inventory.cs(111,34): error SA1611: The documentation for parameter 'itemType' is missing (https://github.com/DotNetAnalyzers/StyleCopAnalyzers/blob/master/documentation/SA1611.md) [/home/adam/Dev/omega-spiral/chapter-zero/OmegaSpiral.csproj]
         /home/adam/Dev/omega-spiral/chapter-zero/Source/Scripts/common/Inventory.cs(111,48): error SA1611: The documentation for parameter 'amount' is missing (https://github.com/DotNetAnalyzers/StyleCopAnalyzers/blob/master/documentation/SA1611.md) [/home/adam/Dev/omega-spiral/chapter-zero/OmegaSpiral.csproj]
         /home/adam/Dev/omega-spiral/chapter-zero/Source/Scripts/common/Inventory.cs(120,39): error SA1611: The documentation for parameter 'itemType' is missing (https://github.com/DotNetAnalyzers/StyleCopAnalyzers/blob/master/documentation/SA1611.md) [/home/adam/Dev/omega-spiral/chapter-zero/OmegaSpiral.csproj]
         /home/adam/Dev/omega-spiral/chapter-zero/Source/Scripts/common/Inventory.cs(119,9): error SA1616: Element return value documentation should have text (https://github.com/DotNetAnalyzers/StyleCopAnalyzers/blob/master/documentation/SA1616.md) [/home/adam/Dev/omega-spiral/chapter-zero/OmegaSpiral.csproj]
         /home/adam/Dev/omega-spiral/chapter-zero/Source/Scripts/common/music/MusicPlayer.cs(57,23): error SA1600: Elements should be documented (https://github.com/DotNetAnalyzers/StyleCopAnalyzers/blob/master/documentation/SA1600.md) [/home/adam/Dev/omega-spiral/chapter-zero/OmegaSpiral.csproj]
         /home/adam/Dev/omega-spiral/chapter-zero/Source/Scripts/common/music/MusicPlayer.cs(72,17): error SA1600: Elements should be documented (https://github.com/DotNetAnalyzers/StyleCopAnalyzers/blob/master/documentation/SA1600.md) [/home/adam/Dev/omega-spiral/chapter-zero/OmegaSpiral.csproj]
         /home/adam/Dev/omega-spiral/chapter-zero/Source/Scripts/common/music/MusicPlayer.cs(77,24): error SA1600: Elements should be documented (https://github.com/DotNetAnalyzers/StyleCopAnalyzers/blob/master/documentation/SA1600.md) [/home/adam/Dev/omega-spiral/chapter-zero/OmegaSpiral.csproj]
         /home/adam/Dev/omega-spiral/chapter-zero/Source/Scripts/common/Inventory.cs(129,51): error SA1611: The documentation for parameter 'itemType' is missing (https://github.com/DotNetAnalyzers/StyleCopAnalyzers/blob/master/documentation/SA1611.md) [/home/adam/Dev/omega-spiral/chapter-zero/OmegaSpiral.csproj]
         /home/adam/Dev/omega-spiral/chapter-zero/Source/Scripts/common/Inventory.cs(128,9): error SA1616: Element return value documentation should have text (https://github.com/DotNetAnalyzers/StyleCopAnalyzers/blob/master/documentation/SA1616.md) [/home/adam/Dev/omega-spiral/chapter-zero/OmegaSpiral.csproj]
         /home/adam/Dev/omega-spiral/chapter-zero/Source/Scripts/common/JsonSchemaValidator.cs(61,26): error SA1600: Elements should be documented (https://github.com/DotNetAnalyzers/StyleCopAnalyzers/blob/master/documentation/SA1600.md) [/home/adam/Dev/omega-spiral/chapter-zero/OmegaSpiral.csproj]
         /home/adam/Dev/omega-spiral/chapter-zero/Source/Scripts/common/screen_transitions/ScreenTransition.cs(69,41): error SA1611: The documentation for parameter 'duration' is missing (https://github.com/DotNetAnalyzers/StyleCopAnalyzers/blob/master/documentation/SA1611.md) [/home/adam/Dev/omega-spiral/chapter-zero/OmegaSpiral.csproj]
         /home/adam/Dev/omega-spiral/chapter-zero/Source/Scripts/common/screen_transitions/ScreenTransition.cs(68,18): error SA1651: Do not use placeholder elements (https://github.com/DotNetAnalyzers/StyleCopAnalyzers/blob/master/documentation/SA1651.md) [/home/adam/Dev/omega-spiral/chapter-zero/OmegaSpiral.csproj]
         /home/adam/Dev/omega-spiral/chapter-zero/Source/Scripts/common/PartyCreator.cs(180,25): error CA2000: Call System.IDisposable.Dispose on object created by 'new Label()' before all references to it are out of scope (https://docs.microsoft.com/dotnet/fundamentals/code-analysis/quality-rules/ca2000) [/home/adam/Dev/omega-spiral/chapter-zero/OmegaSpiral.csproj]
         /home/adam/Dev/omega-spiral/chapter-zero/Source/Scripts/field/cutscenes/Cutscene.cs(55,9): error SA1616: Element return value documentation should have text (https://github.com/DotNetAnalyzers/StyleCopAnalyzers/blob/master/documentation/SA1616.md) [/home/adam/Dev/omega-spiral/chapter-zero/OmegaSpiral.csproj]
         /home/adam/Dev/omega-spiral/chapter-zero/Source/Scripts/common/screen_transitions/ScreenTransition.cs(96,35): error SA1611: The documentation for parameter 'duration' is missing (https://github.com/DotNetAnalyzers/StyleCopAnalyzers/blob/master/documentation/SA1611.md) [/home/adam/Dev/omega-spiral/chapter-zero/OmegaSpiral.csproj]
         /home/adam/Dev/omega-spiral/chapter-zero/Source/Scripts/common/screen_transitions/ScreenTransition.cs(95,18): error SA1651: Do not use placeholder elements (https://github.com/DotNetAnalyzers/StyleCopAnalyzers/blob/master/documentation/SA1651.md) [/home/adam/Dev/omega-spiral/chapter-zero/OmegaSpiral.csproj]
         /home/adam/Dev/omega-spiral/chapter-zero/Source/Scripts/field/ui/UIDialogue.cs(192,19): error SA1101: Prefix local calls with this (https://github.com/DotNetAnalyzers/StyleCopAnalyzers/blob/master/documentation/SA1101.md) [/home/adam/Dev/omega-spiral/chapter-zero/OmegaSpiral.csproj]
         /home/adam/Dev/omega-spiral/chapter-zero/Source/Scripts/common/screen_transitions/ScreenTransition.cs(137,36): error SA1611: The documentation for parameter 'duration' is missing (https://github.com/DotNetAnalyzers/StyleCopAnalyzers/blob/master/documentation/SA1611.md) [/home/adam/Dev/omega-spiral/chapter-zero/OmegaSpiral.csproj]
         /home/adam/Dev/omega-spiral/chapter-zero/Source/Scripts/common/screen_transitions/ScreenTransition.cs(136,18): error SA1651: Do not use placeholder elements (https://github.com/DotNetAnalyzers/StyleCopAnalyzers/blob/master/documentation/SA1651.md) [/home/adam/Dev/omega-spiral/chapter-zero/OmegaSpiral.csproj]
         /home/adam/Dev/omega-spiral/chapter-zero/Source/Scripts/common/screen_transitions/ScreenTransition.cs(139,15): error SA1101: Prefix local calls with this (https://github.com/DotNetAnalyzers/StyleCopAnalyzers/blob/master/documentation/SA1101.md) [/home/adam/Dev/omega-spiral/chapter-zero/OmegaSpiral.csproj]
         /home/adam/Dev/omega-spiral/chapter-zero/Source/Scripts/field/cutscenes/popups/MovingInteractionPopup.cs(33,21): error SA1600: Elements should be documented (https://github.com/DotNetAnalyzers/StyleCopAnalyzers/blob/master/documentation/SA1600.md) [/home/adam/Dev/omega-spiral/chapter-zero/OmegaSpiral.csproj]
         /home/adam/Dev/omega-spiral/chapter-zero/Source/Scripts/field/cutscenes/popups/MovingInteractionPopup.cs(59,5): error SA1514: Element documentation header should be preceded by blank line (https://github.com/DotNetAnalyzers/StyleCopAnalyzers/blob/master/documentation/SA1514.md) [/home/adam/Dev/omega-spiral/chapter-zero/OmegaSpiral.csproj]
         /home/adam/Dev/omega-spiral/chapter-zero/Source/Scripts/field/ui/UIDialogue.cs(387,26): error CA2000: Call System.IDisposable.Dispose on object created by 'new Button()' before all references to it are out of scope (https://docs.microsoft.com/dotnet/fundamentals/code-analysis/quality-rules/ca2000) [/home/adam/Dev/omega-spiral/chapter-zero/OmegaSpiral.csproj]
         /home/adam/Dev/omega-spiral/chapter-zero/Source/Scripts/field/cutscenes/templates/area_transitions/AreaTransition.cs(136,15): error SA1101: Prefix local calls with this (https://github.com/DotNetAnalyzers/StyleCopAnalyzers/blob/master/documentation/SA1101.md) [/home/adam/Dev/omega-spiral/chapter-zero/OmegaSpiral.csproj]
         /home/adam/Dev/omega-spiral/chapter-zero/Source/Scripts/field/cutscenes/templates/area_transitions/AreaTransition.cs(146,18): error SA1651: Do not use placeholder elements (https://github.com/DotNetAnalyzers/StyleCopAnalyzers/blob/master/documentation/SA1651.md) [/home/adam/Dev/omega-spiral/chapter-zero/OmegaSpiral.csproj]
         /home/adam/Dev/omega-spiral/chapter-zero/Source/Scripts/field/cutscenes/templates/combat/RoamingCombatTrigger.cs(20,5): error SA1514: Element documentation header should be preceded by blank line (https://github.com/DotNetAnalyzers/StyleCopAnalyzers/blob/master/documentation/SA1514.md) [/home/adam/Dev/omega-spiral/chapter-zero/OmegaSpiral.csproj]
         /home/adam/Dev/omega-spiral/chapter-zero/Source/Scripts/field/cutscenes/templates/combat/RoamingCombatTrigger.cs(13,5): error SA1514: Element documentation header should be preceded by blank line (https://github.com/DotNetAnalyzers/StyleCopAnalyzers/blob/master/documentation/SA1514.md) [/home/adam/Dev/omega-spiral/chapter-zero/OmegaSpiral.csproj]
         /home/adam/Dev/omega-spiral/chapter-zero/Source/Scripts/field/cutscenes/templates/conversations/ConversationTemplate.cs(52,9): error CA1031: Modify 'Execute' to catch a more specific allowed exception type, or rethrow the exception (https://docs.microsoft.com/dotnet/fundamentals/code-analysis/quality-rules/ca1031) [/home/adam/Dev/omega-spiral/chapter-zero/OmegaSpiral.csproj]
         /home/adam/Dev/omega-spiral/chapter-zero/Source/Scripts/field/cutscenes/templates/doors/Door.cs(159,18): error SA1651: Do not use placeholder elements (https://github.com/DotNetAnalyzers/StyleCopAnalyzers/blob/master/documentation/SA1651.md) [/home/adam/Dev/omega-spiral/chapter-zero/OmegaSpiral.csproj]
         /home/adam/Dev/omega-spiral/chapter-zero/Source/Scripts/combat/ui/UICombatHud.cs(477,54): error CA1801: Parameter turnOrder of method UpdateTurnOrder is never used. Remove the parameter or use it in the method body. (https://docs.microsoft.com/dotnet/fundamentals/code-analysis/quality-rules/ca1801) [/home/adam/Dev/omega-spiral/chapter-zero/OmegaSpiral.csproj]
         /home/adam/Dev/omega-spiral/chapter-zero/Source/Scripts/combat/ui/UICombatHud.cs(454,61): error CA1801: Parameter position of method ShowEffectLabel is never used. Remove the parameter or use it in the method body. (https://docs.microsoft.com/dotnet/fundamentals/code-analysis/quality-rules/ca1801) [/home/adam/Dev/omega-spiral/chapter-zero/OmegaSpiral.csproj]
         /home/adam/Dev/omega-spiral/chapter-zero/Source/Scripts/combat/ui/UICombatHud.cs(454,47): error CA1801: Parameter text of method ShowEffectLabel is never used. Remove the parameter or use it in the method body. (https://docs.microsoft.com/dotnet/fundamentals/code-analysis/quality-rules/ca1801) [/home/adam/Dev/omega-spiral/chapter-zero/OmegaSpiral.csproj]
         /home/adam/Dev/omega-spiral/chapter-zero/Source/Scripts/combat/ui/UICombatHud.cs(454,77): error CA1801: Parameter color of method ShowEffectLabel is never used. Remove the parameter or use it in the method body. (https://docs.microsoft.com/dotnet/fundamentals/code-analysis/quality-rules/ca1801) [/home/adam/Dev/omega-spiral/chapter-zero/OmegaSpiral.csproj]
         /home/adam/Dev/omega-spiral/chapter-zero/Source/Scripts/combat/ui/UICombatHud.cs(431,42): error CA1801: Parameter message of method ShowMessage is never used. Remove the parameter or use it in the method body. (https://docs.microsoft.com/dotnet/fundamentals/code-analysis/quality-rules/ca1801) [/home/adam/Dev/omega-spiral/chapter-zero/OmegaSpiral.csproj]
         /home/adam/Dev/omega-spiral/chapter-zero/Source/Scripts/field/gameboard/Gameboard.cs(78,41): error SA1611: The documentation for parameter 'cellCoordinates' is missing (https://github.com/DotNetAnalyzers/StyleCopAnalyzers/blob/master/documentation/SA1611.md) [/home/adam/Dev/omega-spiral/chapter-zero/OmegaSpiral.csproj]
         /home/adam/Dev/omega-spiral/chapter-zero/Source/Scripts/field/gameboard/Gameboard.cs(77,9): error SA1616: Element return value documentation should have text (https://github.com/DotNetAnalyzers/StyleCopAnalyzers/blob/master/documentation/SA1616.md) [/home/adam/Dev/omega-spiral/chapter-zero/OmegaSpiral.csproj]
         /home/adam/Dev/omega-spiral/chapter-zero/Source/Scripts/field/gameboard/Gameboard.cs(87,41): error SA1611: The documentation for parameter 'pixelCoordinates' is missing (https://github.com/DotNetAnalyzers/StyleCopAnalyzers/blob/master/documentation/SA1611.md) [/home/adam/Dev/omega-spiral/chapter-zero/OmegaSpiral.csproj]
         /home/adam/Dev/omega-spiral/chapter-zero/Source/Scripts/field/gameboard/Gameboard.cs(86,9): error SA1616: Element return value documentation should have text (https://github.com/DotNetAnalyzers/StyleCopAnalyzers/blob/master/documentation/SA1616.md) [/home/adam/Dev/omega-spiral/chapter-zero/OmegaSpiral.csproj]
         /home/adam/Dev/omega-spiral/chapter-zero/Source/Scripts/field/gameboard/Gameboard.cs(98,45): error SA1611: The documentation for parameter 'node' is missing (https://github.com/DotNetAnalyzers/StyleCopAnalyzers/blob/master/documentation/SA1611.md) [/home/adam/Dev/omega-spiral/chapter-zero/OmegaSpiral.csproj]
         /home/adam/Dev/omega-spiral/chapter-zero/Source/Scripts/field/gameboard/Gameboard.cs(97,9): error SA1616: Element return value documentation should have text (https://github.com/DotNetAnalyzers/StyleCopAnalyzers/blob/master/documentation/SA1616.md) [/home/adam/Dev/omega-spiral/chapter-zero/OmegaSpiral.csproj]
         /home/adam/Dev/omega-spiral/chapter-zero/Source/Scripts/field/gameboard/GameboardProperties.cs(34,12): error SA1600: Elements should be documented (https://github.com/DotNetAnalyzers/StyleCopAnalyzers/blob/master/documentation/SA1600.md) [/home/adam/Dev/omega-spiral/chapter-zero/OmegaSpiral.csproj]
         /home/adam/Dev/omega-spiral/chapter-zero/Source/Scripts/field/gameboard/GameboardProperties.cs(43,41): error SA1611: The documentation for parameter 'cellCoordinates' is missing (https://github.com/DotNetAnalyzers/StyleCopAnalyzers/blob/master/documentation/SA1611.md) [/home/adam/Dev/omega-spiral/chapter-zero/OmegaSpiral.csproj]
         /home/adam/Dev/omega-spiral/chapter-zero/Source/Scripts/field/gameboard/GameboardProperties.cs(42,9): error SA1616: Element return value documentation should have text (https://github.com/DotNetAnalyzers/StyleCopAnalyzers/blob/master/documentation/SA1616.md) [/home/adam/Dev/omega-spiral/chapter-zero/OmegaSpiral.csproj]
         /home/adam/Dev/omega-spiral/chapter-zero/Source/Scripts/field/gameboard/GameboardProperties.cs(54,41): error SA1611: The documentation for parameter 'pixelCoordinates' is missing (https://github.com/DotNetAnalyzers/StyleCopAnalyzers/blob/master/documentation/SA1611.md) [/home/adam/Dev/omega-spiral/chapter-zero/OmegaSpiral.csproj]
         /home/adam/Dev/omega-spiral/chapter-zero/Source/Scripts/field/gameboard/GameboardProperties.cs(53,9): error SA1616: Element return value documentation should have text (https://github.com/DotNetAnalyzers/StyleCopAnalyzers/blob/master/documentation/SA1616.md) [/home/adam/Dev/omega-spiral/chapter-zero/OmegaSpiral.csproj]
         /home/adam/Dev/omega-spiral/chapter-zero/Source/Scripts/field/gameboard/Gameboard.cs(108,37): error SA1611: The documentation for parameter 'cellCoordinates' is missing (https://github.com/DotNetAnalyzers/StyleCopAnalyzers/blob/master/documentation/SA1611.md) [/home/adam/Dev/omega-spiral/chapter-zero/OmegaSpiral.csproj]
         /home/adam/Dev/omega-spiral/chapter-zero/Source/Scripts/field/gameboard/Gameboard.cs(107,9): error SA1616: Element return value documentation should have text (https://github.com/DotNetAnalyzers/StyleCopAnalyzers/blob/master/documentation/SA1616.md) [/home/adam/Dev/omega-spiral/chapter-zero/OmegaSpiral.csproj]
         /home/adam/Dev/omega-spiral/chapter-zero/Source/Scripts/field/gameboard/Gameboard.cs(100,33): error CA1062: In externally visible method 'Vector2I Gameboard.GetCellUnderNode(Node2D node)', validate parameter 'node' is non-null before using it. If appropriate, throw an ArgumentNullException when the argument is null or add a Code Contract precondition asserting non-null argument. (https://docs.microsoft.com/dotnet/fundamentals/code-analysis/quality-rules/ca1062) [/home/adam/Dev/omega-spiral/chapter-zero/OmegaSpiral.csproj]
         /home/adam/Dev/omega-spiral/chapter-zero/Source/Scripts/field/gameboard/Gameboard.cs(126,37): error SA1611: The documentation for parameter 'index' is missing (https://github.com/DotNetAnalyzers/StyleCopAnalyzers/blob/master/documentation/SA1611.md) [/home/adam/Dev/omega-spiral/chapter-zero/OmegaSpiral.csproj]
         /home/adam/Dev/omega-spiral/chapter-zero/Source/Scripts/field/gameboard/Gameboard.cs(125,9): error SA1616: Element return value documentation should have text (https://github.com/DotNetAnalyzers/StyleCopAnalyzers/blob/master/documentation/SA1616.md) [/home/adam/Dev/omega-spiral/chapter-zero/OmegaSpiral.csproj]
         /home/adam/Dev/omega-spiral/chapter-zero/Source/Scripts/field/gameboard/GameboardLayer.cs(76,38): error SA1611: The documentation for parameter 'coord' is missing (https://github.com/DotNetAnalyzers/StyleCopAnalyzers/blob/master/documentation/SA1611.md) [/home/adam/Dev/omega-spiral/chapter-zero/OmegaSpiral.csproj]
         /home/adam/Dev/omega-spiral/chapter-zero/Source/Scripts/field/gameboard/GameboardLayer.cs(75,9): error SA1616: Element return value documentation should have text (https://github.com/DotNetAnalyzers/StyleCopAnalyzers/blob/master/documentation/SA1616.md) [/home/adam/Dev/omega-spiral/chapter-zero/OmegaSpiral.csproj]
         /home/adam/Dev/omega-spiral/chapter-zero/Source/Scripts/field/gameboard/Pathfinder.cs(42,34): error SA1611: The documentation for parameter 'cell' is missing (https://github.com/DotNetAnalyzers/StyleCopAnalyzers/blob/master/documentation/SA1611.md) [/home/adam/Dev/omega-spiral/chapter-zero/OmegaSpiral.csproj]
         /home/adam/Dev/omega-spiral/chapter-zero/Source/Scripts/field/gameboard/Pathfinder.cs(41,9): error SA1616: Element return value documentation should have text (https://github.com/DotNetAnalyzers/StyleCopAnalyzers/blob/master/documentation/SA1616.md) [/home/adam/Dev/omega-spiral/chapter-zero/OmegaSpiral.csproj]
         /home/adam/Dev/omega-spiral/chapter-zero/Source/Scripts/field/gameboard/Pathfinder.cs(51,30): error SA1611: The documentation for parameter 'pointId' is missing (https://github.com/DotNetAnalyzers/StyleCopAnalyzers/blob/master/documentation/SA1611.md) [/home/adam/Dev/omega-spiral/chapter-zero/OmegaSpiral.csproj]
         /home/adam/Dev/omega-spiral/chapter-zero/Source/Scripts/field/gameboard/Pathfinder.cs(50,9): error SA1616: Element return value documentation should have text (https://github.com/DotNetAnalyzers/StyleCopAnalyzers/blob/master/documentation/SA1616.md) [/home/adam/Dev/omega-spiral/chapter-zero/OmegaSpiral.csproj]
         /home/adam/Dev/omega-spiral/chapter-zero/Source/Scripts/field/gameboard/Pathfinder.cs(59,30): error SA1611: The documentation for parameter 'pointId' is missing (https://github.com/DotNetAnalyzers/StyleCopAnalyzers/blob/master/documentation/SA1611.md) [/home/adam/Dev/omega-spiral/chapter-zero/OmegaSpiral.csproj]
         /home/adam/Dev/omega-spiral/chapter-zero/Source/Scripts/field/gameboard/Pathfinder.cs(59,48): error SA1611: The documentation for parameter 'position' is missing (https://github.com/DotNetAnalyzers/StyleCopAnalyzers/blob/master/documentation/SA1611.md) [/home/adam/Dev/omega-spiral/chapter-zero/OmegaSpiral.csproj]
         /home/adam/Dev/omega-spiral/chapter-zero/Source/Scripts/field/gameboard/GameboardLayer.cs(108,40): error SA1611: The documentation for parameter 'coord' is missing (https://github.com/DotNetAnalyzers/StyleCopAnalyzers/blob/master/documentation/SA1611.md) [/home/adam/Dev/omega-spiral/chapter-zero/OmegaSpiral.csproj]
         /home/adam/Dev/omega-spiral/chapter-zero/Source/Scripts/field/gameboard/GameboardLayer.cs(107,9): error SA1616: Element return value documentation should have text (https://github.com/DotNetAnalyzers/StyleCopAnalyzers/blob/master/documentation/SA1616.md) [/home/adam/Dev/omega-spiral/chapter-zero/OmegaSpiral.csproj]
         /home/adam/Dev/omega-spiral/chapter-zero/Source/Scripts/field/gameboard/Gameboard.cs(144,46): error SA1611: The documentation for parameter 'cell' is missing (https://github.com/DotNetAnalyzers/StyleCopAnalyzers/blob/master/documentation/SA1611.md) [/home/adam/Dev/omega-spiral/chapter-zero/OmegaSpiral.csproj]
         /home/adam/Dev/omega-spiral/chapter-zero/Source/Scripts/field/gameboard/Gameboard.cs(144,56): error SA1611: The documentation for parameter 'direction' is missing (https://github.com/DotNetAnalyzers/StyleCopAnalyzers/blob/master/documentation/SA1611.md) [/home/adam/Dev/omega-spiral/chapter-zero/OmegaSpiral.csproj]
         /home/adam/Dev/omega-spiral/chapter-zero/Source/Scripts/field/gameboard/Gameboard.cs(143,9): error SA1616: Element return value documentation should have text (https://github.com/DotNetAnalyzers/StyleCopAnalyzers/blob/master/documentation/SA1616.md) [/home/adam/Dev/omega-spiral/chapter-zero/OmegaSpiral.csproj]
         /home/adam/Dev/omega-spiral/chapter-zero/Source/Scripts/field/gameboard/Pathfinder.cs(71,33): error SA1611: The documentation for parameter 'pointId' is missing (https://github.com/DotNetAnalyzers/StyleCopAnalyzers/blob/master/documentation/SA1611.md) [/home/adam/Dev/omega-spiral/chapter-zero/OmegaSpiral.csproj]
         /home/adam/Dev/omega-spiral/chapter-zero/Source/Scripts/field/gameboard/Pathfinder.cs(93,35): error SA1611: The documentation for parameter 'pointId1' is missing (https://github.com/DotNetAnalyzers/StyleCopAnalyzers/blob/master/documentation/SA1611.md) [/home/adam/Dev/omega-spiral/chapter-zero/OmegaSpiral.csproj]
         /home/adam/Dev/omega-spiral/chapter-zero/Source/Scripts/field/gameboard/Pathfinder.cs(93,49): error SA1611: The documentation for parameter 'pointId2' is missing (https://github.com/DotNetAnalyzers/StyleCopAnalyzers/blob/master/documentation/SA1611.md) [/home/adam/Dev/omega-spiral/chapter-zero/OmegaSpiral.csproj]
         /home/adam/Dev/omega-spiral/chapter-zero/Source/Scripts/field/gameboard/Pathfinder.cs(112,38): error SA1611: The documentation for parameter 'pointId1' is missing (https://github.com/DotNetAnalyzers/StyleCopAnalyzers/blob/master/documentation/SA1611.md) [/home/adam/Dev/omega-spiral/chapter-zero/OmegaSpiral.csproj]
         /home/adam/Dev/omega-spiral/chapter-zero/Source/Scripts/field/gameboard/Pathfinder.cs(112,52): error SA1611: The documentation for parameter 'pointId2' is missing (https://github.com/DotNetAnalyzers/StyleCopAnalyzers/blob/master/documentation/SA1611.md) [/home/adam/Dev/omega-spiral/chapter-zero/OmegaSpiral.csproj]
         /home/adam/Dev/omega-spiral/chapter-zero/Source/Scripts/field/gameboard/Pathfinder.cs(128,38): error SA1611: The documentation for parameter 'pointId' is missing (https://github.com/DotNetAnalyzers/StyleCopAnalyzers/blob/master/documentation/SA1611.md) [/home/adam/Dev/omega-spiral/chapter-zero/OmegaSpiral.csproj]
         /home/adam/Dev/omega-spiral/chapter-zero/Source/Scripts/field/gameboard/Pathfinder.cs(128,52): error SA1611: The documentation for parameter 'disabled' is missing (https://github.com/DotNetAnalyzers/StyleCopAnalyzers/blob/master/documentation/SA1611.md) [/home/adam/Dev/omega-spiral/chapter-zero/OmegaSpiral.csproj]
         /home/adam/Dev/omega-spiral/chapter-zero/Source/Scripts/field/gameboard/Pathfinder.cs(140,37): error SA1611: The documentation for parameter 'pointId' is missing (https://github.com/DotNetAnalyzers/StyleCopAnalyzers/blob/master/documentation/SA1611.md) [/home/adam/Dev/omega-spiral/chapter-zero/OmegaSpiral.csproj]
         /home/adam/Dev/omega-spiral/chapter-zero/Source/Scripts/field/gameboard/Pathfinder.cs(139,9): error SA1616: Element return value documentation should have text (https://github.com/DotNetAnalyzers/StyleCopAnalyzers/blob/master/documentation/SA1616.md) [/home/adam/Dev/omega-spiral/chapter-zero/OmegaSpiral.csproj]
         /home/adam/Dev/omega-spiral/chapter-zero/Source/Scripts/field/gameboard/Gameboard.cs(159,60): error SA1611: The documentation for parameter 'cell' is missing (https://github.com/DotNetAnalyzers/StyleCopAnalyzers/blob/master/documentation/SA1611.md) [/home/adam/Dev/omega-spiral/chapter-zero/OmegaSpiral.csproj]
         /home/adam/Dev/omega-spiral/chapter-zero/Source/Scripts/field/gameboard/Gameboard.cs(158,9): error SA1616: Element return value documentation should have text (https://github.com/DotNetAnalyzers/StyleCopAnalyzers/blob/master/documentation/SA1616.md) [/home/adam/Dev/omega-spiral/chapter-zero/OmegaSpiral.csproj]
         /home/adam/Dev/omega-spiral/chapter-zero/Source/Scripts/field/gameboard/Gameboard.cs(179,55): error SA1611: The documentation for parameter 'boardMap' is missing (https://github.com/DotNetAnalyzers/StyleCopAnalyzers/blob/master/documentation/SA1611.md) [/home/adam/Dev/omega-spiral/chapter-zero/OmegaSpiral.csproj]
         /home/adam/Dev/omega-spiral/chapter-zero/Source/Scripts/field/gameboard/Gameboard.cs(185,9): error CA1062: In externally visible method 'void Gameboard.RegisterGameboardLayer(GameboardLayer boardMap)', validate parameter 'boardMap' is non-null before using it. If appropriate, throw an ArgumentNullException when the argument is null or add a Code Contract precondition asserting non-null argument. (https://docs.microsoft.com/dotnet/fundamentals/code-analysis/quality-rules/ca1062) [/home/adam/Dev/omega-spiral/chapter-zero/OmegaSpiral.csproj]
         /home/adam/Dev/omega-spiral/chapter-zero/Source/Scripts/field/gameboard/Pathfinder.cs(154,50): error SA1611: The documentation for parameter 'startCell' is missing (https://github.com/DotNetAnalyzers/StyleCopAnalyzers/blob/master/documentation/SA1611.md) [/home/adam/Dev/omega-spiral/chapter-zero/OmegaSpiral.csproj]
         /home/adam/Dev/omega-spiral/chapter-zero/Source/Scripts/field/gameboard/Pathfinder.cs(154,70): error SA1611: The documentation for parameter 'endCell' is missing (https://github.com/DotNetAnalyzers/StyleCopAnalyzers/blob/master/documentation/SA1611.md) [/home/adam/Dev/omega-spiral/chapter-zero/OmegaSpiral.csproj]
         /home/adam/Dev/omega-spiral/chapter-zero/Source/Scripts/field/gameboard/Pathfinder.cs(153,9): error SA1616: Element return value documentation should have text (https://github.com/DotNetAnalyzers/StyleCopAnalyzers/blob/master/documentation/SA1616.md) [/home/adam/Dev/omega-spiral/chapter-zero/OmegaSpiral.csproj]
         /home/adam/Dev/omega-spiral/chapter-zero/Source/Scripts/field/cutscenes/Trigger.cs(102,21): error SA1600: Elements should be documented (https://github.com/DotNetAnalyzers/StyleCopAnalyzers/blob/master/documentation/SA1600.md) [/home/adam/Dev/omega-spiral/chapter-zero/OmegaSpiral.csproj]
         /home/adam/Dev/omega-spiral/chapter-zero/Source/Scripts/field/gameboard/Pathfinder.cs(174,39): error SA1611: The documentation for parameter 'startId' is missing (https://github.com/DotNetAnalyzers/StyleCopAnalyzers/blob/master/documentation/SA1611.md) [/home/adam/Dev/omega-spiral/chapter-zero/OmegaSpiral.csproj]
         /home/adam/Dev/omega-spiral/chapter-zero/Source/Scripts/field/gameboard/Pathfinder.cs(174,52): error SA1611: The documentation for parameter 'endId' is missing (https://github.com/DotNetAnalyzers/StyleCopAnalyzers/blob/master/documentation/SA1611.md) [/home/adam/Dev/omega-spiral/chapter-zero/OmegaSpiral.csproj]
         /home/adam/Dev/omega-spiral/chapter-zero/Source/Scripts/field/gameboard/Pathfinder.cs(173,9): error SA1616: Element return value documentation should have text (https://github.com/DotNetAnalyzers/StyleCopAnalyzers/blob/master/documentation/SA1616.md) [/home/adam/Dev/omega-spiral/chapter-zero/OmegaSpiral.csproj]
         /home/adam/Dev/omega-spiral/chapter-zero/Source/Scripts/field/Field.cs(53,62): error SA1118: The parameter spans multiple lines (https://github.com/DotNetAnalyzers/StyleCopAnalyzers/blob/master/documentation/SA1118.md) [/home/adam/Dev/omega-spiral/chapter-zero/OmegaSpiral.csproj]
         /home/adam/Dev/omega-spiral/chapter-zero/Source/Scripts/field/gameboard/Pathfinder.cs(279,63): error SA1611: The documentation for parameter 'sourceCell' is missing (https://github.com/DotNetAnalyzers/StyleCopAnalyzers/blob/master/documentation/SA1611.md) [/home/adam/Dev/omega-spiral/chapter-zero/OmegaSpiral.csproj]
         /home/adam/Dev/omega-spiral/chapter-zero/Source/Scripts/field/gameboard/Pathfinder.cs(279,84): error SA1611: The documentation for parameter 'targetCell' is missing (https://github.com/DotNetAnalyzers/StyleCopAnalyzers/blob/master/documentation/SA1611.md) [/home/adam/Dev/omega-spiral/chapter-zero/OmegaSpiral.csproj]
         /home/adam/Dev/omega-spiral/chapter-zero/Source/Scripts/field/gameboard/Pathfinder.cs(278,9): error SA1616: Element return value documentation should have text (https://github.com/DotNetAnalyzers/StyleCopAnalyzers/blob/master/documentation/SA1616.md) [/home/adam/Dev/omega-spiral/chapter-zero/OmegaSpiral.csproj]
         /home/adam/Dev/omega-spiral/chapter-zero/Source/Scripts/field/cutscenes/Trigger.cs(149,20): error SA1600: Elements should be documented (https://github.com/DotNetAnalyzers/StyleCopAnalyzers/blob/master/documentation/SA1600.md) [/home/adam/Dev/omega-spiral/chapter-zero/OmegaSpiral.csproj]
         /home/adam/Dev/omega-spiral/chapter-zero/Source/Scripts/field/cutscenes/templates/doors/DoorTrigger.cs(38,39): error CA1801: Parameter triggeringObject of method Activate is never used. Remove the parameter or use it in the method body. (https://docs.microsoft.com/dotnet/fundamentals/code-analysis/quality-rules/ca1801) [/home/adam/Dev/omega-spiral/chapter-zero/OmegaSpiral.csproj]
         /home/adam/Dev/omega-spiral/chapter-zero/Source/Scripts/field/cutscenes/Trigger.cs(170,20): error SA1600: Elements should be documented (https://github.com/DotNetAnalyzers/StyleCopAnalyzers/blob/master/documentation/SA1600.md) [/home/adam/Dev/omega-spiral/chapter-zero/OmegaSpiral.csproj]
         /home/adam/Dev/omega-spiral/chapter-zero/Source/Scripts/field/cutscenes/Trigger.cs(179,20): error SA1600: Elements should be documented (https://github.com/DotNetAnalyzers/StyleCopAnalyzers/blob/master/documentation/SA1600.md) [/home/adam/Dev/omega-spiral/chapter-zero/OmegaSpiral.csproj]
         /home/adam/Dev/omega-spiral/chapter-zero/Source/Scripts/field/cutscenes/Trigger.cs(172,25): error CA1062: In externally visible method 'void Trigger.OnAreaExited(Area2D area)', validate parameter 'area' is non-null before using it. If appropriate, throw an ArgumentNullException when the argument is null or add a Code Contract precondition asserting non-null argument. (https://docs.microsoft.com/dotnet/fundamentals/code-analysis/quality-rules/ca1062) [/home/adam/Dev/omega-spiral/chapter-zero/OmegaSpiral.csproj]
         /home/adam/Dev/omega-spiral/chapter-zero/Source/Scripts/field/gamepieces/controllers/cursor/FieldCursor.cs(57,18): error CA1062: In externally visible method 'void FieldCursor._UnhandledInput(InputEvent @event)', validate parameter 'event' is non-null before using it. If appropriate, throw an ArgumentNullException when the argument is null or add a Code Contract precondition asserting non-null argument. (https://docs.microsoft.com/dotnet/fundamentals/code-analysis/quality-rules/ca1062) [/home/adam/Dev/omega-spiral/chapter-zero/OmegaSpiral.csproj]
         /home/adam/Dev/omega-spiral/chapter-zero/Source/Scripts/field/gamepieces/controllers/PathLoopAIController.cs(100,9): error SA1616: Element return value documentation should have text (https://github.com/DotNetAnalyzers/StyleCopAnalyzers/blob/master/documentation/SA1616.md) [/home/adam/Dev/omega-spiral/chapter-zero/OmegaSpiral.csproj]
         /home/adam/Dev/omega-spiral/chapter-zero/Source/Scripts/field/gamepieces/controllers/GamepieceController.cs(189,52): error SA1611: The documentation for parameter 'delta' is missing (https://github.com/DotNetAnalyzers/StyleCopAnalyzers/blob/master/documentation/SA1611.md) [/home/adam/Dev/omega-spiral/chapter-zero/OmegaSpiral.csproj]
         /home/adam/Dev/omega-spiral/chapter-zero/Source/Scripts/field/gamepieces/controllers/GamepieceController.cs(198,54): error SA1611: The documentation for parameter 'path' is missing (https://github.com/DotNetAnalyzers/StyleCopAnalyzers/blob/master/documentation/SA1611.md) [/home/adam/Dev/omega-spiral/chapter-zero/OmegaSpiral.csproj]
         /home/adam/Dev/omega-spiral/chapter-zero/Source/Scripts/field/gamepieces/controllers/GamepieceController.cs(235,45): error SA1611: The documentation for parameter 'cell' is missing (https://github.com/DotNetAnalyzers/StyleCopAnalyzers/blob/master/documentation/SA1611.md) [/home/adam/Dev/omega-spiral/chapter-zero/OmegaSpiral.csproj]
         /home/adam/Dev/omega-spiral/chapter-zero/Source/Scripts/field/gamepieces/controllers/GamepieceController.cs(246,50): error SA1611: The documentation for parameter 'direction' is missing (https://github.com/DotNetAnalyzers/StyleCopAnalyzers/blob/master/documentation/SA1611.md) [/home/adam/Dev/omega-spiral/chapter-zero/OmegaSpiral.csproj]
         /home/adam/Dev/omega-spiral/chapter-zero/Source/Scripts/field/Interaction.cs(131,54): error SA1611: The documentation for parameter 'player' is missing (https://github.com/DotNetAnalyzers/StyleCopAnalyzers/blob/master/documentation/SA1611.md) [/home/adam/Dev/omega-spiral/chapter-zero/OmegaSpiral.csproj]
         /home/adam/Dev/omega-spiral/chapter-zero/Source/Scripts/field/Interaction.cs(130,9): error SA1616: Element return value documentation should have text (https://github.com/DotNetAnalyzers/StyleCopAnalyzers/blob/master/documentation/SA1616.md) [/home/adam/Dev/omega-spiral/chapter-zero/OmegaSpiral.csproj]
         /home/adam/Dev/omega-spiral/chapter-zero/Source/Scripts/field/Interaction.cs(146,39): error SA1611: The documentation for parameter 'player' is missing (https://github.com/DotNetAnalyzers/StyleCopAnalyzers/blob/master/documentation/SA1611.md) [/home/adam/Dev/omega-spiral/chapter-zero/OmegaSpiral.csproj]
         /home/adam/Dev/omega-spiral/chapter-zero/Source/Scripts/field/Interaction.cs(145,9): error SA1616: Element return value documentation should have text (https://github.com/DotNetAnalyzers/StyleCopAnalyzers/blob/master/documentation/SA1616.md) [/home/adam/Dev/omega-spiral/chapter-zero/OmegaSpiral.csproj]
         /home/adam/Dev/omega-spiral/chapter-zero/Source/Scripts/field/gamepieces/controllers/GamepieceController.cs(294,64): error SA1611: The documentation for parameter 'newWaypoint' is missing (https://github.com/DotNetAnalyzers/StyleCopAnalyzers/blob/master/documentation/SA1611.md) [/home/adam/Dev/omega-spiral/chapter-zero/OmegaSpiral.csproj]
         /home/adam/Dev/omega-spiral/chapter-zero/Source/Scripts/field/Interaction.cs(96,13): error CA1062: In externally visible method 'void Interaction._UnhandledInput(InputEvent @event)', validate parameter 'event' is non-null before using it. If appropriate, throw an ArgumentNullException when the argument is null or add a Code Contract precondition asserting non-null argument. (https://docs.microsoft.com/dotnet/fundamentals/code-analysis/quality-rules/ca1062) [/home/adam/Dev/omega-spiral/chapter-zero/OmegaSpiral.csproj]
         /home/adam/Dev/omega-spiral/chapter-zero/Source/Scripts/field/gamepieces/controllers/GamepieceController.cs(346,54): error SA1611: The documentation for parameter 'excessDistance' is missing (https://github.com/DotNetAnalyzers/StyleCopAnalyzers/blob/master/documentation/SA1611.md) [/home/adam/Dev/omega-spiral/chapter-zero/OmegaSpiral.csproj]
         /home/adam/Dev/omega-spiral/chapter-zero/Source/Scripts/field/gamepieces/controllers/PathLoopAIController.cs(218,55): error SA1611: The documentation for parameter 'excessDistance' is missing (https://github.com/DotNetAnalyzers/StyleCopAnalyzers/blob/master/documentation/SA1611.md) [/home/adam/Dev/omega-spiral/chapter-zero/OmegaSpiral.csproj]
         /home/adam/Dev/omega-spiral/chapter-zero/Source/Scripts/field/gamepieces/controllers/PlayerController.cs(107,13): error CA1062: In externally visible method 'void PlayerController._UnhandledInput(InputEvent @event)', validate parameter 'event' is non-null before using it. If appropriate, throw an ArgumentNullException when the argument is null or add a Code Contract precondition asserting non-null argument. (https://docs.microsoft.com/dotnet/fundamentals/code-analysis/quality-rules/ca1062) [/home/adam/Dev/omega-spiral/chapter-zero/OmegaSpiral.csproj]
         /home/adam/Dev/omega-spiral/chapter-zero/Source/Scripts/field/gamepieces/Gamepiece.cs(202,37): error SA1611: The documentation for parameter 'cell' is missing (https://github.com/DotNetAnalyzers/StyleCopAnalyzers/blob/master/documentation/SA1611.md) [/home/adam/Dev/omega-spiral/chapter-zero/OmegaSpiral.csproj]
         /home/adam/Dev/omega-spiral/chapter-zero/Source/Scripts/field/gamepieces/Gamepiece.cs(231,44): error SA1611: The documentation for parameter 'path' is missing (https://github.com/DotNetAnalyzers/StyleCopAnalyzers/blob/master/documentation/SA1611.md) [/home/adam/Dev/omega-spiral/chapter-zero/OmegaSpiral.csproj]
         /home/adam/Dev/omega-spiral/chapter-zero/Source/Scripts/field/Map.cs(47,5): error SA1514: Element documentation header should be preceded by blank line (https://github.com/DotNetAnalyzers/StyleCopAnalyzers/blob/master/documentation/SA1514.md) [/home/adam/Dev/omega-spiral/chapter-zero/OmegaSpiral.csproj]
         /home/adam/Dev/omega-spiral/chapter-zero/Source/Scripts/field/gamepieces/Gamepiece.cs(266,47): error SA1611: The documentation for parameter 'cell' is missing (https://github.com/DotNetAnalyzers/StyleCopAnalyzers/blob/master/documentation/SA1611.md) [/home/adam/Dev/omega-spiral/chapter-zero/OmegaSpiral.csproj]
         /home/adam/Dev/omega-spiral/chapter-zero/Source/Scripts/field/gamepieces/Gamepiece.cs(265,9): error SA1616: Element return value documentation should have text (https://github.com/DotNetAnalyzers/StyleCopAnalyzers/blob/master/documentation/SA1616.md) [/home/adam/Dev/omega-spiral/chapter-zero/OmegaSpiral.csproj]
         /home/adam/Dev/omega-spiral/chapter-zero/Source/Scripts/field/gamepieces/Gamepiece.cs(292,9): error SA1616: Element return value documentation should have text (https://github.com/DotNetAnalyzers/StyleCopAnalyzers/blob/master/documentation/SA1616.md) [/home/adam/Dev/omega-spiral/chapter-zero/OmegaSpiral.csproj]
         /home/adam/Dev/omega-spiral/chapter-zero/Source/Scripts/field/gamepieces/Gamepiece.cs(312,49): error SA1611: The documentation for parameter 'newDirection' is missing (https://github.com/DotNetAnalyzers/StyleCopAnalyzers/blob/master/documentation/SA1611.md) [/home/adam/Dev/omega-spiral/chapter-zero/OmegaSpiral.csproj]
         /home/adam/Dev/omega-spiral/chapter-zero/Source/Scripts/field/gamepieces/Gamepiece.cs(320,38): error SA1611: The documentation for parameter 'position' is missing (https://github.com/DotNetAnalyzers/StyleCopAnalyzers/blob/master/documentation/SA1611.md) [/home/adam/Dev/omega-spiral/chapter-zero/OmegaSpiral.csproj]
         /home/adam/Dev/omega-spiral/chapter-zero/Source/Scripts/field/Map.cs(41,76): error CA1801: Parameter value of method SetGameboardPropertiesDeferred is never used. Remove the parameter or use it in the method body. (https://docs.microsoft.com/dotnet/fundamentals/code-analysis/quality-rules/ca1801) [/home/adam/Dev/omega-spiral/chapter-zero/OmegaSpiral.csproj]
         /home/adam/Dev/omega-spiral/chapter-zero/Source/Scripts/field/PixelCombatController.cs(97,26): error CA2000: Call System.IDisposable.Dispose on object created by 'new Button()' before all references to it are out of scope (https://docs.microsoft.com/dotnet/fundamentals/code-analysis/quality-rules/ca2000) [/home/adam/Dev/omega-spiral/chapter-zero/OmegaSpiral.csproj]
         /home/adam/Dev/omega-spiral/chapter-zero/Source/Scripts/field/TileDungeonData.cs(51,33): error CA1062: In externally visible method 'void TileDungeonData.YamlLegend.set', validate parameter 'value' is non-null before using it. If appropriate, throw an ArgumentNullException when the argument is null or add a Code Contract precondition asserting non-null argument. (https://docs.microsoft.com/dotnet/fundamentals/code-analysis/quality-rules/ca1062) [/home/adam/Dev/omega-spiral/chapter-zero/OmegaSpiral.csproj]
         /home/adam/Dev/omega-spiral/chapter-zero/Source/Scripts/field/ui/UIDialogue.cs(542,81): error CA1801: Parameter color of method ShowEffectLabel is never used. Remove the parameter or use it in the method body. (https://docs.microsoft.com/dotnet/fundamentals/code-analysis/quality-rules/ca1801) [/home/adam/Dev/omega-spiral/chapter-zero/OmegaSpiral.csproj]
         /home/adam/Dev/omega-spiral/chapter-zero/Source/Scripts/field/ui/UIDialogue.cs(542,51): error CA1801: Parameter text of method ShowEffectLabel is never used. Remove the parameter or use it in the method body. (https://docs.microsoft.com/dotnet/fundamentals/code-analysis/quality-rules/ca1801) [/home/adam/Dev/omega-spiral/chapter-zero/OmegaSpiral.csproj]
         /home/adam/Dev/omega-spiral/chapter-zero/Source/Scripts/field/ui/UIDialogue.cs(542,65): error CA1801: Parameter position of method ShowEffectLabel is never used. Remove the parameter or use it in the method body. (https://docs.microsoft.com/dotnet/fundamentals/code-analysis/quality-rules/ca1801) [/home/adam/Dev/omega-spiral/chapter-zero/OmegaSpiral.csproj]
         /home/adam/Dev/omega-spiral/chapter-zero/Source/Scripts/field/Interaction.cs(168,73): error CA1801: Parameter shapeIdx of method OnInputEvent is never used. Remove the parameter or use it in the method body. (https://docs.microsoft.com/dotnet/fundamentals/code-analysis/quality-rules/ca1801) [/home/adam/Dev/omega-spiral/chapter-zero/OmegaSpiral.csproj]
         /home/adam/Dev/omega-spiral/chapter-zero/Source/Scripts/field/Interaction.cs(168,40): error CA1801: Parameter viewport of method OnInputEvent is never used. Remove the parameter or use it in the method body. (https://docs.microsoft.com/dotnet/fundamentals/code-analysis/quality-rules/ca1801) [/home/adam/Dev/omega-spiral/chapter-zero/OmegaSpiral.csproj]
         /home/adam/Dev/omega-spiral/chapter-zero/Source/Scripts/field/ui/inventory/UIInventoryItem.cs(40,40): error CA1305: The behavior of 'int.ToString()' could vary based on the current user's locale settings. Replace this call in 'UIInventoryItem.Count.set' with a call to 'int.ToString(IFormatProvider)'. (https://docs.microsoft.com/dotnet/fundamentals/code-analysis/quality-rules/ca1305) [/home/adam/Dev/omega-spiral/chapter-zero/OmegaSpiral.csproj]
         /home/adam/Dev/omega-spiral/chapter-zero/Source/Scripts/field/ui/popups/UIPopup.cs(116,20): error SA1600: Elements should be documented (https://github.com/DotNetAnalyzers/StyleCopAnalyzers/blob/master/documentation/SA1600.md) [/home/adam/Dev/omega-spiral/chapter-zero/OmegaSpiral.csproj]
         /home/adam/Dev/omega-spiral/chapter-zero/Tests/StatePersistenceTests.cs(17,17): error SA1600: Elements should be documented (https://github.com/DotNetAnalyzers/StyleCopAnalyzers/blob/master/documentation/SA1600.md) [/home/adam/Dev/omega-spiral/chapter-zero/OmegaSpiral.csproj]
         /home/adam/Dev/omega-spiral/chapter-zero/Tests/StatePersistenceTests.cs(38,17): error SA1600: Elements should be documented (https://github.com/DotNetAnalyzers/StyleCopAnalyzers/blob/master/documentation/SA1600.md) [/home/adam/Dev/omega-spiral/chapter-zero/OmegaSpiral.csproj]
         /home/adam/Dev/omega-spiral/chapter-zero/Tests/StatePersistenceTests.cs(63,17): error SA1600: Elements should be documented (https://github.com/DotNetAnalyzers/StyleCopAnalyzers/blob/master/documentation/SA1600.md) [/home/adam/Dev/omega-spiral/chapter-zero/OmegaSpiral.csproj]
         /home/adam/Dev/omega-spiral/chapter-zero/Tests/StatePersistenceTests.cs(83,17): error SA1600: Elements should be documented (https://github.com/DotNetAnalyzers/StyleCopAnalyzers/blob/master/documentation/SA1600.md) [/home/adam/Dev/omega-spiral/chapter-zero/OmegaSpiral.csproj]
         /home/adam/Dev/omega-spiral/chapter-zero/Tests/SaveLoadTests.cs(17,17): error SA1600: Elements should be documented (https://github.com/DotNetAnalyzers/StyleCopAnalyzers/blob/master/documentation/SA1600.md) [/home/adam/Dev/omega-spiral/chapter-zero/OmegaSpiral.csproj]
         /home/adam/Dev/omega-spiral/chapter-zero/Tests/SaveLoadTests.cs(55,17): error SA1600: Elements should be documented (https://github.com/DotNetAnalyzers/StyleCopAnalyzers/blob/master/documentation/SA1600.md) [/home/adam/Dev/omega-spiral/chapter-zero/OmegaSpiral.csproj]
         /home/adam/Dev/omega-spiral/chapter-zero/Tests/SaveLoadTests.cs(65,17): error SA1600: Elements should be documented (https://github.com/DotNetAnalyzers/StyleCopAnalyzers/blob/master/documentation/SA1600.md) [/home/adam/Dev/omega-spiral/chapter-zero/OmegaSpiral.csproj]
         /home/adam/Dev/omega-spiral/chapter-zero/Source/Scripts/field/gamepieces/controllers/PathLoopAIController.cs(248,53): error CA1801: Parameter added of method OnPathfinderChanged is never used. Remove the parameter or use it in the method body. (https://docs.microsoft.com/dotnet/fundamentals/code-analysis/quality-rules/ca1801) [/home/adam/Dev/omega-spiral/chapter-zero/OmegaSpiral.csproj]
         /home/adam/Dev/omega-spiral/chapter-zero/Source/Scripts/field/gamepieces/controllers/PathLoopAIController.cs(248,75): error CA1801: Parameter removed of method OnPathfinderChanged is never used. Remove the parameter or use it in the method body. (https://docs.microsoft.com/dotnet/fundamentals/code-analysis/quality-rules/ca1801) [/home/adam/Dev/omega-spiral/chapter-zero/OmegaSpiral.csproj]
         /home/adam/Dev/omega-spiral/chapter-zero/Tests/StatePersistenceTests.cs(129,17): error SA1600: Elements should be documented (https://github.com/DotNetAnalyzers/StyleCopAnalyzers/blob/master/documentation/SA1600.md) [/home/adam/Dev/omega-spiral/chapter-zero/OmegaSpiral.csproj]
         /home/adam/Dev/omega-spiral/chapter-zero/Tests/StatePersistenceTests.cs(151,17): error CA1063: Modify 'StatePersistenceTests.Dispose' so that it calls Dispose(true), then calls GC.SuppressFinalize on the current object instance ('this' or 'Me' in Visual Basic), and then returns (https://docs.microsoft.com/dotnet/fundamentals/code-analysis/quality-rules/ca1063) [/home/adam/Dev/omega-spiral/chapter-zero/OmegaSpiral.csproj]
         /home/adam/Dev/omega-spiral/chapter-zero/Tests/StatePersistenceTests.cs(153,9): error CA1065: Dispose creates an exception of type NotImplementedException. Exceptions should not be raised in this type of method. If this exception instance might be raised, change this method's logic so it no longer raises an exception. (https://docs.microsoft.com/dotnet/fundamentals/code-analysis/quality-rules/ca1065) [/home/adam/Dev/omega-spiral/chapter-zero/OmegaSpiral.csproj]
         /home/adam/Dev/omega-spiral/chapter-zero/Tests/StatePersistenceTests.cs(151,17): error CA1816: Change StatePersistenceTests.Dispose() to call GC.SuppressFinalize(object). This will prevent derived types that introduce a finalizer from needing to re-implement 'IDisposable' to call it. (https://docs.microsoft.com/dotnet/fundamentals/code-analysis/quality-rules/ca1816) [/home/adam/Dev/omega-spiral/chapter-zero/OmegaSpiral.csproj]
         /home/adam/Dev/omega-spiral/chapter-zero/Tests/StatePersistenceTests.cs(103,17): error SA1600: Elements should be documented (https://github.com/DotNetAnalyzers/StyleCopAnalyzers/blob/master/documentation/SA1600.md) [/home/adam/Dev/omega-spiral/chapter-zero/OmegaSpiral.csproj]
         /home/adam/Dev/omega-spiral/chapter-zero/Source/Scripts/field/narrative/NarrativeTerminal.cs(145,32): error CA1308: In method 'TryLoadSceneData', replace the call to 'ToLowerInvariant' with 'ToUpperInvariant' (https://docs.microsoft.com/dotnet/fundamentals/code-analysis/quality-rules/ca1308) [/home/adam/Dev/omega-spiral/chapter-zero/OmegaSpiral.csproj]
         /home/adam/Dev/omega-spiral/chapter-zero/Source/Scripts/field/narrative/NarrativeTerminal.cs(169,17): error CA1031: Modify 'TryLoadSceneData' to catch a more specific allowed exception type, or rethrow the exception (https://docs.microsoft.com/dotnet/fundamentals/code-analysis/quality-rules/ca1031) [/home/adam/Dev/omega-spiral/chapter-zero/OmegaSpiral.csproj]
         /home/adam/Dev/omega-spiral/chapter-zero/Tests/SaveLoadTests.cs(112,17): error SA1600: Elements should be documented (https://github.com/DotNetAnalyzers/StyleCopAnalyzers/blob/master/documentation/SA1600.md) [/home/adam/Dev/omega-spiral/chapter-zero/OmegaSpiral.csproj]
         /home/adam/Dev/omega-spiral/chapter-zero/Tests/SaveLoadTests.cs(81,17): error SA1600: Elements should be documented (https://github.com/DotNetAnalyzers/StyleCopAnalyzers/blob/master/documentation/SA1600.md) [/home/adam/Dev/omega-spiral/chapter-zero/OmegaSpiral.csproj]
         /home/adam/Dev/omega-spiral/chapter-zero/Tests/SaveLoadTests.cs(128,17): error SA1600: Elements should be documented (https://github.com/DotNetAnalyzers/StyleCopAnalyzers/blob/master/documentation/SA1600.md) [/home/adam/Dev/omega-spiral/chapter-zero/OmegaSpiral.csproj]
         /home/adam/Dev/omega-spiral/chapter-zero/Tests/SaveLoadTests.cs(156,17): error SA1600: Elements should be documented (https://github.com/DotNetAnalyzers/StyleCopAnalyzers/blob/master/documentation/SA1600.md) [/home/adam/Dev/omega-spiral/chapter-zero/OmegaSpiral.csproj]
         /home/adam/Dev/omega-spiral/chapter-zero/Tests/SaveLoadTests.cs(176,17): error SA1600: Elements should be documented (https://github.com/DotNetAnalyzers/StyleCopAnalyzers/blob/master/documentation/SA1600.md) [/home/adam/Dev/omega-spiral/chapter-zero/OmegaSpiral.csproj]
         /home/adam/Dev/omega-spiral/chapter-zero/Tests/SaveLoadTests.cs(196,17): error SA1600: Elements should be documented (https://github.com/DotNetAnalyzers/StyleCopAnalyzers/blob/master/documentation/SA1600.md) [/home/adam/Dev/omega-spiral/chapter-zero/OmegaSpiral.csproj]
         /home/adam/Dev/omega-spiral/chapter-zero/Tests/SaveLoadTests.cs(227,17): error SA1600: Elements should be documented (https://github.com/DotNetAnalyzers/StyleCopAnalyzers/blob/master/documentation/SA1600.md) [/home/adam/Dev/omega-spiral/chapter-zero/OmegaSpiral.csproj]
         /home/adam/Dev/omega-spiral/chapter-zero/Tests/SaveLoadTests.cs(248,17): error CA1063: Modify 'SaveLoadTests.Dispose' so that it calls Dispose(true), then calls GC.SuppressFinalize on the current object instance ('this' or 'Me' in Visual Basic), and then returns (https://docs.microsoft.com/dotnet/fundamentals/code-analysis/quality-rules/ca1063) [/home/adam/Dev/omega-spiral/chapter-zero/OmegaSpiral.csproj]
         /home/adam/Dev/omega-spiral/chapter-zero/Tests/SaveLoadTests.cs(250,9): error CA1065: Dispose creates an exception of type NotImplementedException. Exceptions should not be raised in this type of method. If this exception instance might be raised, change this method's logic so it no longer raises an exception. (https://docs.microsoft.com/dotnet/fundamentals/code-analysis/quality-rules/ca1065) [/home/adam/Dev/omega-spiral/chapter-zero/OmegaSpiral.csproj]
         /home/adam/Dev/omega-spiral/chapter-zero/Tests/SaveLoadTests.cs(248,17): error CA1816: Change SaveLoadTests.Dispose() to call GC.SuppressFinalize(object). This will prevent derived types that introduce a finalizer from needing to re-implement 'IDisposable' to call it. (https://docs.microsoft.com/dotnet/fundamentals/code-analysis/quality-rules/ca1816) [/home/adam/Dev/omega-spiral/chapter-zero/OmegaSpiral.csproj]
         /home/adam/Dev/omega-spiral/chapter-zero/Source/Scripts/combat/ui/UICombatLog.cs(139,27): error CA1062: In externally visible method 'void UICombatLog.AddDamageEntry(Battler battler, int damageAmount)', validate parameter 'battler' is non-null before using it. If appropriate, throw an ArgumentNullException when the argument is null or add a Code Contract precondition asserting non-null argument. (https://docs.microsoft.com/dotnet/fundamentals/code-analysis/quality-rules/ca1062) [/home/adam/Dev/omega-spiral/chapter-zero/OmegaSpiral.csproj]
         /home/adam/Dev/omega-spiral/chapter-zero/Source/Scripts/combat/ui/UICombatLog.cs(150,27): error CA1062: In externally visible method 'void UICombatLog.AddHealEntry(Battler battler, int healAmount)', validate parameter 'battler' is non-null before using it. If appropriate, throw an ArgumentNullException when the argument is null or add a Code Contract precondition asserting non-null argument. (https://docs.microsoft.com/dotnet/fundamentals/code-analysis/quality-rules/ca1062) [/home/adam/Dev/omega-spiral/chapter-zero/OmegaSpiral.csproj]
         /home/adam/Dev/omega-spiral/chapter-zero/Source/Scripts/combat/ui/UICombatLog.cs(160,27): error CA1062: In externally visible method 'void UICombatLog.AddMissEntry(Battler battler)', validate parameter 'battler' is non-null before using it. If appropriate, throw an ArgumentNullException when the argument is null or add a Code Contract precondition asserting non-null argument. (https://docs.microsoft.com/dotnet/fundamentals/code-analysis/quality-rules/ca1062) [/home/adam/Dev/omega-spiral/chapter-zero/OmegaSpiral.csproj]
         /home/adam/Dev/omega-spiral/chapter-zero/Source/Scripts/field/narrative/NarrativeTerminal.cs(570,25): error CA2000: Call System.IDisposable.Dispose on object created by 'new Godot.Timer { WaitTime = 2.5f, OneShot = true }' before all references to it are out of scope (https://docs.microsoft.com/dotnet/fundamentals/code-analysis/quality-rules/ca2000) [/home/adam/Dev/omega-spiral/chapter-zero/OmegaSpiral.csproj]
         /home/adam/Dev/omega-spiral/chapter-zero/Source/Scripts/common/DialogicIntegration.cs(43,22): error SA1651: Do not use placeholder elements (https://github.com/DotNetAnalyzers/StyleCopAnalyzers/blob/master/documentation/SA1651.md) [/home/adam/Dev/omega-spiral/chapter-zero/OmegaSpiral.csproj]
         /home/adam/Dev/omega-spiral/chapter-zero/Source/Scripts/common/DialogicIntegration.cs(60,22): error SA1651: Do not use placeholder elements (https://github.com/DotNetAnalyzers/StyleCopAnalyzers/blob/master/documentation/SA1651.md) [/home/adam/Dev/omega-spiral/chapter-zero/OmegaSpiral.csproj]
         /home/adam/Dev/omega-spiral/chapter-zero/Source/Scripts/common/DialogicIntegration.cs(69,19): error SA1101: Prefix local calls with this (https://github.com/DotNetAnalyzers/StyleCopAnalyzers/blob/master/documentation/SA1101.md) [/home/adam/Dev/omega-spiral/chapter-zero/OmegaSpiral.csproj]
         /home/adam/Dev/omega-spiral/chapter-zero/Source/Scripts/combat/ui/UICombatLog.cs(184,27): error CA1062: In externally visible method 'void UICombatLog.AddStatusEffectEntry(Battler battler, string statusEffect)', validate parameter 'battler' is non-null before using it. If appropriate, throw an ArgumentNullException when the argument is null or add a Code Contract precondition asserting non-null argument. (https://docs.microsoft.com/dotnet/fundamentals/code-analysis/quality-rules/ca1062) [/home/adam/Dev/omega-spiral/chapter-zero/OmegaSpiral.csproj]
         /home/adam/Dev/omega-spiral/chapter-zero/Source/Scripts/combat/ui/UICombatLog.cs(194,27): error CA1062: In externally visible method 'void UICombatLog.AddBattlerDefeatedEntry(Battler battler)', validate parameter 'battler' is non-null before using it. If appropriate, throw an ArgumentNullException when the argument is null or add a Code Contract precondition asserting non-null argument. (https://docs.microsoft.com/dotnet/fundamentals/code-analysis/quality-rules/ca1062) [/home/adam/Dev/omega-spiral/chapter-zero/OmegaSpiral.csproj]
         /home/adam/Dev/omega-spiral/chapter-zero/Source/Scripts/combat/ui/UICombatLog.cs(205,27): error CA1062: In externally visible method 'void UICombatLog.AddCriticalHitEntry(Battler battler, int damageAmount)', validate parameter 'battler' is non-null before using it. If appropriate, throw an ArgumentNullException when the argument is null or add a Code Contract precondition asserting non-null argument. (https://docs.microsoft.com/dotnet/fundamentals/code-analysis/quality-rules/ca1062) [/home/adam/Dev/omega-spiral/chapter-zero/OmegaSpiral.csproj]
         /home/adam/Dev/omega-spiral/chapter-zero/Source/Scripts/common/DialogicIntegration.cs(64,33): error CA1062: In externally visible method 'Task DialogicIntegration.StartTimelineWithVariablesAsync(string timelinePath, Dictionary variables)', validate parameter 'variables' is non-null before using it. If appropriate, throw an ArgumentNullException when the argument is null or add a Code Contract precondition asserting non-null argument. (https://docs.microsoft.com/dotnet/fundamentals/code-analysis/quality-rules/ca1062) [/home/adam/Dev/omega-spiral/chapter-zero/OmegaSpiral.csproj]
         /home/adam/Dev/omega-spiral/chapter-zero/Source/Scripts/combat/ui/UICombatLog.cs(237,27): error CA1062: In externally visible method 'void UICombatLog.AddTurnStartEntry(Battler battler)', validate parameter 'battler' is non-null before using it. If appropriate, throw an ArgumentNullException when the argument is null or add a Code Contract precondition asserting non-null argument. (https://docs.microsoft.com/dotnet/fundamentals/code-analysis/quality-rules/ca1062) [/home/adam/Dev/omega-spiral/chapter-zero/OmegaSpiral.csproj]
         /home/adam/Dev/omega-spiral/chapter-zero/Source/Scripts/combat/ui/UICombatLog.cs(216,27): error CA1062: In externally visible method 'void UICombatLog.AddBuffEntry(Battler battler, string buffName)', validate parameter 'battler' is non-null before using it. If appropriate, throw an ArgumentNullException when the argument is null or add a Code Contract precondition asserting non-null argument. (https://docs.microsoft.com/dotnet/fundamentals/code-analysis/quality-rules/ca1062) [/home/adam/Dev/omega-spiral/chapter-zero/OmegaSpiral.csproj]
         /home/adam/Dev/omega-spiral/chapter-zero/Source/Scripts/combat/ui/UICombatLog.cs(227,27): error CA1062: In externally visible method 'void UICombatLog.AddDebuffEntry(Battler battler, string debuffName)', validate parameter 'battler' is non-null before using it. If appropriate, throw an ArgumentNullException when the argument is null or add a Code Contract precondition asserting non-null argument. (https://docs.microsoft.com/dotnet/fundamentals/code-analysis/quality-rules/ca1062) [/home/adam/Dev/omega-spiral/chapter-zero/OmegaSpiral.csproj]
         /home/adam/Dev/omega-spiral/chapter-zero/Source/Scripts/combat/ui/UICombatLog.cs(247,27): error CA1062: In externally visible method 'void UICombatLog.AddTurnEndEntry(Battler battler)', validate parameter 'battler' is non-null before using it. If appropriate, throw an ArgumentNullException when the argument is null or add a Code Contract precondition asserting non-null argument. (https://docs.microsoft.com/dotnet/fundamentals/code-analysis/quality-rules/ca1062) [/home/adam/Dev/omega-spiral/chapter-zero/OmegaSpiral.csproj]
         /home/adam/Dev/omega-spiral/chapter-zero/Source/Scripts/common/DialogicIntegration.cs(154,67): error SA1611: The documentation for parameter 'choices' is missing (https://github.com/DotNetAnalyzers/StyleCopAnalyzers/blob/master/documentation/SA1611.md) [/home/adam/Dev/omega-spiral/chapter-zero/OmegaSpiral.csproj]
         /home/adam/Dev/omega-spiral/chapter-zero/Source/Scripts/common/DialogicIntegration.cs(154,83): error SA1611: The documentation for parameter 'timelinePath' is missing (https://github.com/DotNetAnalyzers/StyleCopAnalyzers/blob/master/documentation/SA1611.md) [/home/adam/Dev/omega-spiral/chapter-zero/OmegaSpiral.csproj]
         /home/adam/Dev/omega-spiral/chapter-zero/Source/Scripts/common/DialogicIntegration.cs(153,22): error SA1651: Do not use placeholder elements (https://github.com/DotNetAnalyzers/StyleCopAnalyzers/blob/master/documentation/SA1651.md) [/home/adam/Dev/omega-spiral/chapter-zero/OmegaSpiral.csproj]
         /home/adam/Dev/omega-spiral/chapter-zero/Source/Scripts/common/DialogicIntegration.cs(163,19): error SA1101: Prefix local calls with this (https://github.com/DotNetAnalyzers/StyleCopAnalyzers/blob/master/documentation/SA1101.md) [/home/adam/Dev/omega-spiral/chapter-zero/OmegaSpiral.csproj]
         /home/adam/Dev/omega-spiral/chapter-zero/Source/Scripts/combat/ui/UICombatLog.cs(365,22): error CA1062: In externally visible method 'void UICombatLog.AddFleeAttemptEntry(Battler battler, bool success)', validate parameter 'battler' is non-null before using it. If appropriate, throw an ArgumentNullException when the argument is null or add a Code Contract precondition asserting non-null argument. (https://docs.microsoft.com/dotnet/fundamentals/code-analysis/quality-rules/ca1062) [/home/adam/Dev/omega-spiral/chapter-zero/OmegaSpiral.csproj]
         /home/adam/Dev/omega-spiral/chapter-zero/Source/Scripts/combat/ui/UICombatLog.cs(340,27): error CA1062: In externally visible method 'void UICombatLog.AddSpecialAbilityEntry(Battler battler, string abilityName, List<Battler> targets)', validate parameter 'battler' is non-null before using it. If appropriate, throw an ArgumentNullException when the argument is null or add a Code Contract precondition asserting non-null argument. (https://docs.microsoft.com/dotnet/fundamentals/code-analysis/quality-rules/ca1062) [/home/adam/Dev/omega-spiral/chapter-zero/OmegaSpiral.csproj]
         /home/adam/Dev/omega-spiral/chapter-zero/Source/Scripts/combat/ui/UICombatLog.cs(339,49): error CA1062: In externally visible method 'void UICombatLog.AddSpecialAbilityEntry(Battler battler, string abilityName, List<Battler> targets)', validate parameter 'targets' is non-null before using it. If appropriate, throw an ArgumentNullException when the argument is null or add a Code Contract precondition asserting non-null argument. (https://docs.microsoft.com/dotnet/fundamentals/code-analysis/quality-rules/ca1062) [/home/adam/Dev/omega-spiral/chapter-zero/OmegaSpiral.csproj]
         /home/adam/Dev/omega-spiral/chapter-zero/Source/Scripts/combat/ui/UICombatLog.cs(353,27): error CA1062: In externally visible method 'void UICombatLog.AddItemUsageEntry(Battler battler, string itemName, List<Battler> targets)', validate parameter 'battler' is non-null before using it. If appropriate, throw an ArgumentNullException when the argument is null or add a Code Contract precondition asserting non-null argument. (https://docs.microsoft.com/dotnet/fundamentals/code-analysis/quality-rules/ca1062) [/home/adam/Dev/omega-spiral/chapter-zero/OmegaSpiral.csproj]
         /home/adam/Dev/omega-spiral/chapter-zero/Source/Scripts/combat/ui/UICombatLog.cs(352,49): error CA1062: In externally visible method 'void UICombatLog.AddItemUsageEntry(Battler battler, string itemName, List<Battler> targets)', validate parameter 'targets' is non-null before using it. If appropriate, throw an ArgumentNullException when the argument is null or add a Code Contract precondition asserting non-null argument. (https://docs.microsoft.com/dotnet/fundamentals/code-analysis/quality-rules/ca1062) [/home/adam/Dev/omega-spiral/chapter-zero/OmegaSpiral.csproj]
         /home/adam/Dev/omega-spiral/chapter-zero/Source/Scripts/common/DialogicIntegration.cs(158,33): error CA1062: In externally visible method 'Task DialogicIntegration.PresentChoiceWithDialogicAsync(string[] choices, string timelinePath)', validate parameter 'choices' is non-null before using it. If appropriate, throw an ArgumentNullException when the argument is null or add a Code Contract precondition asserting non-null argument. (https://docs.microsoft.com/dotnet/fundamentals/code-analysis/quality-rules/ca1062) [/home/adam/Dev/omega-spiral/chapter-zero/OmegaSpiral.csproj]
         /home/adam/Dev/omega-spiral/chapter-zero/Source/Scripts/common/DialogicIntegration.cs(157,30): error CA2000: Call System.IDisposable.Dispose on object created by 'new Godot.Collections.Dictionary()' before all references to it are out of scope (https://docs.microsoft.com/dotnet/fundamentals/code-analysis/quality-rules/ca2000) [/home/adam/Dev/omega-spiral/chapter-zero/OmegaSpiral.csproj]
         /home/adam/Dev/omega-spiral/chapter-zero/Source/Scripts/field/narrative/DreamweaverSystem.cs(200,40): error SA1611: The documentation for parameter 'personaId' is missing (https://github.com/DotNetAnalyzers/StyleCopAnalyzers/blob/master/documentation/SA1611.md) [/home/adam/Dev/omega-spiral/chapter-zero/OmegaSpiral.csproj]
         /home/adam/Dev/omega-spiral/chapter-zero/Source/Scripts/common/PartyData.cs(51,31): error CA1062: In externally visible method 'bool PartyData.AddMember(Character character)', validate parameter 'character' is non-null before using it. If appropriate, throw an ArgumentNullException when the argument is null or add a Code Contract precondition asserting non-null argument. (https://docs.microsoft.com/dotnet/fundamentals/code-analysis/quality-rules/ca1062) [/home/adam/Dev/omega-spiral/chapter-zero/OmegaSpiral.csproj]
         /home/adam/Dev/omega-spiral/chapter-zero/Source/Scripts/field/narrative/DreamweaverSystem.cs(252,65): error CA1801: Parameter personaId of method GetFallbackChoices is never used. Remove the parameter or use it in the method body. (https://docs.microsoft.com/dotnet/fundamentals/code-analysis/quality-rules/ca1801) [/home/adam/Dev/omega-spiral/chapter-zero/OmegaSpiral.csproj]
         /home/adam/Dev/omega-spiral/chapter-zero/Source/Scripts/common/PartyData.cs(241,17): error CA1062: In externally visible method 'PartyData PartyData.FromDictionary(Dictionary<string, Variant> dict)', validate parameter 'dict' is non-null before using it. If appropriate, throw an ArgumentNullException when the argument is null or add a Code Contract precondition asserting non-null argument. (https://docs.microsoft.com/dotnet/fundamentals/code-analysis/quality-rules/ca1062) [/home/adam/Dev/omega-spiral/chapter-zero/OmegaSpiral.csproj]
         /home/adam/Dev/omega-spiral/chapter-zero/Source/Scripts/field/narrative/DreamweaverPersona.cs(394,52): error CA1801: Parameter context of method GenerateFromJsonFallback is never used. Remove the parameter or use it in the method body. (https://docs.microsoft.com/dotnet/fundamentals/code-analysis/quality-rules/ca1801) [/home/adam/Dev/omega-spiral/chapter-zero/OmegaSpiral.csproj]
         /home/adam/Dev/omega-spiral/chapter-zero/Source/Scripts/field/Field.cs(11,22): error CA1724: The type name Field conflicts in whole or in part with the namespace name 'OmegaSpiral.Scripts.Field'. Change either name to eliminate the conflict. (https://docs.microsoft.com/dotnet/fundamentals/code-analysis/quality-rules/ca1724) [/home/adam/Dev/omega-spiral/chapter-zero/OmegaSpiral.csproj]

    0 Warning(s)
    1248 Error(s)

Time Elapsed 00:00:02.94
